
Initial statistics: 6 variables; iteration 0; function evaluation 0; phase 1
Function value 6.8442141e+06; maximum gradient component mag -5.0492e+07
Var    Value     Gradient |Var    Value     Gradient |Var    Value     Gradient
  1  0.05168 -5.04918e+07 |  2 -0.01278 -2.73168e+06 |  3  0.00000 -5.71161e+00
  4  0.00000  3.68551e-01 |  5  0.00000  0.00000e+00 |  6 -0.76499  3.69330e+03

Intermediate statistics: 6 variables; iteration 20; function evaluation 44; phase 1
Function value 2.8041664e+02; maximum gradient component mag -1.8579e+02
Var    Value     Gradient |Var    Value     Gradient |Var    Value     Gradient
  1  0.11914 -1.72171e+02 |  2 -0.08475  1.34458e+02 |  3 483.9987  1.04267e+00
  4 8662.012  8.80127e+00 |  5  0.00000  0.00000e+00 |  6 -1.27771 -1.85786e+02
6 variables; iteration 40; function evaluation 64; phase 1
Function value 2.7943455e+02; maximum gradient component mag -4.7796e+02
Var    Value     Gradient |Var    Value     Gradient |Var    Value     Gradient
  1  0.11677 -4.77965e+02 |  2 -0.03546  1.35073e+02 |  3 483.9969 -3.02019e-01
  4 8661.997 -2.46503e+00 |  5  0.00000  0.00000e+00 |  6 -1.23059 -1.64498e+02
6 variables; iteration 60; function evaluation 89; phase 1
Function value 2.7467479e+02; maximum gradient component mag -5.7417e+01
Var    Value     Gradient |Var    Value     Gradient |Var    Value     Gradient
  1  0.13207 -5.74170e+01 |  2 -0.02173 -2.73286e+01 |  3 483.9977  2.51429e-02
  4 8662.000  1.62450e-01 |  5  0.00000  0.00000e+00 |  6 -1.19239  3.81751e+01

 - final statistics:
6 variables; iteration 61; function evaluation 90
Function value 2.7467e+02; maximum gradient component mag 3.4699e+00
Exit code = 1;  converg criter 1.0000e+01
Var    Value     Gradient |Var    Value     Gradient |Var    Value     Gradient
  1  0.13214 -3.23804e+00 |  2 -0.02324 -1.95833e+00 |  3 483.9976 -4.11755e-03
  4 8662.000 -2.60240e-02 |  5  0.00000  0.00000e+00 |  6 -1.19352  3.46987e+00

Initial statistics: 60 variables; iteration 0; function evaluation 0; phase 2
Function value 2.7467144e+02; maximum gradient component mag -3.1212e+02
Var    Value     Gradient |Var    Value     Gradient |Var    Value     Gradient
  1  0.13214 -3.23804e+00 |  2 -0.02324 -1.95833e+00 |  3  0.00000  4.73717e+01
  4  0.00000  4.81762e+01 |  5  0.00000  4.51353e+01 |  6  0.00000  3.65371e+01
  7  0.00000  2.42524e+01 |  8  0.00000  2.01649e+01 |  9  0.00000  2.82816e+01
 10  0.00000  5.17970e+01 | 11  0.00000  8.52605e+01 | 12  0.00000  9.76603e+01
 13  0.00000  9.35142e+01 | 14  0.00000  8.71271e+01 | 15  0.00000  5.36645e+01
 16  0.00000  1.02321e+01 | 17  0.00000 -1.29854e+01 | 18  0.00000 -6.17808e+01
 19  0.00000 -1.19142e+02 | 20  0.00000 -1.82705e+02 | 21  0.00000 -2.63275e+02
 22  0.00000 -3.12122e+02 | 23  0.00000 -2.83068e+02 | 24  0.00000 -2.80249e+02
 25  0.00000 -2.81609e+02 | 26  0.00000 -2.71142e+02 | 27  0.00000 -2.40773e+02
 28  0.00000 -1.47463e+02 | 29  0.00000 -3.24262e+01 | 30  0.00000  4.12622e+01
 31  0.00000  8.03326e+01 | 32  0.00000  6.15895e+01 | 33  0.00000  1.45934e+01
 34  0.00000 -1.19836e+00 | 35  0.00000  2.40921e+00 | 36  0.00000  1.65457e+01
 37  0.00000  1.92804e+01 | 38  0.00000  2.17190e+01 | 39  0.00000  7.79626e+01
 40  0.00000  1.35532e+02 | 41  0.00000  1.41461e+02 | 42  0.00000  1.21086e+02
 43  0.00000  9.49965e+01 | 44  0.00000  9.04366e+01 | 45  0.00000  1.17754e+02
 46  0.00000  1.54795e+02 | 47  0.00000  1.39130e+02 | 48  0.00000  9.69606e+01
 49  0.00000  6.06462e+01 | 50  0.00000  7.01366e+01 | 51  0.00000  6.74709e+01
 52  0.00000  6.56587e+01 | 53  0.00000  3.95556e+01 | 54  0.00000  1.96350e+01
 55  0.00000  9.81593e+00 | 56 -0.00237 -4.11755e-03 | 57  0.00001  2.60240e-02
 58  0.00000  0.00000e+00 | 59 -0.80648 -3.46987e+00 | 60  0.09974  1.14335e+02

Intermediate statistics: 60 variables; iteration 20; function evaluation 28; phase 2
Function value 2.3343445e+02; maximum gradient component mag -2.1583e+03
Var    Value     Gradient |Var    Value     Gradient |Var    Value     Gradient
  1  0.09791 -2.15832e+03 |  2  0.05914 -1.00434e+03 |  3 -0.02126 -1.48457e+01
  4 -0.01539 -1.35461e+01 |  5 -0.01724 -1.30630e+01 |  6 -0.01001 -5.24457e+00
  7  0.01200  1.35289e+01 |  8  0.01949  3.01461e+01 |  9  0.02159  4.19877e+01
 10  0.01395  4.05085e+01 | 11 -0.00539  2.81275e+01 | 12 -0.00347  3.03493e+01
 13 -0.00102  3.92750e+01 | 14 -0.01421  4.48066e+01 | 15  0.00334  7.93573e+01
 16  0.03141  1.12954e+02 | 17  0.00751  5.53502e+01 | 18  0.00859  1.17324e+01
 19  0.01376 -1.46084e+01 | 20 -0.02195 -3.17939e+01 | 21  0.02727  1.75440e+01
 22  0.10304  5.11038e+01 | 23 -0.04550 -6.06986e+01 | 24 -0.04029 -8.19337e+01
 25  0.05381 -6.33170e+01 | 26 -0.00342 -3.65890e+01 | 27  0.07778 -5.13922e+00
 28 -0.00571 -3.54379e+01 | 29 -0.03616 -4.93997e+01 | 30  0.00669 -2.65807e+01
 31 -0.01206 -2.34405e+01 | 32 -0.01476 -2.45036e+01 | 33  0.01937 -1.35748e+01
 34  0.01222 -1.96772e+01 | 35  0.00859 -2.95677e+01 | 36 -0.00615 -3.55665e+01
 37 -0.00097 -2.70861e+01 | 38  0.03121 -1.14481e+01 | 39 -0.01092 -2.22693e+01
 40 -0.03537 -3.00820e+01 | 41 -0.02181 -2.09915e+01 | 42 -0.01008 -6.78621e+00
 43  0.00387  1.04245e+01 | 44  0.00774  1.67053e+01 | 45 -0.00796  5.62892e+00
 46 -0.03409 -8.81499e+00 | 47 -0.02459 -3.16710e+00 | 48 -0.00654  1.21023e+01
 49  0.02159  3.09637e+01 | 50 -0.01227  6.09087e+00 | 51 -0.00193 -2.06607e+00
 52 -0.02026 -2.06878e+01 | 53 -0.00655 -2.06229e+01 | 54 -0.01729 -1.99740e+01
 55 -0.02244 -1.41238e+01 | 56 -0.00477 -1.02774e+00 | 57 -0.00009 -3.88864e-02
 58  0.00000  0.00000e+00 | 59 -0.81950 -1.48798e+03 | 60  0.10336  6.16854e+01
60 variables; iteration 40; function evaluation 55; phase 2
Function value 2.2134650e+02; maximum gradient component mag -3.8473e+02
Var    Value     Gradient |Var    Value     Gradient |Var    Value     Gradient
  1  0.10073 -3.84732e+02 |  2  0.03416 -1.69177e+02 |  3 -0.00634  5.66781e+00
  4 -0.00878  4.66339e-01 |  5 -0.01037 -3.48909e+00 |  6 -0.00627 -6.45845e+00
  7 -0.00033 -1.22484e+01 |  8  0.01005 -7.87335e+00 |  9  0.01199 -5.79380e+00
 10  0.00089 -7.24875e+00 | 11 -0.00804  5.11421e-01 | 12 -0.01035  1.89690e+00
 13 -0.00913  6.10565e+00 | 14 -0.00810  2.01244e+01 | 15 -0.00346  1.07670e+01
 16  0.00702 -4.56961e+00 | 17  0.00470  1.19805e+00 | 18  0.00604 -5.17268e+00
 19  0.01609 -6.21493e+00 | 20 -0.00368 -2.07644e+01 | 21  0.02326 -1.87798e+01
 22  0.06989 -1.28330e+01 | 23 -0.00431 -1.69374e+01 | 24  0.02530 -4.72556e+00
 25  0.03627 -8.10202e+00 | 26  0.00273 -3.10886e+01 | 27  0.05458 -2.70398e+01
 28 -0.00662 -2.66836e+01 | 29 -0.00445  3.56128e+00 | 30 -0.00362  1.48766e+01
 31 -0.01463  1.03049e+01 | 32 -0.01426 -5.22889e-01 | 33  0.01091 -6.28545e-02
 34  0.00726  2.97725e-01 | 35  0.00654  3.81091e+00 | 36  0.00030  3.42547e+00
 37  0.00196  1.34646e+00 | 38  0.01427  2.52387e+00 | 39 -0.00681  1.21885e+01
 40 -0.01967  2.13114e+01 | 41 -0.02212  1.07842e+01 | 42 -0.01655  4.71040e+00
 43 -0.00086  1.28666e+01 | 44  0.00101  1.60996e+01 | 45 -0.01070  1.44893e+01
 46 -0.02820  8.95999e+00 | 47 -0.02953 -3.94854e+00 | 48 -0.01504 -4.64825e+00
 49  0.00898  2.10796e+00 | 50 -0.01066  3.18516e+00 | 51 -0.01092 -1.84849e+00
 52 -0.01612  2.17617e+00 | 53 -0.00096  1.36109e+01 | 54 -0.00166  1.31228e+01
 55 -0.00751  3.65437e+00 | 56 -0.00382 -3.88133e-01 | 57 -0.00007 -3.12215e-02
 58  0.00000  0.00000e+00 | 59 -0.80332 -2.77384e+02 | 60  0.10114  2.82054e+01
60 variables; iteration 60; function evaluation 89; phase 2
Function value 2.1940042e+02; maximum gradient component mag -3.7576e+02
Var    Value     Gradient |Var    Value     Gradient |Var    Value     Gradient
  1  0.10100 -3.75764e+02 |  2  0.01732 -1.89783e+02 |  3 -0.01005  2.21570e+00
  4 -0.00984  1.11913e+00 |  5 -0.00738  3.67676e+00 |  6 -0.00601  1.25582e+00
  7  0.00607  1.56434e+00 |  8  0.00932 -4.15144e-01 |  9  0.01048 -8.71034e-01
 10  0.00589  8.96044e-01 | 11 -0.01001  6.55612e-01 | 12 -0.01016  4.55672e-01
 13 -0.00669  8.61103e-01 | 14 -0.01647 -6.01722e-01 | 15 -0.00783 -5.39021e+00
 16  0.01081 -1.05391e+01 | 17  0.00102 -6.38086e+00 | 18  0.00824 -5.34115e+00
 19  0.00932 -4.65486e+00 | 20  0.00699 -1.64414e+00 | 21  0.02850 -2.84687e+00
 22  0.06185 -1.80429e+00 | 23  0.01132 -1.41445e-01 | 24  0.02140  4.57663e-01
 25  0.02665  3.84089e-01 | 26  0.02723  1.17129e+00 | 27  0.04305  9.13139e-01
 28  0.01318  1.29620e+00 | 29 -0.01050  1.43856e+00 | 30 -0.01042  1.37421e+00
 31 -0.01857  1.14964e-01 | 32 -0.01069  1.65182e+00 | 33  0.01052  1.94280e+00
 34  0.00756  1.02324e+00 | 35  0.00493  1.36638e+00 | 36  0.00068  3.19320e+00
 37  0.00278  2.52134e+00 | 38  0.01700  2.25059e+00 | 39 -0.00847  2.00182e+00
 40 -0.02674  2.53852e+00 | 41 -0.02317  1.14600e+00 | 42 -0.01177  2.78332e+00
 43 -0.00451 -1.11618e+00 | 44 -0.00044  1.01772e+00 | 45 -0.01331  1.63814e+00
 46 -0.02914  3.40194e+00 | 47 -0.02835 -2.75698e+00 | 48 -0.00815  2.93347e+00
 49  0.00459 -2.42194e+00 | 50 -0.01147  1.16083e+00 | 51 -0.00815  8.01175e-01
 52 -0.01286  3.50458e+00 | 53 -0.00552  3.00410e+00 | 54 -0.00938  1.14155e-01
 55 -0.01298 -2.47728e+00 | 56 -0.00278  5.17573e-01 | 57  0.00217  1.66298e+00
 58  0.00000  0.00000e+00 | 59 -0.78976 -2.57525e+02 | 60  0.09827 -3.96441e-01
Maximum number of function evaluations exceeded

 - final statistics:
60 variables; iteration 67; function evaluation 100
Function value 2.1919e+02; maximum gradient component mag -2.5051e+02
Exit code = 3;  converg criter 1.0000e+01
Var    Value     Gradient |Var    Value     Gradient |Var    Value     Gradient
  1  0.10082 -2.50514e+02 |  2  0.01167 -1.36258e+02 |  3 -0.01134 -9.90730e-01
  4 -0.00981 -1.34563e+00 |  5 -0.01015 -1.11358e+00 |  6 -0.00446  7.27521e-01
  7  0.00491 -4.93897e-01 |  8  0.01037  2.63230e-01 |  9  0.01235  6.89169e-01
 10  0.00505 -7.41580e-01 | 11 -0.01094 -2.05174e+00 | 12 -0.00883 -6.32515e-01
 13 -0.00710 -1.91769e+00 | 14 -0.01881 -3.72078e+00 | 15 -0.00891 -3.60309e+00
 16  0.01457 -4.74630e-01 | 17 -0.00055 -1.41737e+00 | 18  0.00891  9.07439e-01
 19  0.00990  1.46706e+00 | 20  0.00629  3.55491e+00 | 21  0.03176  6.26748e+00
 22  0.06005  5.46017e+00 | 23  0.01356  5.08871e+00 | 24  0.02100  3.48835e+00
 25  0.02524  3.24101e+00 | 26  0.02969  7.92187e+00 | 27  0.04239  7.13431e+00
 28  0.01506  6.40149e+00 | 29 -0.01125  1.82773e+00 | 30 -0.01125  1.92879e-01
 31 -0.01802 -1.74783e-01 | 32 -0.01065  8.20854e-01 | 33  0.01002  5.81637e-01
 34  0.00812  2.00572e-01 | 35  0.00562 -5.73859e-01 | 36 -0.00164 -2.02323e+00
 37  0.00331  1.61898e-01 | 38  0.01785 -1.55709e-02 | 39 -0.00859 -2.06645e+00
 40 -0.02925 -4.52847e+00 | 41 -0.02240 -2.65134e+00 | 42 -0.01364 -2.61469e+00
 43 -0.00229 -1.95430e+00 | 44 -0.00127 -3.34605e+00 | 45 -0.01411 -3.38925e+00
 46 -0.03107 -1.73384e+00 | 47 -0.02530 -1.57977e+00 | 48 -0.01045  1.97643e-01
 49  0.00721 -2.37797e-01 | 50 -0.01346 -1.12093e+00 | 51 -0.00637  5.63629e-01
 52 -0.01403 -6.42629e-01 | 53 -0.00752 -2.27191e+00 | 54 -0.00951 -1.63834e+00
 55 -0.01001 -1.37100e-01 | 56 -0.00335  1.11971e-01 | 57  0.00029  2.42871e-01
 58  0.00000  0.00000e+00 | 59 -0.78440 -1.81914e+02 | 60  0.09784 -5.44376e+00

Initial statistics: 81 variables; iteration 0; function evaluation 0; phase 3
Function value 2.1918968e+02; maximum gradient component mag -5.0071e+02
Var    Value     Gradient |Var    Value     Gradient |Var    Value     Gradient
  1  0.10082 -2.50514e+02 |  2  0.01167 -1.36258e+02 |  3 -0.01134 -1.10403e+00
  4 -0.00981 -1.45894e+00 |  5 -0.01015 -1.22689e+00 |  6 -0.00446  6.14205e-01
  7  0.00491 -6.07213e-01 |  8  0.01037  1.49926e-01 |  9  0.01234  5.75871e-01
 10  0.00505 -8.54895e-01 | 11 -0.01095 -2.16505e+00 | 12 -0.00883 -7.45824e-01
 13 -0.00710 -2.03100e+00 | 14 -0.01881 -3.83405e+00 | 15 -0.00891 -3.71640e+00
 16  0.01457 -5.87920e-01 | 17 -0.00055 -1.53069e+00 | 18  0.00890  7.94131e-01
 19  0.00990  1.35375e+00 | 20  0.00628  3.44160e+00 | 21  0.03176  6.15430e+00
 22  0.06005  5.34735e+00 | 23  0.01356  4.97542e+00 | 24  0.02100  3.37509e+00
 25  0.02524  3.12778e+00 | 26  0.02969  7.80867e+00 | 27  0.04238  7.02124e+00
 28  0.01506  6.28821e+00 | 29 -0.01125  1.71443e+00 | 30 -0.01125  7.95778e-02
 31 -0.01803 -2.88057e-01 | 32 -0.01065  7.07550e-01 | 33  0.01002  4.68332e-01
 34  0.00812  8.72623e-02 | 35  0.00561 -6.87173e-01 | 36 -0.00164 -2.13655e+00
 37  0.00331  4.85804e-02 | 38  0.01785 -1.28846e-01 | 39 -0.00859 -2.17976e+00
 40 -0.02925 -4.64166e+00 | 41 -0.02240 -2.76459e+00 | 42 -0.01365 -2.72799e+00
 43 -0.00229 -2.06762e+00 | 44 -0.00127 -3.45937e+00 | 45 -0.01411 -3.50254e+00
 46 -0.03108 -1.84702e+00 | 47 -0.02530 -1.69300e+00 | 48 -0.01045  8.43390e-02
 49  0.00720 -3.51109e-01 | 50 -0.01346 -1.23423e+00 | 51 -0.00638  4.50316e-01
 52 -0.01404 -7.55920e-01 | 53 -0.00752 -2.38522e+00 | 54 -0.00951 -1.75165e+00
 55 -0.01002 -2.50405e-01 | 56 -0.00335  1.11971e-01 | 57  0.00029  2.42871e-01
 58  0.00000  0.00000e+00 | 59 -0.78440 -1.81914e+02 | 60  0.20375 -7.22443e+01
 61  0.10430 -7.72050e+00 | 62  0.18961  2.79553e+02 | 63  0.00000 -9.12187e-14
 64  0.06326  4.06708e-01 | 65  0.17418 -3.85735e+02 | 66  0.07530 -5.00715e+02
 67  0.16633  9.98681e+00 | 68  0.00000 -4.99046e-03 | 69 -0.17934 -1.79247e+01
 70  0.14683 -5.01850e+01 | 71  0.07387 -4.82724e+00 | 72  0.12880  1.03442e+02
 73  0.00000 -1.74530e-29 | 74  0.03253 -6.03066e+00 | 75 -0.06289 -8.07727e+01
 76 -0.23700 -1.68420e-03 | 77  0.10401  1.01318e+02 | 78  0.70672 -6.80682e+00
 79 -0.14795 -8.61677e+00 | 80  0.09784 -5.44376e+00 | 81 -0.65136  4.33666e+00

Intermediate statistics: 81 variables; iteration 20; function evaluation 29; phase 3
Function value 2.1692285e+02; maximum gradient component mag 1.7643e+03
Var    Value     Gradient |Var    Value     Gradient |Var    Value     Gradient
  1  0.09324 -2.15298e+02 |  2  0.00602  7.71095e+01 |  3 -0.01341  9.39104e+00
  4 -0.01025  9.46341e+00 |  5 -0.01155  1.12602e+01 |  6 -0.00756  1.38707e+01
  7  0.00282  1.53886e+01 |  8  0.00786  1.42493e+01 |  9  0.01094  1.11156e+01
 10  0.00381  1.01219e+01 | 11 -0.01145  1.06809e+01 | 12 -0.01046  1.04293e+01
 13 -0.00752  6.69418e+00 | 14 -0.01889  3.22091e+00 | 15 -0.00805 -2.84881e+00
 16  0.01599 -1.48390e+01 | 17  0.00330 -1.65072e+01 | 18  0.01114 -1.67955e+01
 19  0.01213 -1.11011e+01 | 20  0.00778 -6.10146e+00 | 21  0.03168 -8.81096e+00
 22  0.06549 -1.47772e+01 | 23  0.01237 -2.74845e+00 | 24  0.02323  9.13282e-01
 25  0.02814  5.78581e+00 | 26  0.02752  1.02049e+01 | 27  0.04465  1.12008e+01
 28  0.01404  9.59029e+00 | 29 -0.00939  6.87729e+00 | 30 -0.00814  2.63176e+00
 31 -0.01543 -7.92909e-01 | 32 -0.00802 -2.72149e+00 | 33  0.01275 -2.48791e+00
 34  0.00743 -2.15670e-01 | 35  0.00662 -4.29700e+00 | 36  0.00134 -7.92317e+00
 37  0.00331 -1.04677e+01 | 38  0.01626 -1.41894e+01 | 39 -0.01014 -9.17886e+00
 40 -0.02903 -6.52949e+00 | 41 -0.02399 -7.86535e+00 | 42 -0.01396 -9.88963e+00
 43 -0.00460 -9.43934e+00 | 44 -0.00400 -6.68971e+00 | 45 -0.01604 -4.15340e+00
 46 -0.03209 -2.49375e+00 | 47 -0.02550 -1.97751e+00 | 48 -0.01281  2.47098e-01
 49  0.00459  1.79973e+00 | 50 -0.01445  3.45169e+00 | 51 -0.00821  2.55852e+00
 52 -0.01475  3.54829e+00 | 53 -0.00634  5.22706e+00 | 54 -0.00889  7.67379e+00
 55 -0.00990  8.07366e+00 | 56 -0.00258  6.93491e-02 | 57  0.00003  3.48185e-02
 58  0.00000  0.00000e+00 | 59 -0.76171  5.97897e+01 | 60  0.21412 -8.29659e+01
 61  0.10043 -2.28777e+01 | 62  0.18772  2.26535e+02 | 63 -0.00000 -2.41134e-12
 64  0.06534 -9.89830e+00 | 65  0.17358  1.45598e+03 | 66  0.07542  1.76427e+03
 67  0.15816 -8.73263e+00 | 68  0.00269  1.78370e+00 | 69 -0.16160  1.08870e+01
 70  0.15323 -5.22856e+01 | 71  0.06920 -1.58083e+01 | 72  0.12746  6.96504e+01
 73  0.00000 -5.47163e-29 | 74  0.03457 -1.80062e+01 | 75 -0.05773 -1.29972e+01
 76 -0.23700 -6.75942e-04 | 77  0.10153  8.99939e-01 | 78  0.70531 -3.15482e+00
 79 -0.14432 -1.07228e+01 | 80  0.10272 -3.01534e+01 | 81 -0.64975  7.79327e+00
81 variables; iteration 40; function evaluation 49; phase 3
Function value 2.1647044e+02; maximum gradient component mag 2.4632e+03
Var    Value     Gradient |Var    Value     Gradient |Var    Value     Gradient
  1  0.09291  2.45361e+02 |  2 -0.00086  1.79434e+02 |  3 -0.01205  5.23307e+00
  4 -0.01177  2.44945e+00 |  5 -0.01191  4.63285e+00 |  6 -0.00654  7.36223e+00
  7  0.00099  5.38948e+00 |  8  0.00682  5.45702e+00 |  9  0.01175  5.37720e+00
 10  0.00368  4.23215e+00 | 11 -0.01231  2.96499e+00 | 12 -0.01089  1.47167e+00
 13 -0.00880 -1.97786e+00 | 14 -0.02029 -1.77983e+00 | 15 -0.00887 -1.89998e+00
 16  0.01834 -3.09594e+00 | 17  0.00340 -5.53713e+00 | 18  0.01323 -4.68223e+00
 19  0.01170 -3.39601e+00 | 20  0.01108  1.31877e+00 | 21  0.02930 -2.50479e+00
 22  0.06937 -1.11431e+00 | 23  0.00910 -2.10195e+00 | 24  0.02383  1.61404e+00
 25  0.02747  3.01501e+00 | 26  0.02737  5.45100e+00 | 27  0.04250  5.27108e+00
 28  0.01330  7.09024e+00 | 29 -0.00855  8.45749e+00 | 30 -0.00742  7.21582e+00
 31 -0.01479  3.95544e+00 | 32 -0.00722  1.03989e+00 | 33  0.01132 -1.06962e+00
 34  0.00778  3.41435e+00 | 35  0.00857  2.82975e+00 | 36  0.00109 -2.06382e+00
 37  0.00404 -2.61277e+00 | 38  0.01858 -2.48290e+00 | 39 -0.01007 -4.28310e+00
 40 -0.03042 -6.54768e+00 | 41 -0.02292 -5.86021e+00 | 42 -0.01398 -7.94771e+00
 43 -0.00427 -6.00432e+00 | 44 -0.00315 -3.65611e+00 | 45 -0.01704 -5.26264e+00
 46 -0.03131 -4.09095e+00 | 47 -0.02608 -5.48328e+00 | 48 -0.01287 -2.81037e+00
 49  0.00496 -7.59868e-01 | 50 -0.01526 -8.41720e-01 | 51 -0.00760 -9.85310e-01
 52 -0.01474 -1.67578e+00 | 53 -0.00715 -1.70363e+00 | 54 -0.00885  1.75890e+00
 55 -0.01217  1.08833e+00 | 56 -0.00339 -5.97474e-01 | 57 -0.00002  4.55837e-03
 58  0.00000  0.00000e+00 | 59 -0.75575  1.66799e+02 | 60  0.22379 -4.64962e+01
 61  0.09610 -1.06360e+00 | 62  0.18932  1.54853e+02 | 63 -0.00000 -3.76479e-10
 64  0.06486 -7.09862e+00 | 65  0.17276  1.94352e+03 | 66  0.07603  2.46315e+03
 67  0.15842  8.39585e+01 | 68  0.07969  4.34983e+00 | 69 -0.15653  2.94874e+01
 70  0.15134 -3.04949e+01 | 71  0.07112 -8.15048e+00 | 72  0.12589  3.43663e+01
 73  0.00000 -2.89176e-29 | 74  0.03683 -6.89678e+00 | 75 -0.05788 -7.04744e+00
 76 -0.23695 -1.08059e-04 | 77  0.10173  3.44856e+00 | 78  0.71668 -3.42565e-01
 79 -0.14686 -7.32697e+00 | 80  0.10373 -1.06052e+01 | 81 -0.65264 -2.77727e+00
81 variables; iteration 60; function evaluation 79; phase 3
Function value 2.1595849e+02; maximum gradient component mag -4.2814e+02
Var    Value     Gradient |Var    Value     Gradient |Var    Value     Gradient
  1  0.09158 -1.77030e+02 |  2 -0.00270 -6.40888e+01 |  3 -0.01596 -1.94101e-02
  4 -0.01130  2.58677e-01 |  5 -0.01322  7.94882e-01 |  6 -0.01000  1.08468e+00
  7 -0.00038  9.25604e-01 |  8  0.00587  1.58354e+00 |  9  0.01025  1.52756e+00
 10  0.00329  2.16183e+00 | 11 -0.01260  1.86276e+00 | 12 -0.01147  1.35240e+00
 13 -0.00886  4.67116e-01 | 14 -0.02081  4.88332e-01 | 15 -0.00820  6.24965e-01
 16  0.01834 -4.46529e-01 | 17  0.00620  3.74006e-01 | 18  0.01341 -2.82813e-01
 19  0.01359 -3.62135e-01 | 20  0.01018  2.15677e-01 | 21  0.03245 -1.52058e+00
 22  0.06915 -2.25598e+00 | 23  0.01296 -8.93426e-01 | 24  0.02207 -2.20004e+00
 25  0.02935 -5.19752e-01 | 26  0.02456 -2.38269e+00 | 27  0.04224 -4.37890e+00
 28  0.01341 -1.22484e+00 | 29 -0.00974 -7.53937e-01 | 30 -0.00703 -7.02529e-01
 31 -0.01464 -1.17821e+00 | 32 -0.00693 -9.69874e-01 | 33  0.01331 -5.38499e-01
 34  0.00628 -3.44786e-01 | 35  0.00746 -7.25068e-01 | 36  0.00473  1.22975e-01
 37  0.00612  2.08485e-01 | 38  0.01737 -3.58127e-01 | 39 -0.01091 -6.70227e-01
 40 -0.02855  7.35248e-01 | 41 -0.02246  1.36956e+00 | 42 -0.01297 -1.62683e-01
 43 -0.00469  4.77978e-01 | 44 -0.00444  1.84925e+00 | 45 -0.01619  1.12378e+00
 46 -0.03159 -1.73640e-01 | 47 -0.02466  1.63672e-01 | 48 -0.01311  1.26686e+00
 49  0.00349  1.20156e+00 | 50 -0.01564  3.79953e-01 | 51 -0.00860  8.26346e-02
 52 -0.01390  1.35754e+00 | 53 -0.00522  1.81223e+00 | 54 -0.01014  1.09225e+00
 55 -0.01160  1.04241e+00 | 56 -0.00226  2.04844e-01 | 57 -0.00005 -2.19306e-02
 58  0.00000  0.00000e+00 | 59 -0.75146 -6.93303e+01 | 60  0.23716 -8.80371e+00
 61  0.08893  4.18465e+00 | 62  0.19040  3.33295e+01 | 63 -0.00000 -1.15377e-09
 64  0.06793 -3.48475e+00 | 65  0.17250 -3.28640e+02 | 66  0.07623 -4.28136e+02
 67  0.15829 -4.11575e+01 | 68  0.10853 -8.19654e-01 | 69 -0.16141 -5.00797e+00
 70  0.15881  1.15243e+01 | 71  0.06325  5.97531e+00 | 72  0.12734 -1.36427e+01
 73 -0.00000  2.36734e-29 | 74  0.03840  1.03040e+00 | 75 -0.05248 -5.51513e+00
 76 -0.23669 -1.47558e-04 | 77  0.10454  1.15275e+01 | 78  0.69113 -2.14293e-01
 79 -0.13667 -2.24437e+00 | 80  0.10903 -1.44295e+00 | 81 -0.64581 -1.04314e+00
Maximum number of function evaluations exceeded

 - final statistics:
81 variables; iteration 75; function evaluation 100
Function value 2.1591e+02; maximum gradient component mag -1.4250e+02
Exit code = 3;  converg criter 1.0000e+00
Var    Value     Gradient |Var    Value     Gradient |Var    Value     Gradient
  1  0.09131 -7.34551e+01 |  2 -0.00408 -4.69680e+01 |  3 -0.01484  5.45946e-01
  4 -0.01135 -5.52917e-01 |  5 -0.01419 -1.17527e+00 |  6 -0.01067 -6.24447e-01
  7  0.00006  3.31790e-01 |  8  0.00519 -8.34870e-02 |  9  0.01026 -3.45799e-01
 10  0.00229 -6.57673e-01 | 11 -0.01259  2.83699e-01 | 12 -0.01172  1.33624e-01
 13 -0.00852  1.89360e-01 | 14 -0.02140 -5.11961e-01 | 15 -0.00852  4.13561e-01
 16  0.01936  8.42749e-01 | 17  0.00531 -2.95935e-01 | 18  0.01383  2.53317e-01
 19  0.01444  4.01129e-01 | 20  0.00923 -5.60918e-01 | 21  0.03317 -4.42288e-01
 22  0.06955  4.41463e-01 | 23  0.01299  1.88322e-01 | 24  0.02366 -2.14123e-01
 25  0.02746 -6.09414e-01 | 26  0.02481 -1.37245e-01 | 27  0.04400  3.06416e-01
 28  0.01201 -6.83661e-01 | 29 -0.00988 -5.87444e-01 | 30 -0.00697 -1.97344e-01
 31 -0.01410  2.90795e-02 | 32 -0.00654 -4.68484e-02 | 33  0.01258 -5.09334e-01
 34  0.00698  7.85838e-01 | 35  0.00734 -5.56820e-01 | 36  0.00506  3.29821e-01
 37  0.00636  4.98027e-01 | 38  0.01722  3.68998e-01 | 39 -0.00991  7.42247e-01
 40 -0.02942 -3.86755e-01 | 41 -0.02303  5.24133e-01 | 42 -0.01214  8.74462e-01
 43 -0.00450  6.44905e-01 | 44 -0.00546  1.99819e-01 | 45 -0.01627  4.35831e-01
 46 -0.03100  5.68405e-02 | 47 -0.02387  6.40667e-01 | 48 -0.01366  2.03510e-01
 49  0.00317  1.51491e-01 | 50 -0.01571 -2.53396e-01 | 51 -0.00787  2.83703e-01
 52 -0.01409  1.30534e-01 | 53 -0.00570 -2.62094e-01 | 54 -0.01019 -4.61118e-01
 55 -0.01206 -6.46917e-01 | 56 -0.00271 -2.15035e-01 | 57 -0.00005 -2.32900e-02
 58  0.00000  0.00000e+00 | 59 -0.74900 -5.05671e+01 | 60  0.24085  1.05396e+01
 61  0.08610  1.20268e+01 | 62  0.19069 -1.44511e+01 | 63 -0.00000 -1.48113e-09
 64  0.07170  7.80362e-01 | 65  0.17220 -1.03246e+02 | 66  0.07643 -1.42499e+02
 67  0.15794 -3.16377e+01 | 68  0.15650 -3.34729e-01 | 69 -0.16731 -4.71914e+00
 70  0.16010  5.49393e+00 | 71  0.06167  4.39401e+00 | 72  0.12796 -1.51328e+00
 73 -0.00000  1.77970e-29 | 74  0.03859  5.56451e-01 | 75 -0.05232  4.16529e-01
 76 -0.23609 -1.40846e-04 | 77  0.10411 -1.91864e-01 | 78  0.68681  4.83750e-02
 79 -0.13415  6.09479e-01 | 80  0.11039  2.07336e-01 | 81 -0.64370  2.45182e-01

Initial statistics: 91 variables; iteration 0; function evaluation 0; phase 4
Function value 2.1590632e+02; maximum gradient component mag -1.4250e+02
Var    Value     Gradient |Var    Value     Gradient |Var    Value     Gradient
  1  0.09131 -7.34551e+01 |  2 -0.00408 -4.69680e+01 |  3  0.00000  2.10215e+01
  4  0.00000  1.92368e+01 |  5  0.00000  1.20257e+01 |  6  0.00000  1.03725e+01
  7  0.00000  1.01596e+01 |  8  0.00000 -1.18001e+00 |  9  0.00000 -5.83541e+00
 10  0.00000 -6.02051e+00 | 11  0.00000 -2.51448e+00 | 12  0.00000  1.09137e+01
 13 -0.01484  5.37823e-01 | 14 -0.01135 -5.61040e-01 | 15 -0.01419 -1.18339e+00
 16 -0.01067 -6.32571e-01 | 17  0.00006  3.23665e-01 | 18  0.00519 -9.16116e-02
 19  0.01026 -3.53923e-01 | 20  0.00229 -6.65798e-01 | 21 -0.01259  2.75576e-01
 22 -0.01172  1.25501e-01 | 23 -0.00852  1.81236e-01 | 24 -0.02140 -5.20081e-01
 25 -0.00852  4.05437e-01 | 26  0.01936  8.34628e-01 | 27  0.00531 -3.04060e-01
 28  0.01383  2.45194e-01 | 29  0.01444  3.93006e-01 | 30  0.00923 -5.69042e-01
 31  0.03317 -4.50401e-01 | 32  0.06955  4.33386e-01 | 33  0.01299  1.80199e-01
 34  0.02366 -2.22242e-01 | 35  0.02746 -6.17531e-01 | 36  0.02481 -1.45364e-01
 37  0.04400  2.98310e-01 | 38  0.01201 -6.91784e-01 | 39 -0.00988 -5.95568e-01
 40 -0.00697 -2.05468e-01 | 41 -0.01410  2.09566e-02 | 42 -0.00654 -5.49728e-02
 43  0.01258 -5.17458e-01 | 44  0.00698  7.77714e-01 | 45  0.00734 -5.64944e-01
 46  0.00506  3.21697e-01 | 47  0.00636  4.89902e-01 | 48  0.01722  3.60876e-01
 49 -0.00991  7.34123e-01 | 50 -0.02942 -3.94871e-01 | 51 -0.02303  5.16013e-01
 52 -0.01214  8.66338e-01 | 53 -0.00450  6.36780e-01 | 54 -0.00546  1.91694e-01
 55 -0.01627  4.27709e-01 | 56 -0.03100  4.87253e-02 | 57 -0.02387  6.32548e-01
 58 -0.01366  1.95387e-01 | 59  0.00317  1.43366e-01 | 60 -0.01571 -2.61518e-01
 61 -0.00787  2.75579e-01 | 62 -0.01409  1.22411e-01 | 63 -0.00570 -2.70219e-01
 64 -0.01019 -4.69242e-01 | 65 -0.01206 -6.55041e-01 | 66 -0.00271 -2.15035e-01
 67 -0.00005 -2.32900e-02 | 68  0.00000  0.00000e+00 | 69 -0.74900 -5.05671e+01
 70  0.24085  1.05396e+01 | 71  0.08610  1.20268e+01 | 72  0.19069 -1.44511e+01
 73 -0.00000 -1.48113e-09 | 74  0.07170  7.80362e-01 | 75  0.17220 -1.03246e+02
 76  0.07643 -1.42499e+02 | 77  0.15794 -3.16377e+01 | 78  0.15650 -3.34729e-01
 79 -0.16731 -4.71914e+00 | 80  0.16010  5.49393e+00 | 81  0.06167  4.39401e+00
 82  0.12796 -1.51328e+00 | 83  0.00000  1.77970e-29 | 84  0.03859  5.56451e-01
 85 -0.05232  4.16529e-01 | 86 -0.23609 -1.40846e-04 | 87  0.10411 -1.91864e-01
 88  0.68681  4.83750e-02 | 89 -0.13415  6.09479e-01 | 90  0.11039  2.07336e-01
 91 -0.64370  2.45182e-01 |

Intermediate statistics: 91 variables; iteration 20; function evaluation 30; phase 4
Function value 2.1525960e+02; maximum gradient component mag 2.4420e+02
Var    Value     Gradient |Var    Value     Gradient |Var    Value     Gradient
  1  0.09109  9.02648e+01 |  2 -0.00948  6.21982e+01 |  3 -0.01867  3.82619e+00
  4 -0.01668  3.65662e+00 |  5 -0.01017  2.48512e+00 |  6 -0.00866  2.31089e+00
  7 -0.00917  2.34728e+00 |  8  0.00177  5.89951e-01 |  9  0.00675  2.16883e-01
 10  0.00696  5.29768e-01 | 11  0.00499  1.29328e+00 | 12 -0.00618  3.86685e+00
 13 -0.01228  2.51052e+00 | 14 -0.00980  2.59466e+00 | 15 -0.01397  2.50260e+00
 16 -0.01109  2.59253e+00 | 17 -0.00039  3.05356e+00 | 18  0.00559  3.43205e+00
 19  0.01079  3.76021e+00 | 20  0.00288  3.08316e+00 | 21 -0.01297  2.60527e+00
 22 -0.01194  2.60760e+00 | 23 -0.00875  3.37519e+00 | 24 -0.02122  3.18501e+00
 25 -0.00872  4.01058e+00 | 26  0.01940  5.23145e+00 | 27  0.00630  4.75532e+00
 28  0.01403  4.46785e+00 | 29  0.01401  1.73481e+00 | 30  0.00971 -3.84696e-02
 31  0.03368 -1.24300e+00 | 32  0.06927 -3.45166e+00 | 33  0.01283 -2.34005e+00
 34  0.02349 -3.06712e+00 | 35  0.02759 -3.51381e+00 | 36  0.02463 -3.97241e+00
 37  0.04312 -7.36204e+00 | 38  0.01206 -7.45919e+00 | 39 -0.01025 -7.81769e+00
 40 -0.00756 -9.32849e+00 | 41 -0.01442 -7.50196e+00 | 42 -0.00661 -5.35653e+00
 43  0.01310 -4.12540e+00 | 44  0.00586 -3.83807e+00 | 45  0.00796 -4.70749e+00
 46  0.00484 -4.74585e+00 | 47  0.00614 -4.11067e+00 | 48  0.01705 -3.32159e+00
 49 -0.01054 -8.60509e-01 | 50 -0.02909  1.73389e-01 | 51 -0.02322  8.94285e-01
 52 -0.01226  1.32356e+00 | 53 -0.00476  1.40187e+00 | 54 -0.00572  1.10668e+00
 55 -0.01668  9.42379e-01 | 56 -0.03082  9.37099e-01 | 57 -0.02411  1.30497e+00
 58 -0.01388  1.41998e+00 | 59  0.00263  1.33897e+00 | 60 -0.01585  9.05566e-01
 61 -0.00830  8.83847e-01 | 62 -0.01438  7.33614e-01 | 63 -0.00581  6.97452e-01
 64 -0.01016  8.10548e-01 | 65 -0.01164  5.75816e-01 | 66 -0.00247 -7.39483e-02
 67 -0.00002 -5.00146e-03 | 68  0.00000  0.00000e+00 | 69 -0.74185  5.84051e+01
 70  0.24416  3.77765e+01 | 71  0.08268  2.58382e+01 | 72  0.19052 -7.85028e+01
 73  0.00066  5.94160e-04 | 74  0.08263  7.10207e+00 | 75  0.17452  1.51007e+02
 76  0.07441  2.44205e+02 | 77  0.15899  8.77848e+01 | 78  0.15528  8.00257e-01
 79 -0.16585  6.28910e+00 | 80  0.16197 -2.91062e+01 | 81  0.05862 -5.58020e+00
 82  0.12905  4.59813e+01 | 83 -0.00000 -2.48849e-29 | 84  0.03920 -5.05139e+00
 85 -0.05222 -1.21181e+00 | 86 -0.23609 -2.28362e-04 | 87  0.10398 -3.97418e-01
 88  0.68708 -3.46727e-01 | 89 -0.13395 -1.15105e+00 | 90  0.11140  2.03667e+00
 91 -0.64347 -1.10591e+00 |
91 variables; iteration 40; function evaluation 52; phase 4
Function value 2.1515727e+02; maximum gradient component mag 3.2640e+02
Var    Value     Gradient |Var    Value     Gradient |Var    Value     Gradient
  1  0.09095  7.91746e+01 |  2 -0.01106  5.85640e+01 |  3 -0.02165  1.37143e+00
  4 -0.01955  1.27374e+00 |  5 -0.01171  1.35913e+00 |  6 -0.00961  1.82236e+00
  7 -0.00983  2.26881e+00 |  8  0.00185  1.14499e+00 |  9  0.00767  1.20588e+00
 10  0.00749  1.10647e+00 | 11  0.00598  2.02652e+00 | 12 -0.00709  2.78342e+00
 13 -0.01192  2.63302e+00 | 14 -0.00966  2.33115e+00 | 15 -0.01451  1.43162e+00
 16 -0.01178  1.28554e+00 | 17 -0.00053  2.31684e+00 | 18  0.00563  3.13498e+00
 19  0.01090  3.88320e+00 | 20  0.00291  3.40268e+00 | 21 -0.01241  2.95044e+00
 22 -0.01175  1.49873e+00 | 23 -0.00961  2.39464e-01 | 24 -0.02146  9.59166e-01
 25 -0.00872  1.65100e+00 | 26  0.01949  1.95047e+00 | 27  0.00633  1.72807e+00
 28  0.01408  1.75308e+00 | 29  0.01398  4.93336e-01 | 30  0.01013 -1.12269e-01
 31  0.03410 -1.29631e+00 | 32  0.06932 -3.71846e+00 | 33  0.01296 -1.72422e+00
 34  0.02371 -1.65473e+00 | 35  0.02787 -1.66359e+00 | 36  0.02461 -2.35722e+00
 37  0.04286 -5.24221e+00 | 38  0.01223 -4.98590e+00 | 39 -0.01029 -5.15127e+00
 40 -0.00726 -5.66687e+00 | 41 -0.01398 -4.10717e+00 | 42 -0.00653 -3.13898e+00
 43  0.01295 -3.06877e+00 | 44  0.00570 -2.90097e+00 | 45  0.00832 -3.31925e+00
 46  0.00472 -3.42037e+00 | 47  0.00658 -2.11950e+00 | 48  0.01730 -1.47643e+00
 49 -0.01099 -7.62829e-01 | 50 -0.02927  9.06075e-02 | 51 -0.02276  1.33991e+00
 52 -0.01244  6.32047e-01 | 53 -0.00521  1.19506e-01 | 54 -0.00595  2.30072e-01
 55 -0.01678  4.04270e-01 | 56 -0.03110  1.75569e-01 | 57 -0.02442  5.37306e-01
 58 -0.01387  1.54444e+00 | 59  0.00265  2.18486e+00 | 60 -0.01583  1.82157e+00
 61 -0.00817  1.54553e+00 | 62 -0.01453  6.54647e-01 | 63 -0.00591  3.87315e-01
 64 -0.01016  7.18027e-01 | 65 -0.01161  8.52902e-01 | 66 -0.00231  7.45159e-02
 67 -0.00001  2.72359e-03 | 68  0.00000  0.00000e+00 | 69 -0.73969  5.60117e+01
 70  0.24736  2.55191e+00 | 71  0.08029 -8.10634e+00 | 72  0.19139 -4.05080e+01
 73  0.09078  9.05739e-02 | 74  0.07742  2.86707e+00 | 75  0.17498  2.33833e+02
 76  0.07414  3.26400e+02 | 77  0.15842  6.32632e+01 | 78  0.13253  6.66110e-01
 79 -0.16446  7.55165e+00 | 80  0.16291 -4.85953e+00 | 81  0.05736 -1.98935e+00
 82  0.12850  2.46830e+00 | 83 -0.00000 -9.54156e-30 | 84  0.03992  4.31433e-01
 85 -0.05342 -2.34145e+00 | 86 -0.23603 -2.04209e-04 | 87  0.10320 -1.81621e+00
 88  0.69450 -6.85368e-02 | 89 -0.13527 -1.94702e+00 | 90  0.11069 -8.09285e-01
 91 -0.64554 -2.74774e+00 |
91 variables; iteration 60; function evaluation 81; phase 4
Function value 2.1511015e+02; maximum gradient component mag 2.3055e+02
Var    Value     Gradient |Var    Value     Gradient |Var    Value     Gradient
  1  0.09089  7.90910e+01 |  2 -0.00972  4.36314e+01 |  3 -0.02272  1.24000e-01
  4 -0.02034  1.34388e-01 |  5 -0.01245  7.60722e-02 |  6 -0.01067  1.40025e-01
  7 -0.01139  2.21318e-01 |  8  0.00171  2.67282e-01 |  9  0.00748  1.99746e-01
 10  0.00806  3.64930e-01 | 11  0.00597  2.05438e-01 | 12 -0.00844 -4.00194e-01
 13 -0.01223 -1.84321e-01 | 14 -0.00958  3.61842e-01 | 15 -0.01394  6.27423e-01
 16 -0.01148  3.65133e-01 | 17 -0.00079  3.48436e-01 | 18  0.00508  1.05636e-01
 19  0.01116  7.76540e-01 | 20  0.00295  4.04074e-01 | 21 -0.01319 -2.54761e-02
 22 -0.01204 -1.97625e-01 | 23 -0.00878  7.07018e-02 | 24 -0.02119  2.90701e-01
 25 -0.00945 -3.84695e-01 | 26  0.01946  6.79731e-02 | 27  0.00658  1.91735e-01
 28  0.01405  6.89383e-02 | 29  0.01390 -2.41938e-01 | 30  0.01005 -4.47708e-02
 31  0.03445  1.19741e-01 | 32  0.06990 -6.81296e-01 | 33  0.01241 -7.60188e-01
 34  0.02426  1.83890e-01 | 35  0.02770 -2.12408e-01 | 36  0.02382 -6.77510e-01
 37  0.04354 -7.34012e-02 | 38  0.01197 -4.91229e-01 | 39 -0.00978 -3.13858e-01
 40 -0.00707 -6.43115e-01 | 41 -0.01423 -7.43071e-01 | 42 -0.00639 -3.78637e-01
 43  0.01301 -3.44991e-01 | 44  0.00550 -3.51306e-01 | 45  0.00835 -2.35366e-01
 46  0.00588  2.39383e-01 | 47  0.00651 -2.32705e-01 | 48  0.01692 -5.73940e-01
 49 -0.01104 -3.08022e-01 | 50 -0.02869  6.91995e-01 | 51 -0.02338  1.42745e-01
 52 -0.01280 -5.24146e-01 | 53 -0.00520 -1.35880e-01 | 54 -0.00590  4.52187e-01
 55 -0.01677  2.79914e-01 | 56 -0.03107 -5.00050e-01 | 57 -0.02472 -7.41268e-01
 58 -0.01404  3.41371e-01 | 59  0.00270  8.66935e-01 | 60 -0.01630 -1.53166e-01
 61 -0.00877 -4.93363e-01 | 62 -0.01445  9.40984e-02 | 63 -0.00519  1.04805e+00
 64 -0.00998  7.13913e-01 | 65 -0.01153  3.09554e-01 | 66 -0.00197  3.67066e-01
 67 -0.00001  8.26890e-03 | 68  0.00000  0.00000e+00 | 69 -0.74016  4.12611e+01
 70  0.24967  2.84043e+00 | 71  0.07861  3.53771e+00 | 72  0.19215 -1.44549e+00
 73  0.08954  4.75110e-03 | 74  0.07522  5.09831e-01 | 75  0.17524  1.67006e+02
 76  0.07385  2.30545e+02 | 77  0.15773  3.00509e+01 | 78  0.14498  6.07626e-01
 79 -0.16521  5.38321e+00 | 80  0.16420 -2.54307e-02 | 81  0.05573 -3.35923e-01
 82  0.12886 -9.93801e-01 | 83 -0.00000 -2.23379e-30 | 84  0.03966 -2.61192e-01
 85 -0.05144 -5.29175e-02 | 86 -0.23583 -1.84007e-04 | 87  0.10426 -5.41390e-01
 88  0.68481 -1.39306e-01 | 89 -0.13283 -3.17234e-01 | 90  0.11186 -3.90376e-01
 91 -0.64315 -3.93970e-01 |
91 variables; iteration 80; function evaluation 114; phase 4
Function value 2.1509059e+02; maximum gradient component mag 5.4140e+01
Var    Value     Gradient |Var    Value     Gradient |Var    Value     Gradient
  1  0.09081  1.55674e+01 |  2 -0.00945  9.08697e+00 |  3 -0.02313 -2.79194e-01
  4 -0.02094 -4.66874e-01 |  5 -0.01259 -1.46128e-01 |  6 -0.01153 -6.84171e-01
  7 -0.01151  6.23859e-02 |  8  0.00152 -5.67834e-02 |  9  0.00754 -8.52948e-02
 10  0.00768 -2.51763e-01 | 11  0.00538 -4.41536e-01 | 12 -0.00752  3.33778e-01
 13 -0.01177  8.83220e-02 | 14 -0.00982 -1.75497e-01 | 15 -0.01452 -3.78716e-01
 16 -0.01139 -7.40061e-02 | 17 -0.00130 -5.12520e-01 | 18  0.00580  5.50568e-02
 19  0.01058 -4.25754e-01 | 20  0.00278 -3.54627e-01 | 21 -0.01315 -1.44943e-01
 22 -0.01144  4.35035e-01 | 23 -0.00869  2.04595e-01 | 24 -0.02195 -4.78490e-01
 25 -0.00901 -6.15163e-02 | 26  0.01978 -1.05470e-01 | 27  0.00621 -9.03254e-01
 28  0.01394 -5.21488e-01 | 29  0.01436  8.72312e-02 | 30  0.01028 -5.42389e-02
 31  0.03388 -4.24549e-01 | 32  0.07008  1.07281e-02 | 33  0.01408  8.74001e-01
 34  0.02278 -4.54725e-01 | 35  0.02822  4.10084e-01 | 36  0.02427  7.70228e-02
 37  0.04297  3.02806e-01 | 38  0.01256  6.64215e-01 | 39 -0.01015  2.11937e-01
 40 -0.00702  5.28000e-01 | 41 -0.01369  9.29634e-01 | 42 -0.00637  5.97579e-01
 43  0.01276  1.97148e-01 | 44  0.00567  2.80032e-01 | 45  0.00878  4.14642e-01
 46  0.00532 -4.62035e-02 | 47  0.00659  2.03133e-01 | 48  0.01728  6.04574e-01
 49 -0.01080  2.84379e-01 | 50 -0.02948 -2.56835e-01 | 51 -0.02358 -7.59666e-02
 52 -0.01225  3.93410e-01 | 53 -0.00512  1.61345e-01 | 54 -0.00635 -1.73598e-01
 55 -0.01717 -9.58964e-02 | 56 -0.03041  5.61032e-01 | 57 -0.02388  4.63446e-01
 58 -0.01443 -2.64273e-01 | 59  0.00208 -2.65821e-01 | 60 -0.01618 -1.93442e-02
 61 -0.00813  4.81910e-01 | 62 -0.01431  5.09426e-02 | 63 -0.00589 -5.56962e-01
 64 -0.01074 -7.75218e-01 | 65 -0.01183 -1.18104e-01 | 66 -0.00273 -2.01414e-01
 67 -0.00002  1.66412e-04 | 68  0.00000  0.00000e+00 | 69 -0.73971  9.39157e+00
 70  0.25092 -1.98144e-01 | 71  0.07761  2.10622e+00 | 72  0.19242  6.34805e+00
 73  0.06934  3.86612e-04 | 74  0.07417 -5.41410e-01 | 75  0.17695  3.35423e+01
 76  0.07239  5.41395e+01 | 77  0.15821  3.82186e+00 | 78  0.16437  1.02097e-01
 79 -0.16978  4.19617e-01 | 80  0.16422  2.48802e-02 | 81  0.05582  1.81465e-01
 82  0.12884  5.10402e-01 | 83 -0.00000  2.19082e-31 | 84  0.03990  3.07555e-01
 85 -0.05124  2.33639e-01 | 86 -0.23460 -1.00179e-04 | 87  0.10437  4.38581e-02
 88  0.68479  9.61415e-02 | 89 -0.13244  3.70592e-01 | 90  0.11247  9.31139e-02
 91 -0.64216  4.02120e-01 |
91 variables; iteration 100; function evaluation 148; phase 4
Function value 2.1502702e+02; maximum gradient component mag -1.6129e+01
Var    Value     Gradient |Var    Value     Gradient |Var    Value     Gradient
  1  0.09060 -1.61285e+01 |  2 -0.00767 -2.16755e+00 |  3 -0.02250  6.28727e-01
  4 -0.02180 -1.00046e+00 |  5 -0.01391 -1.07744e+00 |  6 -0.01162 -4.96790e-01
  7 -0.01295 -8.02979e-01 |  8  0.00103 -9.47953e-03 |  9  0.00794  6.31943e-01
 10  0.00705 -4.15740e-01 | 11  0.00429 -1.15336e+00 | 12 -0.00731  4.03101e-01
 13 -0.01135  5.43210e-01 | 14 -0.01039 -4.18096e-01 | 15 -0.01413  2.34798e-01
 16 -0.01228 -6.78281e-01 | 17 -0.00186 -8.48736e-01 | 18  0.00672  5.27938e-01
 19  0.00959 -1.42481e+00 | 20  0.00337 -1.50113e-02 | 21 -0.01443 -1.28790e+00
 22 -0.01121  7.74286e-01 | 23 -0.00713  2.00091e+00 | 24 -0.02354 -1.79151e+00
 25 -0.01046 -1.35392e+00 | 26  0.02227  1.52907e+00 | 27  0.00494 -2.67603e+00
 28  0.01421 -7.39630e-01 | 29  0.01463  4.35768e-01 | 30  0.01109  2.28702e-01
 31  0.03359 -1.17551e+00 | 32  0.07001 -1.24258e-01 | 33  0.01648  2.79654e+00
 34  0.02055 -1.63817e+00 | 35  0.03017  1.53663e+00 | 36  0.02276 -9.69294e-01
 37  0.04299  5.77503e-01 | 38  0.01383  2.47849e+00 | 39 -0.01138 -4.58604e-01
 40 -0.00728  2.98638e-01 | 41 -0.01274  2.05410e+00 | 42 -0.00567  1.48522e+00
 43  0.01181 -3.17661e-01 | 44  0.00610  6.18125e-01 | 45  0.00950  9.66816e-01
 46  0.00546 -5.18041e-01 | 47  0.00526 -1.31296e+00 | 48  0.01865  2.08478e+00
 49 -0.01118  2.71913e-01 | 50 -0.03031 -1.26418e+00 | 51 -0.02334  1.09323e-01
 52 -0.01199  7.36173e-01 | 53 -0.00537  1.33744e-01 | 54 -0.00640 -1.08403e-02
 55 -0.01758 -3.98349e-01 | 56 -0.03044  6.18152e-01 | 57 -0.02319  1.46201e+00
 58 -0.01398  2.34216e-01 | 59  0.00062 -1.75610e+00 | 60 -0.01562  7.22775e-01
 61 -0.00790  1.28791e+00 | 62 -0.01390  4.98722e-01 | 63 -0.00698 -1.99183e+00
 64 -0.01033 -5.79258e-01 | 65 -0.01201  3.04312e-02 | 66 -0.00241  9.43982e-02
 67  0.00063  4.91972e-01 | 68  0.00000  0.00000e+00 | 69 -0.73734 -2.44177e+00
 70  0.25471 -3.72154e+00 | 71  0.07408 -1.86912e+00 | 72  0.19305  7.66633e+00
 73 -0.11237 -5.60345e-04 | 74  0.07381 -1.43590e+00 | 75  0.18848 -4.81863e+00
 76  0.06182 -1.10866e-01 | 77  0.16182 -3.58308e+00 | 78  0.35896  2.10099e-02
 79 -0.17333 -1.23986e+00 | 80  0.16453  4.74777e+00 | 81  0.05582  4.27766e+00
 82  0.12884  3.68232e+00 | 83 -0.00000  2.19177e-29 | 84  0.04011 -5.53995e-02
 85 -0.05085  2.65542e-01 | 86 -0.22711  2.54281e-04 | 87  0.10451  6.51372e-01
 88  0.68496  2.33988e-01 | 89 -0.13210  3.06151e-01 | 90  0.11330 -2.59789e-02
 91 -0.64123  1.06857e+00 |
91 variables; iteration 120; function evaluation 171; phase 4
Function value 2.1494237e+02; maximum gradient component mag 7.4230e-01
Var    Value     Gradient |Var    Value     Gradient |Var    Value     Gradient
  1  0.09045  4.86743e-01 |  2 -0.00772 -2.41842e-01 |  3 -0.02362  2.33747e-02
  4 -0.02136 -3.08688e-02 |  5 -0.01344  1.33979e-04 |  6 -0.01191 -4.70786e-02
  7 -0.01279  9.97190e-04 |  8  0.00029  3.35264e-03 |  9  0.00625  2.28643e-04
 10  0.00645 -7.91713e-03 | 11  0.00463 -4.23493e-03 | 12 -0.00832  4.25258e-03
 13 -0.01209 -2.10872e-02 | 14 -0.01011  3.87388e-03 | 15 -0.01501 -4.49189e-02
 16 -0.01226 -3.15794e-02 | 17 -0.00143 -3.03441e-02 | 18  0.00567 -2.90483e-02
 19  0.01067 -3.43259e-02 | 20  0.00210 -1.23961e-02 | 21 -0.01344 -3.81880e-02
 22 -0.01125  3.01655e-02 | 23 -0.00860 -9.97232e-03 | 24 -0.02250  1.07144e-02
 25 -0.00960 -1.74836e-02 | 26  0.02041  5.58028e-02 | 27  0.00757 -2.51682e-05
 28  0.01392 -9.68597e-03 | 29  0.01417  5.09706e-02 | 30  0.01097  5.69287e-03
 31  0.03475 -1.26410e-02 | 32  0.07083  5.46909e-02 | 33  0.01322  7.05480e-02
 34  0.02371 -1.05300e-02 | 35  0.02789  3.60261e-02 | 36  0.02443  2.92267e-02
 37  0.04312  3.63421e-02 | 38  0.01174  2.87043e-02 | 39 -0.01027  3.10063e-02
 40 -0.00670  3.24375e-02 | 41 -0.01334  4.34150e-02 | 42 -0.00596  5.85889e-02
 43  0.01243  1.37346e-02 | 44  0.00610  3.21776e-02 | 45  0.00890  1.36416e-02
 46  0.00597 -1.09618e-02 | 47  0.00714  8.44419e-03 | 48  0.01709  1.73597e-02
 49 -0.01110  1.14611e-02 | 50 -0.02936 -2.89162e-02 | 51 -0.02350 -2.20434e-02
 52 -0.01239  3.63763e-03 | 53 -0.00544 -2.43508e-02 | 54 -0.00668 -1.17305e-02
 55 -0.01719 -3.46896e-02 | 56 -0.03050  9.62572e-03 | 57 -0.02398 -1.51234e-02
 58 -0.01444 -8.61451e-03 | 59  0.00170 -6.40317e-02 | 60 -0.01634  9.17953e-03
 61 -0.00859 -3.02013e-02 | 62 -0.01442  2.58367e-03 | 63 -0.00548 -5.72839e-02
 64 -0.01034 -5.93407e-02 | 65 -0.01204  3.62909e-02 | 66 -0.00253  8.53493e-03
 67 -0.00003 -8.88608e-03 | 68  0.00000  0.00000e+00 | 69 -0.73217 -2.07922e-01
 70  0.25664  6.32377e-01 | 71  0.07206  7.42304e-01 | 72  0.19320  1.39007e-01
 73 -0.20852 -1.06747e-03 | 74  0.07608  4.09723e-02 | 75  0.20320  1.17012e-01
 76  0.04910  4.18558e-02 | 77  0.16628 -1.18311e-01 | 78  0.32951  3.04276e-03
 79 -0.17315 -2.98930e-02 | 80  0.16635 -9.43436e-02 | 81  0.05239 -1.64661e-01
 82  0.12925 -1.48061e-01 | 83  0.00000 -1.46656e-30 | 84  0.04036  1.95643e-02
 85 -0.05051  3.26932e-02 | 86 -0.23191 -2.72643e-05 | 87  0.10456 -1.84145e-02
 88  0.68282  6.23215e-03 | 89 -0.13131  1.62077e-02 | 90  0.11358  1.99522e-02
 91 -0.64166  6.79146e-03 |
91 variables; iteration 140; function evaluation 191; phase 4
Function value 2.1494205e+02; maximum gradient component mag 4.8333e-01
Var    Value     Gradient |Var    Value     Gradient |Var    Value     Gradient
  1  0.09045  2.21889e-01 |  2 -0.00770 -1.10466e-01 |  3 -0.02363  5.26970e-03
  4 -0.02133 -4.10022e-03 |  5 -0.01343 -4.18828e-04 |  6 -0.01186 -4.24373e-03
  7 -0.01279  1.49712e-04 |  8  0.00030  2.43568e-03 |  9  0.00626  3.94466e-03
 10  0.00646  1.41223e-03 | 11  0.00463  7.30903e-04 | 12 -0.00833 -7.00302e-04
 13 -0.01208 -6.59104e-03 | 14 -0.01013 -2.69401e-03 | 15 -0.01498 -9.17391e-03
 16 -0.01225 -9.33346e-03 | 17 -0.00143 -8.60687e-03 | 18  0.00567 -9.51569e-03
 19  0.01069 -9.35344e-03 | 20  0.00209 -4.11824e-03 | 21 -0.01341 -1.03716e-02
 22 -0.01128  1.65270e-03 | 23 -0.00858 -1.18585e-03 | 24 -0.02251  1.77806e-03
 25 -0.00958 -3.26988e-03 | 26  0.02038  1.47162e-02 | 27  0.00758  4.59794e-03
 28  0.01394  3.90814e-03 | 29  0.01414  1.03465e-02 | 30  0.01097  3.09973e-03
 31  0.03478  2.86388e-03 | 32  0.07082  1.75976e-02 | 33  0.01317  1.31443e-02
 34  0.02376  2.16798e-03 | 35  0.02788  1.02214e-02 | 36  0.02443  8.19670e-03
 37  0.04313  1.49469e-02 | 38  0.01174  1.17213e-02 | 39 -0.01028  8.87337e-03
 40 -0.00669  9.59726e-03 | 41 -0.01334  1.22492e-02 | 42 -0.00598  1.39919e-02
 43  0.01245  7.90615e-03 | 44  0.00609  8.30658e-03 | 45  0.00889  4.31005e-03
 46  0.00597 -1.37421e-03 | 47  0.00713  1.54780e-04 | 48  0.01709  4.31923e-03
 49 -0.01111  5.13795e-04 | 50 -0.02934 -6.07506e-03 | 51 -0.02349 -5.62143e-03
 52 -0.01241 -2.57449e-03 | 53 -0.00543 -7.20888e-03 | 54 -0.00668 -3.17694e-03
 55 -0.01717 -8.62303e-03 | 56 -0.03052 -3.75392e-03 | 57 -0.02398 -6.59905e-03
 58 -0.01445 -4.36405e-03 | 59  0.00174 -1.58653e-02 | 60 -0.01637 -2.86238e-03
 61 -0.00857 -1.01094e-02 | 62 -0.01445 -4.56309e-03 | 63 -0.00546 -1.45095e-02
 64 -0.01031 -1.26678e-02 | 65 -0.01209  5.46178e-04 | 66 -0.00254  2.61590e-03
 67 -0.00002 -5.23405e-04 | 68  0.00000  0.00000e+00 | 69 -0.73219 -1.09725e-01
 70  0.25658  3.84158e-01 | 71  0.07211  4.83328e-01 | 72  0.19319 -5.41619e-03
 73  0.03099  1.53112e-04 | 74  0.07607  1.62739e-02 | 75  0.20325  9.11801e-02
 76  0.04954  4.04440e-02 | 77  0.16630 -4.34535e-02 | 78  0.17892  9.06938e-04
 79 -0.17313 -4.00129e-03 | 80  0.16616  9.83941e-02 | 81  0.05277  3.24012e-02
 82  0.12918 -7.11170e-02 | 83  0.00000 -4.46860e-31 | 84  0.04036  1.21942e-02
 85 -0.05052  1.15018e-02 | 86 -0.25907 -8.32552e-04 | 87  0.10455 -9.08092e-03
 88  0.68285  1.85338e-03 | 89 -0.13133  3.26578e-03 | 90  0.11356  6.20753e-03
 91 -0.64168  1.00106e-03 |
91 variables; iteration 160; function evaluation 212; phase 4
Function value 2.1494198e+02; maximum gradient component mag 3.6703e-01
Var    Value     Gradient |Var    Value     Gradient |Var    Value     Gradient
  1  0.09045  3.67029e-01 |  2 -0.00770 -1.40058e-01 |  3 -0.02365  3.14971e-03
  4 -0.02133  3.68426e-03 |  5 -0.01345  1.96555e-03 |  6 -0.01186  7.65433e-03
  7 -0.01280  2.78818e-03 |  8  0.00028  6.35409e-03 |  9  0.00624  9.66483e-03
 10  0.00645  7.62313e-03 | 11  0.00461  6.62177e-03 | 12 -0.00834  3.22176e-03
 13 -0.01208 -2.78179e-03 | 14 -0.01014 -3.68465e-03 | 15 -0.01499 -1.54661e-03
 16 -0.01226 -4.91995e-03 | 17 -0.00143 -4.14970e-03 | 18  0.00566 -5.34521e-03
 19  0.01068 -3.49667e-03 | 20  0.00209 -2.00367e-04 | 21 -0.01341 -2.38933e-03
 22 -0.01128 -2.26522e-03 | 23 -0.00858  3.28983e-03 | 24 -0.02252  2.57042e-03
 25 -0.00958  5.46411e-03 | 26  0.02039  1.66917e-02 | 27  0.00759  1.38187e-02
 28  0.01395  1.30137e-02 | 29  0.01414  5.99294e-03 | 30  0.01098  4.94785e-03
 31  0.03479  1.01667e-02 | 32  0.07084  1.88811e-02 | 33  0.01317  4.52307e-03
 34  0.02377  7.49202e-03 | 35  0.02787  8.42677e-03 | 36  0.02443  6.56809e-03
 37  0.04313  1.61108e-02 | 38  0.01174  1.19663e-02 | 39 -0.01028  5.70277e-03
 40 -0.00669  7.14144e-03 | 41 -0.01333  8.03000e-03 | 42 -0.00598  5.44316e-03
 43  0.01246  7.54049e-03 | 44  0.00608  3.05284e-03 | 45  0.00890  1.98436e-03
 46  0.00599 -1.45245e-03 | 47  0.00713 -3.97214e-03 | 48  0.01709 -1.27974e-04
 49 -0.01111 -5.21678e-03 | 50 -0.02934 -5.15781e-03 | 51 -0.02349 -5.78781e-03
 52 -0.01241 -7.38129e-03 | 53 -0.00543 -8.22776e-03 | 54 -0.00669 -6.67236e-03
 55 -0.01717 -8.58344e-03 | 56 -0.03052 -1.13560e-02 | 57 -0.02397 -9.09203e-03
 58 -0.01446 -8.65593e-03 | 59  0.00173 -1.19350e-02 | 60 -0.01638 -1.14090e-02
 61 -0.00857 -1.10387e-02 | 62 -0.01445 -1.16116e-02 | 63 -0.00546 -1.20303e-02
 64 -0.01031 -8.74952e-03 | 65 -0.01211 -1.25949e-02 | 66 -0.00254  1.15816e-03
 67 -0.00002  1.33003e-03 | 68  0.00000  0.00000e+00 | 69 -0.73216 -1.40292e-01
 70  0.25687 -2.16725e-01 | 71  0.07162 -2.32991e-01 | 72  0.19324 -1.14193e-01
 73  0.09023  4.27193e-03 | 74  0.07610  4.06422e-02 | 75  0.20327  9.14945e-02
 76  0.04988  3.58273e-02 | 77  0.16629 -7.47085e-02 | 78  0.07316  3.62636e-04
 79 -0.17312 -4.13148e-03 | 80  0.16620  2.19827e-02 | 81  0.05269 -7.16885e-03
 82  0.12919 -4.15816e-02 | 83  0.00000 -6.50282e-31 | 84  0.04037 -6.03916e-04
 85 -0.05051  8.92024e-03 | 86 -0.23301 -7.29919e-05 | 87  0.10456 -8.11986e-03
 88  0.68281  1.72119e-03 | 89 -0.13130  2.05471e-03 | 90  0.11358  4.02168e-03
 91 -0.64167  4.18307e-04 |
91 variables; iteration 180; function evaluation 239; phase 4
Function value 2.1494196e+02; maximum gradient component mag -5.2013e-01
Var    Value     Gradient |Var    Value     Gradient |Var    Value     Gradient
  1  0.09045  3.08973e-01 |  2 -0.00771 -2.15184e-02 |  3 -0.02365  2.00495e-03
  4 -0.02134  1.82992e-03 |  5 -0.01345  2.22601e-03 |  6 -0.01186  2.27366e-03
  7 -0.01280  2.53356e-03 |  8  0.00027  3.45617e-03 |  9  0.00623  4.16081e-03
 10  0.00644  4.03674e-03 | 11  0.00461  4.56759e-03 | 12 -0.00833  4.18089e-03
 13 -0.01209 -1.02565e-03 | 14 -0.01014 -7.28668e-04 | 15 -0.01499 -1.37493e-03
 16 -0.01226 -1.78031e-03 | 17 -0.00144 -1.63007e-03 | 18  0.00566 -1.33779e-03
 19  0.01069 -9.21913e-05 | 20  0.00208  1.06358e-03 | 21 -0.01341 -2.22704e-04
 22 -0.01128  6.62928e-04 | 23 -0.00858  1.30868e-03 | 24 -0.02252  1.16233e-03
 25 -0.00958  3.12725e-03 | 26  0.02039  8.89077e-03 | 27  0.00759  6.19118e-03
 28  0.01394  4.84405e-03 | 29  0.01414  3.75716e-03 | 30  0.01098  1.88898e-03
 31  0.03479  3.50112e-03 | 32  0.07084  8.86045e-03 | 33  0.01317  2.94815e-03
 34  0.02377  2.93124e-03 | 35  0.02787  3.68828e-03 | 36  0.02443  3.14563e-03
 37  0.04313  6.66920e-03 | 38  0.01174  4.18572e-03 | 39 -0.01028  2.95764e-03
 40 -0.00668  3.94853e-03 | 41 -0.01333  3.47780e-03 | 42 -0.00598  3.36956e-03
 43  0.01246  3.21947e-03 | 44  0.00608  1.40343e-03 | 45  0.00890  6.24654e-04
 46  0.00599 -5.21604e-04 | 47  0.00714 -9.01066e-04 | 48  0.01709 -2.36116e-04
 49 -0.01111 -1.80085e-03 | 50 -0.02934 -3.00568e-03 | 51 -0.02349 -3.10172e-03
 52 -0.01241 -2.89676e-03 | 53 -0.00543 -3.78686e-03 | 54 -0.00669 -3.56151e-03
 55 -0.01717 -4.29632e-03 | 56 -0.03051 -4.42682e-03 | 57 -0.02397 -4.66387e-03
 58 -0.01446 -4.90782e-03 | 59  0.00173 -6.18298e-03 | 60 -0.01638 -5.25282e-03
 61 -0.00857 -5.84576e-03 | 62 -0.01445 -5.43765e-03 | 63 -0.00546 -6.53615e-03
 64 -0.01031 -6.27999e-03 | 65 -0.01210 -5.45863e-03 | 66 -0.00254  2.13426e-04
 67 -0.00002  4.01946e-05 | 68  0.00000  0.00000e+00 | 69 -0.73213 -2.22467e-02
 70  0.25691 -5.20125e-01 | 71  0.07132 -5.10415e-01 | 72  0.19325 -5.44940e-02
 73  0.04877  2.02742e-03 | 74  0.07611  2.18081e-02 | 75  0.20330  3.78251e-02
 76  0.05014  3.24089e-02 | 77  0.16630 -1.62227e-02 | 78 -0.01350 -6.66446e-05
 79 -0.17314 -8.85334e-04 | 80  0.16619  9.60879e-03 | 81  0.05271 -3.46564e-04
 82  0.12919 -1.56071e-02 | 83  0.00000 -6.14996e-31 | 84  0.04038  1.45528e-03
 85 -0.05051  2.95835e-03 | 86 -0.23121 -5.83520e-07 | 87  0.10456 -2.59993e-03
 88  0.68280  4.39205e-04 | 89 -0.13130  1.14823e-03 | 90  0.11359  1.54321e-03
 91 -0.64166 -1.16849e-04 |
91 variables; iteration 200; function evaluation 262; phase 4
Function value 2.1494195e+02; maximum gradient component mag -2.3448e-01
Var    Value     Gradient |Var    Value     Gradient |Var    Value     Gradient
  1  0.09045  7.94089e-02 |  2 -0.00771  9.59575e-03 |  3 -0.02365  2.74550e-04
  4 -0.02134  3.00769e-04 |  5 -0.01345  4.96259e-04 |  6 -0.01187  3.05428e-04
  7 -0.01280  5.48957e-04 |  8  0.00027  6.12714e-04 |  9  0.00623  6.18818e-04
 10  0.00644  7.18261e-04 | 11  0.00461  8.82161e-04 | 12 -0.00833  9.36811e-04
 13 -0.01209 -1.25784e-04 | 14 -0.01014 -7.04554e-07 | 15 -0.01499 -2.21852e-04
 16 -0.01226 -1.74430e-04 | 17 -0.00144 -1.59783e-04 | 18  0.00566 -3.22684e-05
 19  0.01069  2.01997e-04 | 20  0.00208  3.14046e-04 | 21 -0.01341  2.22120e-04
 22 -0.01128  2.75132e-04 | 23 -0.00858  1.64876e-04 | 24 -0.02252  2.38697e-04
 25 -0.00958  7.00325e-04 | 26  0.02039  1.49335e-03 | 27  0.00759  1.04926e-03
 28  0.01394  6.98959e-04 | 29  0.01414  6.48504e-04 | 30  0.01098  2.76138e-04
 31  0.03479  4.63028e-04 | 32  0.07084  1.34596e-03 | 33  0.01317  4.34138e-04
 34  0.02377  4.53339e-04 | 35  0.02787  5.16630e-04 | 36  0.02443  4.69380e-04
 37  0.04313  9.38903e-04 | 38  0.01174  4.76437e-04 | 39 -0.01028  4.37564e-04
 40 -0.00668  6.52830e-04 | 41 -0.01333  4.59952e-04 | 42 -0.00598  4.70576e-04
 43  0.01246  3.93465e-04 | 44  0.00608  1.40700e-04 | 45  0.00890  3.06656e-05
 46  0.00599 -6.23474e-05 | 47  0.00714 -5.58281e-05 | 48  0.01709 -1.20029e-04
 49 -0.01111 -2.95818e-04 | 50 -0.02934 -5.14923e-04 | 51 -0.02349 -5.11757e-04
 52 -0.01241 -4.33244e-04 | 53 -0.00543 -5.68288e-04 | 54 -0.00669 -6.70330e-04
 55 -0.01717 -7.02834e-04 | 56 -0.03051 -6.25642e-04 | 57 -0.02397 -7.78205e-04
 58 -0.01446 -8.89155e-04 | 59  0.00173 -9.47517e-04 | 60 -0.01638 -9.00424e-04
 61 -0.00857 -9.50597e-04 | 62 -0.01445 -9.20454e-04 | 63 -0.00546 -1.05732e-03
 64 -0.01031 -1.17535e-03 | 65 -0.01211 -8.96325e-04 | 66 -0.00254 -2.88074e-05
 67 -0.00002 -5.10444e-05 | 68  0.00000  0.00000e+00 | 69 -0.73213  8.99472e-03
 70  0.25692 -2.34484e-01 | 71  0.07122 -2.24871e-01 | 72  0.19325 -8.61704e-03
 73  0.01143  4.82955e-04 | 74  0.07610  3.92328e-03 | 75  0.20331  2.49184e-02
 76  0.05004  3.33427e-02 | 77  0.16630  4.76252e-03 | 78  0.01775  8.76018e-05
 79 -0.17315  7.63407e-04 | 80  0.16618  8.57909e-04 | 81  0.05272  5.16952e-04
 82  0.12919 -1.04365e-03 | 83  0.00000 -6.10569e-31 | 84  0.04038  2.69642e-04
 85 -0.05051  3.34165e-04 | 86 -0.23118  8.33459e-07 | 87  0.10456 -3.06852e-04
 88  0.68279  3.48276e-05 | 89 -0.13130  2.00676e-04 | 90  0.11359  1.64257e-04
 91 -0.64166 -9.06087e-05 |
91 variables; iteration 220; function evaluation 284; phase 4
Function value 2.1494195e+02; maximum gradient component mag 3.3501e-02
Var    Value     Gradient |Var    Value     Gradient |Var    Value     Gradient
  1  0.09045  4.71877e-03 |  2 -0.00771  6.21618e-03 |  3 -0.02365 -3.36963e-05
  4 -0.02134 -2.07273e-05 |  5 -0.01345 -4.54462e-05 |  6 -0.01187 -2.89339e-05
  7 -0.01280 -4.17687e-05 |  8  0.00027 -5.17667e-05 |  9  0.00623 -5.88610e-05
 10  0.00644 -6.65924e-05 | 11  0.00461 -6.99838e-05 | 12 -0.00833 -9.37098e-05
 13 -0.01209  4.18610e-05 | 14 -0.01014  4.00712e-05 | 15 -0.01499  6.48447e-05
 16 -0.01226  5.98749e-05 | 17 -0.00144  7.47222e-05 | 18  0.00566  3.93792e-05
 19  0.01069  1.89342e-05 | 20  0.00208 -1.96929e-06 | 21 -0.01341  1.68029e-05
 22 -0.01128 -5.76647e-06 | 23 -0.00858 -2.45608e-05 | 24 -0.02252  8.17634e-06
 25 -0.00958 -6.85964e-05 | 26  0.02039 -2.23124e-04 | 27  0.00759 -1.24268e-04
 28  0.01394 -1.05055e-04 | 29  0.01414 -9.46231e-05 | 30  0.01098 -5.83717e-05
 31  0.03479 -7.16311e-05 | 32  0.07084 -1.88968e-04 | 33  0.01317 -7.96502e-05
 34  0.02377 -6.32937e-05 | 35  0.02787 -9.43906e-05 | 36  0.02443 -5.38528e-05
 37  0.04313 -1.45174e-04 | 38  0.01174 -9.53915e-05 | 39 -0.01028 -5.11229e-05
 40 -0.00668 -1.03729e-04 | 41 -0.01333 -1.06210e-04 | 42 -0.00598 -1.01671e-04
 43  0.01246 -8.68299e-05 | 44  0.00608 -4.69562e-05 | 45  0.00890 -3.99672e-05
 46  0.00599 -2.10846e-05 | 47  0.00714  5.25947e-07 | 48  0.01709 -1.78295e-05
 49 -0.01111  3.12429e-05 | 50 -0.02934  7.30413e-05 | 51 -0.02349  4.98799e-05
 52 -0.01241  5.73266e-05 | 53 -0.00543  7.02348e-05 | 54 -0.00669  8.99465e-05
 55 -0.01717  9.88469e-05 | 56 -0.03051  8.53069e-05 | 57 -0.02397  9.70823e-05
 58 -0.01446  1.16272e-04 | 59  0.00173  1.41039e-04 | 60 -0.01638  1.22855e-04
 61 -0.00857  1.23528e-04 | 62 -0.01445  1.25361e-04 | 63 -0.00546  1.52877e-04
 64 -0.01031  1.44738e-04 | 65 -0.01211  1.22883e-04 | 66 -0.00254 -2.48102e-06
 67 -0.00002  2.11557e-06 | 68  0.00000  0.00000e+00 | 69 -0.73213  5.76117e-03
 70  0.25692  2.60586e-02 | 71  0.07120  2.55846e-02 | 72  0.19325  1.05843e-03
 73 -0.00063 -4.31852e-05 | 74  0.07610 -4.32717e-04 | 75  0.20331  2.60761e-02
 76  0.05002  3.35014e-02 | 77  0.16630  4.16972e-03 | 78  0.02225  1.09841e-04
 79 -0.17315  7.12290e-04 | 80  0.16618  7.66697e-07 | 81  0.05272  5.40383e-05
 82  0.12919  1.15082e-04 | 83  0.00000 -6.12962e-31 | 84  0.04038 -6.13793e-05
 85 -0.05051 -7.95919e-05 | 86 -0.23120  6.77007e-08 | 87  0.10456  6.38412e-05
 88  0.68279 -9.18014e-06 | 89 -0.13130 -4.17517e-05 | 90  0.11359 -7.23902e-05
 91 -0.64166  3.03212e-05 |
91 variables; iteration 240; function evaluation 308; phase 4
Function value 2.1494193e+02; maximum gradient component mag -1.0170e+01
Var    Value     Gradient |Var    Value     Gradient |Var    Value     Gradient
  1  0.09045  6.24160e-01 |  2 -0.00771  4.28090e-03 |  3 -0.02365  2.74215e-03
  4 -0.02134  3.58762e-03 |  5 -0.01345  4.31144e-03 |  6 -0.01186  4.83599e-03
  7 -0.01280  4.89264e-03 |  8  0.00027  5.98783e-03 |  9  0.00623  6.74273e-03
 10  0.00644  7.37478e-03 | 11  0.00461  8.34356e-03 | 12 -0.00833  8.10299e-03
 13 -0.01209 -1.64285e-03 | 14 -0.01014 -1.12562e-03 | 15 -0.01499 -1.68423e-03
 16 -0.01226 -2.37143e-03 | 17 -0.00144 -2.06222e-03 | 18  0.00566 -1.20960e-03
 19  0.01069  1.00671e-03 | 20  0.00208  2.41722e-03 | 21 -0.01341  1.63980e-03
 22 -0.01128  1.11459e-03 | 23 -0.00858  1.90836e-03 | 24 -0.02252  2.06417e-03
 25 -0.00958  6.97447e-03 | 26  0.02039  1.52957e-02 | 27  0.00759  1.15117e-02
 28  0.01394  8.72590e-03 | 29  0.01414  5.92730e-03 | 30  0.01098  3.49207e-03
 31  0.03479  6.25092e-03 | 32  0.07084  1.43549e-02 | 33  0.01317  3.54396e-03
 34  0.02377  5.48052e-03 | 35  0.02787  5.57289e-03 | 36  0.02443  4.58286e-03
 37  0.04313  1.06963e-02 | 38  0.01174  6.19556e-03 | 39 -0.01028  4.28179e-03
 40 -0.00668  6.49354e-03 | 41 -0.01333  5.08078e-03 | 42 -0.00598  4.38019e-03
 43  0.01246  4.58199e-03 | 44  0.00608  1.60916e-03 | 45  0.00890  7.30834e-04
 46  0.00599 -3.26179e-04 | 47  0.00714 -1.28206e-03 | 48  0.01709 -1.07931e-03
 49 -0.01111 -3.73570e-03 | 50 -0.02934 -4.87716e-03 | 51 -0.02349 -4.85903e-03
 52 -0.01241 -5.05026e-03 | 53 -0.00543 -5.90557e-03 | 54 -0.00669 -6.83667e-03
 55 -0.01717 -7.11818e-03 | 56 -0.03051 -7.71719e-03 | 57 -0.02397 -7.98814e-03
 58 -0.01446 -8.92823e-03 | 59  0.00174 -9.49419e-03 | 60 -0.01638 -9.93052e-03
 61 -0.00857 -9.67314e-03 | 62 -0.01445 -1.00769e-02 | 63 -0.00546 -1.03091e-02
 64 -0.01031 -1.05353e-02 | 65 -0.01211 -1.05126e-02 | 66 -0.00254 -7.52770e-05
 67 -0.00002  2.67663e-05 | 68  0.00000  0.00000e+00 | 69 -0.73214  1.72507e-03
 70  0.25691 -1.01699e+01 | 71  0.07114 -9.65241e+00 | 72  0.19325 -9.84046e-02
 73 -0.05706  6.73141e-03 | 74  0.07609  3.90507e-02 | 75  0.20328  4.25352e-02
 76  0.04915  4.50599e-02 | 77  0.16629 -7.69541e-03 | 78  0.04169  2.06049e-04
 79 -0.17314  6.35395e-04 | 80  0.16618  6.25233e-03 | 81  0.05272  1.79744e-03
 82  0.12919 -7.10967e-03 | 83  0.00000 -6.03982e-31 | 84  0.04038  1.07350e-03
 85 -0.05051  3.36099e-03 | 86 -0.23116  1.82401e-06 | 87  0.10456 -3.07053e-03
 88  0.68280  4.37563e-04 | 89 -0.13130  1.71543e-03 | 90  0.11359  2.30243e-03
 91 -0.64167 -9.97983e-04 |
91 variables; iteration 260; function evaluation 369; phase 4
Function value 2.1491032e+02; maximum gradient component mag 3.2356e+03
Var    Value     Gradient |Var    Value     Gradient |Var    Value     Gradient
  1  0.09051 -1.07347e+02 |  2 -0.00727 -4.55259e+01 |  3 -0.02352 -9.23036e-02
  4 -0.02127 -1.83619e-01 |  5 -0.01337 -2.05236e-01 |  6 -0.01164 -9.38320e-02
  7 -0.01262 -1.46497e-01 |  8  0.00046 -1.85900e-01 |  9  0.00642 -2.16060e-01
 10  0.00664 -2.40001e-01 | 11  0.00473 -2.88533e-01 | 12 -0.00821 -1.60698e-01
 13 -0.01210 -3.64470e-02 | 14 -0.01009 -2.55832e-02 | 15 -0.01477  9.69240e-02
 16 -0.01225 -7.09515e-02 | 17 -0.00136  1.55368e-02 | 18  0.00576  7.13116e-02
 19  0.01067 -1.02601e-01 | 20  0.00212 -1.31037e-01 | 21 -0.01331  1.42047e-02
 22 -0.01134 -1.09780e-02 | 23 -0.00856 -2.53057e-02 | 24 -0.02239 -2.98347e-02
 25 -0.00958 -2.05088e-01 | 26  0.02033 -3.05138e-01 | 27  0.00742 -3.44521e-01
 28  0.01390 -2.46426e-01 | 29  0.01411 -1.12308e-01 | 30  0.01090 -5.93110e-02
 31  0.03464 -2.25065e-01 | 32  0.07067 -3.98535e-01 | 33  0.01323 -9.55988e-03
 34  0.02370 -1.15949e-01 | 35  0.02787 -7.60819e-02 | 36  0.02442 -7.62746e-02
 37  0.04317 -2.02260e-01 | 38  0.01178 -1.47520e-01 | 39 -0.01028 -1.24934e-01
 40 -0.00670 -1.08852e-01 | 41 -0.01350 -1.67233e-01 | 42 -0.00590  5.14685e-02
 43  0.01235 -1.94355e-01 | 44  0.00617  4.62763e-02 | 45  0.00884 -1.66233e-02
 46  0.00580 -6.72290e-02 | 47  0.00709  5.28811e-02 | 48  0.01708  7.56452e-03
 49 -0.01104  9.59980e-02 | 50 -0.02937  6.23997e-02 | 51 -0.02344  1.55515e-01
 52 -0.01249  4.01674e-02 | 53 -0.00529  2.07013e-01 | 54 -0.00669  7.24342e-02
 55 -0.01709  2.22683e-01 | 56 -0.03058  1.78617e-01 | 57 -0.02398  2.32705e-01
 58 -0.01442  2.11944e-01 | 59  0.00180  2.13617e-01 | 60 -0.01633  2.55999e-01
 61 -0.00850  3.06664e-01 | 62 -0.01449  2.18506e-01 | 63 -0.00547  2.66034e-01
 64 -0.01033  2.26973e-01 | 65 -0.01200  3.11804e-01 | 66 -0.00257 -2.11299e-02
 67 -0.00002  3.87433e-04 | 68  0.00000  0.00000e+00 | 69 -0.73237 -4.07912e+01
 70  0.25524  3.23560e+03 | 71  0.07281  3.22004e+03 | 72  0.19297  2.94378e+00
 73 -0.32130 -9.44356e-02 | 74  0.07544 -1.04221e+00 | 75  0.20312  1.81168e+01
 76  0.03283 -1.28999e+00 | 77  0.16625 -3.24204e+01 | 78  0.17749 -1.12938e-01
 79 -0.17038 -4.81033e+00 | 80  0.16608  2.70497e-01 | 81  0.05289  1.66612e-01
 82  0.12923  5.73645e-01 | 83  0.00000  2.37209e-31 | 84  0.04025  1.04511e-01
 85 -0.05067 -1.08166e-01 | 86 -0.26672 -9.82986e-04 | 87  0.10451  6.59177e-02
 88  0.68327 -1.44980e-02 | 89 -0.13157 -6.54831e-02 | 90  0.11332 -1.06036e-01
 91 -0.64188 -6.00733e-03 |
91 variables; iteration 280; function evaluation 393; phase 4
Function value 2.1488726e+02; maximum gradient component mag -1.8346e+03
Var    Value     Gradient |Var    Value     Gradient |Var    Value     Gradient
  1  0.09053  4.04247e+00 |  2 -0.00712  1.22273e+00 |  3 -0.02351 -4.89666e-03
  4 -0.02117  1.11528e-02 |  5 -0.01327  3.21892e-03 |  6 -0.01165  1.66307e-02
  7 -0.01260  2.71315e-03 |  8  0.00050  1.17101e-02 |  9  0.00647  1.49117e-02
 10  0.00669  1.06975e-02 | 11  0.00477  8.06006e-03 | 12 -0.00834  3.36300e-03
 13 -0.01202 -9.58033e-03 | 14 -0.01006 -2.07069e-02 | 15 -0.01484 -1.43966e-02
 16 -0.01211 -1.67685e-02 | 17 -0.00136 -2.26652e-02 | 18  0.00569 -2.39382e-02
 19  0.01077 -1.95434e-02 | 20  0.00213 -1.52945e-02 | 21 -0.01340 -1.32335e-02
 22 -0.01136 -2.15639e-02 | 23 -0.00848 -8.63397e-04 | 24 -0.02241 -6.99810e-03
 25 -0.00954  1.21260e-02 | 26  0.02021  1.43242e-02 | 27  0.00749  2.21416e-02
 28  0.01393  2.40842e-02 | 29  0.01401  4.98697e-03 | 30  0.01086  1.10536e-02
 31  0.03472  2.92907e-02 | 32  0.07063  4.58493e-02 | 33  0.01314  3.77587e-03
 34  0.02373  2.12684e-02 | 35  0.02785  1.79115e-02 | 36  0.02444  1.76373e-02
 37  0.04316  4.61325e-02 | 38  0.01179  3.79765e-02 | 39 -0.01028  2.51103e-02
 40 -0.00679  3.33498e-02 | 41 -0.01342  3.18448e-02 | 42 -0.00603  1.06179e-02
 43  0.01246  3.13303e-02 | 44  0.00611  1.35292e-02 | 45  0.00885  1.72670e-02
 46  0.00582  1.45872e-02 | 47  0.00701  2.56882e-03 | 48  0.01710  1.48501e-02
 49 -0.01106 -2.04356e-03 | 50 -0.02932 -4.40177e-03 | 51 -0.02349 -8.99181e-03
 52 -0.01243 -9.49197e-03 | 53 -0.00536 -1.07447e-02 | 54 -0.00658 -1.17370e-02
 55 -0.01713 -1.25325e-02 | 56 -0.03057 -2.19728e-02 | 57 -0.02401 -1.22117e-02
 58 -0.01440 -2.28373e-02 | 59  0.00184 -1.92216e-02 | 60 -0.01631 -3.57807e-02
 61 -0.00853 -2.02516e-02 | 62 -0.01447 -2.92918e-02 | 63 -0.00549 -2.29314e-02
 64 -0.01024 -2.30570e-02 | 65 -0.01204 -4.62565e-02 | 66 -0.00255 -2.95729e-03
 67 -0.00002  3.21970e-03 | 68  0.00000  0.00000e+00 | 69 -0.73041  1.07644e+00
 70  0.25495 -1.82876e+03 | 71  0.07310 -1.83458e+03 | 72  0.19292 -1.31350e-01
 73 -0.45696  7.90709e-03 | 74  0.07586  5.52301e-02 | 75  0.20685 -4.57438e-01
 76  0.01545  2.24291e-01 | 77  0.16718  8.24591e-01 | 78  0.08742  1.16433e-02
 79 -0.16653  1.35311e-01 | 80  0.16574  7.70354e-02 | 81  0.05343 -1.34358e-02
 82  0.12911 -1.99699e-01 | 83  0.00000 -6.88581e-31 | 84  0.04024  1.57250e-02
 85 -0.05070  2.45289e-02 | 86 -0.23039  4.05964e-05 | 87  0.10450 -2.52703e-02
 88  0.68336  6.84429e-03 | 89 -0.13163  1.40176e-02 | 90  0.11328  1.95011e-02
 91 -0.64187  1.52960e-03 |
91 variables; iteration 300; function evaluation 416; phase 4
Function value 2.1488599e+02; maximum gradient component mag 3.4260e+03
Var    Value     Gradient |Var    Value     Gradient |Var    Value     Gradient
  1  0.09052  1.40773e+00 |  2 -0.00703  1.29196e+00 |  3 -0.02354 -1.81996e-02
  4 -0.02120 -3.40049e-03 |  5 -0.01330 -1.63177e-02 |  6 -0.01169 -4.37448e-03
  7 -0.01265 -2.04710e-02 |  8  0.00045 -1.64817e-02 |  9  0.00643 -1.70410e-02
 10  0.00664 -2.46982e-02 | 11  0.00472 -3.07873e-02 | 12 -0.00835 -3.70937e-02
 13 -0.01203 -3.02441e-03 | 14 -0.01007 -1.81271e-02 | 15 -0.01486 -9.59643e-03
 16 -0.01214 -6.98282e-03 | 17 -0.00138 -1.53587e-02 | 18  0.00570 -2.25391e-02
 19  0.01077 -2.60939e-02 | 20  0.00209 -2.86252e-02 | 21 -0.01342 -2.33490e-02
 22 -0.01134 -3.07219e-02 | 23 -0.00846 -1.24555e-02 | 24 -0.02245 -1.76134e-02
 25 -0.00957 -1.93206e-02 | 26  0.02024 -5.92099e-02 | 27  0.00754 -2.82515e-02
 28  0.01392 -1.36928e-02 | 29  0.01400 -2.39504e-02 | 30  0.01089 -4.87692e-03
 31  0.03475  3.70606e-03 | 32  0.07065 -1.83976e-02 | 33  0.01314 -1.56485e-02
 34  0.02373 -1.87759e-03 | 35  0.02785 -8.38527e-03 | 36  0.02445 -3.59939e-03
 37  0.04316 -2.39844e-03 | 38  0.01177  1.05398e-02 | 39 -0.01030  6.76143e-03
 40 -0.00678  4.47411e-03 | 41 -0.01338  1.15510e-02 | 42 -0.00602 -1.17544e-02
 43  0.01244  1.38667e-02 | 44  0.00614  6.10458e-03 | 45  0.00886  1.48519e-02
 46  0.00583  1.91445e-02 | 47  0.00703  9.12834e-03 | 48  0.01710  2.18219e-02
 49 -0.01107  1.52973e-02 | 50 -0.02932  2.10135e-02 | 51 -0.02350  1.37247e-02
 52 -0.01243  1.57866e-02 | 53 -0.00538  1.66145e-02 | 54 -0.00660  2.21698e-02
 55 -0.01714  2.09090e-02 | 56 -0.03056  1.25309e-02 | 57 -0.02400  2.49239e-02
 58 -0.01441  1.83380e-02 | 59  0.00182  2.63554e-02 | 60 -0.01632  8.59983e-03
 61 -0.00853  2.35598e-02 | 62 -0.01447  1.67164e-02 | 63 -0.00548  2.62305e-02
 64 -0.01024  2.66215e-02 | 65 -0.01206 -1.80461e-03 | 66 -0.00255 -2.75612e-03
 67 -0.00002  3.49418e-03 | 68  0.00000  0.00000e+00 | 69 -0.72987  1.12000e+00
 70  0.25508  3.42603e+03 | 71  0.07297  3.42517e+03 | 72  0.19293  3.38029e-01
 73 -0.49588 -1.69177e-02 | 74  0.07592 -1.41744e-01 | 75  0.20850  3.27345e+00
 76  0.00524  6.02220e-01 | 77  0.16765  9.68621e-01 | 78 -0.00049 -2.41778e-06
 79 -0.16643  2.23743e-01 | 80  0.16580  3.77552e-02 | 81  0.05334 -2.39020e-02
 82  0.12912 -1.67884e-01 | 83  0.00000 -7.40712e-31 | 84  0.04026  8.19583e-03
 85 -0.05068  8.80151e-03 | 86 -0.22913  9.40557e-05 | 87  0.10451 -1.07844e-02
 88  0.68329  5.19350e-03 | 89 -0.13158  6.71529e-03 | 90  0.11332  1.10112e-02
 91 -0.64184  5.64251e-03 |
91 variables; iteration 320; function evaluation 442; phase 4
Function value 2.1488567e+02; maximum gradient component mag 3.9642e+02
Var    Value     Gradient |Var    Value     Gradient |Var    Value     Gradient
  1  0.09051  6.12917e-02 |  2 -0.00699  2.67091e-01 |  3 -0.02355 -2.16609e-03
  4 -0.02123 -2.31201e-03 |  5 -0.01332 -3.06714e-03 |  6 -0.01173 -3.34758e-03
  7 -0.01267 -3.60770e-03 |  8  0.00042 -4.37970e-03 |  9  0.00639 -4.96877e-03
 10  0.00661 -5.32738e-03 | 11  0.00469 -6.11679e-03 | 12 -0.00835 -6.27617e-03
 13 -0.01204  1.53321e-03 | 14 -0.01008  9.42846e-04 | 15 -0.01488  1.50782e-03
 16 -0.01216  2.31770e-03 | 17 -0.00140  1.82676e-03 | 18  0.00572  9.13837e-04
 19  0.01077 -5.55509e-04 | 20  0.00207 -1.63392e-03 | 21 -0.01343 -1.12877e-03
 22 -0.01132 -1.13553e-03 | 23 -0.00845 -1.55923e-03 | 24 -0.02247 -1.72196e-03
 25 -0.00959 -5.16447e-03 | 26  0.02028 -1.22890e-02 | 27  0.00756 -8.84072e-03
 28  0.01391 -6.66131e-03 | 29  0.01401 -4.90214e-03 | 30  0.01091 -2.70489e-03
 31  0.03475 -4.49193e-03 | 32  0.07067 -1.10597e-02 | 33  0.01315 -3.26508e-03
 34  0.02373 -4.21352e-03 | 35  0.02786 -4.60866e-03 | 36  0.02445 -3.76008e-03
 37  0.04317 -8.26618e-03 | 38  0.01175 -4.57609e-03 | 39 -0.01031 -3.14701e-03
 40 -0.00677 -5.09608e-03 | 41 -0.01338 -3.95458e-03 | 42 -0.00599 -4.20774e-03
 43  0.01241 -3.55763e-03 | 44  0.00616 -1.55267e-03 | 45  0.00887 -4.79046e-04
 46  0.00583  6.26875e-04 | 47  0.00705  9.54096e-04 | 48  0.01709  9.13512e-04
 49 -0.01107  2.78463e-03 | 50 -0.02933  4.02896e-03 | 51 -0.02349  3.77551e-03
 52 -0.01242  4.07355e-03 | 53 -0.00538  4.54315e-03 | 54 -0.00661  5.41924e-03
 55 -0.01714  5.48800e-03 | 56 -0.03055  5.85530e-03 | 57 -0.02401  6.17483e-03
 58 -0.01441  6.87773e-03 | 59  0.00180  7.61904e-03 | 60 -0.01632  7.39968e-03
 61 -0.00854  7.43939e-03 | 62 -0.01447  7.65417e-03 | 63 -0.00548  8.13604e-03
 64 -0.01025  8.37745e-03 | 65 -0.01205  7.56836e-03 | 66 -0.00255  1.04250e-05
 67 -0.00002  4.37253e-05 | 68  0.00000  0.00000e+00 | 69 -0.72946  2.36187e-01
 70  0.25521  3.96417e+02 | 71  0.07284  3.95046e+02 | 72  0.19295  7.45040e-02
 73 -0.53198 -4.56643e-03 | 74  0.07596 -3.21377e-02 | 75  0.20957  7.63961e-01
 76 -0.00404  1.12742e-01 | 77  0.16795  2.11202e-01 | 78 -0.13528 -6.77802e-04
 79 -0.16652  3.60329e-02 | 80  0.16583 -6.47188e-03 | 81  0.05330 -1.54080e-03
 82  0.12912  6.86746e-03 | 83  0.00000 -6.27165e-31 | 84  0.04027 -1.40896e-03
 85 -0.05065 -2.75616e-03 | 86 -0.23119  4.12451e-06 | 87  0.10452  2.52953e-03
 88  0.68319 -3.43422e-04 | 89 -0.13154 -1.33862e-03 | 90  0.11335 -1.62283e-03
 91 -0.64183  8.07843e-04 |
91 variables; iteration 340; function evaluation 466; phase 4
Function value 2.1488554e+02; maximum gradient component mag 1.8365e+03
Var    Value     Gradient |Var    Value     Gradient |Var    Value     Gradient
  1  0.09050  1.69720e+00 |  2 -0.00696  1.52738e+00 |  3 -0.02356 -3.73238e-03
  4 -0.02125 -7.85496e-03 |  5 -0.01334 -7.65786e-03 |  6 -0.01175 -9.16848e-03
  7 -0.01269 -7.73375e-03 |  8  0.00040 -1.11613e-02 |  9  0.00637 -1.29696e-02
 10  0.00659 -1.27797e-02 | 11  0.00467 -1.45762e-02 | 12 -0.00835 -1.26536e-02
 13 -0.01205  4.78822e-03 | 14 -0.01008  6.19305e-03 | 15 -0.01490  7.48552e-03
 16 -0.01217  7.20545e-03 | 17 -0.00141  8.33336e-03 | 18  0.00572  7.12439e-03
 19  0.01077  1.95552e-03 | 20  0.00206 -7.55065e-04 | 21 -0.01344  1.41075e-03
 22 -0.01130  1.35775e-03 | 23 -0.00845 -3.62602e-03 | 24 -0.02249 -1.96257e-03
 25 -0.00960 -1.43066e-02 | 26  0.02030 -3.03150e-02 | 27  0.00758 -2.59629e-02
 28  0.01391 -2.08256e-02 | 29  0.01401 -1.17913e-02 | 30  0.01093 -7.95448e-03
 31  0.03476 -1.63642e-02 | 32  0.07068 -3.34490e-02 | 33  0.01316 -7.19958e-03
 34  0.02372 -1.32164e-02 | 35  0.02787 -1.29260e-02 | 36  0.02445 -1.06678e-02
 37  0.04317 -2.44005e-02 | 38  0.01174 -1.53215e-02 | 39 -0.01032 -1.03851e-02
 40 -0.00677 -1.58665e-02 | 41 -0.01337 -1.55954e-02 | 42 -0.00598 -1.00130e-02
 43  0.01240 -1.55132e-02 | 44  0.00617 -4.98532e-03 | 45  0.00888 -3.32437e-03
 46  0.00583 -1.60272e-03 | 47  0.00706  2.62067e-03 | 48  0.01709 -7.67983e-04
 49 -0.01108  6.52371e-03 | 50 -0.02933  8.82520e-03 | 51 -0.02349  1.07038e-02
 52 -0.01242  9.27286e-03 | 53 -0.00539  1.26321e-02 | 54 -0.00662  1.24755e-02
 55 -0.01715  1.46061e-02 | 56 -0.03054  1.66227e-02 | 57 -0.02400  1.56987e-02
 58 -0.01441  1.91502e-02 | 59  0.00179  1.97608e-02 | 60 -0.01632  2.26315e-02
 61 -0.00854  2.07468e-02 | 62 -0.01447  2.13991e-02 | 63 -0.00547  2.14442e-02
 64 -0.01025  2.19553e-02 | 65 -0.01206  2.58208e-02 | 66 -0.00255  4.05236e-04
 67 -0.00002 -5.24516e-04 | 68  0.00000  0.00000e+00 | 69 -0.72921  1.35178e+00
 70  0.25535  1.83652e+03 | 71  0.07270  1.82108e+03 | 72  0.19297  1.99955e-01
 73 -0.49119 -1.07631e-02 | 74  0.07598 -8.73063e-02 | 75  0.21025  2.81887e+00
 76 -0.01174  2.88900e-01 | 77  0.16814  1.19797e+00 | 78 -0.26506 -1.38926e-03
 79 -0.16654  1.80549e-01 | 80  0.16586 -1.00779e-02 | 81  0.05324  4.95264e-03
 82  0.12913  4.45216e-02 | 83  0.00000 -5.93608e-31 | 84  0.04028 -1.84681e-03
 85 -0.05063 -1.00970e-02 | 86 -0.23161 -1.37475e-05 | 87  0.10452  8.92809e-03
 88  0.68315 -1.90174e-03 | 89 -0.13152 -5.57267e-03 | 90  0.11337 -7.35552e-03
 91 -0.64181  7.81731e-04 |
91 variables; iteration 360; function evaluation 489; phase 4
Function value 2.1488535e+02; maximum gradient component mag -5.1762e+01
Var    Value     Gradient |Var    Value     Gradient |Var    Value     Gradient
  1  0.09049 -1.88238e+00 |  2 -0.00693 -8.79056e-01 |  3 -0.02358 -5.35688e-04
  4 -0.02126 -1.38697e-03 |  5 -0.01336 -1.04998e-03 |  6 -0.01177 -1.24458e-03
  7 -0.01271 -7.23392e-04 |  8  0.00037 -1.32243e-03 |  9  0.00634 -1.54198e-03
 10  0.00656 -1.31532e-03 | 11  0.00465 -1.66480e-03 | 12 -0.00836 -1.21026e-03
 13 -0.01205 -2.51821e-05 | 14 -0.01009  5.48385e-04 | 15 -0.01491  6.27326e-04
 16 -0.01219  4.03268e-04 | 17 -0.00142  1.05679e-03 | 18  0.00572  1.10609e-03
 19  0.01077  2.04301e-04 | 20  0.00204 -2.89048e-04 | 21 -0.01344  5.01468e-04
 22 -0.01130  8.97964e-04 | 23 -0.00844  2.41265e-05 | 24 -0.02251  6.18897e-04
 25 -0.00961 -7.47861e-04 | 26  0.02032 -1.20448e-03 | 27  0.00760 -1.20206e-03
 28  0.01391 -1.16183e-03 | 29  0.01401 -1.51985e-04 | 30  0.01094 -9.06918e-05
 31  0.03478 -1.27753e-03 | 32  0.07070 -3.07898e-03 | 33  0.01316 -6.36508e-04
 34  0.02373 -1.35496e-03 | 35  0.02787 -1.09478e-03 | 36  0.02445 -7.19850e-04
 37  0.04317 -2.62483e-03 | 38  0.01173 -2.75208e-03 | 39 -0.01032 -2.35480e-03
 40 -0.00676 -2.67161e-03 | 41 -0.01335 -2.04131e-03 | 42 -0.00597  1.19987e-05
 43  0.01239 -1.34407e-03 | 44  0.00618 -4.33082e-04 | 45  0.00889 -8.70705e-04
 46  0.00585 -8.93548e-04 | 47  0.00707 -4.13750e-05 | 48  0.01709 -1.11944e-03
 49 -0.01108 -1.10039e-04 | 50 -0.02933  4.10168e-04 | 51 -0.02350  1.03169e-03
 52 -0.01242  3.18346e-04 | 53 -0.00539  7.57702e-04 | 54 -0.00663  3.92206e-04
 55 -0.01715  1.02387e-03 | 56 -0.03054  1.54323e-03 | 57 -0.02400  1.20679e-03
 58 -0.01442  1.98223e-03 | 59  0.00179  1.93052e-03 | 60 -0.01633  2.45998e-03
 61 -0.00855  1.83620e-03 | 62 -0.01447  1.83543e-03 | 63 -0.00547  1.90888e-03
 64 -0.01026  2.18515e-03 | 65 -0.01207  3.17886e-03 | 66 -0.00256  1.17295e-04
 67 -0.00002 -1.30623e-04 | 68  0.00000  0.00000e+00 | 69 -0.72901 -7.72798e-01
 70  0.25558 -5.17621e+01 | 71  0.07247 -5.06364e+01 | 72  0.19301  8.15220e-03
 73 -0.33727 -7.00504e-04 | 74  0.07600 -5.06658e-03 | 75  0.21077 -9.31147e-01
 76 -0.01924 -9.60448e-02 | 77  0.16829 -6.58804e-01 | 78 -0.39672 -2.25792e-03
 79 -0.16654 -1.12541e-01 | 80  0.16591  7.66872e-04 | 81  0.05317  1.87554e-03
 82  0.12914  5.66933e-03 | 83  0.00000 -6.08380e-31 | 84  0.04030  2.14480e-04
 85 -0.05062 -1.15453e-03 | 86 -0.23133 -2.37268e-06 | 87  0.10453  7.42529e-04
 88  0.68310 -3.11637e-04 | 89 -0.13149 -8.07126e-04 | 90  0.11341 -1.17153e-03
 91 -0.64179 -2.73991e-04 |
91 variables; iteration 380; function evaluation 511; phase 4
Function value 2.1488466e+02; maximum gradient component mag -1.2422e+01
Var    Value     Gradient |Var    Value     Gradient |Var    Value     Gradient
  1  0.09048  5.53886e+00 |  2 -0.00697  2.70166e+00 |  3 -0.02359  3.85215e-03
  4 -0.02129  5.51932e-04 |  5 -0.01338  3.55156e-03 |  6 -0.01180  2.63229e-03
  7 -0.01274  5.24847e-03 |  8  0.00033  4.18473e-03 |  9  0.00630  4.34327e-03
 10  0.00652  6.41221e-03 | 11  0.00463  7.42867e-03 | 12 -0.00836  9.36973e-03
 13 -0.01206  1.49749e-03 | 14 -0.01011  4.96220e-03 | 15 -0.01493  4.28547e-03
 16 -0.01220  1.78552e-03 | 17 -0.00144  4.18530e-03 | 18  0.00570  5.51188e-03
 19  0.01076  5.72490e-03 | 20  0.00205  6.57424e-03 | 21 -0.01344  6.67625e-03
 22 -0.01131  5.17167e-03 | 23 -0.00846  8.15364e-04 | 24 -0.02252  3.59920e-03
 25 -0.00961  2.27331e-03 | 26  0.02033  7.27604e-03 | 27  0.00761  6.57359e-04
 28  0.01392 -1.06652e-03 | 29  0.01403  2.92484e-03 | 30  0.01096  2.02413e-04
 31  0.03479 -2.35099e-03 | 32  0.07073  9.88771e-04 | 33  0.01317  2.24832e-03
 34  0.02373 -4.66500e-04 | 35  0.02787  6.04957e-04 | 36  0.02444  5.57243e-04
 37  0.04316  1.94577e-03 | 38  0.01174 -1.03709e-04 | 39 -0.01031  3.10803e-04
 40 -0.00675  1.82862e-04 | 41 -0.01335 -4.26971e-03 | 42 -0.00596  1.36782e-03
 43  0.01239 -5.95114e-03 | 44  0.00616 -1.03206e-03 | 45  0.00891 -1.58871e-03
 46  0.00588 -2.75351e-03 | 47  0.00709  1.61070e-04 | 48  0.01709 -3.83696e-03
 49 -0.01109 -2.62389e-03 | 50 -0.02934 -3.83198e-03 | 51 -0.02349 -9.76884e-04
 52 -0.01242 -3.46811e-03 | 53 -0.00540 -1.83265e-03 | 54 -0.00665 -4.95023e-03
 55 -0.01716 -3.16361e-03 | 56 -0.03053 -2.10439e-03 | 57 -0.02399 -4.42141e-03
 58 -0.01443 -2.90671e-03 | 59  0.00177 -4.29330e-03 | 60 -0.01634 -1.07166e-03
 61 -0.00855 -3.16115e-03 | 62 -0.01447 -3.31447e-03 | 63 -0.00546 -4.80215e-03
 64 -0.01026 -4.81282e-03 | 65 -0.01207  1.60063e-03 | 66 -0.00256  3.76404e-04
 67 -0.00002 -7.14004e-04 | 68  0.00000  0.00000e+00 | 69 -0.72907  2.38628e+00
 70  0.25634 -1.24221e+01 | 71  0.07170 -1.19463e+01 | 72  0.19317 -4.00688e-02
 73 -0.13688  2.39214e-03 | 74  0.07596  1.40149e-02 | 75  0.21039  4.23952e+00
 76 -0.01357  4.25764e-01 | 77  0.16816  2.06212e+00 | 78 -0.21513 -1.10402e-03
 79 -0.16653  3.13294e-01 | 80  0.16599  8.66284e-03 | 81  0.05304  9.71947e-03
 82  0.12915  2.19067e-02 | 83  0.00000 -5.66861e-31 | 84  0.04032  2.39789e-03
 85 -0.05059 -1.64322e-03 | 86 -0.23178 -2.19376e-05 | 87  0.10454  9.12609e-04
 88  0.68301 -9.34925e-04 | 89 -0.13143 -1.43100e-03 | 90  0.11346 -2.25177e-03
 91 -0.64176 -1.98311e-03 |
91 variables; iteration 400; function evaluation 535; phase 4
Function value 2.1488458e+02; maximum gradient component mag -1.2650e+01
Var    Value     Gradient |Var    Value     Gradient |Var    Value     Gradient
  1  0.09048  2.40845e-01 |  2 -0.00698 -4.84944e-02 |  3 -0.02360  1.62932e-03
  4 -0.02128  1.76625e-03 |  5 -0.01338  2.41104e-03 |  6 -0.01180  2.57082e-03
  7 -0.01275  2.88659e-03 |  8  0.00033  3.38315e-03 |  9  0.00629  3.80928e-03
 10  0.00651  4.27217e-03 | 11  0.00463  4.82503e-03 | 12 -0.00836  4.82952e-03
 13 -0.01206 -8.92089e-04 | 14 -0.01012 -3.60762e-04 | 15 -0.01493 -7.47666e-04
 16 -0.01220 -1.27419e-03 | 17 -0.00144 -8.95749e-04 | 18  0.00569 -3.32827e-04
 19  0.01076  7.84802e-04 | 20  0.00205  1.53844e-03 | 21 -0.01344  1.19726e-03
 22 -0.01131  9.97156e-04 | 23 -0.00847  1.13674e-03 | 24 -0.02252  1.43434e-03
 25 -0.00960  3.91588e-03 | 26  0.02033  8.89571e-03 | 27  0.00761  6.39948e-03
 28  0.01392  4.74361e-03 | 29  0.01404  3.56408e-03 | 30  0.01096  2.05133e-03
 31  0.03479  3.32997e-03 | 32  0.07074  7.85140e-03 | 33  0.01317  2.11040e-03
 34  0.02373  2.87771e-03 | 35  0.02787  3.09730e-03 | 36  0.02443  2.62588e-03
 37  0.04316  5.88759e-03 | 38  0.01175  3.13551e-03 | 39 -0.01030  2.07209e-03
 40 -0.00674  3.28506e-03 | 41 -0.01335  2.44424e-03 | 42 -0.00596  2.75324e-03
 43  0.01240  2.26687e-03 | 44  0.00615  8.96595e-04 | 45  0.00891  2.64316e-04
 46  0.00589 -4.23003e-04 | 47  0.00709 -6.81066e-04 | 48  0.01709 -9.54765e-04
 49 -0.01109 -2.26896e-03 | 50 -0.02934 -2.92876e-03 | 51 -0.02350 -2.66793e-03
 52 -0.01242 -3.02094e-03 | 53 -0.00540 -3.41229e-03 | 54 -0.00665 -4.10718e-03
 55 -0.01716 -4.09827e-03 | 56 -0.03053 -4.26404e-03 | 57 -0.02399 -4.59690e-03
 58 -0.01443 -4.92694e-03 | 59  0.00177 -5.37687e-03 | 60 -0.01635 -5.29532e-03
 61 -0.00855 -5.43690e-03 | 62 -0.01447 -5.62669e-03 | 63 -0.00546 -5.91092e-03
 64 -0.01026 -5.93464e-03 | 65 -0.01208 -5.35314e-03 | 66 -0.00256  8.68530e-06
 67 -0.00002 -4.57863e-05 | 68  0.00000  0.00000e+00 | 69 -0.72919 -4.32025e-02
 70  0.25653 -1.26497e+01 | 71  0.07152 -1.21848e+01 | 72  0.19321 -5.75688e-02
 73 -0.11258  3.73037e-03 | 74  0.07594  2.28428e-02 | 75  0.21006  2.46393e-02
 76 -0.00936  1.07425e-02 | 77  0.16806 -4.05343e-02 | 78 -0.11763 -5.87170e-04
 79 -0.16649 -7.86275e-03 | 80  0.16600  4.59700e-03 | 81  0.05302  1.32831e-03
 82  0.12915 -4.56981e-03 | 83  0.00000 -6.09497e-31 | 84  0.04032  9.52718e-04
 85 -0.05058  1.89547e-03 | 86 -0.23128 -1.22922e-06 | 87  0.10454 -1.84963e-03
 88  0.68300  1.92127e-04 | 89 -0.13143  8.65469e-04 | 90  0.11347  1.08147e-03
 91 -0.64175 -6.95863e-04 |
91 variables; iteration 420; function evaluation 556; phase 4
Function value 2.1488458e+02; maximum gradient component mag -9.7295e+00
Var    Value     Gradient |Var    Value     Gradient |Var    Value     Gradient
  1  0.09048 -3.81340e-01 |  2 -0.00698 -3.57339e-01 |  3 -0.02360  1.01140e-03
  4 -0.02129  2.12630e-03 |  5 -0.01339  2.08281e-03 |  6 -0.01180  2.05803e-03
  7 -0.01275  1.89222e-03 |  8  0.00032  2.95691e-03 |  9  0.00628  3.35295e-03
 10  0.00651  3.24919e-03 | 11  0.00462  3.68850e-03 | 12 -0.00836  3.09956e-03
 13 -0.01206 -7.08782e-04 | 14 -0.01012 -1.14784e-03 | 15 -0.01493 -1.76607e-03
 16 -0.01221 -1.17287e-03 | 17 -0.00144 -1.70092e-03 | 18  0.00569 -1.43156e-03
 19  0.01076 -2.31281e-05 | 20  0.00205  7.18974e-04 | 21 -0.01344 -3.66846e-04
 22 -0.01131  1.59164e-04 | 23 -0.00847  1.34401e-03 | 24 -0.02252  4.57865e-04
 25 -0.00960  3.45100e-03 | 26  0.02033  7.20468e-03 | 27  0.00761  6.10609e-03
 28  0.01393  4.84210e-03 | 29  0.01404  2.66327e-03 | 30  0.01096  1.54378e-03
 31  0.03479  3.56451e-03 | 32  0.07074  7.86914e-03 | 33  0.01317  1.86750e-03
 34  0.02373  2.93295e-03 | 35  0.02787  3.05654e-03 | 36  0.02443  2.42244e-03
 37  0.04316  5.56715e-03 | 38  0.01175  3.75358e-03 | 39 -0.01030  2.67522e-03
 40 -0.00674  3.79112e-03 | 41 -0.01335  3.99510e-03 | 42 -0.00596  1.91509e-03
 43  0.01240  3.71817e-03 | 44  0.00615  8.80036e-04 | 45  0.00891  5.34607e-04
 46  0.00589  1.20277e-04 | 47  0.00709 -1.05484e-03 | 48  0.01709  4.01778e-04
 49 -0.01109 -1.37604e-03 | 50 -0.02934 -2.16017e-03 | 51 -0.02350 -2.95672e-03
 52 -0.01242 -1.99946e-03 | 53 -0.00540 -3.16592e-03 | 54 -0.00665 -2.67356e-03
 55 -0.01716 -3.59402e-03 | 56 -0.03053 -3.84099e-03 | 57 -0.02399 -3.67098e-03
 58 -0.01444 -4.63793e-03 | 59  0.00177 -4.93328e-03 | 60 -0.01635 -5.48670e-03
 61 -0.00855 -5.03077e-03 | 62 -0.01447 -4.92680e-03 | 63 -0.00546 -5.24419e-03
 64 -0.01026 -5.44588e-03 | 65 -0.01208 -6.37603e-03 | 66 -0.00256 -1.10722e-04
 67 -0.00002  1.10121e-04 | 68  0.00000  0.00000e+00 | 69 -0.72918 -3.19063e-01
 70  0.25660 -9.72953e+00 | 71  0.07145 -9.39266e+00 | 72  0.19322 -4.68934e-02
 73 -0.10440  3.16449e-03 | 74  0.07594  2.06631e-02 | 75  0.21007 -2.69993e-01
 76 -0.00949 -2.86738e-02 | 77  0.16806 -2.78629e-01 | 78 -0.11063 -5.51486e-04
 79 -0.16648 -3.74968e-02 | 80  0.16601  2.93733e-03 | 81  0.05301 -7.30345e-04
 82  0.12915 -1.05171e-02 | 83  0.00000 -6.19872e-31 | 84  0.04033  2.34240e-04
 85 -0.05058  2.46052e-03 | 86 -0.23118  3.00155e-06 | 87  0.10454 -1.93841e-03
 88  0.68299  4.97446e-04 | 89 -0.13142  1.50069e-03 | 90  0.11348  1.45263e-03
 91 -0.64174  3.07973e-04 |
91 variables; iteration 440; function evaluation 577; phase 4
Function value 2.1488452e+02; maximum gradient component mag -2.2981e+00
Var    Value     Gradient |Var    Value     Gradient |Var    Value     Gradient
  1  0.09047  8.40118e-01 |  2 -0.00696  3.77229e-01 |  3 -0.02360  4.86943e-05
  4 -0.02129  1.06107e-03 |  5 -0.01339  5.75048e-04 |  6 -0.01181  8.63749e-04
  7 -0.01276  2.45964e-04 |  8  0.00031  8.13316e-04 |  9  0.00628  9.90757e-04
 10  0.00650  7.44257e-04 | 11  0.00462  8.77477e-04 | 12 -0.00837  1.81617e-04
 13 -0.01206  2.72621e-05 | 14 -0.01012 -7.39182e-04 | 15 -0.01494 -7.98618e-04
 16 -0.01221 -2.54994e-04 | 17 -0.00145 -9.31411e-04 | 18  0.00570 -1.23017e-03
 19  0.01076 -5.26221e-04 | 20  0.00204 -2.39889e-04 | 21 -0.01345 -8.43968e-04
 22 -0.01131 -1.07975e-03 | 23 -0.00846 -8.87841e-05 | 24 -0.02253 -6.06593e-04
 25 -0.00961  5.20059e-04 | 26  0.02034  2.75046e-04 | 27  0.00762  9.84361e-04
 28  0.01392  1.07260e-03 | 29  0.01403 -1.16818e-04 | 30  0.01097  1.91119e-04
 31  0.03480  1.39910e-03 | 32  0.07075  2.24928e-03 | 33  0.01317  1.44643e-05
 34  0.02373  9.37800e-04 | 35  0.02787  6.30650e-04 | 36  0.02443  4.98657e-04
 37  0.04316  1.89769e-03 | 38  0.01174  2.03300e-03 | 39 -0.01031  1.53937e-03
 40 -0.00674  1.64948e-03 | 41 -0.01334  1.86837e-03 | 42 -0.00596 -2.50619e-04
 43  0.01239  1.61766e-03 | 44  0.00616  2.98349e-04 | 45  0.00891  7.55562e-04
 46  0.00589  9.63916e-04 | 47  0.00709 -2.58004e-05 | 48  0.01709  1.07925e-03
 49 -0.01109  7.32235e-05 | 50 -0.02934  6.74015e-05 | 51 -0.02350 -6.16629e-04
 52 -0.01242  5.72059e-05 | 53 -0.00541 -6.00668e-04 | 54 -0.00665  1.79759e-05
 55 -0.01716 -6.63226e-04 | 56 -0.03053 -1.05030e-03 | 57 -0.02399 -5.80854e-04
 58 -0.01444 -1.13351e-03 | 59  0.00177 -9.59192e-04 | 60 -0.01635 -1.76349e-03
 61 -0.00855 -1.18874e-03 | 62 -0.01447 -1.23788e-03 | 63 -0.00546 -1.10899e-03
 64 -0.01026 -1.13483e-03 | 65 -0.01208 -2.60927e-03 | 66 -0.00256 -9.89061e-05
 67 -0.00002  1.79994e-04 | 68  0.00000  0.00000e+00 | 69 -0.72905  3.28568e-01
 70  0.25657 -2.29806e+00 | 71  0.07148 -2.25744e+00 | 72  0.19321 -5.24916e-03
 73 -0.10866  2.98801e-04 | 74  0.07596  2.79078e-03 | 75  0.21047  7.88222e-01
 76 -0.01463  7.16242e-02 | 77  0.16817  2.84513e-01 | 78  0.00036  1.76448e-06
 79 -0.16647  5.41089e-02 | 80  0.16602 -1.17496e-04 | 81  0.05299 -2.07012e-03
 82  0.12916 -8.87809e-03 | 83  0.00000 -6.26594e-31 | 84  0.04033 -1.71326e-04
 85 -0.05057  1.07732e-03 | 86 -0.23111  5.60184e-06 | 87  0.10454 -8.64933e-04
 88  0.68298  3.41609e-04 | 89 -0.13141  7.46598e-04 | 90  0.11348  9.75060e-04
 91 -0.64174  3.86461e-04 |
91 variables; iteration 460; function evaluation 598; phase 4
Function value 2.1488452e+02; maximum gradient component mag -1.1594e+00
Var    Value     Gradient |Var    Value     Gradient |Var    Value     Gradient
  1  0.09047  2.28526e-03 |  2 -0.00696  5.62306e-03 |  3 -0.02360 -4.58940e-05
  4 -0.02129 -4.24213e-05 |  5 -0.01339 -6.26249e-05 |  6 -0.01181 -6.18099e-05
  7 -0.01276 -7.53861e-05 |  8  0.00031 -8.65063e-05 |  9  0.00628 -9.66884e-05
 10  0.00650 -1.08113e-04 | 11  0.00462 -1.22968e-04 | 12 -0.00836 -1.31387e-04
 13 -0.01206  2.68407e-05 | 14 -0.01012  7.18583e-06 | 15 -0.01494  1.87416e-05
 16 -0.01221  3.64885e-05 | 17 -0.00145  2.34035e-05 | 18  0.00570  2.58106e-06
 19  0.01076 -2.40081e-05 | 20  0.00204 -4.37435e-05 | 21 -0.01345 -3.51751e-05
 22 -0.01131 -3.72735e-05 | 23 -0.00846 -3.64731e-05 | 24 -0.02253 -4.12297e-05
 25 -0.00961 -1.04441e-04 | 26  0.02034 -2.49941e-04 | 27  0.00762 -1.72639e-04
 28  0.01392 -1.25839e-04 | 29  0.01403 -1.00656e-04 | 30  0.01097 -5.19836e-05
 31  0.03480 -7.85430e-05 | 32  0.07075 -2.05936e-04 | 33  0.01317 -6.58321e-05
 34  0.02373 -7.63091e-05 | 35  0.02787 -8.64723e-05 | 36  0.02443 -7.06780e-05
 37  0.04316 -1.49456e-04 | 38  0.01174 -7.50672e-05 | 39 -0.01031 -5.21581e-05
 40 -0.00674 -8.80932e-05 | 41 -0.01334 -6.09458e-05 | 42 -0.00596 -8.06562e-05
 43  0.01239 -5.44209e-05 | 44  0.00616 -2.42354e-05 | 45  0.00892 -1.30331e-06
 46  0.00589  2.18159e-05 | 47  0.00709  2.17221e-05 | 48  0.01709  3.06513e-05
 49 -0.01109  5.83764e-05 | 50 -0.02934  8.40402e-05 | 51 -0.02350  7.50451e-05
 52 -0.01242  8.40540e-05 | 53 -0.00541  8.96118e-05 | 54 -0.00665  1.11384e-04
 55 -0.01716  1.08355e-04 | 56 -0.03053  1.10647e-04 | 57 -0.02399  1.23606e-04
 58 -0.01444  1.33423e-04 | 59  0.00177  1.48689e-04 | 60 -0.01635  1.37936e-04
 61 -0.00855  1.43852e-04 | 62 -0.01447  1.46134e-04 | 63 -0.00546  1.58046e-04
 64 -0.01026  1.62423e-04 | 65 -0.01208  1.33608e-04 | 66 -0.00256 -4.64528e-07
 67 -0.00002  2.82291e-06 | 68  0.00000  0.00000e+00 | 69 -0.72903  4.92881e-03
 70  0.25657 -1.15074e+00 | 71  0.07147 -1.15945e+00 | 72  0.19322  1.53038e-03
 73 -0.10822 -1.04922e-04 | 74  0.07596 -6.31239e-04 | 75  0.21049  1.23398e-02
 76 -0.01493  1.14515e-03 | 77  0.16818  4.44379e-03 | 78 -0.00005 -2.36697e-07
 79 -0.16648  8.24332e-04 | 80  0.16602 -1.12464e-04 | 81  0.05299 -5.04780e-05
 82  0.12916  1.80933e-05 | 83  0.00000 -6.16254e-31 | 84  0.04033 -2.28089e-05
 85 -0.05057 -4.47990e-05 | 86 -0.23124  1.13963e-07 | 87  0.10454  4.02155e-05
 88  0.68298 -2.88891e-06 | 89 -0.13141 -1.95835e-05 | 90  0.11348 -2.47488e-05
 91 -0.64174  1.93097e-05 |
91 variables; iteration 480; function evaluation 619; phase 4
Function value 2.1488450e+02; maximum gradient component mag -4.9078e+00
Var    Value     Gradient |Var    Value     Gradient |Var    Value     Gradient
  1  0.09048  2.85237e-01 |  2 -0.00695 -9.77433e-03 |  3 -0.02360  1.12768e-03
  4 -0.02128  1.87664e-03 |  5 -0.01338  2.02339e-03 |  6 -0.01180  2.33201e-03
  7 -0.01275  2.15432e-03 |  8  0.00033  2.87779e-03 |  9  0.00629  3.29057e-03
 10  0.00651  3.42925e-03 | 11  0.00463  3.87992e-03 | 12 -0.00836  3.50588e-03
 13 -0.01206 -7.75675e-04 | 14 -0.01011 -8.81147e-04 | 15 -0.01493 -1.21037e-03
 16 -0.01220 -1.26183e-03 | 17 -0.00144 -1.38771e-03 | 18  0.00570 -1.11073e-03
 19  0.01076  8.59499e-05 | 20  0.00205  7.68990e-04 | 21 -0.01345  2.27244e-04
 22 -0.01131  4.34101e-05 | 23 -0.00846  8.47073e-04 | 24 -0.02252  6.74755e-04
 25 -0.00961  3.25977e-03 | 26  0.02033  6.90569e-03 | 27  0.00762  5.55669e-03
 28  0.01392  4.36749e-03 | 29  0.01403  2.66049e-03 | 30  0.01096  1.70396e-03
 31  0.03479  3.40380e-03 | 32  0.07074  7.29417e-03 | 33  0.01317  1.62609e-03
 34  0.02373  2.79315e-03 | 35  0.02787  2.76934e-03 | 36  0.02444  2.29720e-03
 37  0.04316  5.47498e-03 | 38  0.01174  3.44705e-03 | 39 -0.01031  2.36819e-03
 40 -0.00675  3.44151e-03 | 41 -0.01334  3.05904e-03 | 42 -0.00596  2.03081e-03
 43  0.01239  2.87273e-03 | 44  0.00616  9.22283e-04 | 45  0.00891  6.36305e-04
 46  0.00588  2.16837e-04 | 47  0.00709 -5.71508e-04 | 48  0.01709 -4.09312e-05
 49 -0.01109 -1.61304e-03 | 50 -0.02934 -2.14118e-03 | 51 -0.02350 -2.38454e-03
 52 -0.01242 -2.22522e-03 | 53 -0.00540 -2.89455e-03 | 54 -0.00665 -3.02831e-03
 55 -0.01716 -3.41804e-03 | 56 -0.03053 -3.78433e-03 | 57 -0.02399 -3.72050e-03
 58 -0.01443 -4.34425e-03 | 59  0.00177 -4.56279e-03 | 60 -0.01635 -5.03811e-03
 61 -0.00855 -4.73495e-03 | 62 -0.01447 -4.91539e-03 | 63 -0.00546 -5.00398e-03
 64 -0.01026 -5.07251e-03 | 65 -0.01208 -5.59893e-03 | 66 -0.00256 -6.62475e-05
 67 -0.00002  7.85836e-05 | 68  0.00000  0.00000e+00 | 69 -0.72906 -1.07887e-02
 70  0.25636 -4.90780e+00 | 71  0.07172 -4.72565e+00 | 72  0.19317 -4.55394e-02
 73 -0.05804  3.05378e-03 | 74  0.07597  1.92386e-02 | 75  0.21048  4.29631e-02
 76 -0.01481  1.97506e-03 | 77  0.16818 -1.27994e-02 | 78 -0.00101 -5.00449e-06
 79 -0.16648  1.39647e-03 | 80  0.16599  3.47004e-03 | 81  0.05303 -2.33224e-04
 82  0.12915 -8.90094e-03 | 83  0.00000 -6.17615e-31 | 84  0.04032  6.38248e-04
 85 -0.05058  2.09799e-03 | 86 -0.23119  2.69445e-06 | 87  0.10454 -1.92153e-03
 88  0.68301  3.69477e-04 | 89 -0.13143  1.11731e-03 | 90  0.11346  1.41983e-03
 91 -0.64175 -2.63329e-04 |
91 variables; iteration 500; function evaluation 640; phase 4
Function value 2.1488449e+02; maximum gradient component mag -1.1836e+00
Var    Value     Gradient |Var    Value     Gradient |Var    Value     Gradient
  1  0.09048  8.10545e-01 |  2 -0.00696  3.54199e-01 |  3 -0.02360  6.10106e-04
  4 -0.02128  7.34691e-04 |  5 -0.01338  8.99953e-04 |  6 -0.01180  9.69346e-04
  7 -0.01275  9.93593e-04 |  8  0.00033  1.19518e-03 |  9  0.00629  1.34595e-03
 10  0.00651  1.48820e-03 | 11  0.00463  1.71586e-03 | 12 -0.00836  1.64105e-03
 13 -0.01206 -8.31167e-05 | 14 -0.01011  1.46336e-05 | 15 -0.01493 -1.12001e-04
 16 -0.01220 -2.41701e-04 | 17 -0.00144 -2.31659e-04 | 18  0.00570 -1.23132e-04
 19  0.01076  3.47365e-04 | 20  0.00205  6.57905e-04 | 21 -0.01345  3.99404e-04
 22 -0.01131  1.50250e-04 | 23 -0.00846  2.08499e-04 | 24 -0.02252  2.91621e-04
 25 -0.00961  1.04617e-03 | 26  0.02033  2.26343e-03 | 27  0.00762  1.54704e-03
 28  0.01392  1.15668e-03 | 29  0.01403  8.30900e-04 | 30  0.01096  4.47418e-04
 31  0.03479  9.12350e-04 | 32  0.07074  2.32849e-03 | 33  0.01317  5.95666e-04
 34  0.02373  8.60383e-04 | 35  0.02787  8.64494e-04 | 36  0.02444  7.12389e-04
 37  0.04316  1.92054e-03 | 38  0.01174  1.32326e-03 | 39 -0.01031  1.00614e-03
 40 -0.00675  1.27465e-03 | 41 -0.01335  7.97841e-04 | 42 -0.00596  5.37547e-04
 43  0.01239  5.30041e-04 | 44  0.00616  2.21472e-04 | 45  0.00891  2.26825e-04
 46  0.00588  7.05713e-05 | 47  0.00709 -9.56038e-05 | 48  0.01709 -5.93119e-05
 49 -0.01109 -5.54584e-04 | 50 -0.02934 -8.01233e-04 | 51 -0.02350 -7.79512e-04
 52 -0.01242 -7.99967e-04 | 53 -0.00540 -9.44848e-04 | 54 -0.00665 -1.10824e-03
 55 -0.01716 -1.20038e-03 | 56 -0.03053 -1.31289e-03 | 57 -0.02399 -1.38504e-03
 58 -0.01443 -1.54199e-03 | 59  0.00177 -1.66738e-03 | 60 -0.01634 -1.68783e-03
 61 -0.00855 -1.65021e-03 | 62 -0.01447 -1.71321e-03 | 63 -0.00546 -1.82880e-03
 64 -0.01026 -1.86682e-03 | 65 -0.01208 -1.78844e-03 | 66 -0.00256 -7.18333e-06
 67 -0.00002  1.77886e-07 | 68  0.00000  0.00000e+00 | 69 -0.72907  3.11225e-01
 70  0.25637 -1.18358e+00 | 71  0.07173 -1.13481e+00 | 72  0.19317 -1.50315e-02
 73 -0.03314  9.58051e-04 | 74  0.07597  6.10135e-03 | 75  0.21044  5.96187e-01
 76 -0.01430  5.75000e-02 | 77  0.16817  2.68020e-01 | 78  0.00010  4.71979e-07
 79 -0.16648  4.43193e-02 | 80  0.16599  1.37319e-03 | 81  0.05303  2.54696e-04
 82  0.12915 -1.95705e-03 | 83  0.00000 -6.15141e-31 | 84  0.04032  2.87342e-04
 85 -0.05058  5.99965e-04 | 86 -0.23125 -5.60271e-08 | 87  0.10454 -5.59352e-04
 88  0.68301  8.20393e-05 | 89 -0.13143  3.08390e-04 | 90  0.11346  4.13966e-04
 91 -0.64175 -1.63406e-04 |
91 variables; iteration 520; function evaluation 661; phase 4
Function value 2.1488449e+02; maximum gradient component mag 3.2251e-01
Var    Value     Gradient |Var    Value     Gradient |Var    Value     Gradient
  1  0.09048  3.22515e-01 |  2 -0.00695  1.78302e-01 |  3 -0.02360 -7.75293e-05
  4 -0.02129 -1.00014e-04 |  5 -0.01338 -1.37484e-04 |  6 -0.01180 -1.49237e-04
  7 -0.01275 -1.74549e-04 |  8  0.00033 -2.25609e-04 |  9  0.00629 -2.58741e-04
 10  0.00651 -2.68792e-04 | 11  0.00462 -2.92891e-04 | 12 -0.00836 -3.04024e-04
 13 -0.01206  1.94097e-04 | 14 -0.01012  1.63043e-04 | 15 -0.01493  2.01948e-04
 16 -0.01221  2.30076e-04 | 17 -0.00144  1.89360e-04 | 18  0.00570  1.18345e-04
 19  0.01076  5.22563e-05 | 20  0.00205  1.08443e-05 | 21 -0.01345  1.83108e-07
 22 -0.01131 -8.76797e-05 | 23 -0.00846 -1.58195e-04 | 24 -0.02252 -1.41588e-04
 25 -0.00961 -4.20005e-04 | 26  0.02033 -9.98921e-04 | 27  0.00762 -8.03393e-04
 28  0.01392 -6.14901e-04 | 29  0.01403 -4.28496e-04 | 30  0.01096 -2.65628e-04
 31  0.03479 -4.03763e-04 | 32  0.07074 -8.41161e-04 | 33  0.01317 -2.31709e-04
 34  0.02373 -3.20266e-04 | 35  0.02787 -3.59731e-04 | 36  0.02443 -3.01543e-04
 37  0.04316 -5.42964e-04 | 38  0.01174 -2.05978e-04 | 39 -0.01031 -9.45411e-05
 40 -0.00675 -2.69747e-04 | 41 -0.01334 -3.19033e-04 | 42 -0.00596 -3.90514e-04
 43  0.01239 -3.87615e-04 | 44  0.00616 -1.37410e-04 | 45  0.00891  9.55389e-08
 46  0.00588  8.44994e-05 | 47  0.00709  1.15650e-04 | 48  0.01709  1.11785e-04
 49 -0.01109  2.31112e-04 | 50 -0.02934  2.90025e-04 | 51 -0.02350  2.85634e-04
 52 -0.01242  3.03466e-04 | 53 -0.00540  3.57988e-04 | 54 -0.00665  3.99844e-04
 55 -0.01716  3.98118e-04 | 56 -0.03053  4.04275e-04 | 57 -0.02399  4.20477e-04
 58 -0.01443  4.65025e-04 | 59  0.00177  5.08540e-04 | 60 -0.01635  5.15167e-04
 61 -0.00855  5.26311e-04 | 62 -0.01447  5.34505e-04 | 63 -0.00546  5.45299e-04
 64 -0.01026  5.49299e-04 | 65 -0.01208  5.27802e-04 | 66 -0.00256  1.03131e-06
 67 -0.00002  1.46025e-06 | 68  0.00000  0.00000e+00 | 69 -0.72906  1.56874e-01
 70  0.25639  2.59910e-01 | 71  0.07174  2.55165e-01 | 72  0.19318  6.16133e-03
 73 -0.00668 -3.97188e-04 | 74  0.07597 -2.53780e-03 | 75  0.21046  3.04243e-01
 76 -0.01460  2.87764e-02 | 77  0.16818  1.36352e-01 | 78 -0.00009 -4.53308e-07
 79 -0.16648  2.24934e-02 | 80  0.16599 -3.87851e-04 | 81  0.05303 -8.16725e-05
 82  0.12915  5.13100e-04 | 83  0.00000 -6.16806e-31 | 84  0.04032 -7.13010e-05
 85 -0.05058 -2.15576e-04 | 86 -0.23125  7.64590e-08 | 87  0.10454  1.98496e-04
 88  0.68300 -2.66746e-05 | 89 -0.13143 -9.95681e-05 | 90  0.11347 -1.17824e-04
 91 -0.64175  5.40501e-05 |

 - final statistics:
91 variables; iteration 538; function evaluation 680
Function value 2.1488e+02; maximum gradient component mag 5.2027e-05
Exit code = 1;  converg criter 1.0000e-04
Var    Value     Gradient |Var    Value     Gradient |Var    Value     Gradient
  1  0.09048  5.20268e-05 |  2 -0.00695  2.25561e-05 |  3 -0.02360  3.44485e-08
  4 -0.02129  5.33090e-08 |  5 -0.01338  5.85567e-08 |  6 -0.01180  6.41266e-08
  7 -0.01275  6.05000e-08 |  8  0.00033  7.76704e-08 |  9  0.00629  8.66766e-08
 10  0.00651  9.34739e-08 | 11  0.00462  1.07764e-07 | 12 -0.00836  9.78042e-08
 13 -0.01206 -6.61116e-09 | 14 -0.01012 -8.03855e-09 | 15 -0.01493 -1.64336e-08
 16 -0.01221 -1.75337e-08 | 17 -0.00144 -2.41881e-08 | 18  0.00570 -2.00370e-08
 19  0.01076  1.43278e-08 | 20  0.00205  3.43913e-08 | 21 -0.01345  1.50249e-08
 22 -0.01131 -1.59645e-09 | 23 -0.00846  1.21025e-08 | 24 -0.02252  1.12342e-08
 25 -0.00961  6.91151e-08 | 26  0.02033  1.38080e-07 | 27  0.00762  1.04142e-07
 28  0.01392  8.07768e-08 | 29  0.01403  4.95296e-08 | 30  0.01096  2.93239e-08
 31  0.03479  6.84366e-08 | 32  0.07074  1.60796e-07 | 33  0.01317  3.57498e-08
 34  0.02373  6.15404e-08 | 35  0.02787  5.80110e-08 | 36  0.02443  4.77676e-08
 37  0.04316  1.31190e-07 | 38  0.01174  9.58710e-08 | 39 -0.01031  7.37441e-08
 40 -0.00675  9.17552e-08 | 41 -0.01334  6.55280e-08 | 42 -0.00596  2.92267e-08
 43  0.01239  4.88440e-08 | 44  0.00616  1.62712e-08 | 45  0.00891  2.06319e-08
 46  0.00588  1.34593e-08 | 47  0.00709 -5.98153e-09 | 48  0.01709  6.62860e-09
 49 -0.01109 -3.17184e-08 | 50 -0.02934 -4.67360e-08 | 51 -0.02350 -5.29119e-08
 52 -0.01242 -4.70896e-08 | 53 -0.00540 -6.15255e-08 | 54 -0.00665 -6.61278e-08
 55 -0.01716 -7.70423e-08 | 56 -0.03053 -8.70015e-08 | 57 -0.02399 -8.73365e-08
 58 -0.01443 -1.03126e-07 | 59  0.00177 -1.07007e-07 | 60 -0.01635 -1.18579e-07
 61 -0.00855 -1.08940e-07 | 62 -0.01447 -1.13750e-07 | 63 -0.00546 -1.17807e-07
 64 -0.01026 -1.21817e-07 | 65 -0.01208 -1.32761e-07 | 66 -0.00256 -2.34817e-09
 67 -0.00002  1.30626e-09 | 68  0.00000  0.00000e+00 | 69 -0.72906  1.97744e-05
 70  0.25640 -3.96856e-05 | 71  0.07174 -3.78038e-05 | 72  0.19318 -9.44261e-07
 73 -0.00011  5.84214e-08 | 74  0.07597  3.78983e-07 | 75  0.21046  4.04519e-05
 76 -0.01458  3.82562e-06 | 77  0.16818  1.70723e-05 | 78 -0.00000 -1.92612e-10
 79 -0.16648  2.92109e-06 | 80  0.16599  8.17241e-08 | 81  0.05303  7.20477e-10
 82  0.12915 -1.89541e-07 | 83  0.00000 -6.16373e-31 | 84  0.04032  1.71072e-08
 85 -0.05058  4.58055e-08 | 86 -0.23125  7.26631e-11 | 87  0.10454 -4.13797e-08
 88  0.68300  8.21772e-09 | 89 -0.13143  2.58335e-08 | 90  0.11347  3.43343e-08
 91 -0.64175 -6.60291e-09 |
size of file gradfil1.tmp = 0
size of file gradfil2.tmp = 0
size of file varssave.tmp = 0
size of file cmpdiff.tmp = 0
