
Initial statistics: 6 variables; iteration 0; function evaluation 0; phase 1
Function value 2.7908767e+06; maximum gradient component mag -1.7479e+08
Var    Value     Gradient |Var    Value     Gradient |Var    Value     Gradient
  1  0.01730 -1.74789e+08 |  2 -0.01388 -1.23484e+06 |  3  0.00000  1.72878e+01
  4  0.00000  2.19843e-01 |  5  0.00000  0.00000e+00 |  6 -0.79805  4.02049e+04

Intermediate statistics: 6 variables; iteration 20; function evaluation 43; phase 1
Function value 4.6642221e+02; maximum gradient component mag -3.1056e+03
Var    Value     Gradient |Var    Value     Gradient |Var    Value     Gradient
  1  0.03747 -3.10556e+03 |  2 -0.25769 -2.04911e+03 |  3 -537.9377  4.66238e+01
  4 13.83338 -1.20299e+02 |  5  0.00000  0.00000e+00 |  6 -0.51241 -5.80290e+02
6 variables; iteration 40; function evaluation 65; phase 1
Function value 3.7180481e+02; maximum gradient component mag -5.7829e+02
Var    Value     Gradient |Var    Value     Gradient |Var    Value     Gradient
  1  0.03397 -5.78286e+02 |  2 -0.02174 -5.36676e+00 |  3 -537.9990  7.64745e-03
  4 13.99998 -2.26048e-02 |  5  0.00000  0.00000e+00 |  6 -0.81830  2.79898e+00

 - final statistics:
6 variables; iteration 48; function evaluation 77
Function value 3.7059e+02; maximum gradient component mag -8.6644e-01
Exit code = 1;  converg criter 1.0000e+01
Var    Value     Gradient |Var    Value     Gradient |Var    Value     Gradient
  1  0.03870 -8.66443e-01 |  2 -0.01927 -4.68445e-01 |  3 -537.9991 -1.13425e-02
  4 14.00004  2.79825e-02 |  5  0.00000  0.00000e+00 |  6 -0.82702 -6.24874e-01

Initial statistics: 60 variables; iteration 0; function evaluation 0; phase 2
Function value 3.7058928e+02; maximum gradient component mag -3.3778e+02
Var    Value     Gradient |Var    Value     Gradient |Var    Value     Gradient
  1  0.03870 -8.66443e-01 |  2 -0.01927 -4.68445e-01 |  3  0.00000  7.84851e+01
  4  0.00000  7.89150e+01 |  5  0.00000  7.69192e+01 |  6  0.00000  7.24204e+01
  7  0.00000  6.72162e+01 |  8  0.00000  6.86415e+01 |  9  0.00000  7.54147e+01
 10  0.00000  9.13816e+01 | 11  0.00000  1.09499e+02 | 12  0.00000  1.06170e+02
 13  0.00000  8.42223e+01 | 14  0.00000  5.01846e+01 | 15  0.00000 -1.28220e+01
 16  0.00000 -8.08903e+01 | 17  0.00000 -1.27263e+02 | 18  0.00000 -1.80597e+02
 19  0.00000 -2.22475e+02 | 20  0.00000 -2.63483e+02 | 21  0.00000 -3.16023e+02
 22  0.00000 -3.37782e+02 | 23  0.00000 -2.99141e+02 | 24  0.00000 -2.86803e+02
 25  0.00000 -2.78064e+02 | 26  0.00000 -2.63517e+02 | 27  0.00000 -2.30211e+02
 28  0.00000 -1.49000e+02 | 29  0.00000 -5.13013e+01 | 30  0.00000  1.38949e+01
 31  0.00000  4.77130e+01 | 32  0.00000  3.35208e+01 | 33  0.00000  2.29460e+00
 34  0.00000 -1.18398e+00 | 35  0.00000  7.09222e+00 | 36  0.00000  2.88703e+01
 37  0.00000  4.55548e+01 | 38  0.00000  6.25351e+01 | 39  0.00000  1.20652e+02
 40  0.00000  1.65401e+02 | 41  0.00000  1.61812e+02 | 42  0.00000  1.39687e+02
 43  0.00000  1.19681e+02 | 44  0.00000  1.20262e+02 | 45  0.00000  1.51128e+02
 46  0.00000  1.78267e+02 | 47  0.00000  1.60447e+02 | 48  0.00000  1.23584e+02
 49  0.00000  9.85061e+01 | 50  0.00000  1.06472e+02 | 51  0.00000  9.54839e+01
 52  0.00000  7.94900e+01 | 53  0.00000  4.53643e+01 | 54  0.00000  2.19755e+01
 55  0.00000  1.13972e+01 | 56 -0.00091  1.13425e-02 | 57 -0.00004 -2.79825e-02
 58  0.00000  0.00000e+00 | 59 -0.82702 -6.24874e-01 | 60  0.08572  1.45580e+02

Intermediate statistics: 60 variables; iteration 20; function evaluation 42; phase 2
Function value 2.8594822e+02; maximum gradient component mag -2.1329e+03
Var    Value     Gradient |Var    Value     Gradient |Var    Value     Gradient
  1  0.01430 -1.65672e+03 |  2  0.00592 -1.59325e+03 |  3 -0.04299 -3.96363e+01
  4 -0.02196 -2.04228e+01 |  5 -0.00943 -1.22729e+00 |  6  0.00330  1.99149e+01
  7  0.01791  4.11245e+01 |  8  0.02158  5.14909e+01 |  9  0.02357  5.45577e+01
 10  0.01425  4.09380e+01 | 11 -0.00569  1.42373e+01 | 12 -0.01212 -3.87625e+00
 13 -0.01360 -1.42033e+01 | 14 -0.02467 -2.26299e+01 | 15  0.01249  2.49682e+00
 16  0.03611 -9.84872e+00 | 17  0.00666 -4.44437e+01 | 18  0.03957 -5.80119e+01
 19  0.02433 -8.20337e+01 | 20 -0.03305 -9.11343e+01 | 21  0.04070 -6.36807e+01
 22  0.11186 -7.02933e+01 | 23 -0.03346 -8.41728e+01 | 24 -0.04314 -9.87306e+01
 25  0.06444 -6.63461e+01 | 26  0.01085 -5.71346e+01 | 27  0.07785 -4.35945e+01
 28 -0.00170 -5.82373e+01 | 29 -0.02844 -6.54894e+01 | 30 -0.00820 -5.21512e+01
 31 -0.01387 -5.21105e+01 | 32 -0.01707 -6.43918e+01 | 33 -0.00003 -6.28326e+01
 34  0.00877 -3.32006e+01 | 35  0.01179 -7.14507e+00 | 36  0.00065  3.69685e+00
 37  0.00321  1.82464e+01 | 38  0.01192  3.51133e+01 | 39 -0.02269  1.88177e+01
 40 -0.03757  1.94908e+01 | 41 -0.02966  3.47029e+01 | 42 -0.01165  6.42656e+01
 43  0.00974  1.02491e+02 | 44  0.00911  1.01616e+02 | 45 -0.00795  7.97350e+01
 46 -0.01194  7.94210e+01 | 47 -0.00417  8.20617e+01 | 48  0.00464  8.04375e+01
 49  0.01070  7.27453e+01 | 50 -0.01379  3.62281e+01 | 51 -0.00907  2.54092e+01
 52 -0.01836 -3.93334e+00 | 53 -0.01845 -3.16831e+01 | 54 -0.04276 -5.99408e+01
 55 -0.04538 -5.99858e+01 | 56 -0.00555 -2.39958e+00 | 57  0.00002  2.33064e-02
 58  0.00000  0.00000e+00 | 59 -0.81189 -2.13292e+03 | 60  0.08043  9.31984e+00
60 variables; iteration 40; function evaluation 71; phase 2
Function value 2.6837893e+02; maximum gradient component mag -1.6658e+03
Var    Value     Gradient |Var    Value     Gradient |Var    Value     Gradient
  1  0.01293 -1.66585e+03 |  2  0.00980 -7.07458e+02 |  3 -0.02749  7.96378e+00
  4 -0.01580  1.69911e+01 |  5 -0.00568  2.88890e+01 |  6 -0.00627  2.64189e+01
  7  0.00471  3.07193e+01 |  8  0.01451  3.70723e+01 |  9  0.00919  2.92951e+01
 10 -0.00377  2.41292e+01 | 11 -0.01153  2.96208e+01 | 12 -0.00740  3.68836e+01
 13 -0.00829  3.34142e+01 | 14 -0.02592  1.50560e+01 | 15  0.01246  3.79922e+01
 16  0.02704  2.35436e+01 | 17  0.02312  1.77415e+01 | 18  0.03960  1.01157e+01
 19  0.01794 -1.31945e+01 | 20  0.03267 -7.91467e+00 | 21  0.00394 -2.63388e+01
 22  0.10746 -1.60193e+01 | 23 -0.01494 -2.57286e+01 | 24  0.02442 -2.34852e+01
 25  0.03977 -2.78445e+01 | 26 -0.00546 -3.69173e+01 | 27  0.08506 -3.77390e+01
 28 -0.01329 -4.09894e+01 | 29 -0.01289 -3.69146e+01 | 30 -0.00677 -3.83542e+01
 31 -0.02402 -4.20901e+01 | 32 -0.00599 -3.68981e+01 | 33  0.00775 -3.76057e+01
 34  0.00482 -3.71874e+01 | 35  0.00619 -4.18336e+01 | 36 -0.00515 -4.01382e+01
 37 -0.00563 -3.31065e+01 | 38  0.01277 -1.79917e+01 | 39 -0.02488 -4.74085e+00
 40 -0.02650  1.92319e+01 | 41 -0.02383  1.29804e+01 | 42 -0.01901 -4.08476e+00
 43 -0.00517 -4.93407e+00 | 44  0.00097  7.01859e+00 | 45 -0.01693  1.41975e+01
 46 -0.02676  1.63975e+01 | 47 -0.02120  1.19857e+01 | 48 -0.00591  1.11381e+01
 49  0.00600  9.24597e+00 | 50 -0.02256 -1.48005e+00 | 51 -0.01513 -3.87425e+00
 52 -0.01478 -6.74670e-01 | 53 -0.01362 -4.50170e+00 | 54 -0.02114 -2.00869e+00
 55 -0.01885  3.16398e+00 | 56 -0.00279  3.30863e-01 | 57 -0.00001  2.91853e-03
 58  0.00000  0.00000e+00 | 59 -0.81143 -1.00520e+03 | 60  0.08416  1.69441e+01
Maximum number of function evaluations exceeded

 - final statistics:
60 variables; iteration 58; function evaluation 100
Function value 2.6486e+02; maximum gradient component mag -7.5016e+02
Exit code = 3;  converg criter 1.0000e+01
Var    Value     Gradient |Var    Value     Gradient |Var    Value     Gradient
  1  0.01352 -7.50155e+02 |  2 -0.00284 -3.93027e+01 |  3 -0.01762  1.66320e+01
  4 -0.01173  1.66448e+01 |  5 -0.01301  1.27779e+01 |  6 -0.00853  1.12610e+01
  7  0.00198  1.02201e+01 |  8  0.00121  4.81545e+00 |  9  0.00946  7.15553e+00
 10 -0.00358  5.14928e+00 | 11 -0.01360  8.80405e+00 | 12 -0.01785  4.64142e+00
 13 -0.01169  5.87152e+00 | 14 -0.01771  6.33031e-01 | 15 -0.00591 -1.12531e+01
 16  0.03131 -1.89824e+01 | 17  0.02141 -1.57527e+01 | 18  0.02887 -1.88855e+01
 19  0.03645 -2.10322e+01 | 20  0.01941 -2.20089e+01 | 21  0.00613 -3.03261e+01
 22  0.10545 -3.63262e+01 | 23 -0.00832 -1.79696e+01 | 24  0.02284 -1.92537e+01
 25  0.03402 -2.24545e+01 | 26  0.01498 -2.30367e+01 | 27  0.06471 -2.15133e+01
 28  0.00721 -1.11589e+01 | 29 -0.00897 -2.63445e+00 | 30 -0.00991 -4.32400e-02
 31 -0.01406  3.28958e+00 | 32 -0.00538  5.02806e+00 | 33  0.00738  2.61089e+00
 34  0.00261  1.86716e+00 | 35  0.01117  7.76349e+00 | 36  0.00343  8.62182e+00
 37  0.00238  7.12552e+00 | 38  0.00881  5.32570e+00 | 39 -0.01642  1.34115e+01
 40 -0.03590  1.28174e+01 | 41 -0.02836  1.30130e+01 | 42 -0.01346  1.16086e+01
 43 -0.00441  5.11506e+00 | 44 -0.00438  2.17577e+00 | 45 -0.02298  3.60987e+00
 46 -0.03411  4.05734e+00 | 47 -0.02590  2.71765e+00 | 48 -0.01021  2.58480e+00
 49  0.00087  4.81511e+00 | 50 -0.01897  1.05751e+01 | 51 -0.01152  1.23093e+01
 52 -0.01221  1.69504e+01 | 53 -0.00722  1.73549e+01 | 54 -0.01528  1.70624e+01
 55 -0.01183  1.99124e+01 | 56 -0.00251  4.90001e-01 | 57 -0.00002 -6.59164e-03
 58  0.00000  0.00000e+00 | 59 -0.80108 -8.57334e+01 | 60  0.08466  5.34703e+00

Initial statistics: 81 variables; iteration 0; function evaluation 0; phase 3
Function value 2.6486067e+02; maximum gradient component mag -7.4377e+02
Var    Value     Gradient |Var    Value     Gradient |Var    Value     Gradient
  1  0.01352 -7.43767e+02 |  2 -0.00284 -3.86262e+01 |  3 -0.01763  1.61490e+01
  4 -0.01174  1.61537e+01 |  5 -0.01302  1.21884e+01 |  6 -0.00854  1.08635e+01
  7  0.00197  9.62024e+00 |  8  0.00120  4.33691e+00 |  9  0.00945  6.64484e+00
 10 -0.00359  4.66909e+00 | 11 -0.01361  8.20561e+00 | 12 -0.01785  4.19673e+00
 13 -0.01170  5.22497e+00 | 14 -0.01772  1.06393e-01 | 15 -0.00592 -1.17660e+01
 16  0.03130 -1.94159e+01 | 17  0.02141 -1.62374e+01 | 18  0.02886 -1.94235e+01
 19  0.03644 -2.14964e+01 | 20  0.01940 -2.24896e+01 | 21  0.00612 -3.06922e+01
 22  0.10544 -3.65382e+01 | 23 -0.00833 -1.84329e+01 | 24  0.02283 -1.96972e+01
 25  0.03401 -2.27919e+01 | 26  0.01497 -2.32589e+01 | 27  0.06470 -2.15441e+01
 28  0.00720 -1.13526e+01 | 29 -0.00897 -3.14533e+00 | 30 -0.00992 -4.51959e-01
 31 -0.01407  2.87091e+00 | 32 -0.00539  4.72967e+00 | 33  0.00737  2.27825e+00
 34  0.00260  1.53650e+00 | 35  0.01116  7.49189e+00 | 36  0.00342  8.25013e+00
 37  0.00237  6.78858e+00 | 38  0.00880  4.95416e+00 | 39 -0.01643  1.29874e+01
 40 -0.03591  1.23912e+01 | 41 -0.02837  1.26396e+01 | 42 -0.01347  1.11657e+01
 43 -0.00442  4.74647e+00 | 44 -0.00439  1.75073e+00 | 45 -0.02299  3.15859e+00
 46 -0.03412  3.46302e+00 | 47 -0.02591  2.29552e+00 | 48 -0.01022  2.18998e+00
 49  0.00086  4.23711e+00 | 50 -0.01897  1.00578e+01 | 51 -0.01153  1.20230e+01
 52 -0.01222  1.64022e+01 | 53 -0.00723  1.68185e+01 | 54 -0.01529  1.65266e+01
 55 -0.01184  1.93068e+01 | 56 -0.00251  4.82707e-01 | 57 -0.00002 -2.12124e-03
 58  0.00000  0.00000e+00 | 59 -0.80108 -8.40694e+01 | 60  0.14727  5.54652e+01
 61  0.12125  2.82871e+02 | 62  0.18330  3.43408e+01 | 63 -0.00010 -1.52559e-01
 64  0.04996 -1.48978e+00 | 65  0.13227  7.64862e+01 | 66  0.09920  1.51321e+02
 67  0.16189 -7.44174e+00 | 68 -0.05865 -4.11665e-01 | 69 -0.19290 -7.89568e+00
 70  0.12853 -5.28503e+01 | 71  0.07300 -1.27712e+01 | 72  0.12892  7.48168e+01
 73  0.00000 -2.31919e-30 | 74  0.02351 -1.51447e+01 | 75 -0.07514 -2.91897e+01
 76 -0.24304 -9.19137e-04 | 77  0.10307  2.27711e+01 | 78  0.72513 -5.55803e+00
 79 -0.16509 -1.07137e+01 | 80  0.08466  5.25712e+00 | 81 -0.66364 -1.85427e-01

Intermediate statistics: 81 variables; iteration 20; function evaluation 24; phase 3
Function value 2.6372031e+02; maximum gradient component mag 6.6048e+02
Var    Value     Gradient |Var    Value     Gradient |Var    Value     Gradient
  1  0.01439  6.23913e+02 |  2 -0.01235 -4.27655e+01 |  3 -0.02142 -1.04244e+00
  4 -0.01491  3.85672e-01 |  5 -0.01306 -1.65769e-01 |  6 -0.00845 -2.61469e-01
  7  0.00174  1.05695e+00 |  8  0.00527  2.61273e+00 |  9  0.00882  7.16478e+00
 10 -0.00197  7.25376e+00 | 11 -0.01496  6.36118e+00 | 12 -0.01590  4.97280e+00
 13 -0.01389  5.72990e+00 | 14 -0.01946  4.46615e+00 | 15 -0.00156  7.22040e+00
 16  0.03126  1.46241e+01 | 17  0.02035  8.27852e+00 | 18  0.03194  3.88711e+00
 19  0.02985 -1.52216e+00 | 20  0.01912 -6.09769e+00 | 21  0.04105 -7.95502e+00
 22  0.08422 -2.66293e+00 | 23  0.01117 -1.03329e+01 | 24  0.02417 -1.03484e+01
 25  0.02952 -9.92412e+00 | 26  0.03058 -8.97831e+00 | 27  0.05215  4.84372e-01
 28  0.01278 -1.18360e+00 | 29 -0.00916  1.52856e+00 | 30 -0.01076  5.95364e+00
 31 -0.01525  8.41800e+00 | 32 -0.00693  1.20813e+01 | 33  0.00780  1.42423e+01
 34  0.00516  1.03241e+01 | 35  0.00928  1.06356e+01 | 36  0.00195  7.20128e+00
 37  0.00150  4.94638e+00 | 38  0.00960  5.23054e+00 | 39 -0.02021  1.66304e+00
 40 -0.03766 -1.39084e+00 | 41 -0.03026 -1.56545e+00 | 42 -0.01601 -1.84665e+00
 43 -0.00494 -4.31263e+00 | 44 -0.00493 -6.17223e+00 | 45 -0.02342 -6.84207e+00
 46 -0.03347 -6.65966e+00 | 47 -0.02457 -7.01993e+00 | 48 -0.00984 -8.21015e+00
 49  0.00028 -8.90414e+00 | 50 -0.02079 -8.22854e+00 | 51 -0.01245 -5.68967e+00
 52 -0.01514 -4.78162e+00 | 53 -0.00934 -5.86781e+00 | 54 -0.01846 -9.34066e+00
 55 -0.02012 -1.12513e+01 | 56 -0.00304 -7.74348e-03 | 57 -0.00001  7.47137e-04
 58  0.00000  0.00000e+00 | 59 -0.79481 -5.90701e+01 | 60  0.14193  1.46799e+01
 61  0.12252 -2.92955e+01 | 62  0.18223 -3.93764e+01 | 63  0.00001  7.20869e-02
 64  0.04832  1.14806e+01 | 65  0.13259  2.91152e+02 | 66  0.09906  6.60485e+02
 67  0.16184 -2.42811e+01 | 68 -0.05845 -4.39020e-01 | 69 -0.18871 -3.70337e+00
 70  0.12970 -2.49236e+01 | 71  0.07244 -1.06666e+00 | 72  0.12997  5.15927e+01
 73  0.00000 -8.97214e-31 | 74  0.02343 -4.26396e+00 | 75 -0.07408  1.85965e+01
 76 -0.24304  5.41264e-04 | 77  0.10312 -1.57884e+01 | 78  0.72320  3.49045e+00
 79 -0.16311  6.70457e+00 | 80  0.08505  3.36513e+01 | 81 -0.66654 -8.59640e+00
81 variables; iteration 40; function evaluation 47; phase 3
Function value 2.6335607e+02; maximum gradient component mag -6.2485e+02
Var    Value     Gradient |Var    Value     Gradient |Var    Value     Gradient
  1  0.01390  4.53627e+02 |  2 -0.01462  4.08535e+01 |  3 -0.02320 -8.73619e-01
  4 -0.01640 -4.09979e-01 |  5 -0.01435 -8.37399e-01 |  6 -0.00959 -7.14342e-01
  7  0.00024 -4.60307e-01 |  8  0.00380 -7.04915e-01 |  9  0.00677  9.90624e-01
 10 -0.00321  1.75070e+00 | 11 -0.01564  2.08733e+00 | 12 -0.01711 -2.19553e-01
 13 -0.01581 -5.00481e-01 | 14 -0.02128 -4.44861e-01 | 15 -0.00160  2.02159e+00
 16  0.03155  6.04522e+00 | 17  0.02048  3.25342e+00 | 18  0.03286  9.75742e-01
 19  0.03008 -9.37896e-01 | 20  0.02049 -2.05745e+00 | 21  0.04078 -3.07535e+00
 22  0.08765  5.51744e+00 | 23  0.01022 -3.06446e+00 | 24  0.02527 -5.15744e-01
 25  0.03292  1.75809e+00 | 26  0.02942 -9.88527e-01 | 27  0.05415  7.81468e+00
 28  0.01258  2.17086e+00 | 29 -0.00972  1.78398e+00 | 30 -0.01109  3.30540e+00
 31 -0.01575  3.48428e+00 | 32 -0.00778  4.56006e+00 | 33  0.00716  5.40237e+00
 34  0.00481  3.46813e+00 | 35  0.00847  2.94896e+00 | 36  0.00160  1.23175e+00
 37  0.00137  4.11209e-01 | 38  0.01015  1.41017e+00 | 39 -0.02019  7.09710e-01
 40 -0.03802 -1.11511e+00 | 41 -0.03009 -1.98685e-01 | 42 -0.01497  8.62221e-01
 43 -0.00365 -3.55146e-01 | 44 -0.00386 -1.82255e+00 | 45 -0.02240 -2.66955e+00
 46 -0.03209 -2.72669e+00 | 47 -0.02264 -2.15262e+00 | 48 -0.00806 -2.01075e+00
 49  0.00175 -2.18331e+00 | 50 -0.02026 -2.87350e+00 | 51 -0.01152 -1.76089e+00
 52 -0.01472 -1.91573e+00 | 53 -0.00905 -2.84288e+00 | 54 -0.01879 -4.72694e+00
 55 -0.02109 -5.78150e+00 | 56 -0.00300 -1.22506e-02 | 57 -0.00001 -7.53277e-04
 58  0.00000  0.00000e+00 | 59 -0.79177  4.55848e+01 | 60  0.14206 -1.39575e+02
 61  0.12250 -6.24855e+02 | 62  0.18129 -1.53693e+01 | 63  0.06759  6.44360e-01
 64  0.04783  5.27513e+00 | 65  0.13438 -2.30144e+01 | 66  0.09836 -3.35599e+01
 67  0.16142  5.51641e+00 | 68 -0.01272  4.55168e-01 | 69 -0.18389  9.27787e+00
 70  0.13281  1.35932e+01 | 71  0.06950  1.46686e+00 | 72  0.12870 -2.00638e+01
 73  0.00000 -4.06767e-31 | 74  0.02477  2.88870e+00 | 75 -0.07395  1.28389e+00
 76 -0.24300 -2.74069e-06 | 77  0.10309 -2.53724e+00 | 78  0.72201  9.22691e-01
 79 -0.16050  3.63264e+00 | 80  0.08493  5.41445e+00 | 81 -0.66308  3.05085e-01
81 variables; iteration 60; function evaluation 77; phase 3
Function value 2.6329054e+02; maximum gradient component mag -4.8367e+02
Var    Value     Gradient |Var    Value     Gradient |Var    Value     Gradient
  1  0.01386  1.91339e+02 |  2 -0.01413  1.31276e+01 |  3 -0.02355 -1.23938e+00
  4 -0.01701 -1.35457e+00 |  5 -0.01457 -1.47526e+00 |  6 -0.00988 -1.41721e+00
  7 -0.00009 -1.44233e+00 |  8  0.00416 -1.55610e+00 |  9  0.00659 -1.10138e+00
 10 -0.00349 -5.24016e-01 | 11 -0.01673 -1.16029e-01 | 12 -0.01674 -3.20324e-01
 13 -0.01579 -3.39025e-01 | 14 -0.02078  3.83459e-01 | 15 -0.00221  6.97355e-01
 16  0.03116  3.14058e+00 | 17  0.02026  2.22235e+00 | 18  0.03316  1.70504e+00
 19  0.03043  1.48728e+00 | 20  0.02071  1.19309e+00 | 21  0.04336  9.23201e-01
 22  0.08658  6.84527e+00 | 23  0.01212  2.31982e-01 | 24  0.02576  1.48807e+00
 25  0.03130  2.20034e+00 | 26  0.03274  1.73897e+00 | 27  0.05242  5.62427e+00
 28  0.01344  1.81342e+00 | 29 -0.00932  1.39586e+00 | 30 -0.01144  1.42526e+00
 31 -0.01606  1.12713e+00 | 32 -0.00814  1.14842e+00 | 33  0.00664  1.00887e+00
 34  0.00469  2.76681e-01 | 35  0.00803  2.43934e-01 | 36  0.00168  7.53867e-02
 37  0.00184  7.35789e-02 | 38  0.01040  7.60585e-02 | 39 -0.02090 -7.79842e-01
 40 -0.03757 -9.54375e-01 | 41 -0.03028 -1.14442e+00 | 42 -0.01549 -8.50693e-01
 43 -0.00346 -7.04935e-01 | 44 -0.00343 -9.36134e-01 | 45 -0.02201 -1.27697e+00
 46 -0.03170 -1.40206e+00 | 47 -0.02274 -1.62997e+00 | 48 -0.00794 -1.55607e+00
 49  0.00168 -1.80164e+00 | 50 -0.02011 -1.81770e+00 | 51 -0.01167 -1.60123e+00
 52 -0.01548 -2.25319e+00 | 53 -0.00943 -2.33140e+00 | 54 -0.01919 -2.77021e+00
 55 -0.02162 -3.23856e+00 | 56 -0.00307 -3.46985e-02 | 57 -0.00001 -1.73606e-04
 58  0.00000  0.00000e+00 | 59 -0.79148  1.46096e+01 | 60  0.14314 -1.10707e+02
 61  0.12223 -4.83671e+02 | 62  0.18147 -1.07494e+01 | 63  0.01854  2.75619e-01
 64  0.04859  2.96717e+00 | 65  0.13444  1.31014e+01 | 66  0.09832  3.80744e+01
 67  0.16145  3.35580e-01 | 68 -0.02744  6.28457e-02 | 69 -0.19019  1.72727e+00
 70  0.13164  2.45948e+00 | 71  0.07057 -2.40965e-01 | 72  0.12842 -5.15300e+00
 73  0.00000 -6.50662e-31 | 74  0.02489  6.92580e-01 | 75 -0.07251  2.88809e+00
 76 -0.24290 -7.80617e-06 | 77  0.10385 -2.44510e+00 | 78  0.71849  2.44107e-01
 79 -0.16030  1.55410e+00 | 80  0.08393 -1.16239e+00 | 81 -0.66516  2.50146e-01
Maximum number of function evaluations exceeded

 - final statistics:
81 variables; iteration 74; function evaluation 100
Function value 2.6328e+02; maximum gradient component mag -4.2634e+02
Exit code = 3;  converg criter 1.0000e+00
Var    Value     Gradient |Var    Value     Gradient |Var    Value     Gradient
  1  0.01389  8.47871e+01 |  2 -0.01409  3.34610e+00 |  3 -0.02399 -9.83192e-01
  4 -0.01719 -9.00740e-01 |  5 -0.01433 -6.12846e-01 |  6 -0.00992 -7.09565e-01
  7 -0.00035 -7.85807e-01 |  8  0.00431 -4.20211e-01 |  9  0.00713  1.79619e-01
 10 -0.00331  1.07320e-02 | 11 -0.01718 -4.65313e-01 | 12 -0.01698 -5.90477e-01
 13 -0.01551 -9.71783e-02 | 14 -0.02115  8.84201e-02 | 15 -0.00163  6.01864e-01
 16  0.03075  1.19025e+00 | 17  0.02024  1.05018e+00 | 18  0.03302  7.02650e-01
 19  0.03055  9.86017e-01 | 20  0.02011  6.17537e-01 | 21  0.04502  4.71768e-01
 22  0.08496  3.02194e+00 | 23  0.01332  1.53965e-01 | 24  0.02570  4.74325e-01
 25  0.03083  7.54964e-01 | 26  0.03396  6.76258e-01 | 27  0.05080  1.77428e+00
 28  0.01437  7.27193e-01 | 29 -0.00946  4.39326e-01 | 30 -0.01121  7.81284e-01
 31 -0.01614  2.62115e-01 | 32 -0.00838  6.63959e-02 | 33  0.00653  1.40507e-01
 34  0.00486  1.68784e-01 | 35  0.00814  1.84871e-01 | 36  0.00148 -1.83566e-01
 37  0.00153 -1.46538e-01 | 38  0.01071  4.58713e-01 | 39 -0.02083 -8.08398e-02
 40 -0.03777 -3.93430e-01 | 41 -0.03010 -2.53599e-01 | 42 -0.01555 -3.18119e-01
 43 -0.00355 -2.44101e-01 | 44 -0.00339 -2.47841e-01 | 45 -0.02190 -3.54311e-01
 46 -0.03210 -8.55155e-01 | 47 -0.02243 -3.27009e-01 | 48 -0.00824 -7.07256e-01
 49  0.00207 -4.51527e-01 | 50 -0.02046 -1.18305e+00 | 51 -0.01191 -1.00738e+00
 52 -0.01530 -1.10959e+00 | 53 -0.00964 -1.28447e+00 | 54 -0.01895 -1.09737e+00
 55 -0.02125 -1.42030e+00 | 56 -0.00317 -9.26629e-02 | 57 -0.00002 -3.84040e-03
 58  0.00000  0.00000e+00 | 59 -0.79146  3.87469e+00 | 60  0.14387 -9.94032e+01
 61  0.12205 -4.26335e+02 | 62  0.18171 -6.32643e+00 | 63 -0.00151  1.82334e-01
 64  0.04833  1.50238e+00 | 65  0.13467  6.25361e-01 | 66  0.09823  4.69832e+00
 67  0.16167  7.57474e-01 | 68 -0.03661  2.83377e-03 | 69 -0.19128  3.50824e-02
 70  0.13120 -3.02918e-01 | 71  0.07102 -5.35023e-01 | 72  0.12828 -1.54921e+00
 73  0.00000 -6.92038e-31 | 74  0.02495  3.34171e-01 | 75 -0.07281  1.38364e+00
 76 -0.24272  1.00496e-05 | 77  0.10376 -5.21538e-01 | 78  0.72064  2.82761e-01
 79 -0.16118  3.90590e-01 | 80  0.08405 -1.71981e-01 | 81 -0.66510  2.24324e-02

Initial statistics: 91 variables; iteration 0; function evaluation 0; phase 4
Function value 2.6327859e+02; maximum gradient component mag -4.2634e+02
Var    Value     Gradient |Var    Value     Gradient |Var    Value     Gradient
  1  0.01389  8.47871e+01 |  2 -0.01409  3.34610e+00 |  3  0.00000  2.77023e+01
  4  0.00000  2.43689e+01 |  5  0.00000  1.77212e+01 |  6  0.00000  1.61008e+01
  7  0.00000  1.45895e+01 |  8  0.00000  5.96202e+00 |  9  0.00000  4.84844e+00
 10  0.00000  4.82989e+00 | 11  0.00000  9.61471e+00 | 12  0.00000  1.99363e+01
 13 -0.02399 -9.60329e-01 | 14 -0.01719 -8.77870e-01 | 15 -0.01433 -5.89973e-01
 16 -0.00992 -6.86689e-01 | 17 -0.00035 -7.62928e-01 | 18  0.00431 -3.97332e-01
 19  0.00713  2.02496e-01 | 20 -0.00331  3.36106e-02 | 21 -0.01718 -4.42442e-01
 22 -0.01698 -5.67607e-01 | 23 -0.01551 -7.43061e-02 | 24 -0.02115  1.11286e-01
 25 -0.00163  6.24743e-01 | 26  0.03075  1.21310e+00 | 27  0.02024  1.07305e+00
 28  0.03302  7.25498e-01 | 29  0.03055  1.00887e+00 | 30  0.02011  6.40404e-01
 31  0.04502  4.94590e-01 | 32  0.08496  3.04461e+00 | 33  0.01332  1.76839e-01
 34  0.02570  4.97185e-01 | 35  0.03084  7.77816e-01 | 36  0.03396  6.99104e-01
 37  0.05080  1.79709e+00 | 38  0.01437  7.50066e-01 | 39 -0.00946  4.62202e-01
 40 -0.01121  8.04159e-01 | 41 -0.01614  2.84987e-01 | 42 -0.00838  8.92729e-02
 43  0.00653  1.63385e-01 | 44  0.00486  1.91663e-01 | 45  0.00814  2.07748e-01
 46  0.00148 -1.60687e-01 | 47  0.00153 -1.23659e-01 | 48  0.01071  4.81589e-01
 49 -0.02083 -5.79731e-02 | 50 -0.03777 -3.70591e-01 | 51 -0.03010 -2.30745e-01
 52 -0.01555 -2.95247e-01 | 53 -0.00355 -2.21222e-01 | 54 -0.00339 -2.24963e-01
 55 -0.02190 -3.31446e-01 | 56 -0.03210 -8.32305e-01 | 57 -0.02243 -3.04144e-01
 58 -0.00824 -6.84379e-01 | 59  0.00207 -4.28648e-01 | 60 -0.02046 -1.16018e+00
 61 -0.01191 -9.84505e-01 | 62 -0.01530 -1.08671e+00 | 63 -0.00964 -1.26159e+00
 64 -0.01895 -1.07450e+00 | 65 -0.02125 -1.39744e+00 | 66 -0.00317 -9.26629e-02
 67 -0.00002 -3.84040e-03 | 68  0.00000  0.00000e+00 | 69 -0.79146  3.87469e+00
 70  0.14387 -9.94032e+01 | 71  0.12205 -4.26335e+02 | 72  0.18171 -6.32643e+00
 73 -0.00151  1.82334e-01 | 74  0.04833  1.50238e+00 | 75  0.13467  6.25361e-01
 76  0.09823  4.69832e+00 | 77  0.16167  7.57474e-01 | 78 -0.03661  2.83377e-03
 79 -0.19128  3.50824e-02 | 80  0.13120 -3.02918e-01 | 81  0.07102 -5.35023e-01
 82  0.12828 -1.54921e+00 | 83  0.00000 -6.92038e-31 | 84  0.02495  3.34171e-01
 85 -0.07281  1.38364e+00 | 86 -0.24272  1.00496e-05 | 87  0.10376 -5.21538e-01
 88  0.72064  2.82761e-01 | 89 -0.16118  3.90590e-01 | 90  0.08405 -1.71981e-01
 91 -0.66510  2.24324e-02 |

Intermediate statistics: 91 variables; iteration 20; function evaluation 29; phase 4
Function value 2.6251513e+02; maximum gradient component mag 7.1214e+02
Var    Value     Gradient |Var    Value     Gradient |Var    Value     Gradient
  1  0.01408 -4.08150e+01 |  2 -0.01373  1.17945e+02 |  3 -0.01856  1.17176e+01
  4 -0.01587  1.12665e+01 |  5 -0.01113  9.64473e+00 |  6 -0.01011  9.41627e+00
  7 -0.00946  9.14537e+00 |  8 -0.00154  7.68767e+00 |  9  0.00075  8.57111e+00
 10  0.00241  1.02935e+01 | 11  0.00048  1.35098e+01 | 12 -0.00640  1.70981e+01
 13 -0.01909  1.47058e+01 | 14 -0.01561  1.27154e+01 | 15 -0.01612  1.02603e+01
 16 -0.01185  9.72059e+00 | 17 -0.00050  1.14168e+01 | 18  0.00518  1.30605e+01
 19  0.00797  1.39849e+01 | 20 -0.00251  1.28054e+01 | 21 -0.01639  1.07329e+01
 22 -0.01657  8.94508e+00 | 23 -0.01616  7.04881e+00 | 24 -0.02227  5.70151e+00
 25 -0.00217  5.48796e+00 | 26  0.03179  5.59430e+00 | 27  0.02076  5.56513e+00
 28  0.03329  3.84193e+00 | 29  0.02946  2.44516e+00 | 30  0.01988  2.72804e+00
 31  0.04751  1.49062e+00 | 32  0.08374 -2.81694e+00 | 33  0.01411  4.80011e-01
 34  0.02481 -4.04556e+00 | 35  0.02909 -8.17603e+00 | 36  0.03324 -1.19972e+01
 37  0.04748 -2.09101e+01 | 38  0.01321 -1.45330e+01 | 39 -0.01066 -1.12531e+01
 40 -0.01241 -1.20838e+01 | 41 -0.01657 -1.20780e+01 | 42 -0.00861 -1.42560e+01
 43  0.00531 -1.66586e+01 | 44  0.00284 -1.38064e+01 | 45  0.00737 -1.07658e+01
 46  0.00210 -6.34088e+00 | 47  0.00235 -4.36308e+00 | 48  0.01048 -5.49213e+00
 49 -0.02128 -2.53533e+00 | 50 -0.03818 -1.40487e+00 | 51 -0.03063 -2.58474e+00
 52 -0.01558 -4.15272e+00 | 53 -0.00423 -4.40493e+00 | 54 -0.00434 -2.23896e+00
 55 -0.02159  1.60730e+00 | 56 -0.02997  3.49347e+00 | 57 -0.02060  3.55047e+00
 58 -0.00738  2.23080e+00 | 59  0.00157  1.66769e+00 | 60 -0.02025  2.83564e+00
 61 -0.01117  3.37699e+00 | 62 -0.01397  4.83930e+00 | 63 -0.00791  5.89149e+00
 64 -0.01812  6.69476e+00 | 65 -0.02023  6.71918e+00 | 66 -0.00305 -1.28554e-01
 67 -0.00002 -1.92618e-03 | 68  0.00000  0.00000e+00 | 69 -0.79231  1.28060e+02
 70  0.15847  5.59794e+01 | 71  0.11864  1.35212e+02 | 72  0.18423 -6.19965e+01
 73 -0.00162 -8.01142e-06 | 74  0.05172  3.90566e+00 | 75  0.13583  2.64677e+02
 76  0.09805  7.12139e+02 | 77  0.16095  3.91692e+01 | 78 -0.03593 -1.77514e-04
 79 -0.19620  1.03179e+01 | 80  0.13630  1.50640e+01 | 81  0.07774  4.77826e-02
 82  0.12898 -2.46185e+01 | 83  0.00000  9.44389e-31 | 84  0.02755  8.73183e+00
 85 -0.07042  2.22979e+01 | 86 -0.24272  4.88269e-04 | 87  0.10378 -2.23117e+01
 88  0.71893  3.20088e+00 | 89 -0.15785  2.69661e+00 | 90  0.08749  1.17089e+01
 91 -0.66126 -1.77896e+00 |
91 variables; iteration 40; function evaluation 54; phase 4
Function value 2.6227790e+02; maximum gradient component mag -6.5975e+02
Var    Value     Gradient |Var    Value     Gradient |Var    Value     Gradient
  1  0.01437 -6.59754e+02 |  2 -0.01429 -5.96064e+01 |  3 -0.02312  3.06711e+00
  4 -0.01973  2.42759e+00 |  5 -0.01364  1.14765e+00 |  6 -0.01218  8.59451e-01
  7 -0.01134  3.83837e-01 |  8 -0.00169 -9.20896e-01 |  9  0.00019 -1.52513e+00
 10  0.00103 -2.08299e+00 | 11 -0.00237 -1.38976e+00 | 12 -0.01041  1.67373e+00
 13 -0.01870  8.23378e+00 | 14 -0.01524  7.27853e+00 | 15 -0.01568  6.19944e+00
 16 -0.01136  5.82200e+00 | 17 -0.00006  6.17651e+00 | 18  0.00605  7.03081e+00
 19  0.00894  6.76000e+00 | 20 -0.00238  5.24906e+00 | 21 -0.01695  4.25701e+00
 22 -0.01634  4.52059e+00 | 23 -0.01511  4.62548e+00 | 24 -0.02189  3.44455e+00
 25 -0.00191  7.44206e-01 | 26  0.03139 -3.52318e+00 | 27  0.01992 -9.56434e-01
 28  0.03375 -2.67693e-01 | 29  0.02946  2.18350e-01 | 30  0.01744  4.04362e-01
 31  0.05166 -1.26251e+00 | 32  0.07859 -1.11313e+01 | 33  0.01615 -9.00499e-02
 34  0.02540 -3.04481e+00 | 35  0.02699 -5.68130e+00 | 36  0.03646 -5.55156e+00
 37  0.04537 -1.27128e+01 | 38  0.01553 -5.06860e+00 | 39 -0.00966 -2.52515e+00
 40 -0.01122 -3.75074e+00 | 41 -0.01623 -6.30214e+00 | 42 -0.00958 -1.13000e+01
 43  0.00420 -1.46844e+01 | 44  0.00281 -1.01010e+01 | 45  0.00741 -6.25902e+00
 46  0.00201 -2.70381e+00 | 47  0.00186 -2.37538e+00 | 48  0.00969 -4.84085e+00
 49 -0.02161 -1.07378e+00 | 50 -0.03792  1.74524e+00 | 51 -0.03022  1.64115e+00
 52 -0.01521  1.94406e-01 | 53 -0.00425 -1.18988e+00 | 54 -0.00399  5.04877e-01
 55 -0.02118  4.42237e+00 | 56 -0.02944  6.68866e+00 | 57 -0.02056  6.04788e+00
 58 -0.00764  2.98657e+00 | 59  0.00025 -7.85731e-01 | 60 -0.02155  1.76568e-02
 61 -0.01285 -2.35330e-01 | 62 -0.01514  3.01726e+00 | 63 -0.00863  6.03024e+00
 64 -0.01826  8.99042e+00 | 65 -0.02016  9.87994e+00 | 66 -0.00298  2.19424e-02
 67 -0.00001  1.31891e-03 | 68  0.00000  0.00000e+00 | 69 -0.79268 -6.68226e+01
 70  0.15766  3.89867e+00 | 71  0.11882  2.39498e+01 | 72  0.18451 -1.21370e+00
 73 -0.02140 -1.05656e-04 | 74  0.05198 -1.96493e+00 | 75  0.13654  3.52120e+01
 76  0.09775  3.73282e+01 | 77  0.16124 -2.45284e+01 | 78  0.02255  1.11321e-04
 79 -0.19401 -4.42179e+00 | 80  0.13562  2.83645e+00 | 81  0.08023  1.64942e-01
 82  0.12886 -4.14986e+00 | 83 -0.00000  4.54564e-31 | 84  0.02665 -1.00018e+00
 85 -0.07347  3.28749e+00 | 86 -0.24266  1.52629e-04 | 87  0.10263 -5.50157e+00
 88  0.72727  2.34488e+00 | 89 -0.15898  1.59995e+00 | 90  0.08612  1.31279e+00
 91 -0.66370 -1.12317e+00 |
91 variables; iteration 60; function evaluation 82; phase 4
Function value 2.6206870e+02; maximum gradient component mag -1.5764e+02
Var    Value     Gradient |Var    Value     Gradient |Var    Value     Gradient
  1  0.01461 -1.57638e+02 |  2 -0.01413 -6.37691e+00 |  3 -0.02785 -1.02875e+00
  4 -0.02329 -5.14858e-01 |  5 -0.01622 -8.39767e-01 |  6 -0.01498 -1.18033e+00
  7 -0.01345 -7.77955e-01 |  8 -0.00242 -7.13620e-01 |  9 -0.00007 -9.18666e-01
 10  0.00139 -1.24456e+00 | 11 -0.00270 -1.52580e+00 | 12 -0.01352 -9.78471e-01
 13 -0.01883  1.14528e+00 | 14 -0.01530  1.36474e+00 | 15 -0.01509  1.91272e+00
 16 -0.01027  2.10665e+00 | 17 -0.00028  7.36714e-01 | 18  0.00480  5.38867e-02
 19  0.00857  4.80606e-01 | 20 -0.00285 -2.49514e-02 | 21 -0.01611  6.13003e-01
 22 -0.01700 -2.17201e-01 | 23 -0.01573  1.50134e-01 | 24 -0.02211 -6.49609e-02
 25 -0.00195 -6.24399e-01 | 26  0.03101 -2.52114e+00 | 27  0.02057 -1.72054e+00
 28  0.03244 -1.99805e+00 | 29  0.02991 -3.76645e-01 | 30  0.01947 -4.87373e-02
 31  0.04690 -7.78108e-01 | 32  0.08279 -2.71369e+00 | 33  0.01442  1.90014e-01
 34  0.02354 -1.03325e+00 | 35  0.03032  2.98292e-01 | 36  0.03295 -4.18669e-01
 37  0.04839 -1.93166e+00 | 38  0.01271 -1.45956e+00 | 39 -0.01014 -2.89911e-01
 40 -0.01274 -9.88472e-01 | 41 -0.01599 -2.93841e-01 | 42 -0.00859 -1.37755e+00
 43  0.00503 -2.03517e+00 | 44  0.00415 -1.16160e-01 | 45  0.00780 -4.61180e-01
 46  0.00134 -1.21493e+00 | 47  0.00180 -9.59355e-01 | 48  0.01069 -5.86517e-01
 49 -0.02078  3.53273e-01 | 50 -0.03876 -6.16295e-01 | 51 -0.03141 -9.11046e-01
 52 -0.01510  5.79739e-01 | 53 -0.00372  3.23729e-01 | 54 -0.00468 -7.65455e-01
 55 -0.02204  9.04604e-02 | 56 -0.03031  1.09913e+00 | 57 -0.02063  1.91196e+00
 58 -0.00732  1.49268e+00 | 59  0.00098  5.28871e-01 | 60 -0.02005  1.30523e+00
 61 -0.01113  1.35805e+00 | 62 -0.01410  1.51620e+00 | 63 -0.00880  1.12971e+00
 64 -0.01857  1.83526e+00 | 65 -0.01992  2.61627e+00 | 66 -0.00294  1.00813e-01
 67 -0.00001  7.15609e-03 | 68  0.00000  0.00000e+00 | 69 -0.79182 -6.59505e+00
 70  0.15764 -2.16813e+00 | 71  0.11883  1.28817e+01 | 72  0.18464  1.06581e+01
 73 -0.03030 -1.49628e-04 | 74  0.05099 -1.73245e+00 | 75  0.13840  9.71900e+00
 76  0.09668  2.13639e+01 | 77  0.16134 -3.86658e+00 | 78 -0.09281 -4.61279e-04
 79 -0.19061 -2.64595e-01 | 80  0.13542 -2.29367e+00 | 81  0.07993  5.35779e-02
 82  0.12879  4.28457e+00 | 83  0.00000 -4.87078e-31 | 84  0.02711 -5.54766e-01
 85 -0.07093 -3.95236e+00 | 86 -0.24246 -2.21217e-04 | 87  0.10439  3.65795e+00
 88  0.71659 -1.00319e+00 | 89 -0.15827 -1.97915e+00 | 90  0.08636 -1.57728e+00
 91 -0.66317 -1.61699e-01 |
91 variables; iteration 80; function evaluation 117; phase 4
Function value 2.6204614e+02; maximum gradient component mag 1.4947e+02
Var    Value     Gradient |Var    Value     Gradient |Var    Value     Gradient
  1  0.01469  1.49465e+02 |  2 -0.01436  2.46314e+01 |  3 -0.02753  9.63092e-01
  4 -0.02396  8.48855e-01 |  5 -0.01664  1.17733e+00 |  6 -0.01537  1.09598e+00
  7 -0.01437  1.25448e+00 |  8 -0.00386  1.41111e+00 |  9 -0.00121  1.68766e+00
 10  0.00044  1.75549e+00 | 11 -0.00326  1.82373e+00 | 12 -0.01417  1.86255e+00
 13 -0.01910  2.40076e-01 | 14 -0.01567  3.28647e-01 | 15 -0.01592  2.87718e-01
 16 -0.01169  5.72297e-02 | 17 -0.00025  4.57933e-01 | 18  0.00523  5.88030e-01
 19  0.00775  7.30666e-01 | 20 -0.00260  9.50072e-01 | 21 -0.01674  3.82046e-01
 22 -0.01663  3.43689e-01 | 23 -0.01589  4.58705e-01 | 24 -0.02231  2.00081e-01
 25 -0.00253  5.71142e-01 | 26  0.03167  1.72501e+00 | 27  0.02053  8.74149e-01
 28  0.03318  7.51534e-01 | 29  0.02919  3.09769e-01 | 30  0.01983  5.29504e-02
 31  0.04699  3.47217e-01 | 32  0.08319  1.08231e+00 | 33  0.01377 -1.98261e-01
 34  0.02452 -7.10638e-02 | 35  0.02912  2.27329e-01 | 36  0.03277  5.69728e-01
 37  0.04833  1.42040e+00 | 38  0.01275  4.07926e-01 | 39 -0.01052  3.80955e-01
 40 -0.01255  2.96333e-01 | 41 -0.01645  3.93321e-01 | 42 -0.00850  2.78775e-01
 43  0.00569  3.24090e-01 | 44  0.00333 -5.26894e-02 | 45  0.00755 -9.71614e-02
 46  0.00251  9.33915e-02 | 47  0.00239 -2.27994e-01 | 48  0.01076  1.10681e-01
 49 -0.02141 -6.15115e-01 | 50 -0.03809 -5.89938e-01 | 51 -0.03051 -4.98748e-01
 52 -0.01551 -4.87429e-01 | 53 -0.00409 -4.77546e-01 | 54 -0.00419 -5.20161e-01
 55 -0.02154 -6.91480e-01 | 56 -0.02977 -7.42118e-01 | 57 -0.02099 -1.09575e+00
 58 -0.00716 -6.29661e-01 | 59  0.00146 -9.09342e-01 | 60 -0.01996 -1.01527e+00
 61 -0.01134 -1.38549e+00 | 62 -0.01366 -8.49253e-01 | 63 -0.00804 -1.15231e+00
 64 -0.01832 -1.41453e+00 | 65 -0.02026 -1.54538e+00 | 66 -0.00299  2.34052e-02
 67 -0.00007 -3.85068e-02 | 68  0.00000  0.00000e+00 | 69 -0.79093  2.64550e+01
 70  0.15984  1.82311e+01 | 71  0.11827  6.49221e+01 | 72  0.18496 -5.62426e+00
 73 -0.13570 -6.79977e-04 | 74  0.05160  1.56475e+00 | 75  0.14118  4.55401e+01
 76  0.09540  1.19608e+02 | 77  0.16213  8.31081e+00 | 78 -0.04758 -1.71052e-04
 79 -0.19083  2.41313e+00 | 80  0.13616  5.83105e-01 | 81  0.07903  3.88792e-02
 82  0.12878 -1.10034e+00 | 83  0.00000 -4.48950e-31 | 84  0.02742  3.81195e-01
 85 -0.07080  1.54541e+00 | 86 -0.24188 -1.54061e-05 | 87  0.10424 -1.28007e+00
 88  0.71727  2.95659e-01 | 89 -0.15758  4.95501e-01 | 90  0.08730  2.37360e-01
 91 -0.66174  1.03164e-01 |
91 variables; iteration 100; function evaluation 152; phase 4
Function value 2.6204131e+02; maximum gradient component mag 4.9575e+01
Var    Value     Gradient |Var    Value     Gradient |Var    Value     Gradient
  1  0.01469  2.87821e+01 |  2 -0.01452  9.04335e+00 |  3 -0.02803 -1.23248e-01
  4 -0.02402  4.55147e-02 |  5 -0.01695 -2.74674e-02 |  6 -0.01555 -6.47114e-02
  7 -0.01458 -1.50247e-02 |  8 -0.00385  9.61072e-02 |  9 -0.00147  1.50528e-02
 10  0.00022 -3.11662e-02 | 11 -0.00328  3.29000e-02 | 12 -0.01425  5.27002e-02
 13 -0.01922 -1.92970e-01 | 14 -0.01586 -1.98015e-01 | 15 -0.01612 -1.69924e-01
 16 -0.01168 -2.18948e-01 | 17 -0.00043 -1.52229e-01 | 18  0.00524 -8.86952e-02
 19  0.00788 -1.07067e-01 | 20 -0.00302 -2.06602e-01 | 21 -0.01645  1.04184e-01
 22 -0.01667 -1.53860e-01 | 23 -0.01601 -5.39834e-02 | 24 -0.02232  1.07675e-02
 25 -0.00234  7.04702e-02 | 26  0.03155  1.13682e-01 | 27  0.02071  8.25479e-02
 28  0.03311  8.88639e-02 | 29  0.02937  1.53249e-01 | 30  0.01977  6.52694e-02
 31  0.04699  1.40509e-01 | 32  0.08335  2.91961e-01 | 33  0.01365  9.18415e-02
 34  0.02465  1.65683e-01 | 35  0.02911  1.30213e-01 | 36  0.03263  1.14844e-01
 37  0.04811  3.24858e-01 | 38  0.01305  3.11047e-01 | 39 -0.01084  6.94110e-02
 40 -0.01248  1.39665e-01 | 41 -0.01641  2.15082e-01 | 42 -0.00848  4.76322e-02
 43  0.00564  1.53291e-01 | 44  0.00339  1.44280e-01 | 45  0.00766  8.07835e-02
 46  0.00232  5.11987e-02 | 47  0.00263  4.25997e-02 | 48  0.01062 -1.77458e-04
 49 -0.02114  6.30876e-02 | 50 -0.03816 -7.52029e-02 | 51 -0.03053 -1.91513e-02
 52 -0.01540  3.11656e-02 | 53 -0.00411 -4.82131e-02 | 54 -0.00407  7.09802e-02
 55 -0.02167 -2.07128e-01 | 56 -0.02972 -2.01532e-02 | 57 -0.02062 -8.12052e-02
 58 -0.00735 -1.12711e-01 | 59  0.00157 -1.01819e-01 | 60 -0.02013 -1.93510e-01
 61 -0.01086 -6.80466e-02 | 62 -0.01391 -2.10734e-01 | 63 -0.00798 -2.18157e-01
 64 -0.01824 -1.17902e-01 | 65 -0.02049 -3.37316e-01 | 66 -0.00303  1.30195e-02
 67  0.00005  5.17744e-02 | 68  0.00000  0.00000e+00 | 69 -0.79069  1.03795e+01
 70  0.16155  3.89422e+00 | 71  0.11779  1.59171e+01 | 72  0.18541 -4.98917e-01
 73 -0.32028 -1.72896e-03 | 74  0.05183  7.55032e-02 | 75  0.14227  1.86939e+01
 76  0.09490  4.95749e+01 | 77  0.16251  3.53619e+00 | 78 -0.00262  2.35136e-02
 79 -0.19083  1.07562e+00 | 80  0.13644  1.82516e-01 | 81  0.07863  2.68884e-02
 82  0.12884 -2.43095e-01 | 83  0.00000 -5.98498e-31 | 84  0.02748 -8.14562e-02
 85 -0.07073  3.20296e-01 | 86 -0.24104 -2.71377e-05 | 87  0.10427 -3.90977e-01
 88  0.71687  6.32631e-02 | 89 -0.15726  1.31969e-01 | 90  0.08736 -8.06199e-02
 91 -0.66191 -1.00420e-01 |
91 variables; iteration 120; function evaluation 176; phase 4
Function value 2.6203879e+02; maximum gradient component mag 5.0726e+00
Var    Value     Gradient |Var    Value     Gradient |Var    Value     Gradient
  1  0.01469  1.31103e+00 |  2 -0.01450 -2.94960e-01 |  3 -0.02795  8.42139e-03
  4 -0.02411  1.48789e-02 |  5 -0.01698  1.35413e-02 |  6 -0.01553  1.41759e-02
  7 -0.01462  1.93823e-02 |  8 -0.00402  2.13398e-02 |  9 -0.00155  1.98277e-02
 10  0.00018  2.35604e-02 | 11 -0.00339  2.43306e-02 | 12 -0.01431  2.69167e-02
 13 -0.01923 -6.96050e-03 | 14 -0.01588 -7.24590e-03 | 15 -0.01619 -6.68305e-03
 16 -0.01168 -7.51550e-04 | 17 -0.00046 -1.11338e-03 | 18  0.00523  2.32540e-03
 19  0.00786  9.27833e-03 | 20 -0.00297  6.17183e-03 | 21 -0.01669  5.15175e-03
 22 -0.01650  6.49876e-03 | 23 -0.01597  4.23572e-03 | 24 -0.02243  8.10146e-03
 25 -0.00242  1.80273e-02 | 26  0.03167  3.14426e-02 | 27  0.02079  1.88736e-02
 28  0.03311  1.88876e-02 | 29  0.02927  1.63820e-02 | 30  0.01982  4.97613e-03
 31  0.04700  1.47952e-02 | 32  0.08337  3.04514e-02 | 33  0.01359 -4.60289e-04
 34  0.02456  4.92739e-03 | 35  0.02912  8.27696e-03 | 36  0.03269  1.08088e-02
 37  0.04810  2.80982e-02 | 38  0.01284  1.65418e-02 | 39 -0.01082  4.39035e-03
 40 -0.01246  8.63976e-03 | 41 -0.01643  6.96857e-03 | 42 -0.00835  3.88210e-03
 43  0.00556  6.26815e-03 | 44  0.00342  3.02810e-03 | 45  0.00769  1.97888e-03
 46  0.00231 -8.39722e-04 | 47  0.00263 -2.85051e-03 | 48  0.01070  3.91881e-04
 49 -0.02122 -5.47922e-03 | 50 -0.03812 -1.10810e-02 | 51 -0.03053 -7.82026e-03
 52 -0.01542 -5.59943e-03 | 53 -0.00405 -4.33762e-03 | 54 -0.00418 -6.81794e-03
 55 -0.02152 -1.52531e-02 | 56 -0.02976 -1.70931e-02 | 57 -0.02059 -1.38505e-02
 58 -0.00731 -1.85977e-02 | 59  0.00156 -1.64736e-02 | 60 -0.02006 -2.15155e-02
 61 -0.01092 -2.06282e-02 | 62 -0.01384 -2.33117e-02 | 63 -0.00789 -2.74558e-02
 64 -0.01831 -2.79920e-02 | 65 -0.02039 -3.14330e-02 | 66 -0.00306  5.10665e-04
 67 -0.00001  7.78282e-04 | 68  0.00000  0.00000e+00 | 69 -0.79006 -3.52117e-01
 70  0.16230  1.25040e+00 | 71  0.11759  5.07259e+00 | 72  0.18561 -1.50984e-01
 73 -0.38646 -2.18199e-03 | 74  0.05196  1.31311e-02 | 75  0.14544 -5.27544e-01
 76  0.09338 -1.41149e+00 | 77  0.16366 -1.85209e-01 | 78 -0.02975 -2.17838e-04
 79 -0.19093 -2.10170e-02 | 80  0.13646  3.43688e-02 | 81  0.07743  8.26494e-03
 82  0.12883 -5.03387e-02 | 83  0.00000 -7.30051e-31 | 84  0.02754  2.21198e-04
 85 -0.07066  2.61273e-02 | 86 -0.24031 -5.70500e-06 | 87  0.10431 -2.70317e-02
 88  0.71669  4.82079e-03 | 89 -0.15719  1.13549e-02 | 90  0.08745  3.95092e-03
 91 -0.66172 -1.01471e-02 |
91 variables; iteration 140; function evaluation 197; phase 4
Function value 2.6203857e+02; maximum gradient component mag 3.1459e+00
Var    Value     Gradient |Var    Value     Gradient |Var    Value     Gradient
  1  0.01469 -2.87246e+00 |  2 -0.01450 -1.21175e+00 |  3 -0.02796 -1.68875e-02
  4 -0.02412 -1.04939e-02 |  5 -0.01698 -1.35786e-02 |  6 -0.01553 -1.33876e-02
  7 -0.01462 -1.21038e-02 |  8 -0.00402 -1.35196e-02 |  9 -0.00156 -2.07896e-02
 10  0.00018 -1.85577e-02 | 11 -0.00339 -2.17680e-02 | 12 -0.01432 -2.51182e-02
 13 -0.01923 -1.02184e-02 | 14 -0.01588 -1.20336e-02 | 15 -0.01619 -9.78336e-03
 16 -0.01168 -3.62223e-03 | 17 -0.00046 -9.32161e-03 | 18  0.00523 -1.34554e-02
 19  0.00786 -1.57775e-02 | 20 -0.00297 -1.68762e-02 | 21 -0.01669 -1.17031e-02
 22 -0.01650 -6.11046e-03 | 23 -0.01597 -9.54560e-03 | 24 -0.02243 -4.99236e-04
 25 -0.00242 -8.73184e-03 | 26  0.03167 -1.55011e-02 | 27  0.02079 -8.34324e-03
 28  0.03311 -8.39810e-03 | 29  0.02927 -4.86546e-03 | 30  0.01982 -7.88630e-04
 31  0.04699 -8.04774e-04 | 32  0.08338  2.00826e-03 | 33  0.01358  1.66575e-04
 34  0.02456  5.32865e-03 | 35  0.02913  4.47958e-03 | 36  0.03269  3.03029e-03
 37  0.04810  4.21071e-03 | 38  0.01284  8.49188e-03 | 39 -0.01081  6.38661e-03
 40 -0.01246  9.16450e-03 | 41 -0.01644  2.48225e-04 | 42 -0.00834  6.79325e-03
 43  0.00556  8.39342e-03 | 44  0.00342  8.75929e-03 | 45  0.00769  8.79002e-03
 46  0.00231  5.15995e-03 | 47  0.00263  2.42624e-03 | 48  0.01070  2.55800e-03
 49 -0.02122  6.55741e-03 | 50 -0.03812  3.37130e-03 | 51 -0.03053  2.14077e-03
 52 -0.01542  1.88755e-03 | 53 -0.00405  3.48886e-03 | 54 -0.00418  6.83300e-03
 55 -0.02152  2.10230e-03 | 56 -0.02976 -6.04279e-04 | 57 -0.02058  4.38413e-03
 58 -0.00731 -4.57819e-03 | 59  0.00156  5.52220e-03 | 60 -0.02006  6.11290e-03
 61 -0.01092  9.32821e-03 | 62 -0.01384  6.75286e-03 | 63 -0.00788  5.16524e-03
 64 -0.01831  7.39310e-03 | 65 -0.02039  4.46901e-03 | 66 -0.00307 -1.48495e-03
 67 -0.00002 -3.98864e-04 | 68  0.00000  0.00000e+00 | 69 -0.79007 -1.36374e+00
 70  0.16238  7.21149e-01 | 71  0.11756  3.14591e+00 | 72  0.18563  1.01903e-02
 73 -0.26767 -1.40466e-03 | 74  0.05197 -1.65880e-02 | 75  0.14540 -2.76202e-01
 76  0.09339 -1.48364e+00 | 77  0.16365 -5.53205e-01 | 78 -0.01131 -6.39805e-03
 79 -0.19092 -1.13950e-01 | 80  0.13648 -1.72316e-02 | 81  0.06964 -2.20780e-02
 82  0.12884 -1.78744e-03 | 83  0.00000 -6.58581e-31 | 84  0.02754 -9.89590e-03
 85 -0.07065 -1.14225e-02 | 86 -0.23369  3.01206e-04 | 87  0.10432  2.67811e-03
 88  0.71668 -4.56255e-03 | 89 -0.15718 -7.06043e-03 | 90  0.08746 -9.86265e-03
 91 -0.66172 -4.55173e-03 |
91 variables; iteration 160; function evaluation 218; phase 4
Function value 2.6203835e+02; maximum gradient component mag 1.9732e-03
Var    Value     Gradient |Var    Value     Gradient |Var    Value     Gradient
  1  0.01469 -2.64152e-04 |  2 -0.01450 -5.88200e-05 |  3 -0.02796  2.60404e-06
  4 -0.02412 -1.10227e-06 |  5 -0.01698  5.05268e-07 |  6 -0.01554  3.18792e-07
  7 -0.01464 -4.03501e-07 |  8 -0.00404 -9.28484e-07 |  9 -0.00156  1.07818e-06
 10  0.00017 -9.22811e-07 | 11 -0.00340 -4.99359e-07 | 12 -0.01432 -2.90105e-07
 13 -0.01924  2.29320e-06 | 14 -0.01589  4.29561e-06 | 15 -0.01619  4.16189e-06
 16 -0.01169  2.30978e-07 | 17 -0.00047  3.38728e-06 | 18  0.00523  3.21594e-06
 19  0.00785 -5.80368e-07 | 20 -0.00297  1.68227e-06 | 21 -0.01669  4.94643e-08
 22 -0.01651 -1.38023e-07 | 23 -0.01597  1.42389e-06 | 24 -0.02244 -2.02609e-06
 25 -0.00242 -3.29720e-06 | 26  0.03167 -1.39840e-06 | 27  0.02079 -3.02652e-06
 28  0.03311 -2.16931e-06 | 29  0.02927 -4.92306e-06 | 30  0.01982 -1.28241e-06
 31  0.04699 -3.62064e-06 | 32  0.08338 -6.75599e-06 | 33  0.01359 -1.28065e-06
 34  0.02456 -4.05296e-06 | 35  0.02912 -2.94086e-06 | 36  0.03269 -1.80809e-06
 37  0.04810 -3.72626e-06 | 38  0.01284 -4.32551e-06 | 39 -0.01081 -1.53262e-06
 40 -0.01246 -3.47335e-06 | 41 -0.01643 -5.18224e-07 | 42 -0.00835  8.62774e-07
 43  0.00556  6.84537e-07 | 44  0.00342 -8.28917e-07 | 45  0.00769 -6.54869e-07
 46  0.00231  4.02994e-07 | 47  0.00264  1.47387e-06 | 48  0.01071  1.80445e-06
 49 -0.02122 -4.19399e-07 | 50 -0.03812  1.92855e-06 | 51 -0.03053  6.47753e-07
 52 -0.01542 -5.72488e-07 | 53 -0.00405 -1.33352e-07 | 54 -0.00418  3.36305e-07
 55 -0.02151  3.18279e-06 | 56 -0.02975  2.55427e-06 | 57 -0.02058 -1.70408e-06
 58 -0.00730  3.12046e-06 | 59  0.00156  1.64607e-06 | 60 -0.02006  3.29349e-06
 61 -0.01092  1.81117e-06 | 62 -0.01383  3.75772e-06 | 63 -0.00788  4.07884e-06
 64 -0.01831  1.86636e-06 | 65 -0.02039  2.45271e-06 | 66 -0.00307  9.40226e-08
 67 -0.00002 -3.61118e-07 | 68  0.00000  0.00000e+00 | 69 -0.79006 -6.70656e-05
 70  0.16257 -3.25458e-05 | 71  0.11751 -1.13138e-04 | 72  0.18569  1.85316e-05
 73  0.00001  4.10943e-08 | 74  0.05201  9.30677e-07 | 75  0.14541  9.72051e-04
 76  0.09338  1.97317e-03 | 77  0.16365 -1.73254e-05 | 78 -0.01057 -2.67956e-06
 79 -0.19096 -9.69485e-06 | 80  0.13648 -8.88396e-06 | 81  0.07395 -1.15700e-06
 82  0.12883  1.02552e-05 | 83  0.00000 -7.39159e-31 | 84  0.02755  2.15155e-06
 85 -0.07065 -4.30138e-06 | 86 -0.24015 -6.25654e-08 | 87  0.10432  9.35797e-06
 88  0.71667 -1.09053e-06 | 89 -0.15717 -1.74889e-06 | 90  0.08747  2.02950e-06
 91 -0.66170  3.41101e-06 |

Function minimizer: Step size too small -- ialph=1

 - final statistics:
91 variables; iteration 163; function evaluation 221
Function value 2.6204e+02; maximum gradient component mag 2.0708e-03
Exit code = 3;  converg criter 1.0000e-04
Var    Value     Gradient |Var    Value     Gradient |Var    Value     Gradient
  1  0.01469  1.18054e-03 |  2 -0.01450  4.96758e-04 |  3 -0.02796  3.83578e-06
  4 -0.02412  3.03794e-06 |  5 -0.01698  3.68007e-06 |  6 -0.01554  3.78342e-06
  7 -0.01464  3.56644e-06 |  8 -0.00404  4.64963e-06 |  9 -0.00156  5.54012e-06
 10  0.00017  5.46296e-06 | 11 -0.00340  6.31337e-06 | 12 -0.01432  6.49255e-06
 13 -0.01924  2.31473e-06 | 14 -0.01589  2.48660e-06 | 15 -0.01619  2.17794e-06
 16 -0.01169  1.27223e-06 | 17 -0.00047  2.35987e-06 | 18  0.00523  3.21915e-06
 19  0.00785  4.21375e-06 | 20 -0.00297  4.27794e-06 | 21 -0.01669  2.87140e-06
 22 -0.01651  1.68475e-06 | 23 -0.01597  2.17110e-06 | 24 -0.02244  8.59240e-07
 25 -0.00242  2.85384e-06 | 26  0.03167  4.50726e-06 | 27  0.02079  2.38599e-06
 28  0.03311  1.99348e-06 | 29  0.02927  1.35328e-06 | 30  0.01982  1.60152e-07
 31  0.04699  6.78200e-07 | 32  0.08338  1.28782e-06 | 33  0.01359 -9.50182e-08
 34  0.02456 -7.68628e-07 | 35  0.02912 -8.35610e-07 | 36  0.03269 -3.57086e-07
 37  0.04810  6.63112e-08 | 38  0.01284 -9.54759e-07 | 39 -0.01081 -9.06879e-07
 40 -0.01246 -1.51645e-06 | 41 -0.01643 -1.58568e-07 | 42 -0.00835 -1.59669e-06
 43  0.00556 -1.80169e-06 | 44  0.00342 -1.59164e-06 | 45  0.00769 -1.31391e-06
 46  0.00231 -8.44798e-07 | 47  0.00264 -5.53111e-07 | 48  0.01071 -2.16968e-07
 49 -0.02122 -1.41205e-06 | 50 -0.03812 -1.35183e-06 | 51 -0.03053 -1.04234e-06
 52 -0.01542 -8.61362e-07 | 53 -0.00405 -1.18219e-06 | 54 -0.00418 -1.62186e-06
 55 -0.02151 -1.58033e-06 | 56 -0.02975 -8.55528e-07 | 57 -0.02058 -2.20316e-06
 58 -0.00730 -4.42614e-07 | 59  0.00156 -2.22635e-06 | 60 -0.02006 -2.41897e-06
 61 -0.01092 -2.73667e-06 | 62 -0.01383 -2.31439e-06 | 63 -0.00788 -2.56949e-06
 64 -0.01831 -2.72564e-06 | 65 -0.02039 -2.55805e-06 | 66 -0.00307  2.46737e-07
 67 -0.00002  3.80420e-07 | 68  0.00000  0.00000e+00 | 69 -0.79006  5.60351e-04
 70  0.16257 -1.12084e-05 | 71  0.11751 -7.23656e-05 | 72  0.18569 -8.98924e-06
 73  0.00001  4.43371e-08 | 74  0.05201  3.56111e-06 | 75  0.14541  8.27428e-04
 76  0.09338  2.07080e-03 | 77  0.16365  2.15166e-04 | 78 -0.01057  1.01491e-06
 79 -0.19096  5.18427e-05 | 80  0.13648 -3.61285e-09 | 81  0.07395 -1.90958e-06
 82  0.12883 -1.65391e-06 | 83  0.00000 -7.39146e-31 | 84  0.02755  1.78169e-06
 85 -0.07065  3.19547e-06 | 86 -0.24015  2.07068e-08 | 87  0.10432 -2.02280e-06
 88  0.71667  9.04738e-07 | 89 -0.15717  1.84874e-06 | 90  0.08747  1.98054e-06
 91 -0.66170  5.53396e-07 |
size of file gradfil1.tmp = 0
size of file gradfil2.tmp = 0
size of file varssave.tmp = 0
size of file cmpdiff.tmp = 0
