
Initial statistics: 6 variables; iteration 0; function evaluation 0; phase 1
Function value 2.4068162e+06; maximum gradient component mag -2.2382e+08
Var    Value     Gradient |Var    Value     Gradient |Var    Value     Gradient
  1  0.04479 -2.23824e+08 |  2 -0.01383 -1.55625e+06 |  3  0.00000 -1.03761e+01
  4  0.00000 -1.26787e-01 |  5  0.00000  0.00000e+00 |  6 -0.77590  4.06205e+04

Intermediate statistics: 6 variables; iteration 20; function evaluation 38; phase 1
Function value 3.9762388e+02; maximum gradient component mag -2.0860e+04
Var    Value     Gradient |Var    Value     Gradient |Var    Value     Gradient
  1  0.05136 -2.08600e+04 |  2 -0.13282 -1.84299e+03 |  3 580.0035  2.92979e+00
  4 -905.9923  5.79416e+00 |  5  0.00000  0.00000e+00 |  6 -0.64927 -9.29211e+02
6 variables; iteration 40; function evaluation 68; phase 1
Function value 3.2309794e+02; maximum gradient component mag -2.3772e+03
Var    Value     Gradient |Var    Value     Gradient |Var    Value     Gradient
  1  0.06681 -2.37721e+03 |  2 -0.08655 -1.30209e+03 |  3 579.9914 -6.34260e+00
  4 -906.0156 -1.18123e+01 |  5  0.00000  0.00000e+00 |  6 -0.74925 -1.03970e+03

 - final statistics:
6 variables; iteration 53; function evaluation 82
Function value 3.1538e+02; maximum gradient component mag 3.3158e+00
Exit code = 1;  converg criter 1.0000e+01
Var    Value     Gradient |Var    Value     Gradient |Var    Value     Gradient
  1  0.06816  3.31578e+00 |  2 -0.02235  2.23230e+00 |  3 580.0000  1.46343e-01
  4 -905.9997  2.59905e-01 |  5  0.00000  0.00000e+00 |  6 -0.80887  2.44047e+00

Initial statistics: 60 variables; iteration 0; function evaluation 0; phase 2
Function value 3.1538469e+02; maximum gradient component mag -3.9659e+02
Var    Value     Gradient |Var    Value     Gradient |Var    Value     Gradient
  1  0.06816  3.31578e+00 |  2 -0.02235  2.23230e+00 |  3  0.00000  1.00918e+02
  4  0.00000  1.02002e+02 |  5  0.00000  9.89760e+01 |  6  0.00000  9.64013e+01
  7  0.00000  9.66019e+01 |  8  0.00000  1.05721e+02 |  9  0.00000  1.16984e+02
 10  0.00000  1.31907e+02 | 11  0.00000  1.30126e+02 | 12  0.00000  1.10063e+02
 13  0.00000  8.15321e+01 | 14  0.00000  2.74161e+01 | 15  0.00000 -4.32655e+01
 16  0.00000 -1.01214e+02 | 17  0.00000 -1.60225e+02 | 18  0.00000 -2.26792e+02
 19  0.00000 -2.87600e+02 | 20  0.00000 -3.53122e+02 | 21  0.00000 -3.96594e+02
 22  0.00000 -3.83602e+02 | 23  0.00000 -3.69221e+02 | 24  0.00000 -3.60673e+02
 25  0.00000 -3.28732e+02 | 26  0.00000 -2.84248e+02 | 27  0.00000 -1.91622e+02
 28  0.00000 -9.22925e+01 | 29  0.00000 -2.20205e+01 | 30  0.00000  1.26233e+01
 31  0.00000  9.85010e+00 | 32  0.00000 -8.65182e+00 | 33  0.00000 -1.12873e+01
 34  0.00000  1.08504e+01 | 35  0.00000  4.16254e+01 | 36  0.00000  6.46008e+01
 37  0.00000  8.17359e+01 | 38  0.00000  1.21949e+02 | 39  0.00000  1.77659e+02
 40  0.00000  1.89423e+02 | 41  0.00000  1.77409e+02 | 42  0.00000  1.58493e+02
 43  0.00000  1.55674e+02 | 44  0.00000  1.64934e+02 | 45  0.00000  1.96977e+02
 46  0.00000  1.86892e+02 | 47  0.00000  1.52665e+02 | 48  0.00000  1.17085e+02
 49  0.00000  1.08485e+02 | 50  0.00000  9.86339e+01 | 51  0.00000  8.12891e+01
 52  0.00000  5.49401e+01 | 53  0.00000  2.95395e+01 | 54  0.00000  1.62456e+01
 55  0.00000  1.29335e+01 | 56 -0.00004  1.46343e-01 | 57 -0.00034 -2.59905e-01
 58  0.00000  0.00000e+00 | 59 -0.80887  2.44047e+00 | 60  0.10797  1.72205e+02

Intermediate statistics: 60 variables; iteration 20; function evaluation 34; phase 2
Function value 2.4612688e+02; maximum gradient component mag -1.8216e+03
Var    Value     Gradient |Var    Value     Gradient |Var    Value     Gradient
  1  0.04895 -1.82164e+03 |  2  0.00673 -1.38262e+03 |  3 -0.04941 -4.77247e+01
  4 -0.03061 -3.53846e+01 |  5 -0.00779 -1.66291e+01 |  6  0.01166  6.05903e+00
  7  0.02505  2.66553e+01 |  8  0.02096  3.09649e+01 |  9  0.01414  2.00995e+01
 10 -0.00605 -3.40181e+00 | 11 -0.01170 -2.00133e+01 | 12 -0.01129 -3.17163e+01
 13 -0.03073 -4.17468e+01 | 14 -0.01577 -3.16096e+01 | 15  0.02968 -1.47805e+01
 16  0.02217 -2.41418e+01 | 17  0.00659 -4.53393e+01 | 18  0.02442 -5.75174e+01
 19 -0.02396 -6.51891e+01 | 20  0.02477 -3.88352e+01 | 21  0.09952 -3.67472e+01
 22 -0.01070 -5.33304e+01 | 23 -0.03299 -6.81930e+01 | 24  0.06158 -4.50591e+01
 25 -0.01589 -5.27451e+01 | 26  0.08770 -4.71556e+01 | 27 -0.00836 -6.68326e+01
 28 -0.05161 -8.82674e+01 | 29 -0.03052 -8.44080e+01 | 30 -0.01800 -6.90067e+01
 31  0.00046 -4.79441e+01 | 32  0.01686 -2.89408e+01 | 33  0.01818 -1.44206e+01
 34  0.00732 -5.11277e-01 | 35 -0.00073  1.45388e+01 | 36  0.00718  4.18871e+01
 37  0.02124  7.30986e+01 | 38  0.00760  7.37820e+01 | 39 -0.02384  5.03291e+01
 40 -0.01936  6.28781e+01 | 41 -0.00325  9.34059e+01 | 42  0.01269  1.21715e+02
 43  0.01130  1.17977e+02 | 44  0.00242  9.56625e+01 | 45 -0.02683  5.52791e+01
 46 -0.02218  5.52145e+01 | 47 -0.00345  7.11311e+01 | 48  0.01765  8.42714e+01
 49  0.00614  5.91196e+01 | 50 -0.00423  2.77010e+01 | 51 -0.01209 -2.52458e+00
 52 -0.01482 -2.46447e+01 | 53 -0.01844 -3.59792e+01 | 54 -0.02774 -3.89588e+01
 55 -0.02728 -3.52618e+01 | 56 -0.00067 -2.70213e-01 | 57  0.00033  2.48972e-01
 58  0.00000  0.00000e+00 | 59 -0.80378 -1.77433e+03 | 60  0.08473 -1.31107e+02
60 variables; iteration 40; function evaluation 62; phase 2
Function value 2.2378828e+02; maximum gradient component mag -7.5250e+02
Var    Value     Gradient |Var    Value     Gradient |Var    Value     Gradient
  1  0.04417 -7.52495e+02 |  2  0.00879 -3.66877e+02 |  3 -0.02319  1.81985e+01
  4 -0.01624  2.20950e+01 |  5 -0.00704  2.51050e+01 |  6 -0.00304  2.11429e+01
  7  0.00266  1.94437e+01 |  8  0.00354  2.35168e+01 |  9 -0.00311  2.51604e+01
 10 -0.01208  3.09864e+01 | 11 -0.01207  3.47295e+01 | 12 -0.01011  3.42262e+01
 13 -0.02078  2.68558e+01 | 14 -0.01299  2.75779e+01 | 15  0.01776  4.15581e+01
 16  0.02065  4.87362e+01 | 17  0.02194  5.28615e+01 | 18  0.02915  4.51378e+01
 19  0.01287  1.84620e+01 | 20 -0.00544 -8.85195e+00 | 21  0.08910  2.19681e+01
 22  0.00391 -3.21389e-01 | 23  0.02620  1.16634e+01 | 24  0.04122  1.12157e+00
 25 -0.01012 -2.36733e+01 | 26  0.07245 -1.54481e+01 | 27 -0.01583 -3.06712e+01
 28 -0.00280 -1.56094e+01 | 29 -0.00861 -1.92801e+01 | 30 -0.00217 -2.28232e+01
 31 -0.00574 -4.18433e+01 | 32  0.01416 -5.74520e+01 | 33  0.00180 -5.64073e+01
 34  0.01149 -3.68043e+01 | 35  0.00356 -2.22237e+01 | 36  0.00117 -2.23591e+01
 37  0.01062 -2.93435e+01 | 38 -0.00444 -2.72556e+01 | 39 -0.02352 -1.38364e+01
 40 -0.02332 -1.39247e+01 | 41 -0.01386 -1.71289e+01 | 42 -0.00122 -1.96516e+01
 43 -0.00340 -1.20208e+01 | 44 -0.00634 -3.21375e+00 | 45 -0.03136  1.91931e+00
 46 -0.02839  2.28198e-01 | 47 -0.01570 -3.22345e+00 | 48  0.00384 -7.20740e+00
 49 -0.00894 -4.80661e+00 | 50 -0.01071  1.67447e-01 | 51 -0.00758  5.72821e+00
 52 -0.00564  7.05443e+00 | 53 -0.00742  5.79035e+00 | 54 -0.01235  3.88647e+00
 55 -0.01091  2.96357e+00 | 56 -0.00046 -2.48554e-02 | 57  0.00006  4.77687e-02
 58  0.00000  0.00000e+00 | 59 -0.79590 -5.27474e+02 | 60  0.10134 -4.45129e+01
60 variables; iteration 60; function evaluation 95; phase 2
Function value 2.2135756e+02; maximum gradient component mag -7.0911e+02
Var    Value     Gradient |Var    Value     Gradient |Var    Value     Gradient
  1  0.04375 -7.09111e+02 |  2 -0.00725 -1.41659e+02 |  3 -0.02276  1.28324e+01
  4 -0.01922  1.21744e+01 |  5 -0.01154  1.30023e+01 |  6 -0.00138  1.43596e+01
  7  0.00284  9.73232e+00 |  8  0.00139  8.41221e+00 |  9 -0.00098  9.10237e+00
 10 -0.01328  9.63126e+00 | 11 -0.01317  1.04411e+01 | 12 -0.01249  7.71670e+00
 13 -0.02238  3.98921e+00 | 14 -0.00966  2.81530e+00 | 15  0.01988 -9.06447e+00
 16  0.01841 -1.49042e+01 | 17  0.01506 -1.55378e+01 | 18  0.02327 -1.81721e+01
 19  0.01095 -1.44524e+01 | 20  0.00848 -1.91658e+01 | 21  0.08910 -3.06310e+01
 22 -0.00037 -2.49281e+01 | 23  0.01614 -2.40017e+01 | 24  0.04213 -2.93240e+01
 25 -0.00349 -2.81013e+01 | 26  0.06684 -2.34486e+01 | 27  0.00097 -1.92269e+01
 28 -0.01106 -1.52718e+01 | 29 -0.00860 -1.30963e+01 | 30 -0.00810 -1.12142e+01
 31  0.00036 -9.31972e+00 | 32  0.01473 -6.71069e+00 | 33  0.01482 -5.31919e+00
 34  0.00712 -2.44016e+00 | 35 -0.00099 -7.94484e-01 | 36  0.00199  1.27946e+00
 37  0.01366  3.38617e+00 | 38 -0.00037  7.75294e+00 | 39 -0.02332  1.41637e+01
 40 -0.02420  1.12278e+01 | 41 -0.01132  1.12622e+01 | 42 -0.00043  6.57497e+00
 43 -0.00430  6.73069e+00 | 44 -0.00915  9.01682e+00 | 45 -0.03299  1.13536e+01
 46 -0.02831  1.15681e+01 | 47 -0.01766  8.34595e+00 | 48  0.00499  9.65398e+00
 49 -0.00862  9.26722e+00 | 50 -0.00902  1.23760e+01 | 51 -0.00982  1.11336e+01
 52 -0.00809  1.02684e+01 | 53 -0.00734  1.13868e+01 | 54 -0.01039  1.16290e+01
 55 -0.00863  1.04053e+01 | 56 -0.00029  1.27011e-01 | 57 -0.00097 -7.30190e-01
 58  0.00000  0.00000e+00 | 59 -0.78042 -1.81445e+02 | 60  0.10870  1.15264e+01
Maximum number of function evaluations exceeded

 - final statistics:
60 variables; iteration 63; function evaluation 100
Function value 2.2122e+02; maximum gradient component mag -6.0365e+02
Exit code = 3;  converg criter 1.0000e+01
Var    Value     Gradient |Var    Value     Gradient |Var    Value     Gradient
  1  0.04371 -6.03653e+02 |  2 -0.01045 -1.06879e+02 |  3 -0.02135  1.33211e+01
  4 -0.01986  1.06006e+01 |  5 -0.01062  1.23881e+01 |  6 -0.00409  1.06192e+01
  7  0.00531  9.88080e+00 |  8  0.00070  6.46942e+00 |  9 -0.00147  7.29911e+00
 10 -0.01285  8.78850e+00 | 11 -0.01254  9.70471e+00 | 12 -0.01232  6.26823e+00
 13 -0.02422  9.73703e-01 | 14 -0.00867  2.48914e+00 | 15  0.01907 -9.61689e+00
 16  0.02073 -1.42808e+01 | 17  0.01321 -1.73022e+01 | 18  0.02348 -1.95646e+01
 19  0.01064 -1.53295e+01 | 20  0.00869 -1.90465e+01 | 21  0.08929 -2.93643e+01
 22  0.00067 -2.44869e+01 | 23  0.01314 -2.42493e+01 | 24  0.04281 -2.68758e+01
 25  0.00055 -2.46757e+01 | 26  0.06524 -1.88759e+01 | 27  0.00228 -1.65319e+01
 28 -0.01240 -1.36594e+01 | 29 -0.00908 -9.74634e+00 | 30 -0.00449 -4.85826e+00
 31  0.00004 -6.20000e+00 | 32  0.01151 -5.63045e+00 | 33  0.01842 -1.34876e-01
 34  0.00508 -4.80230e-01 | 35  0.00016  2.31307e+00 | 36  0.00265  3.34603e+00
 37  0.01250  3.61641e+00 | 38  0.00001  8.43473e+00 | 39 -0.02251  1.51160e+01
 40 -0.02427  1.07242e+01 | 41 -0.01257  9.27292e+00 | 42  0.00038  6.19768e+00
 43 -0.00473  5.57084e+00 | 44 -0.00962  7.99223e+00 | 45 -0.03102  1.28527e+01
 46 -0.03043  8.73122e+00 | 47 -0.01656  8.29255e+00 | 48  0.00443  7.97706e+00
 49 -0.00854  8.13481e+00 | 50 -0.00833  1.17130e+01 | 51 -0.01200  8.30802e+00
 52 -0.00601  1.13032e+01 | 53 -0.00773  1.05233e+01 | 54 -0.01273  9.09625e+00
 55 -0.01014  8.78470e+00 | 56 -0.00023  1.72523e-01 | 57  0.00147  1.11391e+00
 58  0.00000  0.00000e+00 | 59 -0.77727 -1.30212e+02 | 60  0.10865  1.01462e+01

Initial statistics: 81 variables; iteration 0; function evaluation 0; phase 3
Function value 2.2121641e+02; maximum gradient component mag -6.0365e+02
Var    Value     Gradient |Var    Value     Gradient |Var    Value     Gradient
  1  0.04371 -6.03653e+02 |  2 -0.01045 -1.06879e+02 |  3 -0.02134  1.37779e+01
  4 -0.01985  1.10574e+01 |  5 -0.01061  1.28451e+01 |  6 -0.00408  1.10762e+01
  7  0.00532  1.03378e+01 |  8  0.00071  6.92647e+00 |  9 -0.00146  7.75616e+00
 10 -0.01284  9.24546e+00 | 11 -0.01253  1.01617e+01 | 12 -0.01231  6.72520e+00
 13 -0.02421  1.43043e+00 | 14 -0.00866  2.94616e+00 | 15  0.01908 -9.16004e+00
 16  0.02074 -1.38240e+01 | 17  0.01322 -1.68453e+01 | 18  0.02349 -1.91078e+01
 19  0.01065 -1.48725e+01 | 20  0.00870 -1.85895e+01 | 21  0.08930 -2.89117e+01
 22  0.00068 -2.40298e+01 | 23  0.01315 -2.37923e+01 | 24  0.04282 -2.64197e+01
 25  0.00056 -2.42186e+01 | 26  0.06525 -1.84212e+01 | 27  0.00229 -1.60749e+01
 28 -0.01239 -1.32025e+01 | 29 -0.00907 -9.28933e+00 | 30 -0.00448 -4.40121e+00
 31  0.00005 -5.74295e+00 | 32  0.01152 -5.17347e+00 | 33  0.01843  3.21985e-01
 34  0.00509 -2.31920e-02 | 35  0.00017  2.77012e+00 | 36  0.00266  3.80308e+00
 37  0.01251  4.07338e+00 | 38  0.00002  8.89178e+00 | 39 -0.02250  1.55728e+01
 40 -0.02426  1.11809e+01 | 41 -0.01256  9.72989e+00 | 42  0.00039  6.65473e+00
 43 -0.00472  6.02788e+00 | 44 -0.00961  8.44923e+00 | 45 -0.03101  1.33092e+01
 46 -0.03042  9.18776e+00 | 47 -0.01655  8.74945e+00 | 48  0.00444  8.43410e+00
 49 -0.00853  8.59183e+00 | 50 -0.00832  1.21700e+01 | 51 -0.01199  8.76499e+00
 52 -0.00600  1.17602e+01 | 53 -0.00772  1.09803e+01 | 54 -0.01272  9.55321e+00
 55 -0.01013  9.24170e+00 | 56 -0.00023  1.72523e-01 | 57  0.00147  1.11391e+00
 58  0.00000  0.00000e+00 | 59 -0.77727 -1.30212e+02 | 60  0.23025 -9.92270e+00
 61  0.09158 -1.97336e+01 | 62  0.19806 -4.58830e+00 | 63 -0.00009  1.93040e-02
 64  0.07403  6.61563e-01 | 65  0.18318 -2.01600e+02 | 66  0.06666 -2.39396e+02
 67  0.17183 -9.48011e+01 | 68  0.00000 -9.69155e-03 | 69 -0.17750 -1.16698e+01
 70  0.15248  1.62711e+01 | 71  0.06876  2.80585e+00 | 72  0.13215 -2.51496e+01
 73  0.00000  1.00863e-29 | 74  0.03670  7.01991e+00 | 75 -0.06462 -4.85520e+00
 76 -0.23261 -2.29377e-04 | 77  0.10581  3.34762e+00 | 78  0.70099 -1.02820e+00
 79 -0.14212 -3.21134e+00 | 80  0.10865  1.01462e+01 | 81 -0.64195 -3.48148e+00

Intermediate statistics: 81 variables; iteration 20; function evaluation 25; phase 3
Function value 2.2062414e+02; maximum gradient component mag 2.6040e+02
Var    Value     Gradient |Var    Value     Gradient |Var    Value     Gradient
  1  0.04447  2.60397e+02 |  2 -0.01048  1.69553e+01 |  3 -0.02404 -4.40130e+00
  4 -0.01986 -5.95984e+00 |  5 -0.01239 -7.50603e+00 |  6 -0.00476 -1.00171e+01
  7  0.00289 -1.24207e+01 |  8  0.00022 -1.19828e+01 |  9 -0.00294 -7.71969e+00
 10 -0.01412 -1.77760e+00 | 11 -0.01407  3.52108e+00 | 12 -0.01182  8.65481e+00
 13 -0.02076  1.17505e+01 | 14 -0.00936  1.89995e+01 | 15  0.02059  2.44189e+01
 16  0.01979  1.57807e+01 | 17  0.01458  6.48925e+00 | 18  0.02054  7.22880e+00
 19  0.01083  9.05174e+00 | 20  0.02234  1.16903e+01 | 21  0.07824  2.69774e+01
 22  0.01827  4.72247e+00 | 23  0.01573  2.11058e-01 | 24  0.03317  1.88468e-01
 25  0.02072  1.36482e+00 | 26  0.05332  1.42651e+01 | 27  0.01008  5.95554e+00
 28 -0.00905  2.94323e+00 | 29 -0.00977  3.04666e+00 | 30 -0.00770  3.11648e+00
 31 -0.00049  8.74990e-01 | 32  0.01197 -6.56359e-01 | 33  0.01604 -6.72845e-01
 34  0.00603 -3.05411e+00 | 35 -0.00156 -4.79936e+00 | 36  0.00075 -5.39171e+00
 37  0.01276 -4.89924e+00 | 38  0.00026 -2.52248e+00 | 39 -0.02498 -5.10267e-01
 40 -0.02419 -3.77899e+00 | 41 -0.01382 -7.65071e+00 | 42 -0.00058 -1.15769e+01
 43 -0.00463 -1.13311e+01 | 44 -0.00972 -9.32687e+00 | 45 -0.03378 -6.03033e+00
 46 -0.03064 -7.17839e+00 | 47 -0.01691 -7.69222e+00 | 48  0.00431 -8.11137e+00
 49 -0.00799 -6.57901e+00 | 50 -0.01061 -5.17200e+00 | 51 -0.01067 -5.15722e+00
 52 -0.00767 -4.14561e+00 | 53 -0.00901 -3.81648e+00 | 54 -0.01385 -3.97452e+00
 55 -0.01165 -3.95477e+00 | 56 -0.00045 -1.94640e-02 | 57  0.00018  1.33998e-01
 58  0.00000  0.00000e+00 | 59 -0.77802  3.42433e+00 | 60  0.22133  9.55751e+00
 61  0.09651 -1.47452e+01 | 62  0.19616 -6.11265e+01 | 63 -0.00101 -5.03890e-06
 64  0.06946 -2.53308e-01 | 65  0.18184 -2.91370e+01 | 66  0.06794 -4.46907e+01
 67  0.17074 -5.34085e+01 | 68 -0.00149  1.50555e-01 | 69 -0.17999  6.60810e-02
 70  0.14826  1.48279e+01 | 71  0.07254  2.39684e+00 | 72  0.13083 -2.71112e+01
 73  0.00000  8.31017e-30 | 74  0.03764  1.37156e+01 | 75 -0.06450  2.90142e+01
 76 -0.23261  7.94511e-04 | 77  0.10495 -3.32424e+01 | 78  0.70218  2.65898e+00
 79 -0.14369  3.78288e+00 | 80  0.10635  8.08122e+00 | 81 -0.64499 -4.70106e+00
81 variables; iteration 40; function evaluation 45; phase 3
Function value 2.2052083e+02; maximum gradient component mag 2.6562e+02
Var    Value     Gradient |Var    Value     Gradient |Var    Value     Gradient
  1  0.04445  2.65618e+02 |  2 -0.01232  6.66945e+01 |  3 -0.02344 -1.15688e+00
  4 -0.01917 -2.31664e+00 |  5 -0.01204 -3.86671e+00 |  6 -0.00451 -6.21424e+00
  7  0.00309 -8.28461e+00 |  8  0.00040 -7.79039e+00 |  9 -0.00259 -3.83209e+00
 10 -0.01376  1.29748e+00 | 11 -0.01403  5.63295e+00 | 12 -0.01241  9.46864e+00
 13 -0.02168  1.16738e+01 | 14 -0.00979  1.93539e+01 | 15  0.02020  2.63496e+01
 16  0.01995  2.08174e+01 | 17  0.01585  1.32663e+01 | 18  0.02077  1.17946e+01
 19  0.01007  1.05629e+01 | 20  0.02229  1.32449e+01 | 21  0.07782  2.93760e+01
 22  0.02036  8.94095e+00 | 23  0.01505  2.62562e+00 | 24  0.03396  2.79603e+00
 25  0.02087  2.29768e+00 | 26  0.05233  1.24658e+01 | 27  0.01138  5.90264e+00
 28 -0.00867  2.02873e+00 | 29 -0.00965  1.03682e+00 | 30 -0.00858 -1.32258e-01
 31 -0.00104 -1.80787e+00 | 32  0.01272 -2.24059e+00 | 33  0.01572 -3.71068e+00
 34  0.00639 -6.41243e+00 | 35 -0.00225 -8.97612e+00 | 36  0.00041 -9.81440e+00
 37  0.01335 -1.02168e+01 | 38 -0.00010 -8.73926e+00 | 39 -0.02650 -6.61717e+00
 40 -0.02520 -8.73671e+00 | 41 -0.01349 -1.04679e+01 | 42  0.00062 -1.34583e+01
 43 -0.00438 -1.42170e+01 | 44 -0.01051 -1.37810e+01 | 45 -0.03473 -9.55437e+00
 46 -0.03076 -9.28547e+00 | 47 -0.01671 -9.26118e+00 | 48  0.00444 -1.03832e+01
 49 -0.00797 -8.66608e+00 | 50 -0.01183 -8.16235e+00 | 51 -0.01071 -6.55829e+00
 52 -0.00791 -4.36623e+00 | 53 -0.00851 -2.12742e+00 | 54 -0.01349 -1.77239e+00
 55 -0.01171 -2.15148e+00 | 56 -0.00048 -3.20190e-02 | 57 -0.00008 -6.01015e-02
 58  0.00000  0.00000e+00 | 59 -0.77680  6.31384e+01 | 60  0.22021  1.74148e+01
 61  0.09713  7.56711e+00 | 62  0.19593 -5.26486e+01 | 63 -0.05374 -2.65854e-04
 64  0.07106  1.10796e+00 | 65  0.18005  4.40688e+01 | 66  0.06975  6.48574e+01
 67  0.17135  1.97321e+01 | 68 -0.04521  3.29435e-02 | 69 -0.18113  3.40494e+00
 70  0.14886  1.09888e+01 | 71  0.07161  9.67057e-01 | 72  0.13111 -2.13292e+01
 73  0.00000  3.86202e-30 | 74  0.03727  1.08881e+01 | 75 -0.06380  1.56982e+01
 76 -0.23262  3.27086e-04 | 77  0.10589 -1.75996e+01 | 78  0.69572  9.32635e-01
 79 -0.14155  3.22570e+00 | 80  0.10640  1.00639e+01 | 81 -0.64526 -5.64924e+00
81 variables; iteration 60; function evaluation 75; phase 3
Function value 2.2027330e+02; maximum gradient component mag -2.7964e+02
Var    Value     Gradient |Var    Value     Gradient |Var    Value     Gradient
  1  0.04526  1.41104e+02 |  2 -0.01334  5.24865e+01 |  3 -0.02365 -3.64241e-01
  4 -0.01951 -1.14328e+00 |  5 -0.01152 -8.90524e-01 |  6 -0.00259 -5.40945e-01
  7  0.00494 -1.10693e+00 |  8  0.00322 -2.79078e-01 |  9 -0.00142 -2.80689e-01
 10 -0.01349  5.12990e-01 | 11 -0.01472  8.40198e-01 | 12 -0.01317  1.13182e+00
 13 -0.02165  1.77392e+00 | 14 -0.01234  3.06447e+00 | 15  0.01915  5.22220e+00
 16  0.01755  3.01730e+00 | 17  0.01552  2.39328e+00 | 18  0.01998  2.19343e+00
 19  0.01113  3.06601e+00 | 20  0.02444  3.01117e+00 | 21  0.07232  6.12715e+00
 22  0.02169  2.29874e+00 | 23  0.01724  1.43803e+00 | 24  0.03529  1.88808e+00
 25  0.02245 -2.08508e-02 | 26  0.04896  2.98735e+00 | 27  0.01180  1.48563e+00
 28 -0.00764  7.73230e-01 | 29 -0.01032 -1.56193e-01 | 30 -0.01047 -1.09446e+00
 31 -0.00096 -9.59340e-03 | 32  0.01163 -5.05214e-01 | 33  0.01594 -7.05362e-01
 34  0.00552 -2.44841e+00 | 35 -0.00127 -1.71332e+00 | 36  0.00156 -1.29058e+00
 37  0.01253 -2.38594e+00 | 38 -0.00030 -1.91821e+00 | 39 -0.02682 -1.21153e+00
 40 -0.02549 -2.51521e+00 | 41 -0.01419 -2.44659e+00 | 42  0.00073 -2.25520e+00
 43 -0.00326 -2.47655e+00 | 44 -0.00949 -2.92694e+00 | 45 -0.03442 -1.81105e+00
 46 -0.03042 -1.81310e+00 | 47 -0.01682 -1.96765e+00 | 48  0.00469 -1.78326e+00
 49 -0.00764 -1.36911e+00 | 50 -0.01139 -1.68195e+00 | 51 -0.01131 -2.05935e+00
 52 -0.00892 -1.41962e+00 | 53 -0.00876  2.70717e-01 | 54 -0.01291  6.11782e-01
 55 -0.01125 -1.88602e-01 | 56 -0.00046  2.95970e-03 | 57 -0.00001 -6.77814e-03
 58  0.00000  0.00000e+00 | 59 -0.77832  5.39219e+01 | 60  0.21686  1.29452e+01
 61  0.09885  1.89907e+01 | 62  0.19625 -1.06490e+01 | 63 -0.17062 -8.62762e-04
 64  0.06835 -1.53817e-01 | 65  0.18087 -2.79640e+02 | 66  0.06887 -2.54064e+02
 67  0.17295  2.92482e+01 | 68 -0.05237  4.59752e-01 | 69 -0.17656  5.48370e+00
 70  0.14693  1.73414e+00 | 71  0.07327  1.57339e-01 | 72  0.13126 -4.40146e+00
 73  0.00000 -9.99150e-32 | 74  0.03496  1.15842e+00 | 75 -0.06639  1.69571e+00
 76 -0.23271  7.47438e-05 | 77  0.10536 -1.89116e+00 | 78  0.70353  1.21897e-01
 79 -0.14468  6.88270e-01 | 80  0.10481  7.40298e-01 | 81 -0.64426 -1.48992e-01
Maximum number of function evaluations exceeded

 - final statistics:
81 variables; iteration 76; function evaluation 100
Function value 2.2026e+02; maximum gradient component mag 6.9425e+01
Exit code = 3;  converg criter 1.0000e+00
Var    Value     Gradient |Var    Value     Gradient |Var    Value     Gradient
  1  0.04533  8.92821e+00 |  2 -0.01392 -4.46025e+00 |  3 -0.02382 -4.02803e-01
  4 -0.01883 -3.20171e-01 |  5 -0.01124 -3.22439e-01 |  6 -0.00282 -2.97692e-01
  7  0.00561 -2.89075e-01 |  8  0.00305 -2.62024e-01 |  9 -0.00091 -2.20078e-01
 10 -0.01365 -2.49423e-01 | 11 -0.01493 -3.00926e-01 | 12 -0.01290 -1.84210e-01
 13 -0.02162 -3.48894e-01 | 14 -0.01240 -1.38042e-01 | 15  0.01794 -7.71024e-02
 16  0.01826  1.55128e-01 | 17  0.01522  5.49757e-02 | 18  0.02050  2.20181e-01
 19  0.01037  1.26114e-01 | 20  0.02488  4.21332e-02 | 21  0.07160  7.06817e-01
 22  0.02185  4.36638e-02 | 23  0.01754  1.05885e-01 | 24  0.03447  3.36844e-01
 25  0.02453  2.09014e-01 | 26  0.04802  8.34407e-01 | 27  0.01147  1.24748e-02
 28 -0.00785  1.86060e-01 | 29 -0.01019  3.10412e-01 | 30 -0.00954  4.71811e-01
 31 -0.00156  4.00748e-01 | 32  0.01165  2.95596e-01 | 33  0.01545  3.17985e-01
 34  0.00664  2.47652e-01 | 35 -0.00138  1.07191e-01 | 36  0.00083  8.77716e-02
 37  0.01324  3.37218e-01 | 38 -0.00041  1.05119e-01 | 39 -0.02734  6.66272e-02
 40 -0.02484  1.35962e-01 | 41 -0.01400  2.51308e-02 | 42  0.00038  2.37874e-03
 43 -0.00318  4.70114e-02 | 44 -0.00898 -8.08441e-02 | 45 -0.03444 -2.26275e-02
 46 -0.03027  4.37446e-03 | 47 -0.01660 -2.00013e-01 | 48  0.00451 -2.71411e-01
 49 -0.00779 -5.22899e-02 | 50 -0.01128 -6.24477e-02 | 51 -0.01085 -2.53319e-01
 52 -0.00850 -1.82358e-01 | 53 -0.00983 -3.23701e-01 | 54 -0.01415 -3.03735e-01
 55 -0.01172 -3.17472e-01 | 56 -0.00049 -1.17306e-02 | 57 -0.00006 -4.69786e-02
 58  0.00000  0.00000e+00 | 59 -0.77804 -4.49549e+00 | 60  0.21582  8.77021e+00
 61  0.09928  1.61622e+01 | 62  0.19615 -1.45770e+00 | 63 -0.15493 -7.79999e-04
 64  0.06908  1.82251e-01 | 65  0.18068  6.94249e+01 | 66  0.06906  6.46204e+01
 67  0.17293 -2.06196e+00 | 68 -0.05344 -1.22878e-01 | 69 -0.17673 -4.48018e-01
 70  0.14731  2.24768e-01 | 71  0.07258 -1.56139e-03 | 72  0.13159 -1.95742e-01
 73  0.00000 -8.18119e-31 | 74  0.03467  7.42773e-02 | 75 -0.06675  4.44472e-02
 76 -0.23291  5.79801e-05 | 77  0.10528  2.10603e-01 | 78  0.70512  1.03475e-01
 79 -0.14528  2.63983e-01 | 80  0.10459  1.74059e-01 | 81 -0.64446 -4.00100e-02

Initial statistics: 91 variables; iteration 0; function evaluation 0; phase 4
Function value 2.2025602e+02; maximum gradient component mag 6.9425e+01
Var    Value     Gradient |Var    Value     Gradient |Var    Value     Gradient
  1  0.04533  8.92821e+00 |  2 -0.01392 -4.46025e+00 |  3  0.00000  2.44409e+01
  4  0.00000  1.79976e+01 |  5  0.00000  1.38011e+01 |  6  0.00000  1.19594e+01
  7  0.00000  5.51176e+00 |  8  0.00000  1.25293e+00 |  9  0.00000  3.63261e+00
 10  0.00000  5.96218e+00 | 11  0.00000  1.72963e+01 | 12  0.00000  2.18361e+01
 13 -0.02382 -4.12620e-01 | 14 -0.01883 -3.29990e-01 | 15 -0.01125 -3.32261e-01
 16 -0.00282 -3.07516e-01 | 17  0.00561 -2.98898e-01 | 18  0.00305 -2.71848e-01
 19 -0.00091 -2.29902e-01 | 20 -0.01365 -2.59244e-01 | 21 -0.01493 -3.10747e-01
 22 -0.01290 -1.94032e-01 | 23 -0.02162 -3.58712e-01 | 24 -0.01240 -1.47864e-01
 25  0.01794 -8.69223e-02 | 26  0.01826  1.45309e-01 | 27  0.01522  4.51548e-02
 28  0.02050  2.10362e-01 | 29  0.01037  1.16292e-01 | 30  0.02488  3.23170e-02
 31  0.07160  6.97055e-01 | 32  0.02185  3.38458e-02 | 33  0.01754  9.60650e-02
 34  0.03447  3.27035e-01 | 35  0.02453  1.99198e-01 | 36  0.04802  8.24612e-01
 37  0.01147  2.65263e-03 | 38 -0.00785  1.76237e-01 | 39 -0.01019  3.00590e-01
 40 -0.00954  4.61988e-01 | 41 -0.00156  3.90924e-01 | 42  0.01165  2.85774e-01
 43  0.01545  3.08164e-01 | 44  0.00664  2.37828e-01 | 45 -0.00138  9.73674e-02
 46  0.00083  7.79479e-02 | 47  0.01324  3.27397e-01 | 48 -0.00041  9.52956e-02
 49 -0.02734  5.68125e-02 | 50 -0.02484  1.26145e-01 | 51 -0.01400  1.53095e-02
 52  0.00038 -7.44500e-03 | 53 -0.00318  3.71878e-02 | 54 -0.00898 -9.06668e-02
 55 -0.03444 -3.24369e-02 | 56 -0.03027 -5.43818e-03 | 57 -0.01660 -2.09834e-01
 58  0.00451 -2.81234e-01 | 59 -0.00779 -6.21129e-02 | 60 -0.01128 -7.22699e-02
 61 -0.01085 -2.63142e-01 | 62 -0.00850 -1.92181e-01 | 63 -0.00983 -3.33524e-01
 64 -0.01415 -3.13556e-01 | 65 -0.01172 -3.27294e-01 | 66 -0.00049 -1.17306e-02
 67 -0.00006 -4.69786e-02 | 68  0.00000  0.00000e+00 | 69 -0.77804 -4.49549e+00
 70  0.21582  8.77021e+00 | 71  0.09928  1.61622e+01 | 72  0.19615 -1.45770e+00
 73 -0.15493 -7.79999e-04 | 74  0.06908  1.82251e-01 | 75  0.18068  6.94249e+01
 76  0.06906  6.46204e+01 | 77  0.17293 -2.06196e+00 | 78 -0.05344 -1.22878e-01
 79 -0.17673 -4.48018e-01 | 80  0.14731  2.24768e-01 | 81  0.07258 -1.56139e-03
 82  0.13159 -1.95742e-01 | 83  0.00000 -8.18119e-31 | 84  0.03467  7.42773e-02
 85 -0.06675  4.44472e-02 | 86 -0.23291  5.79801e-05 | 87  0.10528  2.10603e-01
 88  0.70512  1.03475e-01 | 89 -0.14528  2.63983e-01 | 90  0.10459  1.74059e-01
 91 -0.64446 -4.00100e-02 |

Intermediate statistics: 91 variables; iteration 20; function evaluation 30; phase 4
Function value 2.1947332e+02; maximum gradient component mag -1.5450e+02
Var    Value     Gradient |Var    Value     Gradient |Var    Value     Gradient
  1  0.04507 -1.54500e+02 |  2 -0.01347 -1.75966e+00 |  3 -0.02285  1.72968e+00
  4 -0.01608  1.82663e+00 |  5 -0.01155  1.95747e+00 |  6 -0.01035  2.04599e+00
  7 -0.00340  2.14950e+00 |  8  0.00268  2.33594e+00 |  9  0.00102  2.57684e+00
 10  0.00137  3.05166e+00 | 11 -0.00920  3.62960e+00 | 12 -0.01397  4.04830e+00
 13 -0.01769  5.28306e+00 | 14 -0.01676  6.01393e+00 | 15 -0.01126  7.05645e+00
 16 -0.00250  7.98474e+00 | 17  0.00698  8.50273e+00 | 18  0.00500  7.74289e+00
 19  0.00099  6.70490e+00 | 20 -0.01237  5.29910e+00 | 21 -0.01416  3.93309e+00
 22 -0.01308  1.64432e+00 | 23 -0.02204 -9.13624e-01 | 24 -0.01319 -3.56864e+00
 25  0.01749 -8.19395e+00 | 26  0.01823 -9.15710e+00 | 27  0.01562 -9.15971e+00
 28  0.01968 -1.03563e+01 | 29  0.00935 -8.76120e+00 | 30  0.02485 -9.90040e+00
 31  0.06985 -1.57770e+01 | 32  0.02263 -7.86598e+00 | 33  0.01755 -7.10973e+00
 34  0.03339 -8.68185e+00 | 35  0.02445 -7.82006e+00 | 36  0.04586 -1.13057e+01
 37  0.01155 -7.20995e+00 | 38 -0.00816 -5.24078e+00 | 39 -0.01043 -5.13501e+00
 40 -0.00970 -5.50751e+00 | 41 -0.00134 -6.68707e+00 | 42  0.01178 -7.77018e+00
 43  0.01418 -6.82287e+00 | 44  0.00525 -4.50644e+00 | 45 -0.00165 -2.64973e+00
 46  0.00083 -1.58302e+00 | 47  0.01258 -1.06918e+00 | 48 -0.00099  7.30030e-02
 49 -0.02784  9.88314e-01 | 50 -0.02538  1.29060e+00 | 51 -0.01432  1.45325e+00
 52 -0.00028  1.68819e+00 | 53 -0.00449  2.09095e+00 | 54 -0.01027  2.39936e+00
 55 -0.03509  2.46727e+00 | 56 -0.03066  2.61955e+00 | 57 -0.01707  2.94607e+00
 58  0.00365  3.46644e+00 | 59 -0.00855  3.46958e+00 | 60 -0.01181  3.49981e+00
 61 -0.01092  3.42380e+00 | 62 -0.00847  3.07120e+00 | 63 -0.00938  2.46610e+00
 64 -0.01314  1.96411e+00 | 65 -0.01015  1.91534e+00 | 66 -0.00045 -4.47454e-03
 67  0.00000  2.81147e-04 | 68  0.00000  0.00000e+00 | 69 -0.77720 -4.84770e+00
 70  0.22424  4.99306e+00 | 71  0.09526  1.32088e+01 | 72  0.19685  7.66294e-02
 73 -0.15492 -7.79978e-04 | 74  0.07332  1.26625e-01 | 75  0.18006  1.23709e+02
 76  0.06969  1.15167e+02 | 77  0.17050 -2.49685e+01 | 78 -0.05265 -1.86355e-01
 79 -0.17474  3.55784e-02 | 80  0.15060 -8.82142e-01 | 81  0.07053 -2.90793e-01
 82  0.13164 -8.06089e-01 | 83 -0.00000 -1.83476e-30 | 84  0.03637 -3.64081e-01
 85 -0.06546 -1.49486e+00 | 86 -0.23291  3.90084e-06 | 87  0.10550  1.41913e+00
 88  0.70462  6.44395e-02 | 89 -0.14345 -9.88414e-01 | 90  0.10672 -4.50062e+00
 91 -0.64261  1.57913e+00 |
91 variables; iteration 40; function evaluation 53; phase 4
Function value 2.1945178e+02; maximum gradient component mag -5.9547e+02
Var    Value     Gradient |Var    Value     Gradient |Var    Value     Gradient
  1  0.04499  6.57867e+01 |  2 -0.01349  5.61956e+01 |  3 -0.02313  1.32143e+00
  4 -0.01648  1.25719e+00 |  5 -0.01211  1.23072e+00 |  6 -0.01036  1.80953e+00
  7 -0.00347  1.82929e+00 |  8  0.00248  1.84480e+00 |  9  0.00113  2.27238e+00
 10  0.00135  2.49462e+00 | 11 -0.00905  3.08162e+00 | 12 -0.01398  3.23372e+00
 13 -0.01819  2.34685e+00 | 14 -0.01672  3.41834e+00 | 15 -0.01138  4.05795e+00
 16 -0.00290  4.46476e+00 | 17  0.00666  4.97008e+00 | 18  0.00502  4.88512e+00
 19  0.00113  4.45228e+00 | 20 -0.01251  3.26787e+00 | 21 -0.01431  2.30876e+00
 22 -0.01303  9.41613e-01 | 23 -0.02192 -8.42041e-01 | 24 -0.01306 -2.69447e+00
 25  0.01754 -5.90561e+00 | 26  0.01825 -6.58271e+00 | 27  0.01575 -6.13988e+00
 28  0.02018 -6.21926e+00 | 29  0.00979 -5.29281e+00 | 30  0.02455 -6.45988e+00
 31  0.07048 -9.78403e+00 | 32  0.02218 -5.49144e+00 | 33  0.01766 -4.61919e+00
 34  0.03363 -5.16030e+00 | 35  0.02415 -4.68329e+00 | 36  0.04618 -6.08948e+00
 37  0.01135 -4.08433e+00 | 38 -0.00824 -2.96677e+00 | 39 -0.01032 -2.54655e+00
 40 -0.00953 -2.51707e+00 | 41 -0.00107 -3.05631e+00 | 42  0.01200 -3.87382e+00
 43  0.01425 -3.87947e+00 | 44  0.00518 -2.94029e+00 | 45 -0.00155 -1.78541e+00
 46  0.00091 -1.01436e+00 | 47  0.01265 -4.32779e-01 | 48 -0.00097  1.97307e-01
 49 -0.02783  4.84125e-01 | 50 -0.02534  5.94785e-01 | 51 -0.01431  5.83392e-01
 52 -0.00031  7.03438e-01 | 53 -0.00459  9.31326e-01 | 54 -0.01026  1.25379e+00
 55 -0.03502  1.21258e+00 | 56 -0.03056  1.27998e+00 | 57 -0.01712  1.32248e+00
 58  0.00363  1.68450e+00 | 59 -0.00859  1.54960e+00 | 60 -0.01184  1.50049e+00
 61 -0.01101  1.34548e+00 | 62 -0.00843  1.13419e+00 | 63 -0.00935  6.66290e-01
 64 -0.01330  1.30451e-01 | 65 -0.01057 -5.26960e-02 | 66 -0.00046 -7.11845e-03
 67 -0.00000 -1.76011e-03 | 68  0.00000  0.00000e+00 | 69 -0.77725  5.69064e+01
 70  0.22516  1.13122e+01 | 71  0.09476  1.87915e+01 | 72  0.19697 -9.75503e+00
 73 -0.15472 -7.78928e-04 | 74  0.07407  1.34192e+00 | 75  0.18001 -5.95473e+02
 76  0.06978 -5.81397e+02 | 77  0.17054  9.83706e+00 | 78 -0.00776  1.23031e+00
 79 -0.17527  7.05950e+00 | 80  0.15092  1.05676e+00 | 81  0.07030  1.08260e-01
 82  0.13168 -3.67165e+00 | 83  0.00000 -3.57020e-31 | 84  0.03652  4.66336e-01
 85 -0.06440  1.06844e+00 | 86 -0.23292 -3.96880e-06 | 87  0.10602 -5.76352e-01
 88  0.69939 -1.17124e-01 | 89 -0.14220  8.00632e-02 | 90  0.10733 -2.48346e+00
 91 -0.64174  1.60345e+00 |
91 variables; iteration 60; function evaluation 82; phase 4
Function value 2.1942575e+02; maximum gradient component mag -9.4432e+01
Var    Value     Gradient |Var    Value     Gradient |Var    Value     Gradient
  1  0.04494  3.62436e+01 |  2 -0.01365  1.65157e+01 |  3 -0.02350  1.76106e-01
  4 -0.01637  4.02693e-01 |  5 -0.01208  1.52951e-01 |  6 -0.01082  2.02326e-01
  7 -0.00369  2.26039e-01 |  8  0.00252  2.10451e-01 |  9  0.00117  4.25411e-01
 10  0.00152  3.52207e-01 | 11 -0.00939  3.97604e-01 | 12 -0.01456  3.20696e-01
 13 -0.01752  1.44853e-01 | 14 -0.01690  3.29412e-01 | 15 -0.01186  2.96726e-01
 16 -0.00320  3.47319e-01 | 17  0.00641  4.53478e-01 | 18  0.00470  5.06115e-01
 19  0.00071  4.15319e-01 | 20 -0.01275  2.30866e-01 | 21 -0.01444  1.92358e-01
 22 -0.01326  9.87209e-02 | 23 -0.02191  7.76820e-02 | 24 -0.01296 -1.53833e-01
 25  0.01803 -5.37480e-01 | 26  0.01823 -9.87760e-01 | 27  0.01659 -2.03633e-01
 28  0.02008 -6.58302e-01 | 29  0.00986 -5.47511e-01 | 30  0.02516 -7.13437e-01
 31  0.07051 -1.05371e+00 | 32  0.02284 -4.21264e-01 | 33  0.01801 -2.10017e-01
 34  0.03312 -7.76483e-01 | 35  0.02439 -4.55626e-01 | 36  0.04622 -4.65073e-01
 37  0.01144 -3.27215e-01 | 38 -0.00805 -1.58143e-01 | 39 -0.01038 -1.84890e-01
 40 -0.00956 -1.42224e-01 | 41 -0.00108 -1.99347e-01 | 42  0.01191 -4.17542e-01
 43  0.01451 -2.58113e-01 | 44  0.00546 -2.35844e-01 | 45 -0.00130 -1.39196e-01
 46  0.00079 -3.93641e-01 | 47  0.01267 -1.69154e-01 | 48 -0.00094  4.30205e-02
 49 -0.02762  2.44252e-01 | 50 -0.02559 -2.72947e-01 | 51 -0.01448 -2.72894e-01
 52 -0.00011  1.41358e-01 | 53 -0.00443  1.80244e-01 | 54 -0.01049 -1.18573e-01
 55 -0.03534 -2.52829e-01 | 56 -0.03052  1.43823e-01 | 57 -0.01695  1.85774e-01
 58  0.00339 -1.28102e-01 | 59 -0.00885 -1.73717e-01 | 60 -0.01177  1.73213e-01
 61 -0.01089  1.40228e-01 | 62 -0.00862 -1.85721e-01 | 63 -0.00961 -3.63155e-01
 64 -0.01333 -3.40638e-01 | 65 -0.01031 -2.46594e-01 | 66 -0.00046 -4.43953e-04
 67 -0.00001 -3.74504e-03 | 68  0.00000  0.00000e+00 | 69 -0.77723  1.69557e+01
 70  0.22611  7.71469e+00 | 71  0.09426  1.50538e+01 | 72  0.19725 -2.29739e+00
 73 -0.15330 -7.71514e-04 | 74  0.07372  7.38975e-01 | 75  0.17969 -9.44317e+01
 76  0.07010 -8.88211e+01 | 77  0.17082  6.53347e+00 | 78 -0.00706  2.08526e-01
 79 -0.17592  2.04782e+00 | 80  0.15176  7.21838e-01 | 81  0.06957  3.77638e-01
 82  0.13203 -8.07241e-01 | 83  0.00000  5.96655e-31 | 84  0.03648  1.74180e-01
 85 -0.06489  2.81082e-01 | 86 -0.23291  2.32512e-06 | 87  0.10575 -2.42870e-01
 88  0.70138  3.05393e-02 | 89 -0.14252  1.77709e-01 | 90  0.10753 -2.12903e-01
 91 -0.64209  2.91471e-01 |
91 variables; iteration 80; function evaluation 115; phase 4
Function value 2.1942167e+02; maximum gradient component mag -2.4876e+01
Var    Value     Gradient |Var    Value     Gradient |Var    Value     Gradient
  1  0.04488  1.01894e+01 |  2 -0.01386  4.18269e+00 |  3 -0.02364 -8.26829e-02
  4 -0.01686 -2.10432e-01 |  5 -0.01202  4.32234e-03 |  6 -0.01105 -1.99386e-01
  7 -0.00386 -1.60496e-01 |  8  0.00255 -1.01944e-01 |  9  0.00087 -2.05666e-01
 10  0.00149 -1.95881e-01 | 11 -0.00944 -2.08200e-01 | 12 -0.01453 -2.20943e-01
 13 -0.01746 -1.42121e-01 | 14 -0.01713 -2.22955e-01 | 15 -0.01199 -2.53718e-01
 16 -0.00335 -3.38222e-01 | 17  0.00641 -2.77113e-01 | 18  0.00450 -3.63418e-01
 19  0.00063 -2.76663e-01 | 20 -0.01274 -1.82102e-01 | 21 -0.01442 -1.01401e-01
 22 -0.01326 -2.57037e-02 | 23 -0.02220 -2.08177e-03 | 24 -0.01303  2.76093e-01
 25  0.01803  5.17631e-01 | 26  0.01902  6.66546e-01 | 27  0.01606  4.05308e-01
 28  0.02041  5.02346e-01 | 29  0.00978  4.23326e-01 | 30  0.02513  5.86290e-01
 31  0.07098  8.65686e-01 | 32  0.02254  3.12519e-01 | 33  0.01756  2.90345e-01
 34  0.03373  4.99419e-01 | 35  0.02415  3.12320e-01 | 36  0.04623  4.55341e-01
 37  0.01146  2.44457e-01 | 38 -0.00811  1.49308e-01 | 39 -0.01026  1.82263e-01
 40 -0.00962  8.86800e-02 | 41 -0.00108  2.02066e-01 | 42  0.01215  2.94840e-01
 43  0.01434  1.83395e-01 | 44  0.00564  3.04535e-01 | 45 -0.00160 -4.30530e-02
 46  0.00125  2.26854e-01 | 47  0.01269  5.26774e-03 | 48 -0.00095 -1.59309e-02
 49 -0.02808 -2.16576e-01 | 50 -0.02533  5.77568e-02 | 51 -0.01416  9.08797e-02
 52 -0.00029 -8.54544e-02 | 53 -0.00469 -1.28660e-01 | 54 -0.01040 -4.08053e-02
 55 -0.03508  5.36637e-02 | 56 -0.03072 -1.01168e-01 | 57 -0.01732 -2.06718e-01
 58  0.00362  1.12655e-02 | 59 -0.00874 -9.59239e-02 | 60 -0.01201 -1.41844e-01
 61 -0.01104 -1.04738e-01 | 62 -0.00859 -1.00916e-01 | 63 -0.00928  1.75196e-01
 64 -0.01305  1.92464e-01 | 65 -0.01008  1.69902e-01 | 66 -0.00046  4.13524e-03
 67 -0.00000 -2.94585e-03 | 68  0.00000  0.00000e+00 | 69 -0.77691  4.84005e+00
 70  0.22815  2.02600e+00 | 71  0.09308  5.10326e+00 | 72  0.19767  1.18761e+00
 73 -0.14709 -7.39072e-04 | 74  0.07372  6.94128e-02 | 75  0.17980 -2.48759e+01
 76  0.06999 -2.16203e+01 | 77  0.17088  4.18563e+00 | 78 -0.00145  4.64753e-02
 79 -0.17732  4.03535e-01 | 80  0.15220 -3.12762e-01 | 81  0.06896 -8.34955e-02
 82  0.13214  5.61522e-01 | 83  0.00000 -1.07277e-30 | 84  0.03657 -1.12888e-01
 85 -0.06484 -1.97134e-01 | 86 -0.23287 -8.85155e-06 | 87  0.10575  1.82299e-01
 88  0.70159 -1.48860e-02 | 89 -0.14249 -1.19518e-01 | 90  0.10772  1.88087e-01
 91 -0.64215 -8.06900e-02 |
91 variables; iteration 100; function evaluation 153; phase 4
Function value 2.1942014e+02; maximum gradient component mag 9.7320e+01
Var    Value     Gradient |Var    Value     Gradient |Var    Value     Gradient
  1  0.04483 -1.55055e+01 |  2 -0.01380 -7.12492e+00 |  3 -0.02370  2.59349e-02
  4 -0.01679  4.61332e-02 |  5 -0.01228 -2.84914e-03 |  6 -0.01102  6.51262e-02
  7 -0.00400 -8.50477e-03 |  8  0.00234  2.86530e-02 |  9  0.00082  6.34436e-02
 10  0.00141  5.26246e-02 | 11 -0.00951  2.94661e-03 | 12 -0.01448  7.28431e-02
 13 -0.01755  5.46974e-02 | 14 -0.01715  7.38310e-02 | 15 -0.01204  6.95161e-02
 16 -0.00333  8.31126e-02 | 17  0.00635  1.14086e-01 | 18  0.00462  1.06188e-01
 19  0.00063  6.85343e-02 | 20 -0.01272  7.83726e-02 | 21 -0.01444  3.55309e-02
 22 -0.01326  2.21257e-02 | 23 -0.02211  2.39386e-02 | 24 -0.01312 -4.57210e-02
 25  0.01810 -9.63189e-02 | 26  0.01887 -1.57706e-01 | 27  0.01626 -8.03963e-02
 28  0.02037 -1.04388e-01 | 29  0.00984 -8.60922e-02 | 30  0.02507 -1.43760e-01
 31  0.07086 -2.02266e-01 | 32  0.02277 -6.32099e-02 | 33  0.01767 -6.80934e-02
 34  0.03352 -1.26648e-01 | 35  0.02428 -8.49253e-02 | 36  0.04615 -1.40958e-01
 37  0.01149 -7.57983e-02 | 38 -0.00808 -6.11531e-02 | 39 -0.01026 -4.26380e-02
 40 -0.00952 -8.10619e-02 | 41 -0.00096 -3.57182e-02 | 42  0.01209 -1.05452e-01
 43  0.01443 -5.57179e-02 | 44  0.00542 -9.09956e-02 | 45 -0.00132  3.63448e-03
 46  0.00105 -5.05970e-02 | 47  0.01278 -1.11744e-04 | 48 -0.00103 -2.04829e-02
 49 -0.02784  8.00637e-02 | 50 -0.02543 -2.60739e-02 | 51 -0.01425 -1.13720e-02
 52 -0.00024  7.78787e-03 | 53 -0.00463  3.97652e-02 | 54 -0.01047  6.51111e-03
 55 -0.03522 -2.47044e-02 | 56 -0.03064  5.19560e-02 | 57 -0.01715  5.52401e-02
 58  0.00347  1.38794e-02 | 59 -0.00873  3.28311e-02 | 60 -0.01194  6.08126e-02
 61 -0.01103  1.90414e-02 | 62 -0.00843  5.80248e-02 | 63 -0.00947 -3.32339e-02
 64 -0.01327 -3.39465e-02 | 65 -0.01031 -1.39472e-02 | 66 -0.00044  1.54553e-02
 67  0.00000  1.97167e-03 | 68  0.00000  0.00000e+00 | 69 -0.77666 -7.64927e+00
 70  0.22965  4.44584e-01 | 71  0.09219  7.62717e-01 | 72  0.19796 -1.62065e-01
 73 -0.13540 -6.78450e-04 | 74  0.07394  4.22529e-02 | 75  0.18062  9.73199e+01
 76  0.06914  9.34767e+01 | 77  0.17105 -4.15804e+00 | 78 -0.01350 -1.57045e-01
 79 -0.17779 -7.96352e-01 | 80  0.15234  6.94689e-03 | 81  0.06887 -1.87229e-02
 82  0.13213 -5.33052e-02 | 83  0.00000 -8.14112e-31 | 84  0.03665  7.33860e-03
 85 -0.06469  2.04534e-03 | 86 -0.23278 -5.65924e-06 | 87  0.10580 -6.14404e-03
 88  0.70112 -1.41036e-03 | 89 -0.14223  1.03616e-02 | 90  0.10785 -4.98630e-02
 91 -0.64203  2.29718e-02 |
91 variables; iteration 120; function evaluation 179; phase 4
Function value 2.1941903e+02; maximum gradient component mag -6.4840e+00
Var    Value     Gradient |Var    Value     Gradient |Var    Value     Gradient
  1  0.04479  1.63943e+00 |  2 -0.01383  1.03774e+00 |  3 -0.02377  3.03395e-03
  4 -0.01689  3.30277e-03 |  5 -0.01233  1.22220e-03 |  6 -0.01116  4.75808e-03
  7 -0.00405  1.38331e-03 |  8  0.00225  4.50827e-03 |  9  0.00071  6.05044e-03
 10  0.00132  3.89893e-03 | 11 -0.00949  4.53223e-03 | 12 -0.01451  5.91996e-03
 13 -0.01758  3.90672e-03 | 14 -0.01721  1.05221e-02 | 15 -0.01210  1.32639e-02
 16 -0.00338  8.33286e-03 | 17  0.00634  9.02208e-03 | 18  0.00462  7.96549e-03
 19  0.00060  9.11099e-03 | 20 -0.01277  6.15835e-03 | 21 -0.01440  5.30647e-03
 22 -0.01321 -6.31786e-04 | 23 -0.02219 -1.77555e-04 | 24 -0.01317 -9.25163e-03
 25  0.01813 -1.77054e-02 | 26  0.01903 -2.44944e-02 | 27  0.01626 -2.25557e-02
 28  0.02036 -2.40906e-02 | 29  0.00983 -2.23744e-02 | 30  0.02512 -2.91752e-02
 31  0.07092 -4.88644e-02 | 32  0.02273 -2.08663e-02 | 33  0.01765 -1.98510e-02
 34  0.03357 -2.68066e-02 | 35  0.02426 -1.97716e-02 | 36  0.04618 -2.81589e-02
 37  0.01144 -1.79214e-02 | 38 -0.00811 -1.74111e-02 | 39 -0.01025 -1.41960e-02
 40 -0.00942 -1.51222e-02 | 41 -0.00093 -1.65153e-02 | 42  0.01213 -1.78719e-02
 43  0.01437 -1.19337e-02 | 44  0.00551 -1.07880e-02 | 45 -0.00138 -8.21438e-03
 46  0.00110 -9.44298e-03 | 47  0.01278 -5.82154e-03 | 48 -0.00100 -4.87772e-03
 49 -0.02792  1.46250e-03 | 50 -0.02540 -4.08465e-03 | 51 -0.01423 -4.90732e-03
 52 -0.00023 -2.76752e-03 | 53 -0.00469  5.69916e-04 | 54 -0.01049  3.33542e-03
 55 -0.03519  2.00870e-03 | 56 -0.03066  3.35323e-03 | 57 -0.01718  3.74794e-03
 58  0.00348  2.93026e-03 | 59 -0.00874  4.41228e-03 | 60 -0.01198  4.01147e-03
 61 -0.01101  5.12862e-03 | 62 -0.00845  4.70408e-03 | 63 -0.00941  2.41294e-03
 64 -0.01326 -1.68414e-03 | 65 -0.01032  1.23107e-03 | 66 -0.00046  1.49782e-03
 67 -0.00000 -3.17518e-04 | 68  0.00000  0.00000e+00 | 69 -0.77597  1.08662e+00
 70  0.23021  1.56223e-02 | 71  0.09187  4.68725e-02 | 72  0.19805  3.80544e-02
 73  0.05687  2.89103e-04 | 74  0.07403  2.94182e-03 | 75  0.18295 -6.48404e+00
 76  0.06679 -5.50359e+00 | 77  0.17176  5.46090e-01 | 78  0.02324  2.61986e-02
 79 -0.17757  1.10389e-01 | 80  0.15247  4.53264e-02 | 81  0.06879  4.07203e-02
 82  0.13214 -8.76362e-04 | 83  0.00000 -5.87819e-31 | 84  0.03670  6.87014e-03
 85 -0.06463 -8.64586e-03 | 86 -0.23232  1.16997e-05 | 87  0.10581  4.22425e-04
 88  0.70100 -2.98590e-03 | 89 -0.14213 -5.91073e-03 | 90  0.10796 -2.01194e-02
 91 -0.64196  8.39574e-03 |
91 variables; iteration 140; function evaluation 199; phase 4
Function value 2.1941901e+02; maximum gradient component mag 1.6134e-02
Var    Value     Gradient |Var    Value     Gradient |Var    Value     Gradient
  1  0.04479  7.85937e-03 |  2 -0.01383  3.30117e-03 |  3 -0.02378  4.37857e-05
  4 -0.01689  2.88226e-05 |  5 -0.01234  5.33108e-05 |  6 -0.01117  3.25246e-05
  7 -0.00406  6.09661e-05 |  8  0.00224  7.40891e-05 |  9  0.00070  7.45161e-05
 10  0.00132  5.47140e-05 | 11 -0.00949  1.02963e-04 | 12 -0.01451  8.82593e-05
 13 -0.01758  4.07015e-05 | 14 -0.01722  7.60262e-05 | 15 -0.01211  8.29144e-05
 16 -0.00338  8.21679e-05 | 17  0.00635  6.82033e-05 | 18  0.00462  8.14854e-05
 19  0.00059  8.50246e-05 | 20 -0.01277  5.82009e-05 | 21 -0.01439  6.28855e-05
 22 -0.01321  5.57597e-06 | 23 -0.02219  1.63209e-05 | 24 -0.01317 -1.18598e-05
 25  0.01813 -2.33194e-05 | 26  0.01904 -3.44920e-05 | 27  0.01626 -6.37147e-05
 28  0.02036 -8.68026e-05 | 29  0.00983 -7.83341e-05 | 30  0.02513 -8.98354e-05
 31  0.07093 -1.55886e-04 | 32  0.02273 -7.03652e-05 | 33  0.01765 -6.22724e-05
 34  0.03357 -8.16414e-05 | 35  0.02425 -6.28339e-05 | 36  0.04618 -8.43125e-05
 37  0.01143 -5.86420e-05 | 38 -0.00811 -6.38816e-05 | 39 -0.01025 -8.12827e-05
 40 -0.00941 -3.91364e-05 | 41 -0.00092 -6.66616e-05 | 42  0.01213 -8.27936e-05
 43  0.01436 -6.94111e-05 | 44  0.00552 -3.73664e-05 | 45 -0.00138 -6.52695e-05
 46  0.00111 -3.94569e-05 | 47  0.01278 -6.78784e-06 | 48 -0.00100 -2.47918e-05
 49 -0.02792 -1.97109e-05 | 50 -0.02540 -2.23895e-05 | 51 -0.01423 -4.60237e-05
 52 -0.00023 -2.88837e-05 | 53 -0.00469 -2.83008e-05 | 54 -0.01049 -2.34069e-05
 55 -0.03519 -1.92088e-05 | 56 -0.03066 -3.10249e-05 | 57 -0.01718 -2.08231e-06
 58  0.00349 -2.62002e-05 | 59 -0.00874  2.35901e-06 | 60 -0.01198 -2.65110e-05
 61 -0.01101  2.81546e-06 | 62 -0.00845 -3.70383e-05 | 63 -0.00941 -1.28494e-05
 64 -0.01326 -3.61764e-05 | 65 -0.01032 -3.30587e-05 | 66 -0.00046  2.35088e-05
 67 -0.00000  7.94112e-06 | 68  0.00000  0.00000e+00 | 69 -0.77591  3.43397e-03
 70  0.23024  2.36527e-03 | 71  0.09186  3.88268e-03 | 72  0.19805 -4.76391e-04
 73  0.00007  3.43784e-07 | 74  0.07403  2.37772e-04 | 75  0.18318  1.47011e-02
 76  0.06656  1.61342e-02 | 77  0.17183  1.55923e-03 | 78  0.02550  2.85874e-05
 79 -0.17750  3.44687e-04 | 80  0.15248 -1.34025e-04 | 81  0.06876 -1.31565e-04
 82  0.13215  2.44328e-05 | 83  0.00000 -7.41126e-31 | 84  0.03670 -5.50790e-06
 85 -0.06462  1.33285e-06 | 86 -0.23297 -1.48482e-05 | 87  0.10581 -3.79528e-05
 88  0.70099 -5.77863e-06 | 89 -0.14212 -8.59043e-06 | 90  0.10796 -6.42336e-05
 91 -0.64195  2.93139e-05 |
91 variables; iteration 160; function evaluation 219; phase 4
Function value 2.1941901e+02; maximum gradient component mag -1.5020e-01
Var    Value     Gradient |Var    Value     Gradient |Var    Value     Gradient
  1  0.04479  1.24593e-01 |  2 -0.01383  5.81043e-02 |  3 -0.02378  8.37464e-05
  4 -0.01689  4.89791e-05 |  5 -0.01234  1.33727e-04 |  6 -0.01117  8.59967e-05
  7 -0.00406  1.38141e-04 |  8  0.00224  1.75772e-04 |  9  0.00070  1.65170e-04
 10  0.00132  1.64570e-04 | 11 -0.00949  2.23075e-04 | 12 -0.01451  1.70418e-04
 13 -0.01758  3.42052e-06 | 14 -0.01722  6.59990e-05 | 15 -0.01211  8.34260e-05
 16 -0.00338  3.88190e-05 | 17  0.00635  1.61975e-05 | 18  0.00462  6.39208e-05
 19  0.00059  1.05204e-04 | 20 -0.01277  3.12616e-05 | 21 -0.01439  8.17877e-05
 22 -0.01321 -1.72999e-05 | 23 -0.02219  1.83933e-05 | 24 -0.01317  5.05160e-05
 25  0.01813  8.37224e-05 | 26  0.01904  7.75117e-05 | 27  0.01626 -8.52854e-07
 28  0.02036 -2.12436e-05 | 29  0.00983 -3.39535e-05 | 30  0.02513 -3.02948e-05
 31  0.07093 -4.01097e-05 | 32  0.02273 -2.86694e-05 | 33  0.01765 -2.48522e-05
 34  0.03357 -1.72925e-05 | 35  0.02425 -2.22289e-06 | 36  0.04618  9.05899e-05
 37  0.01143  6.42890e-05 | 38 -0.00811 -3.34971e-05 | 39 -0.01025 -3.55660e-05
 40 -0.00941 -2.55290e-05 | 41 -0.00092 -5.30450e-05 | 42  0.01213 -1.57786e-05
 43  0.01436 -3.61861e-06 | 44  0.00552  2.16335e-05 | 45 -0.00138 -8.86978e-05
 46  0.00111 -4.86917e-05 | 47  0.01278 -1.74815e-05 | 48 -0.00100 -5.16971e-05
 49 -0.02792 -1.02137e-04 | 50 -0.02540 -4.82918e-05 | 51 -0.01423 -1.26882e-04
 52 -0.00023 -6.30845e-05 | 53 -0.00469 -9.12042e-05 | 54 -0.01049 -7.95490e-05
 55 -0.03519 -7.27300e-05 | 56 -0.03066 -1.35303e-04 | 57 -0.01718 -1.14538e-04
 58  0.00349 -1.51262e-04 | 59 -0.00874 -1.10179e-04 | 60 -0.01198 -1.67617e-04
 61 -0.01101 -1.06530e-04 | 62 -0.00845 -1.79496e-04 | 63 -0.00941 -9.28225e-05
 64 -0.01326 -1.52889e-04 | 65 -0.01032 -1.28554e-04 | 66 -0.00046  4.67744e-05
 67 -0.00000  3.39955e-05 | 68  0.00000  0.00000e+00 | 69 -0.77590  6.12557e-02
 70  0.23024  7.48290e-03 | 71  0.09186  1.24671e-02 | 72  0.19805 -1.51942e-03
 73  0.00008  3.70631e-07 | 74  0.07403  7.07288e-04 | 75  0.18318 -1.50200e-01
 76  0.06656 -1.14468e-01 | 77  0.17183  3.12908e-02 | 78  0.02538  8.28993e-04
 79 -0.17750  6.33998e-03 | 80  0.15248 -3.62222e-04 | 81  0.06876 -3.48020e-04
 82  0.13215  5.12018e-05 | 83  0.00000 -7.41944e-31 | 84  0.03670 -2.60115e-05
 85 -0.06462  9.17487e-05 | 86 -0.23306 -1.85977e-05 | 87  0.10581 -1.39234e-04
 88  0.70099 -1.21584e-06 | 89 -0.14212  1.51413e-05 | 90  0.10796 -5.91522e-05
 91 -0.64195  1.16225e-05 |
91 variables; iteration 180; function evaluation 243; phase 4
Function value 2.1941901e+02; maximum gradient component mag 1.0624e-01
Var    Value     Gradient |Var    Value     Gradient |Var    Value     Gradient
  1  0.04479 -2.71455e-02 |  2 -0.01383 -1.30651e-02 |  3 -0.02378 -1.34821e-05
  4 -0.01689 -8.49566e-06 |  5 -0.01234 -2.09714e-05 |  6 -0.01117 -1.17125e-05
  7 -0.00406 -2.30989e-05 |  8  0.00224 -2.60018e-05 |  9  0.00070 -2.43860e-05
 10  0.00132 -2.45677e-05 | 11 -0.00949 -3.46822e-05 | 12 -0.01451 -2.53522e-05
 13 -0.01758  2.50851e-07 | 14 -0.01722 -7.22273e-06 | 15 -0.01211 -1.16514e-05
 16 -0.00338 -3.48977e-06 | 17  0.00635  1.31436e-06 | 18  0.00462 -5.16859e-06
 19  0.00059 -1.24690e-05 | 20 -0.01277 -1.62738e-06 | 21 -0.01439 -5.41837e-06
 22 -0.01321  1.01352e-05 | 23 -0.02219  6.22278e-06 | 24 -0.01317  4.47492e-06
 25  0.01813  5.63506e-06 | 26  0.01904  7.84188e-06 | 27  0.01626  2.07485e-05
 28  0.02036  2.40864e-05 | 29  0.00983  2.41700e-05 | 30  0.02513  2.33358e-05
 31  0.07093  3.35074e-05 | 32  0.02273  2.04615e-05 | 33  0.01765  1.74204e-05
 34  0.03357  1.41459e-05 | 35  0.02425  7.86237e-06 | 36  0.04618 -5.76962e-06
 37  0.01143 -4.68994e-06 | 38 -0.00811  6.00015e-06 | 39 -0.01025  7.45678e-06
 40 -0.00941  6.90655e-06 | 41 -0.00092  1.43059e-05 | 42  0.01213  8.50582e-06
 43  0.01436  6.75454e-06 | 44  0.00552 -2.75667e-06 | 45 -0.00138  1.21183e-05
 46  0.00111  6.05926e-06 | 47  0.01278  1.61975e-06 | 48 -0.00100  5.39368e-06
 49 -0.02792  1.75070e-05 | 50 -0.02540  8.89314e-06 | 51 -0.01423  1.87646e-05
 52 -0.00023  1.24632e-05 | 53 -0.00469  1.52511e-05 | 54 -0.01049  1.30790e-05
 55 -0.03519  1.13592e-05 | 56 -0.03066  2.17988e-05 | 57 -0.01718  1.66687e-05
 58  0.00349  1.91877e-05 | 59 -0.00874  1.45153e-05 | 60 -0.01198  2.30384e-05
 61 -0.01101  1.42825e-05 | 62 -0.00845  2.71510e-05 | 63 -0.00941  1.37688e-05
 64 -0.01326  2.37008e-05 | 65 -0.01032  2.06771e-05 | 66 -0.00046 -5.13193e-06
 67 -0.00000 -3.61957e-06 | 68  0.00000  0.00000e+00 | 69 -0.77590 -1.37749e-02
 70  0.23024 -6.28903e-04 | 71  0.09185 -1.03840e-03 | 72  0.19805  1.57142e-04
 73  0.00001  4.74261e-08 | 74  0.07403 -6.18958e-05 | 75  0.18318  1.06243e-01
 76  0.06652  9.18140e-02 | 77  0.17183 -7.02668e-03 | 78  0.01785 -2.87227e-04
 79 -0.17750 -1.42197e-03 | 80  0.15248 -3.46004e-05 | 81  0.06876 -1.75196e-05
 82  0.13215  2.12662e-05 | 83  0.00000 -7.40690e-31 | 84  0.03670 -1.53372e-05
 85 -0.06462 -1.44294e-05 | 86 -0.23257  1.87016e-06 | 87  0.10581  2.59460e-05
 88  0.70099  6.36269e-07 | 89 -0.14212 -5.93911e-07 | 90  0.10796  1.87108e-05
 91 -0.64195 -6.92356e-06 |
91 variables; iteration 200; function evaluation 269; phase 4
Function value 2.1941901e+02; maximum gradient component mag -7.9439e-01
Var    Value     Gradient |Var    Value     Gradient |Var    Value     Gradient
  1  0.04479  2.07715e-01 |  2 -0.01383  1.01515e-01 |  3 -0.02378  5.41221e-05
  4 -0.01689  6.54148e-05 |  5 -0.01234  6.86082e-05 |  6 -0.01117  7.87222e-05
  7 -0.00406  8.76667e-05 |  8  0.00224  1.06597e-04 |  9  0.00070  1.21742e-04
 10  0.00132  1.38758e-04 | 11 -0.00949  1.23559e-04 | 12 -0.01451  1.16617e-04
 13 -0.01758  4.97340e-05 | 14 -0.01722  4.27738e-05 | 15 -0.01211  3.95670e-05
 16 -0.00338  4.03612e-05 | 17  0.00635  4.85437e-05 | 18  0.00462  6.23074e-05
 19  0.00059  7.16327e-05 | 20 -0.01277  4.12178e-05 | 21 -0.01439 -2.24373e-06
 22 -0.01321 -1.67976e-05 | 23 -0.02219 -2.08268e-05 | 24 -0.01317 -2.05684e-05
 25  0.01813 -3.02877e-05 | 26  0.01904 -5.27837e-05 | 27  0.01626 -4.14357e-05
 28  0.02036 -1.80959e-05 | 29  0.00983 -1.56606e-05 | 30  0.02513 -4.07555e-06
 31  0.07093  4.61801e-05 | 32  0.02273  7.04670e-06 | 33  0.01765  8.76943e-06
 34  0.03357  2.79379e-05 | 35  0.02425  3.91079e-05 | 36  0.04618  1.24566e-04
 37  0.01143  1.09450e-04 | 38 -0.00811  8.64586e-05 | 39 -0.01025  5.67587e-05
 40 -0.00941  7.12994e-06 | 41 -0.00092 -1.93279e-05 | 42  0.01213 -1.42099e-05
 43  0.01436  1.70678e-05 | 44  0.00552  3.69376e-05 | 45 -0.00138  4.41536e-05
 46  0.00111  3.79414e-05 | 47  0.01278  4.17614e-05 | 48 -0.00100  2.53162e-05
 49 -0.02792  5.04366e-06 | 50 -0.02540 -1.33585e-06 | 51 -0.01423  7.34741e-06
 52 -0.00023  8.89256e-06 | 53 -0.00469 -4.32279e-06 | 54 -0.01049 -1.97678e-05
 55 -0.03519 -3.98386e-05 | 56 -0.03066 -4.14236e-05 | 57 -0.01718 -4.79808e-05
 58  0.00349 -4.63601e-05 | 59 -0.00874 -5.07065e-05 | 60 -0.01198 -4.65291e-05
 61 -0.01101 -5.54829e-05 | 62 -0.00845 -5.97628e-05 | 63 -0.00941 -7.21041e-05
 64 -0.01326 -6.47655e-05 | 65 -0.01032 -6.15342e-05 | 66 -0.00046 -2.45174e-06
 67 -0.00000 -1.50648e-06 | 68  0.00000  0.00000e+00 | 69 -0.77590  1.07017e-01
 70  0.23024  5.05266e-05 | 71  0.09185 -1.56595e-04 | 72  0.19805 -3.85441e-04
 73  0.00000  1.48741e-08 | 74  0.07403  2.61362e-05 | 75  0.18318 -7.94386e-01
 76  0.06649 -6.83122e-01 | 77  0.17183  5.47616e-02 | 78  0.00878  2.17464e-03
 79 -0.17750  1.10936e-02 | 80  0.15248  7.09177e-05 | 81  0.06876  7.78427e-08
 82  0.13215 -1.39124e-04 | 83  0.00000 -7.40621e-31 | 84  0.03670  2.50367e-05
 85 -0.06462  6.76289e-05 | 86 -0.23259  7.86740e-07 | 87  0.10581 -4.85222e-05
 88  0.70099  1.26952e-05 | 89 -0.14212  3.42100e-05 | 90  0.10796  4.65557e-05
 91 -0.64195 -1.46196e-05 |
91 variables; iteration 220; function evaluation 296; phase 4
Function value 2.1941901e+02; maximum gradient component mag -3.5957e-01
Var    Value     Gradient |Var    Value     Gradient |Var    Value     Gradient
  1  0.04479  7.42969e-02 |  2 -0.01383  3.63146e-02 |  3 -0.02378  1.93380e-05
  4 -0.01689  2.28662e-05 |  5 -0.01234  2.49547e-05 |  6 -0.01117  2.77436e-05
  7 -0.00406  3.16718e-05 |  8  0.00224  3.80676e-05 |  9  0.00070  4.30420e-05
 10  0.00132  4.93008e-05 | 11 -0.00949  4.45251e-05 | 12 -0.01451  4.11126e-05
 13 -0.01758  1.56915e-05 | 14 -0.01722  1.37922e-05 | 15 -0.01211  1.36734e-05
 16 -0.00338  1.21193e-05 | 17  0.00635  1.46015e-05 | 18  0.00462  1.97562e-05
 19  0.00059  2.40508e-05 | 20 -0.01277  1.26395e-05 | 21 -0.01439 -1.74887e-06
 22 -0.01321 -7.77968e-06 | 23 -0.02219 -8.99745e-06 | 24 -0.01317 -8.54155e-06
 25  0.01813 -1.24439e-05 | 26  0.01904 -2.05713e-05 | 27  0.01626 -1.77803e-05
 28  0.02036 -9.92649e-06 | 29  0.00983 -9.24760e-06 | 30  0.02513 -5.18146e-06
 31  0.07093  1.05222e-05 | 32  0.02273 -6.41255e-07 | 33  0.01765  2.92444e-07
 34  0.03357  7.39499e-06 | 35  0.02425  1.22651e-05 | 36  0.04618  4.32555e-05
 37  0.01143  3.79542e-05 | 38 -0.00811  2.88388e-05 | 39 -0.01025  1.95078e-05
 40 -0.00941  1.44235e-06 | 41 -0.00092 -8.02563e-06 | 42  0.01213 -5.05299e-06
 43  0.01436  5.66290e-06 | 44  0.00552  1.31986e-05 | 45 -0.00138  1.45386e-05
 46  0.00111  1.23761e-05 | 47  0.01278  1.37211e-05 | 48 -0.00100  8.25429e-06
 49 -0.02792 -5.05054e-07 | 50 -0.02540 -1.57079e-06 | 51 -0.01423  4.85616e-07
 52 -0.00023  1.65938e-06 | 53 -0.00469 -2.96985e-06 | 54 -0.01049 -7.81002e-06
 55 -0.03519 -1.45538e-05 | 56 -0.03066 -1.63216e-05 | 57 -0.01718 -1.84572e-05
 58  0.00349 -1.75089e-05 | 59 -0.00874 -1.91388e-05 | 60 -0.01198 -1.81128e-05
 61 -0.01101 -2.06287e-05 | 62 -0.00845 -2.30830e-05 | 63 -0.00941 -2.59816e-05
 64 -0.01326 -2.48421e-05 | 65 -0.01032 -2.31220e-05 | 66 -0.00046 -7.56149e-07
 67 -0.00000 -2.80804e-07 | 68  0.00000  0.00000e+00 | 69 -0.77590  3.82838e-02
 70  0.23024  2.40693e-05 | 71  0.09185 -4.43634e-05 | 72  0.19805 -1.36726e-04
 73 -0.00000 -5.22221e-11 | 74  0.07403  9.58194e-06 | 75  0.18318 -3.59572e-01
 76  0.06647 -3.12612e-01 | 77  0.17183  1.95910e-02 | 78  0.00165  8.34708e-04
 79 -0.17750  3.96808e-03 | 80  0.15248  4.34452e-05 | 81  0.06876  1.49149e-05
 82  0.13215 -5.37921e-05 | 83  0.00000 -7.40565e-31 | 84  0.03670  1.27971e-05
 85 -0.06462  2.45532e-05 | 86 -0.23261  1.42931e-07 | 87  0.10581 -1.96271e-05
 88  0.70099  4.15241e-06 | 89 -0.14212  1.15125e-05 | 90  0.10796  1.29784e-05
 91 -0.64195 -3.95954e-06 |

 - final statistics:
91 variables; iteration 234; function evaluation 313
Function value 2.1942e+02; maximum gradient component mag 1.5078e-06
Exit code = 1;  converg criter 1.0000e-04
Var    Value     Gradient |Var    Value     Gradient |Var    Value     Gradient
  1  0.04479  1.35032e-06 |  2 -0.01383  2.76279e-07 |  3 -0.02378  1.12094e-08
  4 -0.01689  5.98366e-09 |  5 -0.01234  1.58482e-08 |  6 -0.01117  6.37714e-09
  7 -0.00406  1.76670e-08 |  8  0.00224  2.07837e-08 |  9  0.00070  1.90857e-08
 10  0.00132  1.43309e-08 | 11 -0.00949  2.81392e-08 | 12 -0.01451  2.28749e-08
 13 -0.01758  7.60775e-09 | 14 -0.01722  1.48335e-08 | 15 -0.01211  1.35126e-08
 16 -0.00338  1.73856e-08 | 17  0.00635  1.15391e-08 | 18  0.00462  1.69609e-08
 19  0.00059  1.81329e-08 | 20 -0.01277  1.26893e-08 | 21 -0.01439  1.55221e-08
 22 -0.01321  2.14831e-09 | 23 -0.02219  6.23841e-09 | 24 -0.01317  5.67924e-09
 25  0.01813  9.96297e-09 | 26  0.01904  1.14831e-08 | 27  0.01626 -4.74939e-10
 28  0.02036 -6.22335e-09 | 29  0.00983 -5.38413e-09 | 30  0.02513 -4.84970e-09
 31  0.07093 -1.01868e-08 | 32  0.02273 -7.40189e-09 | 33  0.01765 -5.14089e-09
 34  0.03357 -4.59911e-09 | 35  0.02425 -4.48866e-09 | 36  0.04618 -3.63091e-09
 37  0.01143 -4.06308e-09 | 38 -0.00811 -6.83347e-09 | 39 -0.01025 -1.61005e-08
 40 -0.00941 -1.10420e-09 | 41 -0.00092 -8.15743e-09 | 42  0.01213 -1.06501e-08
 43  0.01436 -1.07496e-08 | 44  0.00552 -2.92515e-09 | 45 -0.00138 -1.66154e-08
 46  0.00111 -6.19964e-09 | 47  0.01278  3.09853e-10 | 48 -0.00100 -6.09772e-09
 49 -0.02792 -9.09072e-09 | 50 -0.02540 -5.35681e-09 | 51 -0.01423 -1.22598e-08
 52 -0.00023 -9.47545e-09 | 53 -0.00469 -1.19394e-08 | 54 -0.01049 -1.14768e-08
 55 -0.03519 -8.86879e-09 | 56 -0.03066 -1.44275e-08 | 57 -0.01718 -6.12100e-09
 58  0.00349 -1.31951e-08 | 59 -0.00874 -4.73156e-09 | 60 -0.01198 -1.48364e-08
 61 -0.01101 -5.74740e-09 | 62 -0.00845 -1.72467e-08 | 63 -0.00941 -7.39655e-09
 64 -0.01326 -1.09536e-08 | 65 -0.01032 -1.26752e-08 | 66 -0.00046  6.97350e-09
 67 -0.00000  2.96060e-09 | 68  0.00000  0.00000e+00 | 69 -0.77590  2.85471e-07
 70  0.23024  9.00799e-07 | 71  0.09185  1.50776e-06 | 72  0.19805 -1.87499e-07
 73 -0.00000 -6.74666e-12 | 74  0.07403  8.76722e-08 | 75  0.18318  2.57071e-07
 76  0.06646  3.26706e-07 | 77  0.17183  9.71971e-08 | 78 -0.00020 -3.85832e-10
 79 -0.17750  2.44417e-08 | 80  0.15248 -8.85393e-08 | 81  0.06876 -8.08552e-08
 82  0.13215  1.67866e-08 | 83  0.00000 -7.40622e-31 | 84  0.03670 -9.22685e-09
 85 -0.06462  7.73867e-09 | 86 -0.23261 -1.51621e-09 | 87  0.10581 -1.35335e-08
 88  0.70099  1.08191e-10 | 89 -0.14212  1.02525e-09 | 90  0.10796 -6.79944e-09
 91 -0.64195  3.40380e-09 |
size of file gradfil1.tmp = 0
size of file gradfil2.tmp = 0
size of file varssave.tmp = 0
size of file cmpdiff.tmp = 0
