
Initial statistics: 6 variables; iteration 0; function evaluation 0; phase 1
Function value 2.5677792e+03; maximum gradient component mag -6.6490e+07
Var    Value     Gradient |Var    Value     Gradient |Var    Value     Gradient
  1  0.13392 -6.64895e+07 |  2  0.00087 -1.11963e+05 |  3  0.00000 -6.77388e+01
  4  0.00000 -1.35728e-01 |  5  0.00000  0.00000e+00 |  6 -0.69948  1.35020e+03

Intermediate statistics: 6 variables; iteration 20; function evaluation 41; phase 1
Function value 4.6898099e+02; maximum gradient component mag -1.1172e+05
Var    Value     Gradient |Var    Value     Gradient |Var    Value     Gradient
  1  0.13441 -1.11718e+05 |  2 -0.01424 -1.33863e+03 |  3  0.11013  8.39018e+01
  4 64.00003  2.42718e-02 |  5  0.00000  0.00000e+00 |  6 -0.68397 -8.73457e+02
6 variables; iteration 40; function evaluation 65; phase 1
Function value 3.7241524e+02; maximum gradient component mag -7.0447e+03
Var    Value     Gradient |Var    Value     Gradient |Var    Value     Gradient
  1  0.14003 -7.04465e+03 |  2  0.26187  6.83576e+02 |  3 -0.00441 -3.02156e+00
  4 64.00011  8.80876e-02 |  5  0.00000  0.00000e+00 |  6 -0.89795  8.89454e+02
6 variables; iteration 60; function evaluation 90; phase 1
Function value 2.9662559e+02; maximum gradient component mag -1.1484e+03
Var    Value     Gradient |Var    Value     Gradient |Var    Value     Gradient
  1  0.15317 -1.14845e+03 |  2  0.07036 -4.31894e+02 |  3 -0.02333 -1.74374e+01
  4 64.00007  5.70593e-02 |  5  0.00000  0.00000e+00 |  6 -0.80781 -6.95491e+02
Maximum number of function evaluations exceeded

 - final statistics:
6 variables; iteration 70; function evaluation 100
Function value 2.9162e+02; maximum gradient component mag -1.9665e+02
Exit code = 3;  converg criter 1.0000e+01
Var    Value     Gradient |Var    Value     Gradient |Var    Value     Gradient
  1  0.15462 -1.96649e+02 |  2 -0.00655 -1.35556e+02 |  3 -0.00578 -4.14567e+00
  4 64.00002  1.73714e-02 |  5  0.00000  0.00000e+00 |  6 -0.73864 -1.33580e+02

Initial statistics: 60 variables; iteration 0; function evaluation 0; phase 2
Function value 2.9161864e+02; maximum gradient component mag -2.8123e+02
Var    Value     Gradient |Var    Value     Gradient |Var    Value     Gradient
  1  0.15462 -1.96649e+02 |  2 -0.00655 -1.35556e+02 |  3  0.00000  1.07745e+02
  4  0.00000  1.18158e+02 |  5  0.00000  1.25142e+02 |  6  0.00000  1.29891e+02
  7  0.00000  1.30975e+02 |  8  0.00000  1.32231e+02 |  9  0.00000  1.32715e+02
 10  0.00000  1.60690e+02 | 11  0.00000  1.87137e+02 | 12  0.00000  1.80893e+02
 13  0.00000  1.53581e+02 | 14  0.00000  1.11066e+02 | 15  0.00000  6.09118e+01
 16  0.00000  1.73381e+01 | 17  0.00000 -3.53052e+01 | 18  0.00000 -9.61270e+01
 19  0.00000 -1.43396e+02 | 20  0.00000 -1.99500e+02 | 21  0.00000 -2.51888e+02
 22  0.00000 -2.56931e+02 | 23  0.00000 -2.63988e+02 | 24  0.00000 -2.81230e+02
 25  0.00000 -2.78518e+02 | 26  0.00000 -2.69587e+02 | 27  0.00000 -2.07049e+02
 28  0.00000 -1.21909e+02 | 29  0.00000 -5.24725e+01 | 30  0.00000 -3.04965e+01
 31  0.00000 -6.92252e+01 | 32  0.00000 -1.21208e+02 | 33  0.00000 -1.26771e+02
 34  0.00000 -8.78177e+01 | 35  0.00000 -4.27035e+01 | 36  0.00000 -1.68942e+01
 37  0.00000 -1.22494e+01 | 38  0.00000  1.67987e+01 | 39  0.00000  8.38143e+01
 40  0.00000  1.08520e+02 | 41  0.00000  9.74121e+01 | 42  0.00000  7.48406e+01
 43  0.00000  7.38204e+01 | 44  0.00000  8.61031e+01 | 45  0.00000  1.30915e+02
 46  0.00000  1.27196e+02 | 47  0.00000  9.46016e+01 | 48  0.00000  5.58073e+01
 49  0.00000  5.27551e+01 | 50  0.00000  5.86534e+01 | 51  0.00000  5.72502e+01
 52  0.00000  4.49580e+01 | 53  0.00000  2.67051e+01 | 54  0.00000  1.55869e+01
 55  0.00000  1.10531e+01 | 56 -0.00578 -4.14567e+00 | 57  0.00002  1.73714e-02
 58  0.00000  0.00000e+00 | 59 -0.73864 -1.33580e+02 | 60  0.13487  1.25263e+02

Intermediate statistics: 60 variables; iteration 20; function evaluation 38; phase 2
Function value 2.3806118e+02; maximum gradient component mag -1.2824e+03
Var    Value     Gradient |Var    Value     Gradient |Var    Value     Gradient
  1  0.13297 -1.28239e+03 |  2  0.02201 -4.80446e+02 |  3 -0.02951  1.56472e+00
  4 -0.02366  6.75835e+00 |  5 -0.01886  1.41730e+01 |  6 -0.01355  2.21788e+01
  7 -0.00544  3.09967e+01 |  8  0.00394  4.01638e+01 |  9  0.02534  5.01348e+01
 10  0.00457  4.77262e+01 | 11 -0.01668  3.92591e+01 | 12 -0.01738  3.51359e+01
 13 -0.01395  3.46839e+01 | 14 -0.00365  4.11014e+01 | 15  0.01256  5.03320e+01
 16  0.00982  4.26814e+01 | 17  0.00927  2.74660e+01 | 18  0.02527  1.36137e+01
 19  0.00111 -1.34821e+00 | 20  0.00581  1.72713e+00 | 21  0.06951  5.84682e+00
 22  0.01670 -1.57264e+01 | 23 -0.00574 -3.63315e+01 | 24  0.04393 -3.62700e+01
 25 -0.01693 -2.93324e+01 | 26  0.06754 -1.36830e+01 | 27  0.02372 -2.65176e+01
 28 -0.01369 -4.85359e+01 | 29 -0.00883 -6.41326e+01 | 30 -0.04014 -6.62007e+01
 31 -0.01151 -5.12920e+01 | 32  0.03494 -2.78300e+01 | 33  0.02132 -2.64066e+01
 34  0.00592 -3.21727e+01 | 35 -0.00107 -2.54580e+01 | 36  0.00037 -1.06295e+01
 37  0.02757  1.06696e+01 | 38  0.01985  1.34911e+01 | 39 -0.03041 -5.60701e+00
 40 -0.02692 -4.56603e+00 | 41 -0.00907  8.90094e+00 | 42  0.00875  2.52229e+01
 43  0.00069  2.59957e+01 | 44  0.00333  2.18547e+01 | 45 -0.03613  3.05066e+00
 46 -0.02987  4.60295e+00 | 47 -0.01513  1.42709e+01 | 48  0.01595  2.76760e+01
 49  0.00232  2.16917e+01 | 50 -0.00734  1.34488e+01 | 51 -0.00733  9.40066e+00
 52 -0.00574  7.41419e+00 | 53 -0.00947  5.67382e+00 | 54 -0.01983  3.32550e+00
 55 -0.01754  4.60791e+00 | 56  0.00217  2.03741e+00 | 57 -0.00001 -8.22460e-03
 58  0.00000  0.00000e+00 | 59 -0.72413 -4.44538e+02 | 60  0.14107  4.53597e+01
60 variables; iteration 40; function evaluation 66; phase 2
Function value 2.3452621e+02; maximum gradient component mag -6.6072e+02
Var    Value     Gradient |Var    Value     Gradient |Var    Value     Gradient
  1  0.13390 -6.60723e+02 |  2  0.01636 -1.71940e+02 |  3 -0.02129  7.44559e+00
  4 -0.01813  1.08264e+01 |  5 -0.01436  1.54875e+01 |  6 -0.01208  1.62096e+01
  7 -0.00902  1.37048e+01 |  8 -0.00201  1.26851e+01 |  9  0.02030  1.27668e+01
 10 -0.00200  1.25347e+01 | 11 -0.02277  9.89752e+00 | 12 -0.02265  8.37153e+00
 13 -0.01355  1.19366e+01 | 14 -0.00508  8.37113e+00 | 15  0.00514  1.07410e+00
 16  0.00716  2.63948e+00 | 17  0.00506 -1.82911e-01 | 18  0.02296 -1.86701e+00
 19  0.01054 -3.32257e+00 | 20  0.00331 -1.28855e+01 | 21  0.06185 -1.26725e+01
 22  0.00806 -1.30591e+01 | 23  0.02502 -2.37689e+00 | 24  0.03282 -7.50728e+00
 25  0.00701 -1.57277e+01 | 26  0.05101 -2.45733e+01 | 27  0.01014 -2.72096e+01
 28  0.00441 -1.92950e+01 | 29 -0.00792 -1.87150e+01 | 30 -0.02587 -2.66378e+01
 31 -0.01005 -2.67841e+01 | 32  0.02540 -2.29494e+01 | 33  0.01494 -1.40887e+01
 34  0.01798  4.01474e+00 | 35 -0.00009 -2.86818e+00 | 36 -0.00260 -4.54598e+00
 37  0.02081  1.81297e+00 | 38  0.00899  3.51744e+00 | 39 -0.01524  1.64882e+01
 40 -0.02120  1.22714e+01 | 41 -0.01188  8.38050e+00 | 42  0.00097  5.67522e+00
 43 -0.00405  6.45124e+00 | 44 -0.00147  1.03140e+01 | 45 -0.02827  1.19275e+01
 46 -0.02711  8.38273e+00 | 47 -0.01836  6.02530e+00 | 48  0.00874  8.21361e+00
 49  0.00051  8.03007e+00 | 50 -0.00782  5.76990e+00 | 51 -0.01029  3.96398e+00
 52 -0.00687  7.29550e+00 | 53 -0.00521  1.10405e+01 | 54 -0.01267  8.21158e+00
 55 -0.01222  5.42387e+00 | 56  0.00018  5.25845e-01 | 57 -0.00000 -1.78262e-03
 58  0.00000  0.00000e+00 | 59 -0.71892 -1.67007e+02 | 60  0.13747  4.03483e-01
60 variables; iteration 60; function evaluation 98; phase 2
Function value 2.3371718e+02; maximum gradient component mag -2.4230e+02
Var    Value     Gradient |Var    Value     Gradient |Var    Value     Gradient
  1  0.13445 -2.42303e+02 |  2  0.00334 -8.59101e+01 |  3 -0.01864  4.05533e+00
  4 -0.01865  2.65785e+00 |  5 -0.01712  2.98852e+00 |  6 -0.01591  1.98600e+00
  7 -0.00729  4.62297e+00 |  8 -0.00353  1.78868e+00 |  9  0.02129  3.33940e+00
 10 -0.00397  2.40722e+00 | 11 -0.02265  2.31958e+00 | 12 -0.01979  3.23932e+00
 13 -0.01691  6.33151e-01 | 14 -0.00803 -1.23895e+00 | 15  0.00803 -1.45344e+00
 16  0.00352 -2.90239e+00 | 17  0.00668 -2.71480e+00 | 18  0.02117 -2.57703e+00
 19  0.00849 -1.45385e+00 | 20  0.01489 -2.83466e+00 | 21  0.05159 -7.63915e+00
 22  0.02202 -5.53122e+00 | 23  0.01520 -5.69871e+00 | 24  0.03079 -3.23474e+00
 25  0.01812 -3.36202e+00 | 26  0.04074 -8.80266e+00 | 27  0.02140 -6.12523e+00
 28  0.00077 -4.33539e+00 | 29 -0.01189 -2.51081e+00 | 30 -0.01739 -1.90152e-01
 31 -0.00629 -1.78620e+00 | 32  0.02010 -3.63398e+00 | 33  0.02221 -1.28145e+00
 34  0.00750 -4.32031e-01 | 35  0.00349  1.39666e+00 | 36  0.00133  1.36225e-01
 37  0.01593 -1.12536e+00 | 38  0.01257  1.69719e-02 | 39 -0.02173  1.41193e+00
 40 -0.02233  2.14226e+00 | 41 -0.01168  1.99997e+00 | 42  0.00136  1.06038e+00
 43 -0.00291  1.32381e+00 | 44 -0.00374  5.75488e-01 | 45 -0.02953  3.31142e+00
 46 -0.02653  2.67641e+00 | 47 -0.01594  2.06778e+00 | 48  0.00642 -3.37282e-01
 49  0.00013  1.62989e+00 | 50 -0.00810  1.14848e+00 | 51 -0.00719  2.43294e+00
 52 -0.00783  1.06681e+00 | 53 -0.00845  1.79726e+00 | 54 -0.01204  2.96144e+00
 55 -0.00981  2.23668e+00 | 56 -0.00201 -1.13951e+00 | 57  0.00003  1.97107e-02
 58  0.00000  0.00000e+00 | 59 -0.70415 -7.55021e+01 | 60  0.13684 -4.97001e-01
Maximum number of function evaluations exceeded

 - final statistics:
60 variables; iteration 61; function evaluation 100
Function value 2.3371e+02; maximum gradient component mag -2.4230e+02
Exit code = 3;  converg criter 1.0000e+01
Var    Value     Gradient |Var    Value     Gradient |Var    Value     Gradient
  1  0.13446 -2.42303e+02 |  2  0.00318 -8.59101e+01 |  3 -0.01867  4.05533e+00
  4 -0.01868  2.65785e+00 |  5 -0.01718  2.98852e+00 |  6 -0.01578  1.98600e+00
  7 -0.00748  4.62297e+00 |  8 -0.00337  1.78868e+00 |  9  0.02123  3.33940e+00
 10 -0.00397  2.40722e+00 | 11 -0.02259  2.31958e+00 | 12 -0.01989  3.23932e+00
 13 -0.01692  6.33151e-01 | 14 -0.00799 -1.23895e+00 | 15  0.00804 -1.45344e+00
 16  0.00346 -2.90239e+00 | 17  0.00672 -2.71480e+00 | 18  0.02124 -2.57703e+00
 19  0.00839 -1.45385e+00 | 20  0.01489 -2.83466e+00 | 21  0.05164 -7.63915e+00
 22  0.02202 -5.53122e+00 | 23  0.01534 -5.69871e+00 | 24  0.03067 -3.23474e+00
 25  0.01813 -3.36202e+00 | 26  0.04076 -8.80266e+00 | 27  0.02143 -6.12523e+00
 28  0.00086 -4.33539e+00 | 29 -0.01194 -2.51081e+00 | 30 -0.01739 -1.90152e-01
 31 -0.00640 -1.78620e+00 | 32  0.02020 -3.63398e+00 | 33  0.02217 -1.28145e+00
 34  0.00748 -4.32031e-01 | 35  0.00346  1.39666e+00 | 36  0.00128  1.36225e-01
 37  0.01606 -1.12536e+00 | 38  0.01257  1.69719e-02 | 39 -0.02181  1.41193e+00
 40 -0.02240  2.14226e+00 | 41 -0.01164  1.99997e+00 | 42  0.00143  1.06038e+00
 43 -0.00299  1.32381e+00 | 44 -0.00364  5.75488e-01 | 45 -0.02964  3.31142e+00
 46 -0.02643  2.67641e+00 | 47 -0.01609  2.06778e+00 | 48  0.00652 -3.37282e-01
 49  0.00011  1.62989e+00 | 50 -0.00798  1.14848e+00 | 51 -0.00737  2.43294e+00
 52 -0.00776  1.06681e+00 | 53 -0.00840  1.79726e+00 | 54 -0.01213  2.96144e+00
 55 -0.00973  2.23668e+00 | 56 -0.00197 -1.13951e+00 | 57  0.00003  1.97107e-02
 58  0.00000  0.00000e+00 | 59 -0.70395 -7.55021e+01 | 60  0.13683 -4.97001e-01

Initial statistics: 81 variables; iteration 0; function evaluation 0; phase 3
Function value 2.3371111e+02; maximum gradient component mag -2.2809e+02
Var    Value     Gradient |Var    Value     Gradient |Var    Value     Gradient
  1  0.13446 -2.28090e+02 |  2  0.00318 -8.10608e+01 |  3 -0.01867  4.00882e+00
  4 -0.01868  2.60274e+00 |  5 -0.01718  2.90872e+00 |  6 -0.01577  2.06732e+00
  7 -0.00748  4.42025e+00 |  8 -0.00336  1.87792e+00 |  9  0.02124  3.23113e+00
 10 -0.00396  2.38316e+00 | 11 -0.02258  2.37738e+00 | 12 -0.01988  3.15186e+00
 13 -0.01691  6.77578e-01 | 14 -0.00799 -1.05664e+00 | 15  0.00804 -1.17938e+00
 16  0.00346 -2.62583e+00 | 17  0.00673 -2.32855e+00 | 18  0.02125 -2.17279e+00
 19  0.00840 -1.23689e+00 | 20  0.01489 -2.49855e+00 | 21  0.05164 -7.02659e+00
 22  0.02202 -5.01285e+00 | 23  0.01535 -5.15620e+00 | 24  0.03067 -2.86329e+00
 25  0.01814 -2.95581e+00 | 26  0.04077 -8.18397e+00 | 27  0.02144 -5.50349e+00
 28  0.00087 -3.78735e+00 | 29 -0.01194 -2.18291e+00 | 30 -0.01738  8.25870e-02
 31 -0.00639 -1.60282e+00 | 32  0.02020 -3.23615e+00 | 33  0.02218 -1.05089e+00
 34  0.00749 -3.12263e-01 | 35  0.00346  1.48869e+00 | 36  0.00128  2.72412e-01
 37  0.01606 -8.01281e-01 | 38  0.01258  2.02064e-01 | 39 -0.02180  1.39746e+00
 40 -0.02240  2.11169e+00 | 41 -0.01164  2.13321e+00 | 42  0.00143  1.26349e+00
 43 -0.00299  1.39783e+00 | 44 -0.00364  7.62092e-01 | 45 -0.02963  3.28079e+00
 46 -0.02643  2.83155e+00 | 47 -0.01608  2.03269e+00 | 48  0.00653 -1.16291e-01
 49  0.00012  1.78783e+00 | 50 -0.00798  1.35976e+00 | 51 -0.00737  2.34175e+00
 52 -0.00776  1.18707e+00 | 53 -0.00840  1.92018e+00 | 54 -0.01212  2.97879e+00
 55 -0.00973  2.38887e+00 | 56 -0.00197 -1.10970e+00 | 57  0.00003  1.92791e-02
 58  0.00000  0.00000e+00 | 59 -0.70395 -7.14037e+01 | 60  0.33739  1.01350e+01
 61 -0.17283  2.99053e-04 | 62  0.20189 -3.78207e+01 | 63  0.00000  8.10749e-09
 64  0.10013  1.85104e+00 | 65  0.23432  4.99791e+01 | 66 -0.20287 -2.10966e-03
 67  0.16768 -9.62994e+01 | 68 -0.00000 -2.43225e-08 | 69 -0.15594 -7.55768e+00
 70  0.18663 -5.65926e+01 | 71 -0.21649 -3.51700e-03 | 72  0.13024  7.59915e+01
 73  0.00000 -9.64641e-29 | 74  0.05256 -8.55173e+00 | 75 -0.03875  6.26795e+00
 76 -0.22027  2.39637e-04 | 77  0.10697 -5.69987e+00 | 78  0.63772  5.73455e-01
 79 -0.10909  3.78295e+00 | 80  0.13683 -5.36595e-01 | 81 -0.62846 -1.00061e+00

Intermediate statistics: 81 variables; iteration 20; function evaluation 23; phase 3
Function value 2.3361336e+02; maximum gradient component mag -8.8351e+01
Var    Value     Gradient |Var    Value     Gradient |Var    Value     Gradient
  1  0.13448 -8.83511e+01 |  2 -0.00240 -3.66735e+01 |  3 -0.01981 -1.32592e-01
  4 -0.01832 -9.03247e-02 |  5 -0.01726  1.85971e-02 |  6 -0.01494 -1.50965e-01
  7 -0.00917 -2.14297e-02 |  8 -0.00217 -2.48297e-01 |  9  0.02120 -5.77773e-01
 10 -0.00340 -6.52596e-01 | 11 -0.02244 -2.91768e-01 | 12 -0.02074  3.35650e-01
 13 -0.01630  2.89611e-01 | 14 -0.00693 -4.81871e-01 | 15  0.00705 -1.23321e+00
 16  0.00351 -1.01641e+00 | 17  0.00699 -1.19870e-01 | 18  0.02173 -1.97005e-02
 19  0.00785 -4.80181e-01 | 20  0.01417 -8.26590e-01 | 21  0.05250 -1.31538e+00
 22  0.02198 -8.56535e-01 | 23  0.01730 -5.30456e-01 | 24  0.02956 -2.18398e-01
 25  0.01694 -3.39949e-01 | 26  0.04288 -8.97697e-01 | 27  0.02087 -7.79209e-01
 28  0.00138 -5.60932e-01 | 29 -0.01169 -2.36254e-01 | 30 -0.01851  6.70015e-01
 31 -0.00632  1.62573e+00 | 32  0.02101  2.51186e+00 | 33  0.02166  1.89050e+00
 34  0.00815  8.27977e-01 | 35  0.00256  6.85987e-01 | 36  0.00155  5.11932e-01
 37  0.01694  6.07841e-01 | 38  0.01272  6.30306e-01 | 39 -0.02173  3.91635e-01
 40 -0.02254  1.85600e-01 | 41 -0.01194 -1.18234e-01 | 42  0.00174 -3.70820e-01
 43 -0.00305 -3.69234e-01 | 44 -0.00269 -5.44048e-01 | 45 -0.03076 -1.40306e-01
 46 -0.02702 -8.23929e-02 | 47 -0.01640 -6.99535e-02 | 48  0.00808 -4.11859e-01
 49 -0.00067 -3.53407e-01 | 50 -0.00768 -3.23717e-01 | 51 -0.00794 -3.70623e-02
 52 -0.00698  7.91166e-02 | 53 -0.00841  3.00634e-01 | 54 -0.01356  3.58286e-01
 55 -0.01094  2.43871e-01 | 56 -0.00065 -1.10403e-01 | 57  0.00000  1.65859e-03
 58  0.00000  0.00000e+00 | 59 -0.69736 -2.89617e+01 | 60  0.33660  1.02019e+01
 61 -0.17282 -3.89742e-04 | 62  0.20169 -5.02069e+01 | 63  0.00000  8.10714e-09
 64  0.09222  4.68708e-02 | 65  0.23386  1.21442e+01 | 66 -0.20286 -1.17215e-03
 67  0.16834 -7.25413e+00 | 68 -0.00000 -2.43214e-08 | 69 -0.15959 -4.03088e+00
 70  0.18598 -3.65760e+01 | 71 -0.21649 -2.85056e-03 | 72  0.12934  3.36027e+01
 73 -0.00000 -3.82922e-29 | 74  0.05396 -3.15658e+00 | 75 -0.03909 -7.38916e-01
 76 -0.22027  6.45717e-05 | 77  0.10708  4.00549e+00 | 78  0.64007  3.31552e-02
 79 -0.11048  9.39628e-01 | 80  0.13678 -3.40557e+00 | 81 -0.62777  1.72598e+00
81 variables; iteration 40; function evaluation 48; phase 3
Function value 2.3358765e+02; maximum gradient component mag -3.1558e+01
Var    Value     Gradient |Var    Value     Gradient |Var    Value     Gradient
  1  0.13443 -6.22126e+00 |  2 -0.00249  4.58637e+00 |  3 -0.01980 -5.29627e-02
  4 -0.01805  2.76184e-01 |  5 -0.01740  2.29537e-01 |  6 -0.01442  6.63086e-01
  7 -0.00923 -6.68927e-02 |  8 -0.00247 -1.12167e+00 |  9  0.02112 -1.95063e+00
 10 -0.00408 -1.98274e+00 | 11 -0.02212 -3.97647e-01 | 12 -0.02108 -2.74972e-01
 13 -0.01629  1.14964e-01 | 14 -0.00668 -8.30784e-02 | 15  0.00689 -8.68556e-01
 16  0.00376 -4.82139e-01 | 17  0.00702  1.51472e-01 | 18  0.02182  4.22211e-01
 19  0.00834  2.56970e-01 | 20  0.01298 -1.14255e+00 | 21  0.05348 -5.57073e-02
 22  0.02122 -3.44560e-01 | 23  0.01809  8.62060e-01 | 24  0.02956  5.11993e-01
 25  0.01635 -2.69526e-01 | 26  0.04319 -8.53589e-02 | 27  0.02106  1.21639e-01
 28  0.00130  1.47227e-01 | 29 -0.01133  5.56745e-01 | 30 -0.01890  8.94979e-02
 31 -0.00613  6.00069e-01 | 32  0.02058  3.40135e-01 | 33  0.02173  9.92087e-01
 34  0.00829  8.44303e-01 | 35  0.00251  4.30500e-01 | 36  0.00144 -6.72676e-02
 37  0.01684 -3.26961e-01 | 38  0.01238 -1.45393e-01 | 39 -0.02140  8.74717e-01
 40 -0.02222  1.01065e+00 | 41 -0.01191  3.73366e-01 | 42  0.00169 -1.66923e-01
 43 -0.00330 -1.59118e-01 | 44 -0.00239  5.62369e-01 | 45 -0.03066  7.84479e-01
 46 -0.02685  7.78271e-01 | 47 -0.01646  3.92920e-01 | 48  0.00798 -7.09705e-02
 49 -0.00077 -5.10157e-02 | 50 -0.00747  1.88558e-01 | 51 -0.00814  9.89731e-02
 52 -0.00710  2.70892e-01 | 53 -0.00817  7.45833e-01 | 54 -0.01355  5.57052e-01
 55 -0.01106  2.65384e-01 | 56 -0.00049  1.64141e-02 | 57  0.00000  5.86793e-05
 58  0.00000  0.00000e+00 | 59 -0.69663  3.19479e+00 | 60  0.33610  6.09154e+00
 61 -0.17184 -5.73768e-04 | 62  0.20170 -3.15581e+01 | 63  0.00000  8.06285e-09
 64  0.09418  4.20047e-01 | 65  0.23319 -6.21329e+00 | 66 -0.20204 -7.72285e-04
 67  0.16776  1.41856e+01 | 68 -0.00000 -2.41885e-08 | 69 -0.16072 -4.64167e-01
 70  0.18686 -4.89755e+00 | 71 -0.21700  7.08499e-04 | 72  0.12961  2.48348e+01
 73 -0.00000  1.77966e-28 | 74  0.05352 -8.89783e-01 | 75 -0.04040 -1.57057e+00
 76 -0.22032  8.12815e-05 | 77  0.10633  2.48281e+00 | 78  0.65000  1.04081e-01
 79 -0.11208 -4.11160e-01 | 80  0.13688 -2.42131e+00 | 81 -0.62791  9.24012e-01
81 variables; iteration 60; function evaluation 79; phase 3
Function value 2.3357182e+02; maximum gradient component mag 4.8610e+00
Var    Value     Gradient |Var    Value     Gradient |Var    Value     Gradient
  1  0.13451  4.06251e+00 |  2 -0.00307  4.86100e+00 |  3 -0.01990 -5.36494e-02
  4 -0.01821 -7.47343e-03 |  5 -0.01754 -2.64357e-01 |  6 -0.01494 -1.07941e-01
  7 -0.00937 -1.41115e-01 |  8 -0.00193 -6.94682e-02 |  9  0.02113 -4.14415e-01
 10 -0.00342 -3.17053e-01 | 11 -0.02229 -4.59030e-02 | 12 -0.02100 -2.28345e-01
 13 -0.01627 -5.56393e-03 | 14 -0.00700 -1.16558e-01 | 15  0.00718  8.91946e-02
 16  0.00385  1.21080e-01 | 17  0.00691 -1.03512e-01 | 18  0.02170  8.12442e-02
 19  0.00805  2.28308e-01 | 20  0.01379 -2.62969e-01 | 21  0.05284  5.22999e-02
 22  0.02180 -8.67591e-02 | 23  0.01755  2.43790e-01 | 24  0.02948  1.75677e-01
 25  0.01679  2.48983e-02 | 26  0.04317  1.74227e-01 | 27  0.02100  2.20518e-01
 28  0.00153  2.98362e-01 | 29 -0.01171  3.62920e-02 | 30 -0.01897 -3.53392e-01
 31 -0.00652 -2.86913e-01 | 32  0.02095 -2.32424e-01 | 33  0.02160 -5.92435e-02
 34  0.00816 -3.18205e-02 | 35  0.00248  6.65270e-02 | 36  0.00146  3.27067e-02
 37  0.01717  2.08761e-01 | 38  0.01251 -8.14514e-02 | 39 -0.02169  1.22399e-01
 40 -0.02250  1.85914e-01 | 41 -0.01179  2.30739e-01 | 42  0.00185  7.43144e-02
 43 -0.00296  1.56840e-01 | 44 -0.00251  2.33951e-01 | 45 -0.03068  3.37676e-01
 46 -0.02714  7.98091e-02 | 47 -0.01641  1.90868e-01 | 48  0.00827  2.15502e-01
 49 -0.00078  1.29705e-01 | 50 -0.00738  3.87328e-01 | 51 -0.00807  1.75089e-01
 52 -0.00699  2.13113e-01 | 53 -0.00839  2.91012e-01 | 54 -0.01367  2.33627e-01
 55 -0.01103  1.60271e-01 | 56 -0.00035  1.33022e-01 | 57 -0.00000 -3.96757e-03
 58  0.00000  0.00000e+00 | 59 -0.69607  3.75951e+00 | 60  0.33548  2.45099e-01
 61 -0.16972 -6.90103e-04 | 62  0.20187 -1.68961e+00 | 63  0.00000  7.95582e-09
 64  0.09326  7.84715e-02 | 65  0.23326 -2.53533e+00 | 66 -0.20015 -6.30174e-04
 67  0.16759  3.15525e+00 | 68 -0.00000 -2.38675e-08 | 69 -0.15892  3.88453e-01
 70  0.18671 -4.30397e+00 | 71 -0.21792 -2.70123e-04 | 72  0.12925  3.99277e+00
 73 -0.00000  4.38800e-29 | 74  0.05339 -6.25274e-01 | 75 -0.04025 -5.89540e-01
 76 -0.22046  2.35521e-05 | 77  0.10634  1.89948e-01 | 78  0.64717 -5.86860e-02
 79 -0.11187 -4.78749e-01 | 80  0.13703 -1.86717e-01 | 81 -0.62774  1.89337e-01
Maximum number of function evaluations exceeded

 - final statistics:
81 variables; iteration 73; function evaluation 100
Function value 2.3357e+02; maximum gradient component mag 1.5221e+00
Exit code = 3;  converg criter 1.0000e+00
Var    Value     Gradient |Var    Value     Gradient |Var    Value     Gradient
  1  0.13453  1.29893e+00 |  2 -0.00311  1.52209e+00 |  3 -0.01991 -2.29922e-02
  4 -0.01827  4.02158e-04 |  5 -0.01742 -7.58717e-02 |  6 -0.01491  2.33042e-03
  7 -0.00939 -8.39658e-02 |  8 -0.00201 -9.96811e-03 |  9  0.02123 -9.71634e-02
 10 -0.00335 -8.77812e-02 | 11 -0.02240 -4.36234e-02 | 12 -0.02089 -4.38893e-02
 13 -0.01630  3.25428e-02 | 14 -0.00698 -7.76028e-02 | 15  0.00716  5.42342e-02
 16  0.00373  1.88955e-02 | 17  0.00704 -1.60148e-02 | 18  0.02166  1.14754e-02
 19  0.00785  5.64115e-02 | 20  0.01411 -5.18048e-02 | 21  0.05267  1.79666e-02
 22  0.02194 -6.91324e-02 | 23  0.01743  8.75572e-02 | 24  0.02948  8.70475e-02
 25  0.01687 -1.72802e-02 | 26  0.04310  7.22923e-03 | 27  0.02102  8.73581e-02
 28  0.00144  1.25062e-01 | 29 -0.01177 -2.12199e-02 | 30 -0.01884 -1.26654e-01
 31 -0.00646 -6.91895e-02 | 32  0.02091 -1.03255e-01 | 33  0.02160 -1.74726e-02
 34  0.00820 -2.23905e-02 | 35  0.00239 -1.44599e-02 | 36  0.00163  1.09458e-01
 37  0.01693 -1.02616e-02 | 38  0.01266 -1.22899e-02 | 39 -0.02167  9.31158e-02
 40 -0.02258 -3.76807e-03 | 41 -0.01181  8.76539e-02 | 42  0.00190  1.09040e-02
 43 -0.00293  7.62541e-02 | 44 -0.00253  6.20964e-02 | 45 -0.03079  8.40896e-02
 46 -0.02702  6.20279e-02 | 47 -0.01646  3.03257e-02 | 48  0.00828  8.67363e-02
 49 -0.00073  1.92623e-02 | 50 -0.00748  1.37357e-01 | 51 -0.00801  5.02089e-02
 52 -0.00699  5.11987e-02 | 53 -0.00843  1.13024e-01 | 54 -0.01371  9.90118e-02
 55 -0.01111  2.31680e-02 | 56 -0.00046  4.51325e-02 | 57  0.00000  1.83166e-03
 58  0.00000  0.00000e+00 | 59 -0.69609  1.18684e+00 | 60  0.33548  3.30243e-02
 61 -0.16811 -6.73757e-04 | 62  0.20189 -3.79448e-01 | 63  0.00000  7.86384e-09
 64  0.09301  1.98323e-02 | 65  0.23333 -7.35676e-01 | 66 -0.19867 -6.02501e-04
 67  0.16763  9.47709e-01 | 68 -0.00000 -2.35915e-08 | 69 -0.15876  1.30327e-01
 70  0.18673 -1.24883e+00 | 71 -0.21816 -3.49416e-05 | 72  0.12923  1.12676e+00
 73 -0.00000  5.88192e-29 | 74  0.05343 -1.86442e-01 | 75 -0.04011 -1.90262e-01
 76 -0.22056  3.29899e-05 | 77  0.10641  4.79717e-02 | 78  0.64622 -1.99812e-02
 79 -0.11167 -1.48419e-01 | 80  0.13699 -5.22514e-02 | 81 -0.62780  4.40943e-02

Initial statistics: 91 variables; iteration 0; function evaluation 0; phase 4
Function value 2.3357115e+02; maximum gradient component mag 2.7198e+01
Var    Value     Gradient |Var    Value     Gradient |Var    Value     Gradient
  1  0.13453  1.29893e+00 |  2 -0.00311  1.52209e+00 |  3  0.00000  2.71980e+01
  4  0.00000  2.20866e+01 |  5  0.00000  1.87652e+01 |  6  0.00000  2.00169e+01
  7  0.00000  1.44372e+01 |  8  0.00000  7.13120e+00 |  9  0.00000  9.42378e+00
 10  0.00000  8.51066e+00 | 11  0.00000  1.76029e+01 | 12  0.00000  2.06902e+01
 13 -0.01991 -3.59400e-02 | 14 -0.01827 -1.25466e-02 | 15 -0.01742 -8.88209e-02
 16 -0.01491 -1.06201e-02 | 17 -0.00940 -9.69184e-02 | 18 -0.00201 -2.29222e-02
 19  0.02123 -1.10110e-01 | 20 -0.00335 -1.00735e-01 | 21 -0.02240 -5.65695e-02
 22 -0.02089 -5.68364e-02 | 23 -0.01630  1.95929e-02 | 24 -0.00698 -9.05562e-02
 25  0.00716  4.12809e-02 | 26  0.00373  5.94158e-03 | 27  0.00704 -2.89681e-02
 28  0.02166 -1.47126e-03 | 29  0.00785  4.34583e-02 | 30  0.01411 -6.47557e-02
 31  0.05267  5.05676e-03 | 32  0.02194 -8.20789e-02 | 33  0.01743  7.46079e-02
 34  0.02948  7.41073e-02 | 35  0.01687 -3.02297e-02 | 36  0.04310 -5.69520e-03
 37  0.02102  7.44111e-02 | 38  0.00144  1.12108e-01 | 39 -0.01177 -3.41718e-02
 40 -0.01884 -1.39603e-01 | 41 -0.00646 -8.21430e-02 | 42  0.02091 -1.16202e-01
 43  0.02160 -3.04192e-02 | 44  0.00820 -3.53435e-02 | 45  0.00239 -2.74139e-02
 46  0.00163  9.65036e-02 | 47  0.01693 -2.32111e-02 | 48  0.01266 -2.52414e-02
 49 -0.02167  8.01692e-02 | 50 -0.02258 -1.67140e-02 | 51 -0.01181  7.47020e-02
 52  0.00190 -2.05008e-03 | 53 -0.00293  6.33001e-02 | 54 -0.00253  4.91424e-02
 55 -0.03079  7.11506e-02 | 56 -0.02702  4.90855e-02 | 57 -0.01646  1.73760e-02
 58  0.00828  7.37833e-02 | 59 -0.00073  6.30817e-03 | 60 -0.00748  1.24404e-01
 61 -0.00801  3.72558e-02 | 62 -0.00699  3.82454e-02 | 63 -0.00843  1.00071e-01
 64 -0.01371  8.60607e-02 | 65 -0.01111  1.02159e-02 | 66 -0.00046  4.51325e-02
 67  0.00000  1.83166e-03 | 68  0.00000  0.00000e+00 | 69 -0.69609  1.18684e+00
 70  0.33548  3.30243e-02 | 71 -0.16811 -6.73757e-04 | 72  0.20189 -3.79448e-01
 73  0.00000  7.86384e-09 | 74  0.09301  1.98323e-02 | 75  0.23333 -7.35676e-01
 76 -0.19867 -6.02501e-04 | 77  0.16763  9.47709e-01 | 78 -0.00000 -2.35915e-08
 79 -0.15876  1.30327e-01 | 80  0.18673 -1.24883e+00 | 81 -0.21816 -3.49416e-05
 82  0.12923  1.12676e+00 | 83  0.00000  5.88192e-29 | 84  0.05343 -1.86442e-01
 85 -0.04011 -1.90262e-01 | 86 -0.22056  3.29899e-05 | 87  0.10641  4.79717e-02
 88  0.64622 -1.99812e-02 | 89 -0.11167 -1.48419e-01 | 90  0.13699 -5.22514e-02
 91 -0.62780  4.40943e-02 |

Intermediate statistics: 91 variables; iteration 20; function evaluation 25; phase 4
Function value 2.3266996e+02; maximum gradient component mag -2.2309e+02
Var    Value     Gradient |Var    Value     Gradient |Var    Value     Gradient
  1  0.13381 -2.23093e+02 |  2 -0.00231 -5.57667e+01 |  3 -0.02185  6.84746e+00
  4 -0.01678  6.80194e+00 |  5 -0.01298  6.95181e+00 |  6 -0.01397  7.39142e+00
  7 -0.00864  6.98896e+00 |  8  0.00075  7.16335e+00 |  9 -0.00066  8.80538e+00
 10  0.00310  1.12648e+01 | 11 -0.00341  1.50207e+01 | 12 -0.00725  1.62566e+01
 13 -0.01327  1.35976e+01 | 14 -0.01785  1.14938e+01 | 15 -0.02019  9.96298e+00
 16 -0.01683  1.07035e+01 | 17 -0.00932  1.29403e+01 | 18 -0.00073  1.54139e+01
 19  0.02478  2.07006e+01 | 20 -0.00125  1.68827e+01 | 21 -0.02109  1.35667e+01
 22 -0.01944  1.25009e+01 | 23 -0.01493  1.18271e+01 | 24 -0.00648  1.19459e+01
 25  0.00714  1.21466e+01 | 26  0.00455  9.93340e+00 | 27  0.00824  8.69649e+00
 28  0.02207  7.10676e+00 | 29  0.00754  3.80127e+00 | 30  0.01480  1.39404e+00
 31  0.05242 -2.92887e+00 | 32  0.02332 -3.01187e+00 | 33  0.01763 -5.82646e+00
 34  0.02808 -1.06409e+01 | 35  0.01675 -1.21734e+01 | 36  0.04091 -2.28071e+01
 37  0.02073 -2.11749e+01 | 38  0.00077 -1.89009e+01 | 39 -0.01250 -1.89686e+01
 40 -0.01957 -1.94926e+01 | 41 -0.00729 -2.38253e+01 | 42  0.02054 -3.06311e+01
 43  0.01933 -2.58035e+01 | 44  0.00690 -1.68785e+01 | 45  0.00238 -1.08312e+01
 46  0.00158 -7.68205e+00 | 47  0.01643 -7.80063e+00 | 48  0.01137 -6.18923e+00
 49 -0.02238 -2.17377e+00 | 50 -0.02308 -7.84309e-01 | 51 -0.01217  8.55181e-02
 52  0.00119  8.29101e-01 | 53 -0.00415  1.94394e+00 | 54 -0.00415  2.62358e+00
 55 -0.03149  3.41971e+00 | 56 -0.02738  4.02644e+00 | 57 -0.01694  4.79645e+00
 58  0.00709  5.74555e+00 | 59 -0.00133  5.76944e+00 | 60 -0.00809  5.55555e+00
 61 -0.00851  5.35355e+00 | 62 -0.00724  5.01780e+00 | 63 -0.00811  4.40138e+00
 64 -0.01222  3.77579e+00 | 65 -0.00868  3.67571e+00 | 66 -0.00048  3.03229e-03
 67  0.00000  9.60383e-05 | 68  0.00000  0.00000e+00 | 69 -0.69308 -4.44188e+01
 70  0.33833  2.95624e+00 | 71 -0.16812  1.83793e-03 | 72  0.20114 -1.08500e+01
 73  0.00000  7.86349e-09 | 74  0.10025  1.51235e-01 | 75  0.23451  3.28429e+01
 76 -0.19867 -1.91450e-03 | 77  0.16608 -7.37520e+01 | 78 -0.00000 -2.35905e-08
 79 -0.15712 -5.64359e+00 | 80  0.18581 -3.20911e+01 | 81 -0.21817 -2.90465e-03
 82  0.12756  5.46701e+00 | 83 -0.00000 -4.06773e-29 | 84  0.05675 -3.26360e+00
 85 -0.03900 -1.59856e+00 | 86 -0.22056  6.79635e-06 | 87  0.10661  1.57099e+00
 88  0.64494  2.20273e-02 | 89 -0.10996 -8.66837e-01 | 90  0.13952  4.93740e-01
 91 -0.62667  2.19740e-02 |
91 variables; iteration 40; function evaluation 45; phase 4
Function value 2.3250903e+02; maximum gradient component mag -9.1993e+01
Var    Value     Gradient |Var    Value     Gradient |Var    Value     Gradient
  1  0.13380 -9.19933e+01 |  2 -0.00101 -3.69855e+01 |  3 -0.02510  1.60471e+00
  4 -0.01903  1.84278e+00 |  5 -0.01456  2.15162e+00 |  6 -0.01548  2.82261e+00
  7 -0.00826  4.01495e+00 |  8 -0.00011  2.48368e+00 |  9 -0.00060  3.89627e+00
 10  0.00242  3.34393e+00 | 11 -0.00591  3.65579e+00 | 12 -0.01067  3.63337e+00
 13 -0.01255  3.28236e+00 | 14 -0.01816  2.48806e+00 | 15 -0.02021  2.97890e+00
 16 -0.01632  4.31119e+00 | 17 -0.00921  5.16232e+00 | 18 -0.00018  6.55068e+00
 19  0.02513  7.80593e+00 | 20 -0.00053  6.03489e+00 | 21 -0.02150  3.62784e+00
 22 -0.01986  3.60102e+00 | 23 -0.01486  4.86517e+00 | 24 -0.00612  6.22570e+00
 25  0.00711  6.21601e+00 | 26  0.00397  3.83983e+00 | 27  0.00764  3.01035e+00
 28  0.02203  3.69056e+00 | 29  0.00787  2.95048e+00 | 30  0.01401  1.50035e+00
 31  0.05306  1.15747e+00 | 32  0.02276  2.29753e-02 | 33  0.01804 -5.26600e-01
 34  0.02913 -2.07329e+00 | 35  0.01457 -4.57741e+00 | 36  0.04323 -5.91310e+00
 37  0.01942 -7.11299e+00 | 38  0.00212 -5.17902e+00 | 39 -0.01217 -5.98522e+00
 40 -0.01918 -6.30796e+00 | 41 -0.00651 -7.36895e+00 | 42  0.02042 -8.97081e+00
 43  0.02113 -6.68858e+00 | 44  0.00675 -6.16018e+00 | 45  0.00199 -5.60528e+00
 46  0.00134 -5.14432e+00 | 47  0.01590 -5.54464e+00 | 48  0.01124 -3.77392e+00
 49 -0.02200 -7.20424e-01 | 50 -0.02266 -2.68356e-02 | 51 -0.01244 -5.03495e-01
 52  0.00082  4.57547e-02 | 53 -0.00405  1.58073e+00 | 54 -0.00376  2.15095e+00
 55 -0.03140  1.24823e+00 | 56 -0.02774  3.17967e-01 | 57 -0.01764 -5.52253e-02
 58  0.00660  4.12894e-01 | 59 -0.00161  9.05428e-01 | 60 -0.00785  1.17224e+00
 61 -0.00868  1.96116e-01 | 62 -0.00822 -1.00806e+00 | 63 -0.00879 -5.40848e-01
 64 -0.01229  4.87471e-01 | 65 -0.00979 -1.82486e-02 | 66 -0.00050 -9.21204e-03
 67  0.00000  7.14738e-04 | 68  0.00000  0.00000e+00 | 69 -0.69383 -2.97258e+01
 70  0.33784 -1.23915e+00 | 71 -0.16906  6.24154e-04 | 72  0.20109 -6.67985e-01
 73  0.00000  7.83681e-09 | 74  0.10433  7.43743e-01 | 75  0.23438  1.65302e+01
 76 -0.19851 -2.06305e-03 | 77  0.16607 -4.41671e+01 | 78 -0.00000 -2.35104e-08
 79 -0.16447 -5.74513e+00 | 80  0.18706  4.36606e+00 | 81 -0.21867  1.72899e-03
 82  0.12830  1.55532e+01 | 83 -0.00000  6.59491e-27 | 84  0.05769  4.25777e+00
 85 -0.03537  4.45904e+00 | 86 -0.22057  3.41462e-05 | 87  0.10840 -1.00214e+00
 88  0.61677  1.13782e-01 | 89 -0.10591  2.85126e+00 | 90  0.14001  1.46134e+00
 91 -0.62630 -4.38441e-02 |
91 variables; iteration 60; function evaluation 76; phase 4
Function value 2.3244869e+02; maximum gradient component mag -2.4683e+01
Var    Value     Gradient |Var    Value     Gradient |Var    Value     Gradient
  1  0.13398 -2.46828e+01 |  2 -0.00154 -1.54138e+01 |  3 -0.02557  3.87210e-02
  4 -0.01947 -3.10081e-02 |  5 -0.01480  1.51691e-01 |  6 -0.01660 -1.26678e-01
  7 -0.01030 -8.63839e-02 |  8  0.00046  9.43235e-02 |  9 -0.00177  5.19309e-02
 10  0.00219 -1.45700e-01 | 11 -0.00637 -4.06723e-02 | 12 -0.01102  3.28171e-01
 13 -0.01228  1.08647e-01 | 14 -0.01768  8.76645e-02 | 15 -0.01980  5.15268e-01
 16 -0.01672  3.01865e-01 | 17 -0.00960  3.36577e-02 | 18 -0.00091  1.97942e-01
 19  0.02513  4.54658e-01 | 20 -0.00093  4.88238e-01 | 21 -0.02099  3.41146e-01
 22 -0.01942  3.86042e-01 | 23 -0.01511  3.24208e-01 | 24 -0.00687  2.64500e-01
 25  0.00651  3.55017e-01 | 26  0.00422  6.01977e-01 | 27  0.00790  6.28206e-01
 28  0.02144  4.03528e-01 | 29  0.00729  2.65228e-01 | 30  0.01433  1.42201e-01
 31  0.05250  2.29819e-01 | 32  0.02304  3.08723e-02 | 33  0.01744 -1.75002e-01
 34  0.02848 -8.02794e-02 | 35  0.01651 -7.93482e-02 | 36  0.04184  7.37767e-02
 37  0.02100  1.95367e-01 | 38  0.00136  9.89782e-02 | 39 -0.01210 -9.85704e-02
 40 -0.01909  3.41147e-03 | 41 -0.00650  2.21965e-01 | 42  0.02076  2.38457e-01
 43  0.02061  4.28804e-01 | 44  0.00705 -3.65649e-02 | 45  0.00257  4.57636e-02
 46  0.00193  1.47990e-01 | 47  0.01657  2.92566e-02 | 48  0.01145 -1.86444e-01
 49 -0.02240 -2.27446e-01 | 50 -0.02326 -4.15227e-01 | 51 -0.01237 -3.92833e-01
 52  0.00090 -4.90474e-01 | 53 -0.00448 -5.58435e-01 | 54 -0.00444 -5.76474e-01
 55 -0.03168 -4.14004e-01 | 56 -0.02761 -4.03797e-01 | 57 -0.01741 -5.32945e-01
 58  0.00660 -4.26102e-01 | 59 -0.00173 -2.47161e-01 | 60 -0.00831 -1.02054e-01
 61 -0.00870 -1.68453e-01 | 62 -0.00754 -3.87355e-01 | 63 -0.00843 -4.64186e-01
 64 -0.01217 -1.21510e-01 | 65 -0.00880 -1.71121e-01 | 66 -0.00049 -3.30408e-03
 67  0.00000  4.08176e-04 | 68  0.00000  0.00000e+00 | 69 -0.69501 -1.23218e+01
 70  0.33807  1.37493e-01 | 71 -0.17213  9.04642e-04 | 72  0.20117 -2.35437e+00
 73  0.00000  7.73900e-09 | 74  0.09958  7.10070e-02 | 75  0.23404  6.97625e+00
 76 -0.19804 -6.25931e-04 | 77  0.16624 -1.40595e+01 | 78 -0.00000 -2.32170e-08
 79 -0.15603 -1.44540e+00 | 80  0.18701 -1.86739e+00 | 81 -0.22069  4.36189e-04
 82  0.12805  4.84577e+00 | 83  0.00000  8.09383e-28 | 84  0.05644  8.05086e-02
 85 -0.03875  5.40542e-01 | 86 -0.22051  3.99396e-05 | 87  0.10668 -8.83376e-01
 88  0.64150  1.34948e-01 | 89 -0.10930  6.27090e-01 | 90  0.13958  3.22635e-01
 91 -0.62681 -1.78100e-01 |
91 variables; iteration 80; function evaluation 110; phase 4
Function value 2.3244737e+02; maximum gradient component mag -2.9980e+00
Var    Value     Gradient |Var    Value     Gradient |Var    Value     Gradient
  1  0.13396 -2.99799e+00 |  2 -0.00192 -1.48276e+00 |  3 -0.02557  3.53637e-02
  4 -0.01945 -3.61140e-02 |  5 -0.01496 -2.12107e-02 |  6 -0.01646 -2.71071e-02
  7 -0.01018 -6.14487e-03 |  8  0.00040  2.56918e-03 |  9 -0.00182 -3.13946e-02
 10  0.00244  1.44104e-02 | 11 -0.00627 -2.80279e-02 | 12 -0.01122 -6.08737e-03
 13 -0.01222 -7.02664e-03 | 14 -0.01751 -3.39906e-03 | 15 -0.02009 -1.40790e-02
 16 -0.01679  2.49175e-02 | 17 -0.00950 -2.36999e-02 | 18 -0.00090  1.07750e-02
 19  0.02509 -3.29854e-02 | 20 -0.00104 -2.03670e-02 | 21 -0.02095  8.56931e-03
 22 -0.01950 -3.52023e-02 | 23 -0.01514  3.55374e-03 | 24 -0.00686 -5.41856e-03
 25  0.00658 -2.59245e-02 | 26  0.00416  9.70792e-03 | 27  0.00777 -2.53046e-02
 28  0.02156  7.07912e-03 | 29  0.00719 -2.70705e-02 | 30  0.01438  6.00662e-03
 31  0.05249  2.20847e-02 | 32  0.02306  8.39205e-03 | 33  0.01758 -1.19853e-02
 34  0.02846  3.41306e-02 | 35  0.01658  3.55484e-02 | 36  0.04184 -2.24699e-03
 37  0.02091  1.43702e-02 | 38  0.00136  4.85712e-02 | 39 -0.01198  2.22687e-02
 40 -0.01908  1.40252e-03 | 41 -0.00662 -6.65227e-03 | 42  0.02089  2.64860e-02
 43  0.02035  1.67080e-03 | 44  0.00721 -1.43216e-02 | 45  0.00258  2.16978e-02
 46  0.00179 -6.02112e-03 | 47  0.01653  3.70408e-03 | 48  0.01149  4.60702e-03
 49 -0.02242  1.36678e-02 | 50 -0.02319 -2.11353e-02 | 51 -0.01239 -1.63504e-03
 52  0.00092  1.23309e-02 | 53 -0.00443 -1.03716e-02 | 54 -0.00442 -1.47026e-02
 55 -0.03167  1.87768e-02 | 56 -0.02766 -3.24348e-02 | 57 -0.01731 -9.35919e-03
 58  0.00661  6.49724e-03 | 59 -0.00175  5.38882e-03 | 60 -0.00843 -1.14390e-02
 61 -0.00876  2.15754e-02 | 62 -0.00747 -5.95918e-03 | 63 -0.00822 -8.58262e-03
 64 -0.01224 -3.45967e-02 | 65 -0.00875 -4.03076e-02 | 66 -0.00048 -3.19586e-05
 67  0.00000  2.42251e-04 | 68  0.00000  0.00000e+00 | 69 -0.69429 -1.14223e+00
 70  0.33816 -2.08593e-02 | 71 -0.17634  8.10358e-04 | 72  0.20118  4.85579e-02
 73  0.00000  7.57554e-09 | 74  0.09934 -1.93327e-03 | 75  0.23415  5.00386e-01
 76 -0.19766 -1.49068e-04 | 77  0.16625 -1.32792e+00 | 78 -0.00000 -2.27266e-08
 79 -0.15676 -1.58542e-01 | 80  0.18700 -3.44771e-01 | 81 -0.22262  3.21619e-04
 82  0.12796  1.20866e-01 | 83  0.00000  6.97094e-28 | 84  0.05640 -1.33642e-02
 85 -0.03850  4.59450e-03 | 86 -0.22054  4.40938e-06 | 87  0.10681 -7.17620e-02
 88  0.64013 -9.52390e-03 | 89 -0.10940 -1.24921e-02 | 90  0.13960  3.36423e-03
 91 -0.62679  8.35003e-04 |
91 variables; iteration 100; function evaluation 147; phase 4
Function value 2.3244735e+02; maximum gradient component mag 1.4625e-01
Var    Value     Gradient |Var    Value     Gradient |Var    Value     Gradient
  1  0.13396  1.46249e-01 |  2 -0.00193  6.83639e-02 |  3 -0.02561 -1.86976e-03
  4 -0.01942  2.38345e-03 |  5 -0.01495  4.34167e-04 |  6 -0.01644  1.82435e-03
  7 -0.01018  9.47076e-04 |  8  0.00038  2.80293e-04 |  9 -0.00180  8.85364e-04
 10  0.00240  2.05420e-04 | 11 -0.00625  1.23412e-03 | 12 -0.01123  1.34770e-03
 13 -0.01223  8.01652e-04 | 14 -0.01752  6.40622e-04 | 15 -0.02008  9.75512e-04
 16 -0.01682 -5.00972e-04 | 17 -0.00948 -6.28742e-04 | 18 -0.00093  3.28209e-04
 19  0.02510  2.38134e-03 | 20 -0.00104  1.21607e-03 | 21 -0.02097  1.81318e-03
 22 -0.01947  2.72757e-03 | 23 -0.01516  7.68802e-05 | 24 -0.00686  1.21665e-03
 25  0.00660  2.07847e-03 | 26  0.00414  9.27330e-04 | 27  0.00780  2.43833e-03
 28  0.02153  3.54544e-05 | 29  0.00722  1.66343e-03 | 30  0.01437 -9.28642e-05
 31  0.05247 -1.85172e-03 | 32  0.02306 -1.26432e-03 | 33  0.01761 -4.01135e-04
 34  0.02844 -2.90403e-03 | 35  0.01655 -2.75791e-03 | 36  0.04187 -7.61691e-04
 37  0.02092 -1.70380e-03 | 38  0.00133 -3.34994e-03 | 39 -0.01198 -7.45130e-04
 40 -0.01907 -8.42657e-04 | 41 -0.00660  9.44024e-04 | 42  0.02087 -2.32052e-04
 43  0.02035  1.41146e-03 | 44  0.00723  1.34241e-03 | 45  0.00256 -4.47436e-04
 46  0.00181  4.89167e-04 | 47  0.01653  4.10708e-04 | 48  0.01149  7.01913e-04
 49 -0.02243 -7.80915e-04 | 50 -0.02318  1.03500e-03 | 51 -0.01239 -6.52232e-04
 52  0.00091  2.11696e-05 | 53 -0.00443 -6.84685e-04 | 54 -0.00441  5.34948e-04
 55 -0.03170 -1.14671e-03 | 56 -0.02764  1.26491e-03 | 57 -0.01731  1.58824e-04
 58  0.00660  2.42858e-04 | 59 -0.00175 -1.40928e-03 | 60 -0.00841  8.38276e-04
 61 -0.00879 -1.30739e-03 | 62 -0.00747  8.47993e-04 | 63 -0.00823 -5.58332e-04
 64 -0.01221  3.18268e-03 | 65 -0.00870  1.51355e-03 | 66 -0.00048  1.24211e-04
 67 -0.00000 -2.27713e-03 | 68  0.00000  0.00000e+00 | 69 -0.69427  5.14083e-02
 70  0.33817  4.89166e-03 | 71 -0.19207  7.86573e-05 | 72  0.20118 -9.93348e-03
 73  0.00000  6.59577e-09 | 74  0.09935  4.53325e-05 | 75  0.23418 -1.22066e-02
 76 -0.19629 -9.18198e-06 | 77  0.16625  6.19361e-02 | 78 -0.00000 -1.97873e-08
 79 -0.15678  7.95674e-03 | 80  0.18701  3.16241e-02 | 81 -0.22965  3.28492e-05
 82  0.12796 -7.86972e-03 | 83  0.00000  7.48892e-28 | 84  0.05640  1.70822e-03
 85 -0.03850 -3.29868e-03 | 86 -0.22071  1.35942e-06 | 87  0.10681  6.85801e-03
 88  0.64026  6.71796e-07 | 89 -0.10941  3.43219e-06 | 90  0.13960 -3.33752e-04
 91 -0.62679 -2.31919e-04 |

 - final statistics:
91 variables; iteration 111; function evaluation 158
Function value 2.3245e+02; maximum gradient component mag 3.1972e-05
Exit code = 1;  converg criter 1.0000e-04
Var    Value     Gradient |Var    Value     Gradient |Var    Value     Gradient
  1  0.13396  3.19716e-05 |  2 -0.00193  1.38917e-05 |  3 -0.02561  1.80150e-07
  4 -0.01942 -3.01439e-07 |  5 -0.01495 -5.73160e-08 |  6 -0.01644  2.16190e-08
  7 -0.01018 -2.43126e-09 |  8  0.00038  2.61749e-07 |  9 -0.00180 -3.33038e-07
 10  0.00240 -2.20277e-07 | 11 -0.00625 -1.88716e-07 | 12 -0.01123  2.76022e-07
 13 -0.01223  3.16455e-07 | 14 -0.01752  3.71721e-07 | 15 -0.02008  1.59551e-07
 16 -0.01682  8.45149e-08 | 17 -0.00948 -3.40397e-07 | 18 -0.00093 -6.71872e-08
 19  0.02510 -1.36628e-07 | 20 -0.00103  9.26247e-07 | 21 -0.02097  1.42682e-06
 22 -0.01947  9.43089e-07 | 23 -0.01516  8.50648e-07 | 24 -0.00686  5.33909e-07
 25  0.00660  1.19907e-06 | 26  0.00414  1.56832e-06 | 27  0.00780  9.25989e-07
 28  0.02153  8.30257e-07 | 29  0.00722  1.14729e-07 | 30  0.01437  3.20874e-07
 31  0.05247 -3.32927e-08 | 32  0.02306 -4.17170e-07 | 33  0.01761 -9.51339e-07
 34  0.02844 -5.35228e-07 | 35  0.01655 -2.08648e-07 | 36  0.04187 -8.11399e-07
 37  0.02092 -5.15714e-07 | 38  0.00133  5.42761e-08 | 39 -0.01199 -1.07740e-07
 40 -0.01907 -5.16440e-08 | 41 -0.00661  2.84223e-07 | 42  0.02087  1.23021e-06
 43  0.02035  1.70661e-06 | 44  0.00723  5.08387e-07 | 45  0.00256  7.80601e-07
 46  0.00181  3.82304e-07 | 47  0.01653  4.91036e-07 | 48  0.01149  7.79585e-07
 49 -0.02243  3.99993e-08 | 50 -0.02318 -6.84250e-07 | 51 -0.01239 -3.34836e-07
 52  0.00091 -4.81220e-07 | 53 -0.00443 -8.72864e-07 | 54 -0.00441 -1.06008e-06
 55 -0.03170 -4.27844e-07 | 56 -0.02764 -5.35729e-07 | 57 -0.01731 -3.51074e-07
 58  0.00660 -3.71398e-07 | 59 -0.00175 -6.08025e-07 | 60 -0.00842 -8.96526e-07
 61 -0.00878  9.67219e-08 | 62 -0.00747 -8.89421e-08 | 63 -0.00822  1.53247e-07
 64 -0.01221 -3.87841e-07 | 65 -0.00871 -3.45480e-07 | 66 -0.00048  8.92251e-08
 67  0.00000  1.49505e-07 | 68  0.00000  0.00000e+00 | 69 -0.69427  9.68395e-06
 70  0.33817  1.07507e-06 | 71 -0.19421 -1.96874e-07 | 72  0.20118 -5.79840e-06
 73  0.00000  5.30656e-09 | 74  0.09935 -3.44832e-08 | 75  0.23417 -2.81011e-06
 76 -0.19585 -2.96789e-07 | 77  0.16625  1.29583e-05 | 78 -0.00000 -1.59197e-08
 79 -0.15678  2.65660e-06 | 80  0.18701 -1.21445e-06 | 81 -0.23037  3.04834e-07
 82  0.12796  4.57154e-06 | 83  0.00000  7.44149e-28 | 84  0.05640  3.87565e-07
 85 -0.03850 -2.04476e-06 | 86 -0.22075 -1.82422e-08 | 87  0.10681  1.98492e-06
 88  0.64026 -4.77899e-07 | 89 -0.10941 -4.26764e-07 | 90  0.13960  4.44834e-07
 91 -0.62679 -3.71674e-07 |
size of file gradfil1.tmp = 0
size of file gradfil2.tmp = 0
size of file varssave.tmp = 0
size of file cmpdiff.tmp = 0
