
Initial statistics: 6 variables; iteration 0; function evaluation 0; phase 1
Function value 2.2376246e+06; maximum gradient component mag -1.7312e+08
Var    Value     Gradient |Var    Value     Gradient |Var    Value     Gradient
  1  0.08523 -1.73117e+08 |  2 -0.00979 -7.36849e+05 |  3  0.00000  3.45804e+00
  4  0.00000 -6.39640e-02 |  5  0.00000  0.00000e+00 |  6 -0.73077  1.32664e+04

Intermediate statistics: 6 variables; iteration 20; function evaluation 39; phase 1
Function value 4.0931552e+02; maximum gradient component mag -6.1757e+03
Var    Value     Gradient |Var    Value     Gradient |Var    Value     Gradient
  1  0.09651 -6.17574e+03 |  2 -0.14742 -1.42264e+03 |  3 -52.00244 -1.60712e+00
  4 -32.00383 -2.89026e+00 |  5  0.00000  0.00000e+00 |  6 -0.55700 -5.80310e+02
6 variables; iteration 40; function evaluation 60; phase 1
Function value 3.9572331e+02; maximum gradient component mag -4.3319e+03
Var    Value     Gradient |Var    Value     Gradient |Var    Value     Gradient
  1  0.09588 -4.33189e+03 |  2 -0.02172 -3.79273e+01 |  3 -52.00021  8.77790e-02
  4 -31.99844  1.17670e+00 |  5  0.00000  0.00000e+00 |  6 -0.74108 -3.46211e+01
6 variables; iteration 60; function evaluation 81; phase 1
Function value 3.7843554e+02; maximum gradient component mag 5.2645e+01
Var    Value     Gradient |Var    Value     Gradient |Var    Value     Gradient
  1  0.10857  5.26451e+01 |  2 -0.01798 -5.12295e+00 |  3 -52.00024  1.42356e-02
  4 -31.99980  1.52354e-01 |  5  0.00000  0.00000e+00 |  6 -0.77049 -1.21968e+01

 - final statistics:
6 variables; iteration 64; function evaluation 85
Function value 3.7840e+02; maximum gradient component mag 3.2550e+00
Exit code = 1;  converg criter 1.0000e+01
Var    Value     Gradient |Var    Value     Gradient |Var    Value     Gradient
  1  0.10790  3.25505e+00 |  2 -0.02141  1.78903e+00 |  3 -52.00025  1.17705e-02
  4 -31.99999  1.14648e-02 |  5  0.00000  0.00000e+00 |  6 -0.76587  1.98993e+00

Initial statistics: 60 variables; iteration 0; function evaluation 0; phase 2
Function value 3.7839890e+02; maximum gradient component mag -4.0109e+02
Var    Value     Gradient |Var    Value     Gradient |Var    Value     Gradient
  1  0.10790  3.25505e+00 |  2 -0.02141  1.78903e+00 |  3  0.00000  1.03543e+02
  4  0.00000  1.07918e+02 |  5  0.00000  1.06434e+02 |  6  0.00000  1.02335e+02
  7  0.00000  9.82423e+01 |  8  0.00000  1.05150e+02 |  9  0.00000  1.17898e+02
 10  0.00000  1.36721e+02 | 11  0.00000  1.35280e+02 | 12  0.00000  1.10791e+02
 13  0.00000  7.48238e+01 | 14  0.00000  7.84344e+00 | 15  0.00000 -8.03134e+01
 16  0.00000 -1.49096e+02 | 17  0.00000 -2.06819e+02 | 18  0.00000 -2.59774e+02
 19  0.00000 -3.04126e+02 | 20  0.00000 -3.61523e+02 | 21  0.00000 -4.01089e+02
 22  0.00000 -3.77808e+02 | 23  0.00000 -3.51128e+02 | 24  0.00000 -3.43529e+02
 25  0.00000 -3.24045e+02 | 26  0.00000 -2.95344e+02 | 27  0.00000 -2.07713e+02
 28  0.00000 -9.89483e+01 | 29  0.00000 -1.26835e+01 | 30  0.00000  3.37058e+01
 31  0.00000  3.19999e+01 | 32  0.00000  8.30181e+00 | 33  0.00000 -4.60567e-01
 34  0.00000  1.47243e+01 | 35  0.00000  4.08346e+01 | 36  0.00000  6.40359e+01
 37  0.00000  8.18756e+01 | 38  0.00000  1.24596e+02 | 39  0.00000  1.86447e+02
 40  0.00000  1.99147e+02 | 41  0.00000  1.83453e+02 | 42  0.00000  1.59881e+02
 43  0.00000  1.55688e+02 | 44  0.00000  1.65360e+02 | 45  0.00000  2.01682e+02
 46  0.00000  1.92941e+02 | 47  0.00000  1.59702e+02 | 48  0.00000  1.24262e+02
 49  0.00000  1.19187e+02 | 50  0.00000  1.12567e+02 | 51  0.00000  9.15861e+01
 52  0.00000  5.91489e+01 | 53  0.00000  2.93873e+01 | 54  0.00000  1.51036e+01
 55  0.00000  1.18019e+01 | 56 -0.00025  1.17705e-02 | 57  0.00001  1.14648e-02
 58  0.00000  0.00000e+00 | 59 -0.76587  1.98993e+00 | 60  0.12482  1.70631e+02

Intermediate statistics: 60 variables; iteration 20; function evaluation 35; phase 2
Function value 2.7692075e+02; maximum gradient component mag -2.4213e+03
Var    Value     Gradient |Var    Value     Gradient |Var    Value     Gradient
  1  0.08031 -2.42132e+03 |  2  0.02964 -1.49431e+03 |  3 -0.02239 -3.58564e+01
  4 -0.02178 -3.40795e+01 |  5 -0.01341 -2.50526e+01 |  6  0.00628 -3.49554e+00
  7  0.02744  2.36280e+01 |  8  0.02628  3.39482e+01 |  9  0.02555  2.89157e+01
 10 -0.00169 -2.64763e+00 | 11 -0.00933 -2.87895e+01 | 12 -0.00856 -5.23122e+01
 13 -0.04408 -6.56138e+01 | 14 -0.02187 -4.49759e+01 | 15  0.03890 -1.61834e+01
 16  0.04060 -1.29888e+01 | 17  0.01524 -3.87403e+01 | 18  0.06011 -7.00378e+01
 19 -0.05654 -8.55904e+01 | 20  0.00109 -5.90121e+01 | 21  0.11499 -5.89879e+01
 22  0.00637 -5.15865e+01 | 23 -0.04198 -7.69821e+01 | 24  0.04920 -5.87598e+01
 25  0.00284 -3.78864e+01 | 26  0.08273 -1.24856e+00 | 27  0.01688 -1.00483e+01
 28 -0.01043 -1.72040e+01 | 29 -0.00535 -5.48782e+00 | 30 -0.00383  1.49928e+00
 31 -0.00051 -2.84964e+00 | 32  0.00259 -1.32267e+01 | 33  0.01141 -5.91077e+00
 34  0.01077  1.46795e+01 | 35  0.00566  3.47525e+01 | 36  0.01009  5.86119e+01
 37  0.01701  6.78968e+01 | 38 -0.00582  4.18686e+01 | 39 -0.04181  1.54448e+01
 40 -0.03741  2.93579e+01 | 41 -0.01870  6.61372e+01 | 42  0.00422  1.08799e+02
 43  0.00480  1.12286e+02 | 44 -0.00474  8.87530e+01 | 45 -0.02433  6.68505e+01
 46 -0.00873  8.48624e+01 | 47  0.00174  9.62333e+01 | 48  0.01422  1.00170e+02
 49 -0.00102  6.51127e+01 | 50 -0.01170  2.66438e+01 | 51 -0.01980 -1.41785e+01
 52 -0.02772 -4.85509e+01 | 53 -0.04766 -6.44725e+01 | 54 -0.05513 -5.35770e+01
 55 -0.02912 -2.82803e+01 | 56 -0.00166 -5.75386e-01 | 57 -0.00002 -1.36224e-02
 58  0.00000  0.00000e+00 | 59 -0.76542 -1.59795e+03 | 60  0.10466 -1.63388e+02
60 variables; iteration 40; function evaluation 63; phase 2
Function value 2.5993542e+02; maximum gradient component mag -1.5953e+03
Var    Value     Gradient |Var    Value     Gradient |Var    Value     Gradient
  1  0.08033 -1.59526e+03 |  2  0.02030 -3.70891e+02 |  3 -0.01656  1.90524e+00
  4 -0.01489  7.22357e+00 |  5 -0.00889  1.30009e+01 |  6  0.00504  1.94794e+01
  7  0.01101  1.36274e+01 |  8  0.01520  1.25636e+01 |  9  0.00704  6.62651e+00
 10  0.00056  1.06972e+01 | 11 -0.02013 -6.76162e+00 | 12 -0.01597 -4.43649e+00
 13 -0.01259  1.37966e+01 | 14 -0.01205  9.81041e+00 | 15  0.02761  3.34076e+00
 16  0.02765 -8.71778e+00 | 17  0.01073 -1.03266e+01 | 18  0.06028  1.50811e+01
 19 -0.00572 -6.48995e+00 | 20 -0.00931 -8.53175e+00 | 21  0.11443  2.96260e+01
 22 -0.01972 -1.77723e+01 | 23  0.01718 -7.45497e+00 | 24  0.03787 -1.01104e+01
 25  0.00611 -1.06354e+01 | 26  0.07230 -4.54563e+00 | 27  0.01524 -8.30663e+00
 28 -0.00404 -1.15147e+01 | 29 -0.00655 -1.60591e+01 | 30 -0.02070 -2.38382e+01
 31  0.00800 -1.31082e+01 | 32 -0.00252 -1.56353e+01 | 33  0.01769 -4.05608e-01
 34  0.00871 -3.85378e+00 | 35 -0.00210 -7.96972e+00 | 36  0.00172 -4.04070e+00
 37  0.01546 -4.61488e+00 | 38 -0.01036 -1.41236e+01 | 39 -0.03434 -8.77805e+00
 40 -0.03995 -1.17242e+01 | 41 -0.01701  3.48067e+00 | 42  0.00014  9.27310e+00
 43 -0.00965  3.02935e+00 | 44 -0.01212 -7.12907e-01 | 45 -0.04207 -4.43680e+00
 46 -0.02540  7.57213e+00 | 47 -0.00964  1.68074e+01 | 48  0.00200  1.04496e+01
 49 -0.01219  6.15798e+00 | 50 -0.02005  6.07312e-01 | 51 -0.00651  1.06795e+01
 52 -0.00950  8.25011e+00 | 53 -0.01700  7.64151e+00 | 54 -0.02575  7.43586e+00
 55 -0.01764  8.22426e+00 | 56 -0.00065  1.23829e-01 | 57 -0.00000  1.06038e-03
 58  0.00000  0.00000e+00 | 59 -0.75383 -4.10108e+02 | 60  0.12481  9.86601e+00
60 variables; iteration 60; function evaluation 96; phase 2
Function value 2.5731089e+02; maximum gradient component mag -5.4589e+02
Var    Value     Gradient |Var    Value     Gradient |Var    Value     Gradient
  1  0.08210 -5.45892e+02 |  2  0.00229 -1.60656e+02 |  3 -0.01175  1.05311e+01
  4 -0.01297  1.15962e+01 |  5 -0.01117  1.03826e+01 |  6  0.00123  1.25927e+01
  7  0.00898  5.60987e+00 |  8  0.00972  2.70537e+00 |  9  0.00684  4.46145e+00
 10 -0.01068  5.97490e+00 | 11 -0.00894  1.03743e+01 | 12 -0.01122  4.56930e+00
 13 -0.01881  2.07261e+00 | 14 -0.01547 -7.31012e+00 | 15  0.02266 -1.64396e+01
 16  0.03078 -2.01115e+01 | 17  0.01855 -2.16017e+01 | 18  0.04236 -1.98715e+01
 19  0.00610 -2.30486e+01 | 20 -0.00368 -2.82073e+01 | 21  0.10189 -2.59691e+01
 22 -0.00317 -2.71764e+01 | 23  0.01083 -2.16922e+01 | 24  0.04023 -1.72330e+01
 25  0.01057 -1.84327e+01 | 26  0.06520 -1.83568e+01 | 27  0.01016 -1.69100e+01
 28 -0.00198 -6.89252e+00 | 29 -0.00642 -1.48345e+00 | 30 -0.01208 -5.93031e-01
 31  0.00079  6.50912e+00 | 32  0.00393  3.02535e+00 | 33  0.00873  3.04178e+00
 34  0.00726  2.95247e+00 | 35  0.00263  3.36005e+00 | 36 -0.00097  2.27631e+00
 37  0.00623  3.87290e+00 | 38 -0.00609  1.01110e+01 | 39 -0.03005  1.74390e+01
 40 -0.03247  1.35313e+01 | 41 -0.01944  1.16564e+01 | 42 -0.00798  3.95803e+00
 43 -0.01092  4.32009e+00 | 44 -0.01436  7.12731e+00 | 45 -0.03438  1.05000e+01
 46 -0.02999  5.93316e+00 | 47 -0.01659  6.06089e+00 | 48 -0.00389  8.01995e-01
 49 -0.01068  8.69596e+00 | 50 -0.01409  1.14106e+01 | 51 -0.01314  1.10968e+01
 52 -0.00821  1.34204e+01 | 53 -0.01043  1.28327e+01 | 54 -0.01641  8.59820e+00
 55 -0.00712  7.74343e+00 | 56 -0.00057  1.29196e-01 | 57 -0.00015 -1.10506e-01
 58  0.00000  0.00000e+00 | 59 -0.73777 -1.64230e+02 | 60  0.12388  6.04274e+00
Maximum number of function evaluations exceeded

 - final statistics:
60 variables; iteration 64; function evaluation 100
Function value 2.5719e+02; maximum gradient component mag -5.3074e+02
Exit code = 3;  converg criter 1.0000e+01
Var    Value     Gradient |Var    Value     Gradient |Var    Value     Gradient
  1  0.08217 -5.30742e+02 |  2 -0.00029 -1.59471e+02 |  3 -0.01233  9.97321e+00
  4 -0.01283  1.17707e+01 |  5 -0.01003  1.13627e+01 |  6 -0.00173  1.00639e+01
  7  0.01154  7.53013e+00 |  8  0.00925  2.50934e+00 |  9  0.00539  3.54143e+00
 10 -0.00941  7.55921e+00 | 11 -0.00823  1.15152e+01 | 12 -0.01217  3.69340e+00
 13 -0.01836  1.94120e+00 | 14 -0.01641 -8.72444e+00 | 15  0.02266 -1.70556e+01
 16  0.03130 -2.04202e+01 | 17  0.01798 -2.26659e+01 | 18  0.04167 -2.10616e+01
 19  0.00681 -2.31086e+01 | 20 -0.00243 -2.80656e+01 | 21  0.10052 -2.70043e+01
 22 -0.00060 -2.61459e+01 | 23  0.01039 -2.14041e+01 | 24  0.04011 -1.65704e+01
 25  0.01139 -1.77561e+01 | 26  0.06444 -1.78650e+01 | 27  0.01084 -1.61880e+01
 28 -0.00186 -6.38123e+00 | 29 -0.00682 -1.40210e+00 | 30 -0.01261 -5.55653e-01
 31  0.00175  7.82874e+00 | 32  0.00301  2.56988e+00 | 33  0.00880  3.21325e+00
 34  0.00757  3.34665e+00 | 35  0.00177  2.80571e+00 | 36 -0.00035  2.85598e+00
 37  0.00598  3.74592e+00 | 38 -0.00640  9.83406e+00 | 39 -0.03015  1.75462e+01
 40 -0.03188  1.44577e+01 | 41 -0.02009  1.10320e+01 | 42 -0.00778  3.86621e+00
 43 -0.01154  3.58160e+00 | 44 -0.01406  7.55049e+00 | 45 -0.03446  1.07630e+01
 46 -0.03027  6.04660e+00 | 47 -0.01590  7.02496e+00 | 48 -0.00455  4.21979e-01
 49 -0.01036  9.08952e+00 | 50 -0.01455  1.13065e+01 | 51 -0.01277  1.19654e+01
 52 -0.00792  1.40809e+01 | 53 -0.01117  1.21694e+01 | 54 -0.01603  8.88125e+00
 55 -0.00696  7.83745e+00 | 56  0.00010  6.39050e-01 | 57  0.00096  7.29934e-01
 58  0.00000  0.00000e+00 | 59 -0.73504 -1.56707e+02 | 60  0.12381  5.11678e+00

Initial statistics: 81 variables; iteration 0; function evaluation 0; phase 3
Function value 2.5718583e+02; maximum gradient component mag -5.3074e+02
Var    Value     Gradient |Var    Value     Gradient |Var    Value     Gradient
  1  0.08217 -5.30742e+02 |  2 -0.00029 -1.59471e+02 |  3 -0.01232  1.03046e+01
  4 -0.01282  1.21020e+01 |  5 -0.01002  1.16941e+01 |  6 -0.00173  1.03953e+01
  7  0.01155  7.86149e+00 |  8  0.00926  2.84072e+00 |  9  0.00540  3.87283e+00
 10 -0.00940  7.89060e+00 | 11 -0.00823  1.18466e+01 | 12 -0.01216  4.02476e+00
 13 -0.01835  2.27248e+00 | 14 -0.01641 -8.39314e+00 | 15  0.02267 -1.67244e+01
 16  0.03131 -2.00892e+01 | 17  0.01799 -2.23347e+01 | 18  0.04168 -2.07308e+01
 19  0.00681 -2.27772e+01 | 20 -0.00242 -2.77341e+01 | 21  0.10053 -2.66770e+01
 22 -0.00060 -2.58145e+01 | 23  0.01039 -2.10727e+01 | 24  0.04011 -1.62396e+01
 25  0.01140 -1.74248e+01 | 26  0.06445 -1.75353e+01 | 27  0.01085 -1.58567e+01
 28 -0.00185 -6.04982e+00 | 29 -0.00681 -1.07070e+00 | 30 -0.01261 -2.24303e-01
 31  0.00176  8.16015e+00 | 32  0.00301  2.90129e+00 | 33  0.00881  3.54463e+00
 34  0.00758  3.67804e+00 | 35  0.00178  3.13712e+00 | 36 -0.00034  3.18740e+00
 37  0.00599  4.07732e+00 | 38 -0.00639  1.01655e+01 | 39 -0.03014  1.78772e+01
 40 -0.03187  1.47887e+01 | 41 -0.02008  1.13633e+01 | 42 -0.00778  4.19760e+00
 43 -0.01153  3.91297e+00 | 44 -0.01405  7.88183e+00 | 45 -0.03446  1.10939e+01
 46 -0.03027  6.37764e+00 | 47 -0.01590  7.35627e+00 | 48 -0.00454  7.53386e-01
 49 -0.01035  9.42089e+00 | 50 -0.01454  1.16378e+01 | 51 -0.01276  1.22967e+01
 52 -0.00792  1.44123e+01 | 53 -0.01116  1.25008e+01 | 54 -0.01603  9.21256e+00
 55 -0.00696  8.16884e+00 | 56  0.00010  6.39050e-01 | 57  0.00096  7.29934e-01
 58  0.00000  0.00000e+00 | 59 -0.73504 -1.56707e+02 | 60  0.30485 -1.21534e+01
 61 -0.05755 -4.53886e-05 | 62  0.20351  5.73910e+01 | 63  0.00000  5.53889e-31
 64  0.08598 -1.08000e-01 | 65  0.22266  7.84901e+01 | 66 -0.05607 -1.07398e-03
 67  0.17264 -9.93412e+01 | 68 -0.00001 -3.24300e-08 | 69 -0.17158 -1.75514e+01
 70  0.18064 -5.97489e+01 | 71  0.00681 -1.60706e+00 | 72  0.13427  1.08886e+02
 73  0.00000 -3.70869e-29 | 74  0.04548 -1.72221e+01 | 75 -0.04995 -2.33450e+01
 76 -0.22492 -8.87148e-04 | 77  0.10702  2.28701e+01 | 78  0.66981 -2.69217e+00
 79 -0.12276 -1.01599e+01 | 80  0.12381  5.11678e+00 | 81 -0.63224 -1.01862e+00

Intermediate statistics: 81 variables; iteration 20; function evaluation 22; phase 3
Function value 2.5599478e+02; maximum gradient component mag -1.0825e+02
Var    Value     Gradient |Var    Value     Gradient |Var    Value     Gradient
  1  0.08209  9.05878e+01 |  2 -0.00869 -1.05014e+02 |  3 -0.01566 -1.10439e+01
  4 -0.01624 -1.11198e+01 |  5 -0.01253 -1.19270e+01 |  6 -0.00414 -1.33924e+01
  7  0.00892 -1.54470e+01 |  8  0.01121 -1.53751e+01 |  9  0.00552 -1.45797e+01
 10 -0.01165 -1.21894e+01 | 11 -0.01285 -1.10585e+01 | 12 -0.01078 -1.09150e+01
 13 -0.02221 -1.10031e+01 | 14 -0.01414 -1.19999e+01 | 15  0.02301 -1.60590e+01
 16  0.02627 -1.88094e+01 | 17  0.02931 -1.71306e+01 | 18  0.02915 -1.59477e+01
 19  0.01224 -9.45033e+00 | 20  0.02647 -4.11747e+00 | 21  0.07998  1.75253e+00
 22  0.02710  5.48389e-01 | 23  0.01568  1.22411e+00 | 24  0.03171  5.68202e+00
 25  0.02225  6.14185e+00 | 26  0.05710  1.92966e+01 | 27  0.01899  1.37047e+01
 28 -0.00243  1.36239e+01 | 29 -0.00828  1.58532e+01 | 30 -0.01103  1.59802e+01
 31 -0.00204  1.90487e+01 | 32  0.00518  1.68391e+01 | 33  0.00842  1.34925e+01
 34  0.00619  1.03025e+01 | 35  0.00110  7.87971e+00 | 36 -0.00058  7.66791e+00
 37  0.00767  9.80938e+00 | 38 -0.00628  9.24827e+00 | 39 -0.03455  6.41740e+00
 40 -0.03350  5.72769e+00 | 41 -0.02090  6.17402e+00 | 42 -0.00598  5.51508e+00
 43 -0.01142  3.00624e+00 | 44 -0.01495  2.57095e+00 | 45 -0.03643  1.02298e+00
 46 -0.02794  6.94144e-01 | 47 -0.01722  7.31634e-02 | 48 -0.00048 -8.54009e-01
 49 -0.01336 -1.19512e+00 | 50 -0.01548 -9.65985e-02 | 51 -0.01215  4.54862e-01
 52 -0.00918 -7.31859e-01 | 53 -0.01451 -4.02140e+00 | 54 -0.02132 -6.70200e+00
 55 -0.01371 -7.27668e+00 | 56 -0.00077 -3.73189e-02 | 57 -0.00005 -3.95806e-02
 58  0.00000  0.00000e+00 | 59 -0.72479 -9.03660e+01 | 60  0.30991  4.98813e+00
 61 -0.05774  2.87759e-02 | 62  0.20367 -1.05227e+01 | 63 -0.00000  6.82824e-30
 64  0.08697  2.17058e+00 | 65  0.22372  6.17984e+01 | 66 -0.05607 -4.52582e-04
 67  0.17106 -1.08250e+02 | 68 -0.00001 -3.24286e-08 | 69 -0.15802 -8.36561e+00
 70  0.18247  2.23168e+01 | 71  0.00505  5.91988e+00 | 72  0.13407  5.07996e+01
 73  0.00000  2.84399e-12 | 74  0.04727 -2.33252e+00 | 75 -0.04786  1.69085e+01
 76 -0.22492  4.62378e-04 | 77  0.10679 -2.20768e+01 | 78  0.66550  1.66825e+00
 79 -0.11881  4.89483e+00 | 80  0.12423 -2.09468e+00 | 81 -0.63183  1.90658e+00
81 variables; iteration 40; function evaluation 44; phase 3
Function value 2.5580122e+02; maximum gradient component mag -1.3659e+02
Var    Value     Gradient |Var    Value     Gradient |Var    Value     Gradient
  1  0.08181 -1.36590e+02 |  2 -0.00819 -7.01846e+01 |  3 -0.01562  3.75452e-01
  4 -0.01615  7.85333e-01 |  5 -0.01213  1.13025e+00 |  6 -0.00370  7.66478e-01
  7  0.00937 -1.51886e-01 |  8  0.01090 -6.29218e-01 |  9  0.00596  1.24285e-02
 10 -0.01097  9.38916e-01 | 11 -0.01313  6.26824e-01 | 12 -0.01134  3.40605e-01
 13 -0.02155  4.63354e-01 | 14 -0.01422 -1.28081e+00 | 15  0.02276 -2.78509e+00
 16  0.02955 -2.56561e+00 | 17  0.02760 -3.17003e+00 | 18  0.03222 -1.94634e+00
 19  0.01333 -9.20354e-01 | 20  0.02424 -1.22542e+00 | 21  0.08088 -7.92548e-01
 22  0.02507 -9.31263e-01 | 23  0.01719  3.95945e-01 | 24  0.03011 -5.84344e-01
 25  0.02335  4.00557e-01 | 26  0.05589  1.47569e+00 | 27  0.01961  1.06877e+00
 28 -0.00320  1.20844e+00 | 29 -0.00874  1.89161e+00 | 30 -0.01185  9.62572e-01
 31 -0.00223  2.91582e+00 | 32  0.00521  2.15739e+00 | 33  0.00797  9.25297e-01
 34  0.00623  1.65025e-01 | 35  0.00144  1.00633e-01 | 36 -0.00035  4.52582e-01
 37  0.00782  7.69281e-01 | 38 -0.00696  3.67985e-01 | 39 -0.03507  6.90926e-01
 40 -0.03300  9.03141e-01 | 41 -0.02141 -1.02255e+00 | 42 -0.00619 -1.82099e+00
 43 -0.01078 -5.47424e-01 | 44 -0.01460 -3.27482e-01 | 45 -0.03719 -1.13162e+00
 46 -0.02865 -1.56452e+00 | 47 -0.01719 -8.32033e-01 | 48  0.00008 -7.77548e-01
 49 -0.01319  1.78958e-01 | 50 -0.01539  7.37408e-01 | 51 -0.01243  4.52296e-01
 52 -0.00983 -1.11270e-01 | 53 -0.01504 -4.85372e-01 | 54 -0.02118 -6.10089e-02
 55 -0.01329  3.20160e-02 | 56 -0.00065  5.71394e-02 | 57  0.00005  3.79661e-02
 58  0.00000  0.00000e+00 | 59 -0.72409 -6.27160e+01 | 60  0.31091  1.98055e+00
 61 -0.08931  1.29488e-02 | 62  0.20334 -8.77380e+00 | 63 -0.00000  7.30571e-30
 64  0.08177 -2.34528e+00 | 65  0.22420  3.59731e+01 | 66 -0.05597 -3.97366e-04
 67  0.17151 -5.45667e+01 | 68 -0.00001 -3.22811e-08 | 69 -0.16283 -6.33179e+00
 70  0.18324  4.02834e+01 | 71 -0.00172  4.76254e+00 | 72  0.13310  1.40313e+00
 73  0.00000  4.07123e-10 | 74  0.04791  2.20569e-01 | 75 -0.04647 -4.78916e-01
 76 -0.22483 -2.18133e-04 | 77  0.10790 -1.02067e+00 | 78  0.65539 -4.07484e-01
 79 -0.11741 -1.12099e+00 | 80  0.12442 -7.76569e-01 | 81 -0.63250  1.22554e-01
81 variables; iteration 60; function evaluation 76; phase 3
Function value 2.5576610e+02; maximum gradient component mag -7.0408e+01
Var    Value     Gradient |Var    Value     Gradient |Var    Value     Gradient
  1  0.08174 -7.04076e+01 |  2 -0.00871 -3.19677e+01 |  3 -0.01554  5.85404e-01
  4 -0.01641  4.36316e-01 |  5 -0.01273  3.86714e-01 |  6 -0.00427  3.39548e-01
  7  0.00981  6.67880e-01 |  8  0.01102  3.09386e-01 |  9  0.00621  8.52383e-01
 10 -0.01171  4.81977e-01 | 11 -0.01315  3.96396e-01 | 12 -0.01145  1.72039e-01
 13 -0.02223  6.42311e-01 | 14 -0.01364  9.27244e-01 | 15  0.02315  3.72725e-01
 16  0.02898  4.87805e-01 | 17  0.02914  1.05123e+00 | 18  0.03189  5.53614e-01
 19  0.01296  1.47982e-01 | 20  0.02512  1.83517e-01 | 21  0.08044  1.00290e-01
 22  0.02569 -1.40479e-01 | 23  0.01640  3.16336e-01 | 24  0.03113 -3.96337e-02
 25  0.02288 -5.69904e-01 | 26  0.05522 -8.01297e-01 | 27  0.02055  9.77151e-02
 28 -0.00353 -5.56942e-01 | 29 -0.00961 -7.59999e-01 | 30 -0.01104 -6.24074e-01
 31 -0.00269 -3.36250e-01 | 32  0.00488 -7.90859e-01 | 33  0.00802 -6.05367e-01
 34  0.00639 -3.81242e-01 | 35  0.00181  4.41479e-03 | 36 -0.00034 -2.62835e-01
 37  0.00730 -8.16946e-01 | 38 -0.00656 -3.35278e-01 | 39 -0.03504  7.82537e-02
 40 -0.03412 -6.48581e-01 | 41 -0.02120 -4.99916e-01 | 42 -0.00525 -6.23732e-02
 43 -0.01105 -2.02532e-01 | 44 -0.01497 -3.51382e-01 | 45 -0.03655  3.75678e-02
 46 -0.02792 -9.45478e-02 | 47 -0.01712  1.13924e-01 | 48  0.00025 -9.56075e-02
 49 -0.01334 -1.32785e-01 | 50 -0.01572 -1.32911e-01 | 51 -0.01254 -8.24891e-02
 52 -0.00983 -8.96418e-02 | 53 -0.01468  2.02637e-01 | 54 -0.02131  2.11413e-01
 55 -0.01343  2.43814e-01 | 56 -0.00057  1.22054e-01 | 57  0.00003  2.31417e-02
 58  0.00000  0.00000e+00 | 59 -0.72120 -2.87256e+01 | 60  0.31065 -1.37575e-02
 61 -0.10738  5.58063e-03 | 62  0.20330  5.15324e-02 | 63 -0.00000  6.20622e-30
 64  0.08698  1.16980e-01 | 65  0.22790  1.58489e+01 | 66 -0.05624 -2.37709e-04
 67  0.17249 -2.24672e+01 | 68 -0.00001 -3.19104e-08 | 69 -0.16791 -3.36979e+00
 70  0.18280  1.40251e+01 | 71 -0.00029  1.86997e+00 | 72  0.13271 -3.01769e+00
 73  0.00000  1.86264e-09 | 74  0.04846  5.37092e-01 | 75 -0.04637 -5.10605e-01
 76 -0.22459 -9.84268e-05 | 77  0.10803  1.02653e+00 | 78  0.65714 -3.24045e-02
 79 -0.11724 -3.25617e-01 | 80  0.12478  1.41541e-01 | 81 -0.63221 -4.97492e-02
Maximum number of function evaluations exceeded

 - final statistics:
81 variables; iteration 74; function evaluation 100
Function value 2.5576e+02; maximum gradient component mag 1.0683e+01
Exit code = 3;  converg criter 1.0000e+00
Var    Value     Gradient |Var    Value     Gradient |Var    Value     Gradient
  1  0.08171  1.06827e+01 |  2 -0.00999  4.76934e+00 |  3 -0.01569  2.04886e-02
  4 -0.01647 -1.52387e-03 |  5 -0.01288 -7.53928e-02 |  6 -0.00417  8.14474e-02
  7  0.00957  8.42220e-02 |  8  0.01147  4.93485e-02 |  9  0.00571 -6.42466e-02
 10 -0.01163  1.00766e-01 | 11 -0.01307  7.26966e-02 | 12 -0.01120 -7.96518e-02
 13 -0.02236  3.92710e-02 | 14 -0.01417 -2.48638e-02 | 15  0.02337 -4.56400e-04
 16  0.02934  7.56817e-02 | 17  0.02868 -2.88057e-02 | 18  0.03195 -1.13755e-02
 19  0.01311  2.66155e-02 | 20  0.02511  2.59164e-02 | 21  0.08032 -5.03246e-02
 22  0.02616 -2.13789e-03 | 23  0.01591 -8.49926e-02 | 24  0.03097 -1.33524e-02
 25  0.02324  3.36310e-02 | 26  0.05557 -2.28277e-02 | 27  0.01962 -1.45877e-01
 28 -0.00327  1.57610e-02 | 29 -0.00936 -1.04575e-02 | 30 -0.01076  1.11976e-01
 31 -0.00308 -1.65493e-01 | 32  0.00512 -4.46106e-02 | 33  0.00814  7.23100e-02
 34  0.00646 -9.24010e-03 | 35  0.00140 -1.17391e-01 | 36 -0.00034  4.29982e-02
 37  0.00784  1.04483e-01 | 38 -0.00676 -9.84897e-02 | 39 -0.03538 -4.11300e-02
 40 -0.03369  1.05911e-01 | 41 -0.02108 -5.48661e-02 | 42 -0.00539  8.67720e-02
 43 -0.01109 -8.46308e-03 | 44 -0.01486 -3.88659e-02 | 45 -0.03655  1.12585e-01
 46 -0.02780  1.82337e-02 | 47 -0.01734 -9.12276e-02 | 48  0.00046  1.40665e-01
 49 -0.01340 -9.86020e-02 | 50 -0.01566 -1.30573e-02 | 51 -0.01245  6.26408e-02
 52 -0.00970 -3.06481e-02 | 53 -0.01479 -3.68860e-02 | 54 -0.02130  7.76587e-02
 55 -0.01357  1.26442e-03 | 56 -0.00071  1.03878e-02 | 57 -0.00004 -3.01567e-02
 58  0.00000  0.00000e+00 | 59 -0.71858  4.35334e+00 | 60  0.31084  4.39189e-02
 61 -0.14098  1.71475e-03 | 62  0.20328 -4.66684e-02 | 63 -0.00000  6.82473e-30
 64  0.08709  6.27770e-02 | 65  0.22981 -2.52000e+00 | 66 -0.06708  1.72551e-03
 67  0.17286  3.20807e+00 | 68 -0.00001 -3.07723e-08 | 69 -0.16860  5.09807e-01
 70  0.18302  4.11549e+00 | 71 -0.00365  7.81048e-01 | 72  0.13276 -4.94935e-01
 73  0.00000  3.49278e-09 | 74  0.04860  2.06928e-01 | 75 -0.04637 -1.51355e-01
 76 -0.22392 -8.01255e-05 | 77  0.10797  1.30596e-01 | 78  0.65670 -3.78160e-03
 79 -0.11693  3.80622e-02 | 80  0.12493  1.64011e-02 | 81 -0.63212  4.48189e-02

Initial statistics: 91 variables; iteration 0; function evaluation 0; phase 4
Function value 2.5575887e+02; maximum gradient component mag 2.6051e+01
Var    Value     Gradient |Var    Value     Gradient |Var    Value     Gradient
  1  0.08171  1.06827e+01 |  2 -0.00999  4.76934e+00 |  3  0.00000  2.60509e+01
  4  0.00000  1.99659e+01 |  5  0.00000  1.61479e+01 |  6  0.00000  1.55829e+01
  7  0.00000  8.22353e+00 |  8  0.00000  3.54403e-01 |  9  0.00000  3.37954e-01
 10  0.00000 -1.18652e+00 | 11  0.00000  7.39941e+00 | 12  0.00000  1.20784e+01
 13 -0.01569  1.86426e-02 | 14 -0.01647 -3.36975e-03 | 15 -0.01288 -7.72389e-02
 16 -0.00417  7.96009e-02 | 17  0.00957  8.23758e-02 | 18  0.01147  4.75023e-02
 19  0.00571 -6.60930e-02 | 20 -0.01163  9.89200e-02 | 21 -0.01307  7.08505e-02
 22 -0.01120 -8.14980e-02 | 23 -0.02236  3.74257e-02 | 24 -0.01417 -2.67098e-02
 25  0.02337 -2.30165e-03 | 26  0.02934  7.38372e-02 | 27  0.02868 -3.06504e-02
 28  0.03195 -1.32197e-02 | 29  0.01311  2.47694e-02 | 30  0.02511  2.40714e-02
 31  0.08032 -5.21565e-02 | 32  0.02616 -3.98283e-03 | 33  0.01591 -8.68385e-02
 34  0.03097 -1.51968e-02 | 35  0.02324  3.17857e-02 | 36  0.05557 -2.46671e-02
 37  0.01962 -1.47722e-01 | 38 -0.00327  1.39146e-02 | 39 -0.00936 -1.23038e-02
 40 -0.01076  1.10130e-01 | 41 -0.00308 -1.67339e-01 | 42  0.00512 -4.64570e-02
 43  0.00814  7.04637e-02 | 44  0.00646 -1.10865e-02 | 45  0.00140 -1.19237e-01
 46 -0.00034  4.11517e-02 | 47  0.00784  1.02637e-01 | 48 -0.00676 -1.00336e-01
 49 -0.03538 -4.29736e-02 | 50 -0.03369  1.04067e-01 | 51 -0.02108 -5.67116e-02
 52 -0.00539  8.49256e-02 | 53 -0.01109 -1.03093e-02 | 54 -0.01486 -4.07119e-02
 55 -0.03655  1.10742e-01 | 56 -0.02780  1.63890e-02 | 57 -0.01734 -9.30734e-02
 58  0.00046  1.38818e-01 | 59 -0.01340 -1.00448e-01 | 60 -0.01566 -1.49032e-02
 61 -0.01245  6.07946e-02 | 62 -0.00970 -3.24944e-02 | 63 -0.01479 -3.87320e-02
 64 -0.02130  7.58132e-02 | 65 -0.01357 -5.81655e-04 | 66 -0.00071  1.03878e-02
 67 -0.00004 -3.01567e-02 | 68  0.00000  0.00000e+00 | 69 -0.71858  4.35334e+00
 70  0.31084  4.39189e-02 | 71 -0.14098  1.71475e-03 | 72  0.20328 -4.66684e-02
 73  0.00000  6.82473e-30 | 74  0.08709  6.27770e-02 | 75  0.22981 -2.52000e+00
 76 -0.06708  1.72551e-03 | 77  0.17286  3.20807e+00 | 78 -0.00001 -3.07723e-08
 79 -0.16860  5.09807e-01 | 80  0.18302  4.11549e+00 | 81 -0.00365  7.81048e-01
 82  0.13276 -4.94935e-01 | 83  0.00000  3.49278e-09 | 84  0.04860  2.06928e-01
 85 -0.04637 -1.51355e-01 | 86 -0.22392 -8.01255e-05 | 87  0.10797  1.30596e-01
 88  0.65670 -3.78160e-03 | 89 -0.11693  3.80622e-02 | 90  0.12493  1.64011e-02
 91 -0.63212  4.48189e-02 |

Intermediate statistics: 91 variables; iteration 20; function evaluation 25; phase 4
Function value 2.5529662e+02; maximum gradient component mag -2.0870e+02
Var    Value     Gradient |Var    Value     Gradient |Var    Value     Gradient
  1  0.08160 -2.08702e+02 |  2 -0.00949  4.84089e+01 |  3 -0.01304  1.49681e+01
  4 -0.00927  1.28968e+01 |  5 -0.00664  1.16990e+01 |  6 -0.00661  1.15428e+01
  7 -0.00231  8.71253e+00 |  8  0.00380  6.49217e+00 |  9  0.00315  7.49202e+00
 10  0.00538  8.97086e+00 | 11  0.00044  1.42662e+01 | 12 -0.00236  1.64856e+01
 13 -0.01203  1.63981e+01 | 14 -0.01579  1.40876e+01 | 15 -0.01371  1.30596e+01
 16 -0.00492  1.37321e+01 | 17  0.00945  1.50691e+01 | 18  0.01203  1.53780e+01
 19  0.00658  1.48802e+01 | 20 -0.01121  1.31959e+01 | 21 -0.01292  1.12926e+01
 22 -0.01144  8.14988e+00 | 23 -0.02281  5.91742e+00 | 24 -0.01448  5.17609e+00
 25  0.02326  3.47780e+00 | 26  0.02952  2.72657e+00 | 27  0.02920  2.42268e+00
 28  0.03147  4.09021e-01 | 29  0.01281  1.00006e+00 | 30  0.02569 -3.63505e-01
 31  0.07938 -8.64083e+00 | 32  0.02668 -2.45942e+00 | 33  0.01567 -3.54660e+00
 34  0.03001 -7.59770e+00 | 35  0.02341 -8.02755e+00 | 36  0.05396 -1.84679e+01
 37  0.01971 -1.19692e+01 | 38 -0.00372 -8.55915e+00 | 39 -0.00965 -9.17865e+00
 40 -0.01104 -1.07759e+01 | 41 -0.00303 -1.41605e+01 | 42  0.00494 -1.50522e+01
 43  0.00735 -1.22968e+01 | 44  0.00578 -8.75584e+00 | 45  0.00143 -5.35850e+00
 46 -0.00028 -3.82933e+00 | 47  0.00763 -4.82840e+00 | 48 -0.00699 -3.51971e+00
 49 -0.03552 -6.55620e-01 | 50 -0.03382 -4.36378e-01 | 51 -0.02095 -1.47880e+00
 52 -0.00559 -2.66439e+00 | 53 -0.01161 -1.27793e+00 | 54 -0.01537 -1.19946e-01
 55 -0.03648  2.64349e+00 | 56 -0.02732  3.17105e+00 | 57 -0.01705  3.03639e+00
 58  0.00003  2.16892e+00 | 59 -0.01347  3.13788e+00 | 60 -0.01556  3.82279e+00
 61 -0.01215  5.03816e+00 | 62 -0.00909  6.67504e+00 | 63 -0.01405  7.98989e+00
 64 -0.02040  8.33921e+00 | 65 -0.01231  8.14599e+00 | 66 -0.00068  2.73242e-02
 67 -0.00001 -9.90104e-03 | 68  0.00000  0.00000e+00 | 69 -0.71672  3.71475e+01
 70  0.31144 -1.11352e+01 | 71 -0.14103  2.85476e-03 | 72  0.20323  4.90146e+01
 73 -0.00000  1.01620e-29 | 74  0.09249  3.37581e-02 | 75  0.23168 -8.93820e+00
 76 -0.06722  2.18715e-02 | 77  0.17174 -1.21904e+01 | 78 -0.00001 -3.07709e-08
 79 -0.16804  5.36051e+00 | 80  0.18361 -2.21799e+01 | 81 -0.00945 -1.04537e-01
 82  0.13314  4.18190e+01 | 83  0.00000  3.49262e-09 | 84  0.05012 -5.70488e-01
 85 -0.04552  1.00211e+00 | 86 -0.22392 -8.98255e-05 | 87  0.10800 -3.02599e+00
 88  0.65556 -2.76171e-02 | 89 -0.11580 -1.61000e+00 | 90  0.12650  5.62886e+00
 91 -0.63140 -2.25637e+00 |
91 variables; iteration 40; function evaluation 48; phase 4
Function value 2.5499241e+02; maximum gradient component mag 2.6669e+01
Var    Value     Gradient |Var    Value     Gradient |Var    Value     Gradient
  1  0.08172  2.66689e+01 |  2 -0.00846  1.65032e+01 |  3 -0.02386  7.03898e-01
  4 -0.01679  8.71633e-01 |  5 -0.01187  9.75072e-01 |  6 -0.01483 -1.87017e+00
  7 -0.00720 -2.19301e+00 |  8  0.00375 -1.51783e+00 |  9  0.00351 -4.62950e-01
 10  0.00696 -9.92707e-02 | 11 -0.00251 -1.24065e-02 | 12 -0.00775 -1.78557e-02
 13 -0.00976  1.08190e+00 | 14 -0.01670 -6.92059e-01 | 15 -0.01394  2.62435e-01
 16 -0.00382  1.04721e+00 | 17  0.00995 -2.97046e-01 | 18  0.01138 -1.58645e+00
 19  0.00624 -6.29750e-01 | 20 -0.01007  1.87006e+00 | 21 -0.01173  2.41928e+00
 22 -0.01171  8.71025e-01 | 23 -0.02329  2.16763e-01 | 24 -0.01435  5.25681e-01
 25  0.02371 -3.74143e-01 | 26  0.02834 -2.77634e+00 | 27  0.02820 -2.34809e+00
 28  0.03136  6.81169e-02 | 29  0.01335  1.63714e+00 | 30  0.02589  1.34931e+00
 31  0.07899  6.64861e-02 | 32  0.02597 -2.91024e-01 | 33  0.01575  3.73744e-01
 34  0.03067  1.01911e+00 | 35  0.02194 -8.00946e-02 | 36  0.05443  6.77344e-02
 37  0.01818 -9.28587e-01 | 38 -0.00351  1.85309e-01 | 39 -0.00972  4.65031e-01
 40 -0.01106  8.25451e-01 | 41 -0.00297  8.81884e-01 | 42  0.00502  6.49396e-01
 43  0.00705 -6.55702e-03 | 44  0.00558  1.29928e-01 | 45  0.00169  5.62609e-01
 46 -0.00005  2.63698e-01 | 47  0.00736 -8.10929e-01 | 48 -0.00740 -1.60011e+00
 49 -0.03598 -1.55861e+00 | 50 -0.03416 -1.17636e+00 | 51 -0.02113 -7.80634e-01
 52 -0.00580 -2.47721e-01 | 53 -0.01174  1.73814e-01 | 54 -0.01534  2.37836e-01
 55 -0.03634  1.98271e-01 | 56 -0.02684  6.12212e-01 | 57 -0.01669  1.00214e+00
 58  0.00022  1.23282e+00 | 59 -0.01320  3.76876e-01 | 60 -0.01560 -8.57467e-01
 61 -0.01256 -1.79918e+00 | 62 -0.00965 -1.97326e+00 | 63 -0.01469 -1.29306e+00
 64 -0.01984  3.57541e-01 | 65 -0.01138  6.38598e-01 | 66 -0.00068  5.07644e-03
 67 -0.00001 -8.63384e-03 | 68  0.00000  0.00000e+00 | 69 -0.71851  1.25498e+01
 70  0.31137 -4.40840e+00 | 71 -0.14632  1.78203e-03 | 72  0.20246  6.09077e+00
 73 -0.00000  8.29430e-30 | 74  0.09271 -1.10127e-01 | 75  0.23266 -7.86382e+00
 76 -0.08775  1.35140e-02 | 77  0.17253  1.43988e+01 | 78 -0.00001 -3.06133e-08
 79 -0.16761  1.70369e+00 | 80  0.18475  3.47729e+00 | 81 -0.02317  5.56355e-01
 82  0.13243  1.93185e+00 | 83  0.00000  3.47473e-09 | 84  0.05060  5.38247e-01
 85 -0.04282  2.63999e+00 | 86 -0.22381  2.91515e-05 | 87  0.10960  2.48700e+00
 88  0.64084  3.01099e-01 | 89 -0.11297  2.77950e+00 | 90  0.12748 -5.06097e-01
 91 -0.62998  1.71474e+00 |
91 variables; iteration 60; function evaluation 78; phase 4
Function value 2.5496503e+02; maximum gradient component mag 1.5571e+01
Var    Value     Gradient |Var    Value     Gradient |Var    Value     Gradient
  1  0.08167  1.55708e+01 |  2 -0.00911  2.72096e+00 |  3 -0.02465  1.53019e-01
  4 -0.01782  1.15434e-01 |  5 -0.01314  1.66468e-01 |  6 -0.01331  2.83815e-02
  7 -0.00556 -3.83956e-03 |  8  0.00430 -1.88162e-01 |  9  0.00365  2.29838e-01
 10  0.00686  1.46447e-01 | 11 -0.00248  9.33083e-02 | 12 -0.00762  2.94110e-02
 13 -0.01078  2.42102e-03 | 14 -0.01571 -2.02124e-02 | 15 -0.01365  3.10712e-01
 16 -0.00481  2.09357e-01 | 17  0.00967  4.06753e-02 | 18  0.01234 -1.81372e-02
 19  0.00686  1.20868e-01 | 20 -0.01114  2.37560e-01 | 21 -0.01281  1.85579e-01
 22 -0.01122  1.46826e-01 | 23 -0.02289 -5.33390e-02 | 24 -0.01452  2.65668e-02
 25  0.02286 -2.50018e-01 | 26  0.02965 -7.84665e-02 | 27  0.02865 -3.35783e-01
 28  0.03159  1.08709e-01 | 29  0.01236 -2.31607e-01 | 30  0.02499 -2.07134e-01
 31  0.07969  6.31304e-03 | 32  0.02611 -1.83074e-01 | 33  0.01543 -1.99040e-01
 34  0.03013  5.93318e-02 | 35  0.02252 -1.06152e-01 | 36  0.05418  4.30038e-02
 37  0.01897 -2.36951e-01 | 38 -0.00392 -1.24373e-01 | 39 -0.00974  1.50938e-01
 40 -0.01089  4.65527e-01 | 41 -0.00299  2.43375e-01 | 42  0.00478 -2.44342e-02
 43  0.00724  6.41865e-02 | 44  0.00579  2.28153e-01 | 45  0.00145  1.02890e-01
 46 -0.00034 -1.03976e-02 | 47  0.00761  1.36181e-01 | 48 -0.00686  2.44076e-01
 49 -0.03560 -3.43460e-02 | 50 -0.03391 -5.93232e-02 | 51 -0.02107 -2.03050e-01
 52 -0.00577 -5.84237e-02 | 53 -0.01167  1.76145e-01 | 54 -0.01546  3.40817e-02
 55 -0.03663 -2.72754e-01 | 56 -0.02713 -4.01713e-02 | 57 -0.01678  2.23956e-01
 58 -0.00006  7.90446e-02 | 59 -0.01346 -1.55784e-01 | 60 -0.01538 -1.11919e-01
 61 -0.01201 -9.43871e-02 | 62 -0.00902 -1.62819e-01 | 63 -0.01421 -3.64027e-01
 64 -0.02032 -2.35112e-01 | 65 -0.01184  1.75260e-03 | 66 -0.00069 -1.54368e-03
 67 -0.00000 -2.72151e-03 | 68  0.00000  0.00000e+00 | 69 -0.71744  1.88637e+00
 70  0.31191 -4.18347e-01 | 71 -0.15307  3.61080e-03 | 72  0.20251  1.38585e+00
 73 -0.00000  2.53939e-29 | 74  0.09283  1.37897e-01 | 75  0.23275 -1.21875e+00
 76 -0.09922  6.69193e-03 | 77  0.17243  2.51037e+00 | 78 -0.00001 -3.03981e-08
 79 -0.16807  1.74214e-01 | 80  0.18509  7.56675e+00 | 81 -0.02933  5.68736e-01
 82  0.13248 -2.05791e+00 | 83  0.00000  3.45030e-09 | 84  0.05054  5.84763e-01
 85 -0.04466  1.24914e+00 | 86 -0.22370 -5.90499e-06 | 87  0.10850  2.21402e-02
 88  0.65120  2.86996e-01 | 89 -0.11448  1.32645e+00 | 90  0.12723  4.03269e-01
 91 -0.63077  2.13462e-01 |
91 variables; iteration 80; function evaluation 112; phase 4
Function value 2.5496010e+02; maximum gradient component mag 5.0445e+00
Var    Value     Gradient |Var    Value     Gradient |Var    Value     Gradient
  1  0.08166 -1.37653e+00 |  2 -0.00934 -3.03365e-01 |  3 -0.02482 -2.90914e-02
  4 -0.01791 -6.27485e-03 |  5 -0.01326  1.36812e-02 |  6 -0.01342 -8.94802e-02
  7 -0.00534  1.87733e-01 |  8  0.00467  7.83582e-02 |  9  0.00343 -9.24609e-03
 10  0.00685  2.76320e-03 | 11 -0.00239  5.89058e-03 | 12 -0.00755 -8.48752e-02
 13 -0.01092 -1.22218e-01 | 14 -0.01554  8.35188e-02 | 15 -0.01374  1.47642e-01
 16 -0.00516 -1.39896e-01 | 17  0.00984  1.67692e-01 | 18  0.01250  1.16129e-01
 19  0.00671 -9.79314e-02 | 20 -0.01116  1.85435e-02 | 21 -0.01298 -1.95540e-01
 22 -0.01112  2.62840e-02 | 23 -0.02289 -9.66952e-02 | 24 -0.01475 -1.08159e-01
 25  0.02313  7.23886e-02 | 26  0.02941  8.35727e-03 | 27  0.02907  5.89730e-02
 28  0.03129 -4.83376e-02 | 29  0.01241 -1.73253e-01 | 30  0.02524 -1.50859e-02
 31  0.07952 -4.99153e-02 | 32  0.02625  8.03168e-03 | 33  0.01559  1.42444e-02
 34  0.02993 -4.75346e-02 | 35  0.02271 -3.20488e-02 | 36  0.05395 -1.11456e-01
 37  0.01923  3.14817e-02 | 38 -0.00382  4.42134e-02 | 39 -0.00973  3.80298e-02
 40 -0.01115 -6.57648e-02 | 41 -0.00307 -7.66354e-02 | 42  0.00506  1.50732e-01
 43  0.00725  8.16794e-02 | 44  0.00560 -4.45402e-02 | 45  0.00144 -3.61167e-02
 46 -0.00013  4.65906e-02 | 47  0.00755 -1.19804e-01 | 48 -0.00698 -7.26251e-02
 49 -0.03552  2.82925e-02 | 50 -0.03394  4.64596e-02 | 51 -0.02090  1.44503e-01
 52 -0.00573 -3.80651e-03 | 53 -0.01182 -7.10020e-02 | 54 -0.01545  1.20745e-02
 55 -0.03644  2.93164e-02 | 56 -0.02710  3.24428e-02 | 57 -0.01708 -9.09239e-02
 58 -0.00002  8.31810e-02 | 59 -0.01335  9.00336e-02 | 60 -0.01534  1.17975e-01
 61 -0.01207  3.91904e-02 | 62 -0.00904  2.87813e-02 | 63 -0.01401  5.59960e-02
 64 -0.02033 -2.14309e-02 | 65 -0.01213 -5.27949e-02 | 66 -0.00070 -1.12844e-02
 67 -0.00000  6.49953e-04 | 68  0.00000  0.00000e+00 | 69 -0.71712 -2.37205e-01
 70  0.31195 -2.56101e-01 | 71 -0.18978  4.73842e-04 | 72  0.20249  3.41077e-01
 73 -0.00000  2.66770e-29 | 74  0.09269  3.24297e-02 | 75  0.23281  1.39910e-01
 76 -0.15184  4.52639e-04 | 77  0.17240 -1.95321e-01 | 78 -0.00001 -2.83879e-08
 79 -0.16780 -2.32354e-02 | 80  0.18571  5.04447e+00 | 81 -0.04844  2.52435e-01
 82  0.13271 -8.84435e-01 | 83  0.00000  3.22214e-09 | 84  0.05041  2.21203e-01
 85 -0.04492 -5.05591e-01 | 86 -0.22254 -9.21370e-05 | 87  0.10831  8.71974e-02
 88  0.65174 -1.34086e-01 | 89 -0.11504 -4.84794e-01 | 90  0.12705  1.07855e-01
 91 -0.63116 -1.79026e-01 |
91 variables; iteration 100; function evaluation 148; phase 4
Function value 2.5495637e+02; maximum gradient component mag -3.2736e-01
Var    Value     Gradient |Var    Value     Gradient |Var    Value     Gradient
  1  0.08166 -3.27355e-01 |  2 -0.00933 -3.18854e-01 |  3 -0.02481 -1.84291e-02
  4 -0.01790  2.34396e-03 |  5 -0.01327  3.52044e-03 |  6 -0.01331  9.77871e-03
  7 -0.00552  1.80177e-02 |  8  0.00461  5.37837e-03 |  9  0.00347  1.02827e-02
 10  0.00684 -6.79022e-03 | 11 -0.00244 -1.24093e-02 | 12 -0.00748  2.01096e-02
 13 -0.01083 -2.19241e-02 | 14 -0.01563 -8.20325e-03 | 15 -0.01387  1.50783e-02
 16 -0.00493  2.60963e-03 | 17  0.00970  3.39796e-03 | 18  0.01241  4.15348e-03
 19  0.00683  2.83818e-03 | 20 -0.01125  3.06618e-03 | 21 -0.01285 -1.53762e-02
 22 -0.01124 -5.27069e-03 | 23 -0.02284 -1.89476e-03 | 24 -0.01467 -1.09965e-02
 25  0.02302 -2.92415e-03 | 26  0.02948  1.91440e-03 | 27  0.02901  5.35563e-03
 28  0.03127 -7.28814e-03 | 29  0.01254 -1.56767e-02 | 30  0.02515 -9.37295e-03
 31  0.07954 -8.08761e-03 | 32  0.02624 -6.18795e-04 | 33  0.01557  4.77390e-05
 34  0.02994 -1.00391e-02 | 35  0.02266 -1.79536e-03 | 36  0.05403  3.71138e-03
 37  0.01918  4.42399e-03 | 38 -0.00385 -3.82170e-03 | 39 -0.00976  1.49727e-02
 40 -0.01113 -5.41368e-03 | 41 -0.00298  2.25298e-03 | 42  0.00494  1.55082e-03
 43  0.00724  1.81807e-02 | 44  0.00565  1.96525e-03 | 45  0.00144 -9.48409e-03
 46 -0.00021  2.27197e-02 | 47  0.00761  3.52954e-03 | 48 -0.00697 -2.26642e-03
 49 -0.03554  1.29885e-02 | 50 -0.03394  3.50257e-03 | 51 -0.02096  1.29151e-02
 52 -0.00571 -2.11440e-03 | 53 -0.01178 -1.44522e-03 | 54 -0.01548  9.82324e-04
 55 -0.03645  1.51198e-03 | 56 -0.02710  1.14057e-02 | 57 -0.01699 -2.08122e-02
 58 -0.00007  8.73706e-03 | 59 -0.01337 -3.25828e-03 | 60 -0.01538  2.62741e-04
 61 -0.01204  1.10894e-02 | 62 -0.00903 -3.08720e-03 | 63 -0.01404  1.99442e-03
 64 -0.02030 -3.25983e-03 | 65 -0.01206 -7.10006e-03 | 66 -0.00070 -1.80269e-02
 67 -0.00000 -1.42921e-03 | 68  0.00000  0.00000e+00 | 69 -0.71712 -2.68265e-01
 70  0.31199 -1.01666e-02 | 71 -0.35218 -1.92710e-03 | 72  0.20249  4.36510e-02
 73  0.00000  2.90117e-29 | 74  0.09261  5.56948e-03 | 75  0.23281  1.00368e-01
 76 -0.38269 -2.15315e-03 | 77  0.17240 -2.37959e-01 | 78 -0.00000 -1.25506e-08
 79 -0.16782 -3.68868e-02 | 80  0.18631  2.49670e-01 | 81 -0.12003  1.35459e-02
 82  0.13292 -1.18422e-01 | 83  0.00000  1.42454e-09 | 84  0.05036  3.50874e-02
 85 -0.04489 -2.10849e-02 | 86 -0.21695  1.80243e-04 | 87  0.10834 -1.07814e-04
 88  0.65194 -5.79590e-03 | 89 -0.11492 -2.25342e-02 | 90  0.12710  1.80297e-02
 91 -0.63106 -1.95414e-02 |
91 variables; iteration 120; function evaluation 169; phase 4
Function value 2.5495555e+02; maximum gradient component mag -9.4405e-03
Var    Value     Gradient |Var    Value     Gradient |Var    Value     Gradient
  1  0.08166 -2.42757e-03 |  2 -0.00933 -9.44045e-03 |  3 -0.02479 -6.18921e-04
  4 -0.01790 -2.37913e-05 |  5 -0.01328  9.92991e-05 |  6 -0.01331  7.34579e-05
  7 -0.00554  3.15032e-04 |  8  0.00461 -1.36195e-05 |  9  0.00345  4.07926e-04
 10  0.00685 -2.90184e-04 | 11 -0.00243 -6.13799e-04 | 12 -0.00750  2.50500e-04
 13 -0.01081 -1.23872e-03 | 14 -0.01563 -6.81983e-04 | 15 -0.01388 -3.31518e-05
 16 -0.00494 -3.23922e-04 | 17  0.00970 -8.98435e-05 | 18  0.01241 -2.70554e-06
 19  0.00683 -1.47256e-04 | 20 -0.01125 -1.16667e-04 | 21 -0.01283 -3.48346e-04
 22 -0.01125 -1.37473e-04 | 23 -0.02285 -1.53148e-05 | 24 -0.01466 -3.90806e-04
 25  0.02302 -4.76049e-05 | 26  0.02948 -4.10242e-05 | 27  0.02901 -1.15873e-04
 28  0.03127 -3.36647e-04 | 29  0.01255 -5.57738e-04 | 30  0.02515 -1.07921e-04
 31  0.07955  5.19413e-04 | 32  0.02623  5.20478e-04 | 33  0.01557  4.70760e-04
 34  0.02995  1.30821e-05 | 35  0.02266  7.00381e-06 | 36  0.05403  1.48048e-04
 37  0.01917  3.12251e-04 | 38 -0.00384  1.99228e-04 | 39 -0.00977  7.97544e-04
 40 -0.01112  1.81877e-04 | 41 -0.00298 -1.22542e-04 | 42  0.00495  3.84475e-05
 43  0.00723  7.25964e-04 | 44  0.00566  5.56463e-04 | 45  0.00146  3.47270e-04
 46 -0.00023  6.78500e-04 | 47  0.00762 -3.60773e-04 | 48 -0.00696 -2.90183e-04
 49 -0.03554  1.27158e-04 | 50 -0.03394  1.93208e-04 | 51 -0.02097  3.46280e-04
 52 -0.00571 -1.41529e-04 | 53 -0.01178 -4.09823e-04 | 54 -0.01548 -2.20581e-04
 55 -0.03645 -1.38250e-04 | 56 -0.02711  1.61913e-04 | 57 -0.01697 -4.97061e-04
 58 -0.00008  2.90272e-04 | 59 -0.01336 -4.15795e-05 | 60 -0.01538  2.12816e-04
 61 -0.01204  2.90745e-04 | 62 -0.00903  6.99418e-05 | 63 -0.01404 -3.14226e-05
 64 -0.02030 -2.44657e-04 | 65 -0.01206 -3.96600e-04 | 66 -0.00068 -1.87236e-04
 67 -0.00000  3.40602e-05 | 68  0.00000  0.00000e+00 | 69 -0.71711 -8.39065e-03
 70  0.31199  1.80368e-03 | 71 -0.20328 -4.59911e-05 | 72  0.20248 -3.95415e-04
 73  0.00000  2.92286e-29 | 74  0.09261  2.65055e-04 | 75  0.23282  2.84332e-03
 76 -0.16597 -4.59027e-05 | 77  0.17240 -7.19812e-03 | 78  0.00000  1.62632e-08
 79 -0.16782 -1.18411e-03 | 80  0.18638  3.12840e-03 | 81 -0.20408 -2.65583e-05
 82  0.13295 -2.59479e-03 | 83 -0.00000 -1.84594e-09 | 84  0.05035  9.92738e-04
 85 -0.04488 -5.52765e-04 | 86 -0.21704  1.78156e-04 | 87  0.10834  1.78176e-04
 88  0.65194 -1.52260e-04 | 89 -0.11491 -5.02577e-04 | 90  0.12711  8.55741e-05
 91 -0.63105 -4.57229e-04 |

 - final statistics:
91 variables; iteration 129; function evaluation 178
Function value 2.5496e+02; maximum gradient component mag -2.8966e-05
Exit code = 1;  converg criter 1.0000e-04
Var    Value     Gradient |Var    Value     Gradient |Var    Value     Gradient
  1  0.08166 -2.89663e-05 |  2 -0.00933 -9.64193e-06 |  3 -0.02479 -4.22226e-06
  4 -0.01790  1.95007e-07 |  5 -0.01328  6.68480e-07 |  6 -0.01331  1.38214e-06
  7 -0.00554  3.20923e-06 |  8  0.00461  1.39068e-06 |  9  0.00345  1.74954e-06
 10  0.00685 -1.21262e-06 | 11 -0.00243 -2.88532e-06 | 12 -0.00751  4.95718e-06
 13 -0.01081 -3.17054e-06 | 14 -0.01563 -5.08087e-07 | 15 -0.01388  3.74431e-06
 16 -0.00494  1.04677e-06 | 17  0.00970  1.32726e-06 | 18  0.01241  1.42224e-06
 19  0.00683 -2.94411e-08 | 20 -0.01125 -4.60522e-07 | 21 -0.01283 -4.12412e-06
 22 -0.01125 -1.54899e-06 | 23 -0.02285  2.89613e-07 | 24 -0.01466 -2.08351e-06
 25  0.02302  4.60157e-08 | 26  0.02948  1.09662e-06 | 27  0.02901  1.51167e-06
 28  0.03127 -1.75506e-06 | 29  0.01255 -2.56881e-06 | 30  0.02515 -9.43518e-07
 31  0.07955 -9.81426e-07 | 32  0.02623  5.91542e-07 | 33  0.01557  6.68237e-07
 34  0.02995 -2.05383e-06 | 35  0.02266 -2.29601e-08 | 36  0.05403  1.40274e-06
 37  0.01917  1.54974e-06 | 38 -0.00384 -3.04847e-07 | 39 -0.00977  2.70425e-06
 40 -0.01112 -1.97824e-06 | 41 -0.00298 -6.32042e-07 | 42  0.00495  1.12493e-06
 43  0.00723  3.38862e-06 | 44  0.00566 -1.82746e-06 | 45  0.00146 -3.57432e-06
 46 -0.00023  2.58849e-06 | 47  0.00762 -1.54780e-06 | 48 -0.00696 -7.53885e-07
 49 -0.03554  2.12233e-06 | 50 -0.03394  4.77497e-07 | 51 -0.02097  1.89598e-06
 52 -0.00571 -5.85036e-07 | 53 -0.01178 -7.22090e-08 | 54 -0.01548  6.15528e-07
 55 -0.03645  7.54822e-07 | 56 -0.02711  2.19816e-06 | 57 -0.01697 -4.53774e-06
 58 -0.00008  9.05137e-07 | 59 -0.01336 -1.44817e-06 | 60 -0.01538 -4.22172e-08
 61 -0.01204  1.36822e-06 | 62 -0.00903 -2.33923e-07 | 63 -0.01404  1.46508e-06
 64 -0.02030  7.17633e-07 | 65 -0.01206  3.12464e-07 | 66 -0.00068 -2.73596e-06
 67 -0.00000  1.25211e-08 | 68  0.00000  0.00000e+00 | 69 -0.71711 -7.01300e-06
 70  0.31199 -4.79506e-06 | 71 -0.20200 -1.23623e-07 | 72  0.20248  9.46981e-06
 73  0.00000  2.92138e-29 | 74  0.09261  4.97853e-07 | 75  0.23282 -1.11302e-05
 76 -0.16450 -5.15408e-08 | 77  0.17240 -1.11328e-05 | 78  0.00000  1.35841e-08
 79 -0.16782 -1.88428e-06 | 80  0.18638  1.32884e-05 | 81 -0.20335  2.81918e-08
 82  0.13295 -1.34692e-05 | 83 -0.00000 -1.54185e-09 | 84  0.05035  5.01880e-06
 85 -0.04488 -2.95432e-06 | 86 -0.22127  4.88688e-08 | 87  0.10834 -1.27154e-06
 88  0.65194 -1.17407e-06 | 89 -0.11491 -4.97106e-06 | 90  0.12711  1.77720e-07
 91 -0.63105 -2.11709e-06 |
size of file gradfil1.tmp = 0
size of file gradfil2.tmp = 0
size of file varssave.tmp = 0
size of file cmpdiff.tmp = 0
