
Initial statistics: 6 variables; iteration 0; function evaluation 0; phase 1
Function value 2.8794987e+06; maximum gradient component mag -1.6265e+08
Var    Value     Gradient |Var    Value     Gradient |Var    Value     Gradient
  1 -0.00205 -1.62649e+08 |  2 -0.01346 -1.10634e+06 |  3  0.00000 -2.85119e+02
  4  0.00000 -4.81253e-01 |  5  0.00000  0.00000e+00 |  6 -0.80641  4.07894e+04

Intermediate statistics: 6 variables; iteration 20; function evaluation 50; phase 1
Function value 3.0761857e+02; maximum gradient component mag -1.2606e+03
Var    Value     Gradient |Var    Value     Gradient |Var    Value     Gradient
  1  0.01174 -1.26064e+03 |  2 -0.02212 -2.19638e+01 |  3 -0.00423 -1.31022e+00
  4  0.00265  2.07947e+00 |  5  0.00000  0.00000e+00 |  6 -0.82095 -2.04099e+01
6 variables; iteration 40; function evaluation 70; phase 1
Function value 3.0494652e+02; maximum gradient component mag -1.1074e+02
Var    Value     Gradient |Var    Value     Gradient |Var    Value     Gradient
  1  0.01725 -1.10736e+02 |  2 -0.01947 -6.23185e+01 |  3  0.00021  1.85070e+00
  4 -0.00398 -2.93995e+00 |  5  0.00000  0.00000e+00 |  6 -0.83079 -9.08208e+01

 - final statistics:
6 variables; iteration 42; function evaluation 72
Function value 3.0493e+02; maximum gradient component mag 9.5825e+00
Exit code = 1;  converg criter 1.0000e+01
Var    Value     Gradient |Var    Value     Gradient |Var    Value     Gradient
  1  0.01721  9.58252e+00 |  2 -0.01959 -4.52414e-01 |  3 -0.00202  6.22793e-02
  4 -0.00024 -1.06917e-01 |  5  0.00000  0.00000e+00 |  6 -0.83057 -1.12588e+00

Initial statistics: 60 variables; iteration 0; function evaluation 0; phase 2
Function value 3.0493425e+02; maximum gradient component mag -2.1823e+02
Var    Value     Gradient |Var    Value     Gradient |Var    Value     Gradient
  1  0.01721  9.58252e+00 |  2 -0.01959 -4.52414e-01 |  3  0.00000  9.16566e+01
  4  0.00000  9.55545e+01 |  5  0.00000  9.80530e+01 |  6  0.00000  9.88447e+01
  7  0.00000  1.02857e+02 |  8  0.00000  1.08041e+02 |  9  0.00000  1.13389e+02
 10  0.00000  1.04557e+02 | 11  0.00000  1.23841e+02 | 12  0.00000  1.52735e+02
 13  0.00000  1.55866e+02 | 14  0.00000  1.35497e+02 | 15  0.00000  9.91571e+01
 16  0.00000  6.14831e+01 | 17  0.00000  4.16269e+01 | 18  0.00000  2.16966e+00
 19  0.00000 -5.58916e+01 | 20  0.00000 -9.74434e+01 | 21  0.00000 -1.45362e+02
 22  0.00000 -1.94621e+02 | 23  0.00000 -1.92492e+02 | 24  0.00000 -2.00854e+02
 25  0.00000 -2.18232e+02 | 26  0.00000 -2.10758e+02 | 27  0.00000 -2.17205e+02
 28  0.00000 -1.70594e+02 | 29  0.00000 -1.07521e+02 | 30  0.00000 -4.93324e+01
 31  0.00000 -1.75634e+01 | 32  0.00000 -3.95594e+01 | 33  0.00000 -9.34448e+01
 34  0.00000 -1.18054e+02 | 35  0.00000 -9.74064e+01 | 36  0.00000 -6.22550e+01
 37  0.00000 -3.61669e+01 | 38  0.00000 -3.59430e+01 | 39  0.00000 -1.58851e+01
 40  0.00000  4.54924e+01 | 41  0.00000  6.87508e+01 | 42  0.00000  5.99139e+01
 43  0.00000  3.28078e+01 | 44  0.00000  3.07031e+01 | 45  0.00000  3.98658e+01
 46  0.00000  9.48886e+01 | 47  0.00000  9.82426e+01 | 48  0.00000  7.15441e+01
 49  0.00000  3.35290e+01 | 50  0.00000  3.35211e+01 | 51  0.00000  4.28791e+01
 52  0.00000  4.94209e+01 | 53  0.00000  4.39798e+01 | 54  0.00000  2.84089e+01
 55  0.00000  1.73068e+01 | 56 -0.00202  6.22793e-02 | 57 -0.00024 -1.06917e-01
 58  0.00000  0.00000e+00 | 59 -0.83057 -1.12588e+00 | 60  0.07422  1.24264e+02

Intermediate statistics: 60 variables; iteration 20; function evaluation 30; phase 2
Function value 2.6280292e+02; maximum gradient component mag 6.1075e+02
Var    Value     Gradient |Var    Value     Gradient |Var    Value     Gradient
  1  0.00271  6.10749e+02 |  2 -0.01342 -1.24148e+02 |  3 -0.05584 -1.77704e+01
  4 -0.03869 -1.00218e+01 |  5 -0.02894 -1.84742e+00 |  6 -0.02041  8.79804e+00
  7 -0.01252  2.19522e+01 |  8 -0.00338  3.71273e+01 |  9  0.00255  5.26273e+01
 10  0.02566  6.91041e+01 | 11  0.01543  6.55933e+01 | 12 -0.00858  4.96765e+01
 13 -0.01664  3.94422e+01 | 14 -0.01284  3.97640e+01 | 15  0.00237  4.96225e+01
 16  0.01783  5.23879e+01 | 17 -0.00064  2.49858e+01 | 18 -0.01062 -1.76247e+00
 19  0.01976 -2.58961e+00 | 20  0.01176 -5.49480e+00 | 21  0.01074 -9.44190e+00
 22  0.06779 -2.05047e+01 | 23  0.00953 -3.78743e+01 | 24 -0.03019 -5.92308e+01
 25  0.05646 -4.26565e+01 | 26 -0.02097 -3.67290e+01 | 27  0.06929 -9.56958e+00
 28  0.02482 -1.79378e+01 | 29 -0.00783 -3.73652e+01 | 30 -0.02179 -4.98227e+01
 31 -0.04248 -5.34325e+01 | 32 -0.02735 -4.02833e+01 | 33  0.02199 -5.67705e+00
 34  0.04133  1.78978e+01 | 35  0.01451  3.95020e+00 | 36 -0.00061 -7.12857e+00
 37 -0.00144  3.01557e-01 | 38  0.02724  2.71413e+01 | 39  0.02853  3.89507e+01
 40 -0.01727  1.68701e+01 | 41 -0.02098  1.34725e+01 | 42 -0.00883  2.90008e+01
 43  0.01665  5.58470e+01 | 44  0.01348  5.81586e+01 | 45  0.01584  5.02624e+01
 46 -0.02622  2.10115e+01 | 47 -0.02392  1.81607e+01 | 48 -0.01101  2.44927e+01
 49  0.02034  3.87723e+01 | 50  0.00925  2.99917e+01 | 51 -0.00166  1.45762e+01
 52 -0.00951 -3.72330e-01 | 53 -0.01208 -1.20272e+01 | 54 -0.01319 -1.77115e+01
 55 -0.02658 -1.90443e+01 | 56 -0.00423 -1.38336e+00 | 57 -0.00010  2.49840e-02
 58  0.00000  0.00000e+00 | 59 -0.81408 -1.81162e+02 | 60  0.07516  8.27963e+01
60 variables; iteration 40; function evaluation 56; phase 2
Function value 2.5215789e+02; maximum gradient component mag -5.5388e+02
Var    Value     Gradient |Var    Value     Gradient |Var    Value     Gradient
  1 -0.00086 -5.53884e+02 |  2 -0.01128 -1.62890e+02 |  3 -0.02968  1.35349e+01
  4 -0.02899  4.36575e+00 |  5 -0.02503  4.86418e+00 |  6 -0.01550  1.39823e+01
  7 -0.00673  2.41011e+01 |  8 -0.00802  2.21872e+01 |  9 -0.00692  2.22037e+01
 10  0.00710  1.33316e+01 | 11 -0.00076  1.67250e+01 | 12 -0.02129  1.79152e+01
 13 -0.01805  2.30992e+01 | 14 -0.01700  1.36087e+01 | 15 -0.01157  2.56267e+00
 16  0.01393  5.96913e+00 | 17  0.00513  5.88830e+00 | 18 -0.00546 -8.07428e+00
 19  0.02263 -1.54463e+01 | 20  0.02475 -1.30599e+01 | 21 -0.01034 -2.70993e+01
 22  0.07730 -3.01730e+01 | 23  0.01482 -2.10572e+01 | 24  0.00107 -2.88048e+01
 25  0.05606 -1.74811e+01 | 26  0.00911 -1.51094e+01 | 27  0.05253 -2.98933e+01
 28  0.01412 -2.50320e+01 | 29  0.02344 -1.27127e+01 | 30 -0.02916 -3.26580e+01
 31 -0.02089 -2.09012e+01 | 32 -0.00831 -1.77800e+01 | 33  0.00018 -2.56589e+01
 34  0.04398  2.73205e-01 | 35  0.00722 -3.13434e+00 | 36  0.01263  1.75265e+00
 37 -0.00316 -3.97882e+00 | 38  0.01649  4.67483e+00 | 39  0.02642  2.10431e+01
 40 -0.02204  1.11939e+01 | 41 -0.02139  1.43502e+01 | 42 -0.00824  2.36572e+01
 43  0.00091  1.84475e+01 | 44  0.00512  2.87116e+01 | 45  0.00843  2.70947e+01
 46 -0.02956  1.67605e+01 | 47 -0.02939  1.32242e+01 | 48 -0.01352  2.06959e+01
 49  0.00761  1.80360e+01 | 50  0.00079  1.69101e+01 | 51 -0.00784  1.01013e+01
 52 -0.01649  1.94995e+00 | 53 -0.01481  2.78227e+00 | 54 -0.00613  1.07361e+01
 55 -0.01237  1.12429e+01 | 56 -0.00290  1.13423e+00 | 57 -0.00015  6.56475e-04
 58  0.00000  0.00000e+00 | 59 -0.81026 -2.25466e+02 | 60  0.07411  1.88155e+01
60 variables; iteration 60; function evaluation 88; phase 2
Function value 2.4985950e+02; maximum gradient component mag -3.4312e+02
Var    Value     Gradient |Var    Value     Gradient |Var    Value     Gradient
  1 -0.00093 -3.43122e+02 |  2 -0.01344 -2.84553e+01 |  3 -0.03125  8.82726e+00
  4 -0.02264  7.54093e+00 |  5 -0.01955  5.59141e+00 |  6 -0.01469  6.08342e+00
  7 -0.01502  3.27255e+00 |  8 -0.01336  2.88594e+00 |  9 -0.01318  4.61683e+00
 10  0.00847  2.34686e+00 | 11 -0.00503  2.85842e+00 | 12 -0.02432  4.04849e+00
 13 -0.02969 -7.66363e-01 | 14 -0.02011  5.60866e-01 | 15 -0.00551 -1.67284e+00
 16  0.00847 -8.08261e+00 | 17 -0.00101 -4.90196e+00 | 18  0.00043 -3.62853e+00
 19  0.02735 -6.69526e+00 | 20  0.01612 -6.86178e+00 | 21  0.01653 -7.27905e+00
 22  0.07079 -1.08352e+01 | 23  0.01688 -7.32973e+00 | 24  0.02946 -4.44222e+00
 25  0.04031 -8.18718e+00 | 26  0.01272 -7.20914e+00 | 27  0.05592 -1.23193e+01
 28  0.02141 -1.16592e+01 | 29  0.00349 -8.43022e+00 | 30 -0.00370 -1.42777e+00
 31 -0.01909 -1.72548e+00 | 32 -0.01427 -3.75354e+00 | 33  0.01835 -4.88602e+00
 34  0.02590 -9.94928e+00 | 35  0.01592 -4.51174e+00 | 36  0.00713 -2.79092e+00
 37  0.00635  1.37189e+00 | 38  0.01559 -3.98165e+00 | 39  0.01623 -2.95909e+00
 40 -0.01601  4.47434e+00 | 41 -0.02300  9.76841e-01 | 42 -0.01522  2.12138e+00
 43  0.00319  1.82963e-01 | 44 -0.00222 -2.64695e-01 | 45  0.00233 -9.46037e-01
 46 -0.02999  5.09613e+00 | 47 -0.02563  7.57802e+00 | 48 -0.01962  4.60041e+00
 49  0.00626  3.62816e+00 | 50 -0.00485  3.71350e+00 | 51 -0.00761  7.63905e+00
 52 -0.01236  6.89955e+00 | 53 -0.01157  7.04170e+00 | 54 -0.01107  5.98579e+00
 55 -0.01447  7.64020e+00 | 56 -0.00173  2.31397e+00 | 57 -0.00003  9.87207e-02
 58  0.00000  0.00000e+00 | 59 -0.80822 -4.33787e+01 | 60  0.07333 -3.68445e+00
Maximum number of function evaluations exceeded

 - final statistics:
60 variables; iteration 67; function evaluation 100
Function value 2.4974e+02; maximum gradient component mag -2.6529e+02
Exit code = 3;  converg criter 1.0000e+01
Var    Value     Gradient |Var    Value     Gradient |Var    Value     Gradient
  1 -0.00098 -2.65287e+02 |  2 -0.01446 -2.60022e+01 |  3 -0.03367  4.41505e+00
  4 -0.02458  3.24989e+00 |  5 -0.01890  3.66818e+00 |  6 -0.01602  2.78651e+00
  7 -0.01530  9.41198e-01 |  8 -0.01319  9.53331e-01 |  9 -0.01524  1.16185e+00
 10  0.01039  1.86250e+00 | 11 -0.00578  6.73952e-01 | 12 -0.02612  1.19307e+00
 13 -0.02710  9.99122e-01 | 14 -0.02163 -8.72301e-01 | 15 -0.00600 -1.35079e+00
 16  0.00995 -5.42051e+00 | 17 -0.00165 -3.80574e+00 | 18  0.00091 -2.01993e+00
 19  0.02724 -3.63137e+00 | 20  0.01664 -3.13557e+00 | 21  0.02149 -2.21840e+00
 22  0.06719 -7.59815e+00 | 23  0.02223 -3.45785e+00 | 24  0.02884 -2.66234e+00
 25  0.03889 -6.24894e+00 | 26  0.01666 -3.36913e+00 | 27  0.05382 -8.00350e+00
 28  0.02386 -6.92744e+00 | 29  0.00406 -5.13835e+00 | 30 -0.00403  5.05083e-01
 31 -0.01960 -7.46872e-01 | 32 -0.01344 -1.67629e+00 | 33  0.01798 -2.96396e+00
 34  0.02592 -7.67056e+00 | 35  0.01674 -2.23240e+00 | 36  0.00717 -1.86257e+00
 37  0.00567  1.50501e+00 | 38  0.01663 -2.24803e+00 | 39  0.01722 -1.67194e+00
 40 -0.01889  1.51226e+00 | 41 -0.02032  2.59396e+00 | 42 -0.01794 -6.33712e-01
 43  0.00511  1.74690e+00 | 44 -0.00351 -8.54070e-01 | 45  0.00351 -2.70323e-01
 46 -0.03033  3.55804e+00 | 47 -0.02707  4.34234e+00 | 48 -0.01997  2.54036e+00
 49  0.00644  2.40918e+00 | 50 -0.00445  2.59087e+00 | 51 -0.00874  4.90206e+00
 52 -0.01196  5.06654e+00 | 53 -0.01311  3.77001e+00 | 54 -0.00995  5.30393e+00
 55 -0.01629  4.95150e+00 | 56 -0.00345  9.70974e-01 | 57 -0.00006  7.20641e-02
 58  0.00000  0.00000e+00 | 59 -0.80732 -3.62118e+01 | 60  0.07369 -1.62998e+00

Initial statistics: 81 variables; iteration 0; function evaluation 0; phase 3
Function value 2.4974133e+02; maximum gradient component mag -1.7618e+03
Var    Value     Gradient |Var    Value     Gradient |Var    Value     Gradient
  1 -0.00098 -2.55387e+02 |  2 -0.01446 -2.55029e+01 |  3 -0.03366  4.66635e+00
  4 -0.02458  3.55944e+00 |  5 -0.01889  4.00244e+00 |  6 -0.01601  3.11126e+00
  7 -0.01529  1.32365e+00 |  8 -0.01318  1.31291e+00 |  9 -0.01523  1.53086e+00
 10  0.01040  2.30614e+00 | 11 -0.00578  1.08240e+00 | 12 -0.02612  1.55213e+00
 13 -0.02709  1.40781e+00 | 14 -0.02163 -4.48731e-01 | 15 -0.00599 -8.54721e-01
 16  0.00996 -4.80128e+00 | 17 -0.00165 -3.28224e+00 | 18  0.00092 -1.51245e+00
 19  0.02725 -3.08530e+00 | 20  0.01664 -2.65043e+00 | 21  0.02150 -1.71064e+00
 22  0.06719 -7.01540e+00 | 23  0.02223 -2.97309e+00 | 24  0.02885 -2.20829e+00
 25  0.03890 -5.77442e+00 | 26  0.01667 -2.90188e+00 | 27  0.05382 -7.43211e+00
 28  0.02387 -6.39178e+00 | 29  0.00406 -4.68878e+00 | 30 -0.00402  8.78368e-01
 31 -0.01959 -4.01702e-01 | 32 -0.01343 -1.31257e+00 | 33  0.01799 -2.51437e+00
 34  0.02593 -7.20434e+00 | 35  0.01674 -1.84782e+00 | 36  0.00718 -1.51606e+00
 37  0.00568  1.81178e+00 | 38  0.01664 -1.88160e+00 | 39  0.01723 -1.33142e+00
 40 -0.01888  1.78164e+00 | 41 -0.02031  2.85076e+00 | 42 -0.01793 -3.45039e-01
 43  0.00512  2.00421e+00 | 44 -0.00350 -5.35335e-01 | 45  0.00351  1.06826e-02
 46 -0.03032  3.79042e+00 | 47 -0.02706  4.53612e+00 | 48 -0.01996  2.76345e+00
 49  0.00645  2.63303e+00 | 50 -0.00445  2.83225e+00 | 51 -0.00873  5.08020e+00
 52 -0.01196  5.26520e+00 | 53 -0.01311  3.96722e+00 | 54 -0.00995  5.50210e+00
 55 -0.01628  5.12755e+00 | 56 -0.00345  8.88268e-01 | 57 -0.00006  7.59860e-02
 58  0.00000  0.00000e+00 | 59 -0.80732 -3.55830e+01 | 60  0.10837 -2.74991e+02
 61  0.12949 -1.76176e+03 | 62  0.17446 -1.11310e+02 | 63 -0.00021  1.07755e+00
 64  0.03746  1.82405e+01 | 65  0.10697  2.36125e+02 | 66  0.10811  6.41410e+02
 67  0.15535 -5.28477e+01 | 68  0.00011  3.67713e-01 | 69 -0.20224 -2.97945e-01
 70  0.11870  4.37857e+01 | 71  0.07979  3.51613e+01 | 72  0.12800 -2.75846e+01
 73  0.00000  4.85805e-30 | 74  0.01597  1.31889e+01 | 75 -0.08239  2.86646e+01
 76 -0.24522  9.90470e-04 | 77  0.09934 -1.86841e+01 | 78  0.74016  6.54780e+00
 79 -0.17933  9.81165e+00 | 80  0.07369 -1.56650e+00 | 81 -0.67734  7.47107e-01

Intermediate statistics: 81 variables; iteration 20; function evaluation 26; phase 3
Function value 2.4919065e+02; maximum gradient component mag 5.1391e+02
Var    Value     Gradient |Var    Value     Gradient |Var    Value     Gradient
  1 -0.00039 -1.86349e+02 |  2 -0.01429 -5.60798e+00 |  3 -0.03314  2.88104e+00
  4 -0.02372  2.54762e+00 |  5 -0.01884  2.48502e+00 |  6 -0.01579  2.47608e+00
  7 -0.01356  2.35309e+00 |  8 -0.01158  2.15168e+00 |  9 -0.01405  1.99483e+00
 10  0.00955  1.54775e+00 | 11 -0.00333  2.22598e+00 | 12 -0.02459  2.53451e+00
 13 -0.02670  2.20919e+00 | 14 -0.02093  1.46320e+00 | 15 -0.00680  4.05426e-01
 16  0.01054 -1.12929e+00 | 17 -0.00222 -8.17015e-01 | 18 -0.00053 -2.79068e-01
 19  0.02543 -9.18469e-01 | 20  0.01707 -1.41008e-01 | 21  0.01972 -5.97016e-01
 22  0.06516 -3.72449e+00 | 23  0.02258 -8.51605e-01 | 24  0.02561 -1.15897e+00
 25  0.04069 -1.47599e+00 | 26  0.01689 -2.11025e-01 | 27  0.05230 -3.03579e+00
 28  0.02512 -1.81918e+00 | 29  0.00553 -1.23455e+00 | 30 -0.00754 -9.08597e-01
 31 -0.01961 -1.76798e-01 | 32 -0.01337  6.47160e-02 | 33  0.01469 -2.64515e-01
 34  0.02972 -5.99380e-01 | 35  0.01449 -1.16461e+00 | 36  0.00753 -1.19077e+00
 37  0.00258 -9.23449e-01 | 38  0.01801 -1.39251e+00 | 39  0.01790 -1.32573e+00
 40 -0.01847  3.41309e-01 | 41 -0.02104 -7.52170e-02 | 42 -0.01577 -9.34153e-01
 43  0.00320 -1.95864e+00 | 44 -0.00141 -1.04308e+00 | 45  0.00484 -9.42207e-01
 46 -0.03091  7.89152e-01 | 47 -0.02830  8.49723e-01 | 48 -0.01921  9.79410e-01
 49  0.00715  9.93151e-01 | 50 -0.00300  1.89025e+00 | 51 -0.00897  2.37160e+00
 52 -0.01213  2.53692e+00 | 53 -0.01216  2.65833e+00 | 54 -0.01090  3.10163e+00
 55 -0.01716  3.46640e+00 | 56 -0.00499  6.96482e-03 | 57 -0.00017  8.20251e-04
 58  0.00000  0.00000e+00 | 59 -0.80833 -8.55051e+00 | 60  0.09450  9.61252e+01
 61  0.13211  5.13910e+02 | 62  0.17179 -2.23478e+00 | 63 -0.00145 -7.14019e-06
 64  0.03004 -2.67914e-01 | 65  0.10777 -1.48689e+01 | 66  0.10785 -9.32915e+01
 67  0.15764 -1.10863e+01 | 68  0.00051 -5.45906e-02 | 69 -0.20520 -8.10144e-01
 70  0.11588  3.64132e+01 | 71  0.08196  3.70009e+01 | 72  0.12740 -1.79464e+01
 73  0.00000  2.73113e-30 | 74  0.01487  9.24958e+00 | 75 -0.08463  5.39171e+00
 76 -0.24522  3.56086e-04 | 77  0.09898 -7.81957e-02 | 78  0.74422  1.52341e+00
 79 -0.18568  9.44910e-01 | 80  0.07222 -1.24427e+00 | 81 -0.67983 -2.45971e-02
81 variables; iteration 40; function evaluation 51; phase 3
Function value 2.4910376e+02; maximum gradient component mag -1.0823e+03
Var    Value     Gradient |Var    Value     Gradient |Var    Value     Gradient
  1 -0.00010 -1.77975e+02 |  2 -0.01506 -4.01152e+01 |  3 -0.03306  1.65785e-01
  4 -0.02346  1.21880e-01 |  5 -0.01807  4.02817e-01 |  6 -0.01560 -3.20063e-01
  7 -0.01394 -1.22445e+00 |  8 -0.01205 -1.46744e+00 |  9 -0.01342 -4.24722e-01
 10  0.00950 -1.87317e+00 | 11 -0.00318 -1.63811e+00 | 12 -0.02554 -2.08574e+00
 13 -0.02677 -1.02447e+00 | 14 -0.02102 -8.86687e-01 | 15 -0.00684 -1.19231e+00
 16  0.01076 -1.87301e+00 | 17 -0.00255 -2.30508e+00 | 18 -0.00122 -2.82244e+00
 19  0.02464 -4.10286e+00 | 20  0.01564 -3.10722e+00 | 21  0.02006 -1.38484e+00
 22  0.06508 -3.25192e+00 | 23  0.02044 -2.31975e+00 | 24  0.02639 -9.97554e-01
 25  0.03998 -1.42155e+00 | 26  0.01722  7.08107e-02 | 27  0.05231 -1.17537e+00
 28  0.02420 -7.61263e-01 | 29  0.00595  7.29306e-01 | 30 -0.00769  9.39563e-01
 31 -0.01897  2.13239e+00 | 32 -0.01353  1.61356e+00 | 33  0.01434  8.43606e-01
 34  0.02870 -9.18699e-02 | 35  0.01526  6.16049e-01 | 36  0.00707  1.82587e-01
 37  0.00328  9.01607e-01 | 38  0.01728 -1.16673e-01 | 39  0.01772  1.02023e+00
 40 -0.01675  3.51395e+00 | 41 -0.02085  1.76907e+00 | 42 -0.01606  6.88659e-01
 43  0.00362  1.42621e+00 | 44 -0.00019  2.55580e+00 | 45  0.00466  1.41751e+00
 46 -0.03031  2.17135e+00 | 47 -0.02771  2.20111e+00 | 48 -0.01891  1.84993e+00
 49  0.00702  1.96085e+00 | 50 -0.00241  2.99685e+00 | 51 -0.00836  3.15175e+00
 52 -0.01205  2.22097e+00 | 53 -0.01239  1.36999e+00 | 54 -0.01129  1.19548e+00
 55 -0.01666  2.07913e+00 | 56 -0.00513 -6.45209e-02 | 57 -0.00017 -2.89387e-03
 58  0.00000  0.00000e+00 | 59 -0.80854 -4.79577e+01 | 60  0.09202  2.62355e+01
 61  0.13247  1.34894e+02 | 62  0.17119  4.00491e+00 | 63 -0.20914 -1.07090e-03
 64  0.03086 -5.54098e-01 | 65  0.10681 -3.18098e+02 | 66  0.10813 -1.08231e+03
 67  0.15793 -1.29685e+01 | 68  0.03783 -9.16522e-01 | 69 -0.20600 -3.81375e+00
 70  0.11610  1.59350e+01 | 71  0.08140  1.28160e+01 | 72  0.12780 -9.46920e+00
 73  0.00000  1.47815e-30 | 74  0.01393  1.99870e+00 | 75 -0.08605  2.37608e+00
 76 -0.24532  2.12204e-04 | 77  0.09807 -1.42753e+00 | 78  0.74601  9.57698e-01
 79 -0.18663  1.10771e+00 | 80  0.07191 -6.94410e-01 | 81 -0.68029 -2.06636e-01
81 variables; iteration 60; function evaluation 81; phase 3
Function value 2.4905110e+02; maximum gradient component mag 1.5192e+03
Var    Value     Gradient |Var    Value     Gradient |Var    Value     Gradient
  1  0.00016  6.54278e+01 |  2 -0.01441  4.03470e+01 |  3 -0.03237 -1.94714e-01
  4 -0.02343 -6.31788e-01 |  5 -0.01861 -6.81721e-01 |  6 -0.01563 -6.10708e-01
  7 -0.01310 -4.99806e-01 |  8 -0.01108 -5.85502e-01 |  9 -0.01367 -6.28042e-01
 10  0.00945 -1.35126e+00 | 11 -0.00299 -9.67073e-01 | 12 -0.02426 -6.15182e-01
 13 -0.02671 -6.43607e-01 | 14 -0.02157 -1.38483e+00 | 15 -0.00702 -1.27896e+00
 16  0.00987 -1.48186e+00 | 17 -0.00282 -9.37572e-01 | 18 -0.00140 -7.02720e-01
 19  0.02444 -6.63182e-01 | 20  0.01616 -5.70865e-01 | 21  0.01970 -1.93722e-01
 22  0.06385 -6.13513e-01 | 23  0.02226 -1.38831e-02 | 24  0.02506 -3.89804e-01
 25  0.04001 -1.20481e-01 | 26  0.01726  4.45340e-01 | 27  0.05184 -2.32013e-02
 28  0.02458 -1.22540e-01 | 29  0.00480 -2.69214e-01 | 30 -0.00781  1.11749e-01
 31 -0.01971  4.54453e-01 | 32 -0.01412  2.27444e-01 | 33  0.01382  3.13232e-01
 34  0.02928  5.67760e-01 | 35  0.01470  4.09977e-01 | 36  0.00726  3.38474e-01
 37  0.00262  3.85621e-01 | 38  0.01811  6.03190e-01 | 39  0.01828  6.90910e-01
 40 -0.01840  1.91466e-01 | 41 -0.02067  3.35145e-01 | 42 -0.01515  6.69036e-01
 43  0.00417  1.05809e+00 | 44 -0.00108  3.90673e-01 | 45  0.00560  5.62985e-01
 46 -0.03026  6.41286e-01 | 47 -0.02768  6.86380e-01 | 48 -0.01887  3.01698e-01
 49  0.00764  6.61060e-01 | 50 -0.00240  8.56386e-01 | 51 -0.00843  6.86378e-01
 52 -0.01219 -1.63184e-02 | 53 -0.01226 -5.46355e-02 | 54 -0.01043  6.40359e-01
 55 -0.01653  6.31299e-01 | 56 -0.00488  1.16937e-01 | 57 -0.00014  8.75858e-03
 58  0.00000  0.00000e+00 | 59 -0.80982  5.10116e+01 | 60  0.08718  1.20372e+01
 61  0.13329  6.93096e+01 | 62  0.16961  3.69006e+00 | 63 -0.40218 -2.29898e-03
 64  0.03112  5.84646e-01 | 65  0.10489  4.61331e+02 | 66  0.10872  1.51920e+03
 67  0.15745  1.75623e+01 | 68  0.04629  1.37775e+00 | 69 -0.20364  4.29884e+00
 70  0.11450  1.10900e+00 | 71  0.08242  3.03387e+00 | 72  0.12755  2.59852e+00
 73  0.00000 -6.65303e-31 | 74  0.01350 -8.02168e-01 | 75 -0.08631 -8.50811e-01
 76 -0.24554  7.45200e-05 | 77  0.09809  7.25930e-01 | 78  0.74584 -3.15385e-01
 79 -0.18808 -5.25544e-01 | 80  0.07147 -8.54435e-03 | 81 -0.68084 -3.26681e-01
Maximum number of function evaluations exceeded

 - final statistics:
81 variables; iteration 73; function evaluation 100
Function value 2.4904e+02; maximum gradient component mag 1.1762e+03
Exit code = 3;  converg criter 1.0000e+00
Var    Value     Gradient |Var    Value     Gradient |Var    Value     Gradient
  1  0.00022  8.20745e+01 |  2 -0.01444  3.33783e+01 |  3 -0.03236 -6.64485e-02
  4 -0.02319 -1.69971e-01 |  5 -0.01852 -3.23362e-01 |  6 -0.01571 -3.62024e-01
  7 -0.01316 -2.17958e-01 |  8 -0.01095 -6.96770e-03 |  9 -0.01366  3.89176e-02
 10  0.01000  1.57255e-01 | 11 -0.00291 -1.49125e-03 | 12 -0.02422  2.20554e-02
 13 -0.02674  6.96692e-02 | 14 -0.02092  1.21137e-01 | 15 -0.00701 -5.93313e-02
 16  0.00978 -8.18549e-02 | 17 -0.00294  4.46970e-02 | 18 -0.00139  1.80624e-01
 19  0.02423  2.61706e-01 | 20  0.01632  2.69185e-01 | 21  0.01935  1.30048e-01
 22  0.06378  2.79967e-01 | 23  0.02175  1.32301e-01 | 24  0.02528  1.56578e-01
 25  0.04023  3.38442e-01 | 26  0.01644 -1.09353e-01 | 27  0.05195  2.48758e-01
 28  0.02460  1.75652e-01 | 29  0.00485 -4.36085e-02 | 30 -0.00779  1.33712e-01
 31 -0.02015 -1.59195e-01 | 32 -0.01419 -1.07877e-01 | 33  0.01400  1.91827e-01
 34  0.02914  1.06726e-01 | 35  0.01452 -3.22793e-02 | 36  0.00735  1.74132e-01
 37  0.00246  6.48626e-03 | 38  0.01831  2.64803e-01 | 39  0.01793 -2.09638e-01
 40 -0.01813 -1.80324e-01 | 41 -0.02046 -4.11633e-02 | 42 -0.01513 -5.75214e-03
 43  0.00399  8.97824e-02 | 44 -0.00085 -1.97226e-01 | 45  0.00577 -1.14955e-01
 46 -0.03043 -2.78664e-01 | 47 -0.02781 -1.30738e-01 | 48 -0.01851 -6.61400e-02
 49  0.00776 -1.39235e-01 | 50 -0.00260 -2.73242e-01 | 51 -0.00858 -2.42869e-01
 52 -0.01175 -1.32880e-01 | 53 -0.01186 -1.45254e-01 | 54 -0.01083 -3.07766e-01
 55 -0.01693 -3.40282e-01 | 56 -0.00497 -1.96031e-02 | 57 -0.00015 -2.87343e-03
 58  0.00000  0.00000e+00 | 59 -0.80988  4.20758e+01 | 60  0.08490  1.00078e+00
 61  0.13367  5.21462e+00 | 62  0.16874  1.53804e-02 | 63 -0.50809 -3.22251e-03
 64  0.03100  2.38643e-01 | 65  0.10433  3.57242e+02 | 66  0.10889  1.17619e+03
 67  0.15713  1.24136e+01 | 68  0.03750  9.75652e-01 | 69 -0.20424  3.25171e+00
 70  0.11391 -3.18172e+00 | 71  0.08276 -3.37642e+00 | 72  0.12727  1.29331e+00
 73  0.00000 -2.05156e-30 | 74  0.01352 -5.18365e-01 | 75 -0.08649 -3.10424e-01
 76 -0.24584  7.99057e-05 | 77  0.09798  7.58758e-02 | 78  0.74593 -4.19227e-02
 79 -0.18787  1.05937e-01 | 80  0.07142  1.10576e-01 | 81 -0.68058 -4.44078e-02

Initial statistics: 91 variables; iteration 0; function evaluation 0; phase 4
Function value 2.4904186e+02; maximum gradient component mag 1.1762e+03
Var    Value     Gradient |Var    Value     Gradient |Var    Value     Gradient
  1  0.00022  8.20745e+01 |  2 -0.01444  3.33783e+01 |  3  0.00000  2.61874e+01
  4  0.00000  2.73714e+01 |  5  0.00000  2.11991e+01 |  6  0.00000  1.65092e+01
  7  0.00000  1.79550e+01 |  8  0.00000  1.42639e+01 |  9  0.00000  8.46389e+00
 10  0.00000  1.28056e+01 | 11  0.00000  1.18255e+01 | 12  0.00000  2.21116e+01
 13 -0.03236 -4.85301e-02 | 14 -0.02319 -1.52041e-01 | 15 -0.01852 -3.05428e-01
 16 -0.01570 -3.44088e-01 | 17 -0.01316 -2.00020e-01 | 18 -0.01095  1.09711e-02
 19 -0.01366  5.68550e-02 | 20  0.01000  1.75194e-01 | 21 -0.00291  1.64500e-02
 22 -0.02422  3.99839e-02 | 23 -0.02674  8.75949e-02 | 24 -0.02092  1.39069e-01
 25 -0.00701 -4.13909e-02 | 26  0.00978 -6.39155e-02 | 27 -0.00294  6.26383e-02
 28 -0.00139  1.98566e-01 | 29  0.02423  2.79634e-01 | 30  0.01632  2.87121e-01
 31  0.01935  1.47982e-01 | 32  0.06378  2.97819e-01 | 33  0.02175  1.50232e-01
 34  0.02528  1.74506e-01 | 35  0.04023  3.56347e-01 | 36  0.01644 -9.14172e-02
 37  0.05195  2.66639e-01 | 38  0.02460  1.93580e-01 | 39  0.00485 -2.56675e-02
 40 -0.00779  1.51652e-01 | 41 -0.02014 -1.41262e-01 | 42 -0.01419 -8.99398e-02
 43  0.01400  2.09764e-01 | 44  0.02914  1.24649e-01 | 45  0.01452 -1.43425e-02
 46  0.00735  1.92073e-01 | 47  0.00246  2.44276e-02 | 48  0.01831  2.82737e-01
 49  0.01793 -1.91704e-01 | 50 -0.01813 -1.62390e-01 | 51 -0.02046 -2.32311e-02
 52 -0.01513  1.21843e-02 | 53  0.00399  1.07724e-01 | 54 -0.00085 -1.79285e-01
 55  0.00577 -9.70144e-02 | 56 -0.03043 -2.60743e-01 | 57 -0.02781 -1.12814e-01
 58 -0.01851 -4.82061e-02 | 59  0.00776 -1.21295e-01 | 60 -0.00260 -2.55301e-01
 61 -0.00858 -2.24929e-01 | 62 -0.01175 -1.14942e-01 | 63 -0.01186 -1.27315e-01
 64 -0.01083 -2.89827e-01 | 65 -0.01693 -3.22347e-01 | 66 -0.00497 -1.96031e-02
 67 -0.00015 -2.87343e-03 | 68  0.00000  0.00000e+00 | 69 -0.80988  4.20758e+01
 70  0.08490  1.00078e+00 | 71  0.13367  5.21462e+00 | 72  0.16874  1.53804e-02
 73 -0.50809 -3.22251e-03 | 74  0.03100  2.38643e-01 | 75  0.10433  3.57242e+02
 76  0.10889  1.17619e+03 | 77  0.15713  1.24136e+01 | 78  0.03750  9.75652e-01
 79 -0.20424  3.25171e+00 | 80  0.11391 -3.18172e+00 | 81  0.08276 -3.37642e+00
 82  0.12727  1.29331e+00 | 83  0.00000 -2.05156e-30 | 84  0.01352 -5.18365e-01
 85 -0.08649 -3.10424e-01 | 86 -0.24584  7.99057e-05 | 87  0.09798  7.58758e-02
 88  0.74593 -4.19227e-02 | 89 -0.18787  1.05937e-01 | 90  0.07142  1.10576e-01
 91 -0.68058 -4.44078e-02 |

Intermediate statistics: 91 variables; iteration 20; function evaluation 32; phase 4
Function value 2.4762361e+02; maximum gradient component mag 5.6282e+02
Var    Value     Gradient |Var    Value     Gradient |Var    Value     Gradient
  1  0.00045 -2.32610e+02 |  2 -0.01434  3.49871e+01 |  3 -0.01981  5.42610e+00
  4 -0.01982  5.55510e+00 |  5 -0.01501  3.69369e+00 |  6 -0.01101  2.27046e+00
  7 -0.01223  2.36392e+00 |  8 -0.00869  1.07747e+00 |  9 -0.00140 -7.30136e-01
 10 -0.00427 -2.64301e-01 | 11 -0.00191 -1.03361e+00 | 12 -0.01162  9.15946e-01
 13 -0.02870  1.47356e+00 | 14 -0.02154  9.48266e-01 | 15 -0.01837  1.13174e+00
 16 -0.01621  1.69332e+00 | 17 -0.01307  1.75253e+00 | 18 -0.01005  1.09280e+00
 19 -0.01256 -1.97900e-01 | 20  0.01240 -3.46586e+00 | 21 -0.00079 -3.13070e+00
 22 -0.02306 -1.44077e+00 | 23 -0.02573 -1.04174e+00 | 24 -0.01970 -1.34344e+00
 25 -0.00596 -2.64590e+00 | 26  0.01078 -4.77942e+00 | 27 -0.00206 -3.67904e+00
 28 -0.00058 -3.25194e+00 | 29  0.02503 -5.05289e+00 | 30  0.01648 -3.27664e+00
 31  0.01992 -3.12072e+00 | 32  0.06416 -8.35662e+00 | 33  0.02250 -3.23162e+00
 34  0.02562 -3.44846e+00 | 35  0.03941 -4.73808e+00 | 36  0.01680 -2.28892e+00
 37  0.05101 -7.01701e+00 | 38  0.02448 -4.81106e+00 | 39  0.00486 -3.62930e+00
 40 -0.00843 -2.98765e+00 | 41 -0.02064 -2.17105e+00 | 42 -0.01453 -2.45269e+00
 43  0.01378 -4.10876e+00 | 44  0.02826 -4.06336e+00 | 45  0.01393 -1.68077e+00
 46  0.00723 -5.90631e-01 | 47  0.00247  4.70614e-01 | 48  0.01757  7.82315e-01
 49  0.01702  1.68949e+00 | 50 -0.01890  3.43163e+00 | 51 -0.02146  3.86737e+00
 52 -0.01612  3.92705e+00 | 53  0.00260  3.89911e+00 | 54 -0.00200  4.57473e+00
 55  0.00410  5.23909e+00 | 56 -0.03125  5.46826e+00 | 57 -0.02869  5.66081e+00
 58 -0.01958  6.06842e+00 | 59  0.00622  6.83064e+00 | 60 -0.00372  7.01376e+00
 61 -0.00969  7.05252e+00 | 62 -0.01275  6.92317e+00 | 63 -0.01271  6.59126e+00
 64 -0.01119  5.96171e+00 | 65 -0.01628  5.36239e+00 | 66 -0.00499 -1.03422e-02
 67 -0.00016 -1.73176e-03 | 68  0.00000  0.00000e+00 | 69 -0.81008  4.65942e+01
 70  0.09114 -2.49272e+01 | 71  0.13262 -8.85859e+01 | 72  0.17026  1.82316e+01
 73 -0.50808 -3.22238e-03 | 74  0.03194 -5.29602e+00 | 75  0.10339  1.63870e+02
 76  0.10918  5.62816e+02 | 77  0.15525  1.31288e+01 | 78  0.03711  4.60436e-01
 79 -0.20223  3.42137e+00 | 80  0.11719  9.49862e+00 | 81  0.08068 -1.98514e+00
 82  0.12708 -2.02808e+01 | 83  0.00000 -1.69271e-30 | 84  0.01449 -3.01402e+00
 85 -0.08603 -5.00980e+00 | 86 -0.24584 -1.32366e-04 | 87  0.09794  1.85792e+00
 88  0.74583 -1.51792e+00 | 89 -0.18733 -2.05728e+00 | 90  0.07277 -2.04958e+00
 91 -0.67900  1.96648e-01 |
91 variables; iteration 40; function evaluation 54; phase 4
Function value 2.4751127e+02; maximum gradient component mag 3.9639e+03
Var    Value     Gradient |Var    Value     Gradient |Var    Value     Gradient
  1  0.00057  7.95452e+01 |  2 -0.01423  9.59978e+01 |  3 -0.02546  1.00633e+00
  4 -0.02520  1.35440e+00 |  5 -0.01919  7.78733e-01 |  6 -0.01435  2.87234e-01
  7 -0.01574  4.30802e-01 |  8 -0.01089  5.41880e-01 |  9 -0.00185  2.25463e-01
 10 -0.00480  6.19349e-01 | 11 -0.00204 -1.65072e-02 | 12 -0.01450 -3.97677e-01
 13 -0.02818  1.66414e-01 | 14 -0.02099  6.55916e-01 | 15 -0.01798  1.29701e+00
 16 -0.01637  1.21855e+00 | 17 -0.01371  4.42914e-02 | 18 -0.01094 -1.33742e+00
 19 -0.01342 -1.95008e+00 | 20  0.01392 -1.22362e+00 | 21  0.00083 -3.92804e-01
 22 -0.02189  4.52506e-02 | 23 -0.02634 -1.37323e+00 | 24 -0.01938 -5.81332e-02
 25 -0.00520  7.51810e-01 | 26  0.01121 -4.29072e-01 | 27 -0.00231 -2.01126e+00
 28 -0.00160 -3.39008e+00 | 29  0.02486 -2.98186e+00 | 30  0.01740 -1.10034e-01
 31  0.01999  1.22265e-01 | 32  0.06575 -1.11594e+00 | 33  0.02198 -1.46517e+00
 34  0.02537 -2.06151e+00 | 35  0.03980 -2.09739e+00 | 36  0.01616 -1.23853e+00
 37  0.05151 -2.11922e+00 | 38  0.02332 -1.91170e+00 | 39  0.00567  1.09392e-01
 40 -0.00793  5.50589e-01 | 41 -0.01983  8.20020e-01 | 42 -0.01467 -5.24691e-01
 43  0.01386 -1.06309e+00 | 44  0.02810 -1.10898e+00 | 45  0.01414 -2.92194e-01
 46  0.00722 -7.30538e-01 | 47  0.00233 -9.78886e-01 | 48  0.01736 -1.19719e+00
 49  0.01633 -5.37645e-01 | 50 -0.01892  1.71207e+00 | 51 -0.02110  2.80996e+00
 52 -0.01600  2.35831e+00 | 53  0.00228  1.31517e+00 | 54 -0.00261  7.84516e-01
 55  0.00339  9.13091e-01 | 56 -0.03151  1.73300e+00 | 57 -0.02886  2.24187e+00
 58 -0.01926  2.97499e+00 | 59  0.00560  2.07326e+00 | 60 -0.00483  1.20431e+00
 61 -0.01036  1.59641e+00 | 62 -0.01293  2.22288e+00 | 63 -0.01324  1.94179e+00
 64 -0.01171  1.73550e+00 | 65 -0.01609  2.07792e+00 | 66 -0.00486  1.35141e-01
 67 -0.00020 -3.57203e-02 | 68  0.00000  0.00000e+00 | 69 -0.81053  1.21777e+02
 70  0.09192 -1.67352e+01 | 71  0.13248 -4.78823e+01 | 72  0.17041  1.60351e+01
 73 -0.50558 -3.19720e-03 | 74  0.03324 -1.59523e+00 | 75  0.10297  1.17168e+03
 76  0.10934  3.96386e+03 | 77  0.15486  3.18673e+01 | 78  0.00246  2.29668e+00
 79 -0.20149  1.04327e+01 | 80  0.11801 -2.94041e+01 | 81  0.08001 -4.36772e+01
 82  0.12782  4.70155e-01 | 83  0.00000 -1.43720e-29 | 84  0.01517 -2.38539e+00
 85 -0.08640 -1.04630e+00 | 86 -0.24590  2.00333e-04 | 87  0.09787  2.60606e+00
 88  0.74971  1.44571e+00 | 89 -0.18774  3.30996e-01 | 90  0.07406  1.83208e-01
 91 -0.67530  2.02669e+00 |
91 variables; iteration 60; function evaluation 85; phase 4
Function value 2.4745926e+02; maximum gradient component mag 1.5733e+03
Var    Value     Gradient |Var    Value     Gradient |Var    Value     Gradient
  1  0.00064  6.37351e+01 |  2 -0.01473  3.32000e+01 |  3 -0.02728 -3.81312e-02
  4 -0.02741 -2.35581e-02 |  5 -0.02097 -1.63737e-02 |  6 -0.01568  3.98361e-02
  7 -0.01727  8.77160e-02 |  8 -0.01249  1.76047e-01 |  9 -0.00300  2.02156e-01
 10 -0.00633  2.22771e-01 | 11 -0.00318  8.46059e-02 | 12 -0.01549 -5.82625e-02
 13 -0.02772  4.49874e-02 | 14 -0.02102  2.41827e-01 | 15 -0.01888  1.35196e-01
 16 -0.01743  3.32013e-02 | 17 -0.01413 -1.34065e-01 | 18 -0.01028 -1.79915e-02
 19 -0.01172  3.15102e-01 | 20  0.01416  1.40268e-01 | 21  0.00118  2.92896e-01
 22 -0.02200  7.80028e-03 | 23 -0.02504  3.39923e-02 | 24 -0.01906  2.52426e-01
 25 -0.00580  2.35190e-01 | 26  0.01064 -1.71340e-01 | 27 -0.00213 -3.23565e-01
 28 -0.00040 -1.91245e-01 | 29  0.02529 -2.51706e-01 | 30  0.01699  1.26177e-01
 31  0.01998 -2.20629e-01 | 32  0.06550 -6.06828e-02 | 33  0.02317 -1.37648e-02
 34  0.02605 -1.26101e-01 | 35  0.03972 -6.65102e-03 | 36  0.01643 -2.31063e-01
 37  0.05111 -1.05619e-01 | 38  0.02464 -1.04950e-01 | 39  0.00468 -4.18974e-01
 40 -0.00825 -2.56002e-02 | 41 -0.02059 -5.39315e-02 | 42 -0.01428  4.52091e-02
 43  0.01390 -2.37154e-01 | 44  0.02798 -2.88069e-01 | 45  0.01394 -8.90462e-02
 46  0.00776 -1.22561e-01 | 47  0.00279 -3.61546e-01 | 48  0.01766 -1.68350e-01
 49  0.01659  4.52598e-02 | 50 -0.01928  3.29999e-01 | 51 -0.02201  1.96460e-01
 52 -0.01665 -1.56195e-02 | 53  0.00213 -1.89610e-02 | 54 -0.00272 -6.50377e-02
 55  0.00322  5.26015e-02 | 56 -0.03173  1.58926e-01 | 57 -0.02915  1.67201e-01
 58 -0.02019  1.79623e-01 | 59  0.00533  1.22184e-01 | 60 -0.00481 -1.85052e-01
 61 -0.01058  6.87036e-03 | 62 -0.01347  2.15680e-01 | 63 -0.01340  1.83795e-01
 64 -0.01160  1.35777e-01 | 65 -0.01636  2.74455e-02 | 66 -0.00496  1.35623e-02
 67 -0.00006  7.00342e-02 | 68  0.00000  0.00000e+00 | 69 -0.81018  4.22535e+01
 70  0.09471  4.58623e+00 | 71  0.13200  2.96356e+01 | 72  0.17108  9.69474e-01
 73 -0.49923 -3.13406e-03 | 74  0.03346  5.93864e-02 | 75  0.10285  4.68579e+02
 76  0.10937  1.57330e+03 | 77  0.15454  1.02776e+01 | 78  0.00487  9.29245e-01
 79 -0.20356  3.33046e+00 | 80  0.11752  5.98796e-01 | 81  0.08055  1.47171e+00
 82  0.12748  9.83747e-01 | 83  0.00000 -9.11923e-31 | 84  0.01564  1.43361e-01
 85 -0.08547 -5.26382e-01 | 86 -0.24603  4.28448e-05 | 87  0.09822  2.01095e-01
 88  0.74520  7.11619e-02 | 89 -0.18576  4.66799e-01 | 90  0.07378  6.29277e-02
 91 -0.67745  2.67005e-01 |
91 variables; iteration 80; function evaluation 119; phase 4
Function value 2.4745246e+02; maximum gradient component mag 1.4029e+03
Var    Value     Gradient |Var    Value     Gradient |Var    Value     Gradient
  1  0.00063  7.39437e+01 |  2 -0.01472  2.79318e+01 |  3 -0.02725  9.78485e-02
  4 -0.02741  1.16365e-01 |  5 -0.02101  1.17576e-01 |  6 -0.01582  1.09216e-01
  7 -0.01746  9.70340e-02 |  8 -0.01287  2.16266e-02 |  9 -0.00329  1.52252e-01
 10 -0.00670  1.30706e-01 | 11 -0.00327  3.07447e-01 | 12 -0.01532  4.12298e-01
 13 -0.02768  3.55564e-02 | 14 -0.02122  4.02352e-02 | 15 -0.01894  1.26630e-01
 16 -0.01735  2.16103e-01 | 17 -0.01410  6.67592e-02 | 18 -0.00998  3.96466e-01
 19 -0.01217  1.67532e-02 | 20  0.01438  3.24194e-01 | 21  0.00099  1.57712e-01
 22 -0.02187  1.12182e-01 | 23 -0.02501  1.04962e-01 | 24 -0.01924  4.71434e-02
 25 -0.00602  1.59509e-01 | 26  0.01077  5.20563e-01 | 27 -0.00188  6.63926e-01
 28 -0.00046  4.65205e-01 | 29  0.02560  5.16633e-01 | 30  0.01662  1.47674e-01
 31  0.02042  2.43008e-01 | 32  0.06544  4.16033e-01 | 33  0.02314  1.75145e-01
 34  0.02642  3.45764e-01 | 35  0.03951  2.70680e-01 | 36  0.01672  1.40378e-01
 37  0.05102  4.04771e-01 | 38  0.02452  2.59268e-01 | 39  0.00536  4.02597e-01
 40 -0.00845  1.70255e-03 | 41 -0.02064 -4.12284e-02 | 42 -0.01447 -6.07937e-02
 43  0.01397  2.36385e-02 | 44  0.02805  1.00338e-01 | 45  0.01378  9.22958e-02
 46  0.00797  2.87554e-01 | 47  0.00316  1.33146e-01 | 48  0.01770 -2.53207e-02
 49  0.01669 -2.04334e-01 | 50 -0.01973 -6.24246e-01 | 51 -0.02210 -4.25174e-01
 52 -0.01664 -3.76013e-01 | 53  0.00220 -2.05341e-01 | 54 -0.00276 -3.75323e-01
 55  0.00316 -4.32101e-01 | 56 -0.03185 -4.77198e-01 | 57 -0.02921 -5.18213e-01
 58 -0.02049 -7.07115e-01 | 59  0.00521 -4.09358e-01 | 60 -0.00446 -1.70237e-01
 61 -0.01075 -4.93852e-01 | 62 -0.01359 -4.39733e-01 | 63 -0.01359 -5.72132e-01
 64 -0.01154 -2.90256e-01 | 65 -0.01650 -4.70785e-01 | 66 -0.00498 -1.71518e-02
 67 -0.00020 -3.43744e-02 | 68  0.00000  0.00000e+00 | 69 -0.81044  3.53007e+01
 70  0.09546 -2.60537e+00 | 71  0.13186 -2.18493e+01 | 72  0.17128 -2.41886e+00
 73 -0.46472 -2.81137e-03 | 74  0.03363  1.94270e-01 | 75  0.10115  4.10892e+02
 76  0.10988  1.40290e+03 | 77  0.15388  1.04176e+01 | 78  0.01546  9.02203e-01
 79 -0.20385  2.68926e+00 | 80  0.11750  2.09063e-01 | 81  0.08056  3.18283e-01
 82  0.12739 -2.30344e-01 | 83  0.00000 -1.11417e-30 | 84  0.01566 -3.77654e-02
 85 -0.08517  4.50379e-01 | 86 -0.24662  2.76096e-05 | 87  0.09836 -4.66010e-01
 88  0.74481 -1.32527e-01 | 89 -0.18612 -1.84633e-01 | 90  0.07368  1.22587e-01
 91 -0.67810 -2.64985e-01 |
91 variables; iteration 100; function evaluation 156; phase 4
Function value 2.4744512e+02; maximum gradient component mag 1.5665e+03
Var    Value     Gradient |Var    Value     Gradient |Var    Value     Gradient
  1  0.00066  5.64464e+01 |  2 -0.01470  3.01699e+01 |  3 -0.02707  4.41124e-02
  4 -0.02736 -9.77730e-02 |  5 -0.02076  3.76555e-02 |  6 -0.01563 -6.18302e-02
  7 -0.01719 -2.47392e-02 |  8 -0.01240  5.94109e-02 |  9 -0.00300 -3.73309e-03
 10 -0.00636 -3.03762e-02 | 11 -0.00318 -1.72605e-01 | 12 -0.01530 -1.06464e-01
 13 -0.02759 -3.80540e-02 | 14 -0.02113 -9.49098e-02 | 15 -0.01902 -2.38134e-01
 16 -0.01727 -3.64874e-02 | 17 -0.01399 -1.79819e-01 | 18 -0.01031 -1.94182e-01
 19 -0.01202 -8.84032e-02 | 20  0.01435 -1.90844e-01 | 21  0.00086 -3.07054e-01
 22 -0.02163  1.76850e-01 | 23 -0.02536 -2.76231e-01 | 24 -0.01907  1.78758e-02
 25 -0.00588 -1.10777e-01 | 26  0.01074 -1.95741e-01 | 27 -0.00233 -3.78436e-01
 28 -0.00043 -1.47174e-01 | 29  0.02540 -2.41395e-01 | 30  0.01677  2.03670e-03
 31  0.02021 -4.49577e-02 | 32  0.06526 -1.79927e-01 | 33  0.02319 -2.97695e-02
 34  0.02623 -5.28681e-02 | 35  0.03944 -1.49186e-01 | 36  0.01668 -5.93100e-02
 37  0.05093 -3.79402e-02 | 38  0.02469  4.37606e-02 | 39  0.00497 -1.25671e-01
 40 -0.00827  6.91608e-02 | 41 -0.02056  1.46196e-01 | 42 -0.01453  3.28536e-02
 43  0.01389  2.37893e-02 | 44  0.02818  1.03535e-01 | 45  0.01369 -7.56628e-02
 46  0.00764 -1.84197e-01 | 47  0.00302 -2.37875e-02 | 48  0.01772  8.44478e-02
 49  0.01656  1.02540e-01 | 50 -0.01935  2.48226e-01 | 51 -0.02204  1.97186e-01
 52 -0.01644  2.61470e-01 | 53  0.00198  1.65916e-02 | 54 -0.00252  2.57239e-01
 55  0.00320  1.98137e-01 | 56 -0.03172  2.19893e-01 | 57 -0.02917  1.97445e-01
 58 -0.02011  3.03576e-01 | 59  0.00525  1.81391e-01 | 60 -0.00468  7.00181e-02
 61 -0.01046  2.28385e-01 | 62 -0.01360  1.13688e-01 | 63 -0.01331  2.32705e-01
 64 -0.01170  6.70893e-02 | 65 -0.01622  1.19518e-01 | 66 -0.00497 -1.21563e-02
 67 -0.00002  1.04668e-01 | 68  0.00000  0.00000e+00 | 69 -0.81083  3.85319e+01
 70  0.09474 -2.31341e-01 | 71  0.13199  2.20269e+00 | 72  0.17112  1.41870e+00
 73 -0.31363 -1.68639e-03 | 74  0.03344 -1.19070e-01 | 75  0.09870  4.48470e+02
 76  0.11059  1.56652e+03 | 77  0.15280  9.86546e+00 | 78  0.02475  1.07719e+00
 79 -0.20372  2.95544e+00 | 80  0.11755 -7.23256e-01 | 81  0.08050 -1.55737e+00
 82  0.12746 -3.73814e-01 | 83  0.00000 -1.45988e-30 | 84  0.01561  6.17388e-02
 85 -0.08547 -1.21835e-01 | 86 -0.24858 -4.32144e-05 | 87  0.09823  2.30817e-01
 88  0.74565  1.52749e-01 | 89 -0.18627  1.23654e-01 | 90  0.07369 -5.54358e-02
 91 -0.67769  1.52545e-01 |
91 variables; iteration 120; function evaluation 182; phase 4
Function value 2.4743881e+02; maximum gradient component mag 4.1717e+02
Var    Value     Gradient |Var    Value     Gradient |Var    Value     Gradient
  1  0.00066  2.44259e+01 |  2 -0.01471  8.83968e+00 |  3 -0.02711  6.42198e-02
  4 -0.02725  9.88809e-02 |  5 -0.02079  1.32561e-01 |  6 -0.01562  8.72160e-02
  7 -0.01715  1.51216e-01 |  8 -0.01252  1.05662e-01 |  9 -0.00300  1.87168e-01
 10 -0.00634  2.16234e-01 | 11 -0.00297  2.58979e-01 | 12 -0.01523  2.38420e-01
 13 -0.02758  1.06386e-01 | 14 -0.02109  1.35850e-01 | 15 -0.01885  1.08913e-01
 16 -0.01731  1.10884e-01 | 17 -0.01391  8.48008e-02 | 18 -0.01023  1.47526e-01
 19 -0.01215  1.22897e-01 | 20  0.01442  2.44027e-01 | 21  0.00117  2.23576e-01
 22 -0.02195  7.20250e-02 | 23 -0.02523  1.25676e-01 | 24 -0.01918  8.89142e-02
 25 -0.00579  1.50987e-01 | 26  0.01064  1.92439e-01 | 27 -0.00229  1.73310e-01
 28 -0.00061  1.06571e-01 | 29  0.02556  1.51366e-01 | 30  0.01660  5.56245e-02
 31  0.02012  4.90426e-02 | 32  0.06529  1.30362e-01 | 33  0.02311  3.28121e-02
 34  0.02622  3.08171e-02 | 35  0.03948  3.57516e-02 | 36  0.01669 -5.67759e-03
 37  0.05086  4.32013e-02 | 38  0.02464  2.05259e-02 | 39  0.00526  1.58362e-02
 40 -0.00831 -4.31798e-02 | 41 -0.02070 -3.33082e-02 | 42 -0.01457 -1.77844e-02
 43  0.01393 -1.36064e-02 | 44  0.02809 -1.87564e-02 | 45  0.01364 -1.70184e-02
 46  0.00783 -2.33393e-02 | 47  0.00303 -3.38349e-02 | 48  0.01768 -6.58924e-02
 49  0.01662 -1.22212e-01 | 50 -0.01941 -1.07249e-01 | 51 -0.02203 -1.31885e-01
 52 -0.01655 -1.38078e-01 | 53  0.00216 -1.33759e-01 | 54 -0.00261 -1.47878e-01
 55  0.00324 -1.78175e-01 | 56 -0.03174 -1.41323e-01 | 57 -0.02917 -1.62189e-01
 58 -0.02020 -1.55091e-01 | 59  0.00526 -1.96599e-01 | 60 -0.00455 -1.55393e-01
 61 -0.01051 -1.43701e-01 | 62 -0.01353 -1.78404e-01 | 63 -0.01340 -1.51950e-01
 64 -0.01164 -1.13445e-01 | 65 -0.01628 -1.32979e-01 | 66 -0.00493 -2.00691e-03
 67 -0.00017 -1.55021e-02 | 68  0.00000  0.00000e+00 | 69 -0.81126  1.11423e+01
 70  0.09471  2.72419e-01 | 71  0.13199 -1.15037e+00 | 72  0.17110 -8.86095e-01
 73  0.01600  8.29154e-03 | 74  0.03348  2.24544e-01 | 75  0.09558  1.16041e+02
 76  0.11149  4.17171e+02 | 77  0.15147  3.23631e+00 | 78  0.02283  2.76215e-01
 79 -0.20358  8.52390e-01 | 80  0.11742  3.15629e-01 | 81  0.08061  5.84401e-01
 82  0.12743  1.89759e-01 | 83  0.00000 -1.07054e-30 | 84  0.01558  1.11508e-02
 85 -0.08538  1.25911e-01 | 86 -0.24728  5.42251e-06 | 87  0.09828 -1.06907e-01
 88  0.74524  4.87714e-03 | 89 -0.18625  6.97727e-04 | 90  0.07361  5.69069e-02
 91 -0.67793 -1.77350e-02 |
91 variables; iteration 140; function evaluation 202; phase 4
Function value 2.4743807e+02; maximum gradient component mag 1.3258e-01
Var    Value     Gradient |Var    Value     Gradient |Var    Value     Gradient
  1  0.00067  1.18128e-02 |  2 -0.01471  4.19847e-03 |  3 -0.02708  2.33259e-05
  4 -0.02723  1.96160e-05 |  5 -0.02079  7.29051e-05 |  6 -0.01555  7.09570e-05
  7 -0.01714  7.79483e-05 |  8 -0.01244  1.16415e-04 |  9 -0.00298  1.34925e-04
 10 -0.00633  1.52359e-04 | 11 -0.00296  1.47776e-04 | 12 -0.01523  1.03978e-04
 13 -0.02756  1.02405e-04 | 14 -0.02110  1.16319e-04 | 15 -0.01882  5.84891e-05
 16 -0.01730  9.30753e-05 | 17 -0.01387  5.46375e-05 | 18 -0.01028  8.71793e-05
 19 -0.01217  1.37774e-04 | 20  0.01445  1.56649e-04 | 21  0.00115  1.38833e-04
 22 -0.02191  8.26589e-05 | 23 -0.02532  1.07300e-04 | 24 -0.01915  6.37542e-05
 25 -0.00576  8.06451e-05 | 26  0.01063  3.14375e-05 | 27 -0.00238  2.44460e-05
 28 -0.00061  3.69193e-05 | 29  0.02556 -1.40411e-06 | 30  0.01660 -2.90474e-05
 31  0.02008 -2.38106e-05 | 32  0.06525 -1.38898e-05 | 33  0.02311 -2.48712e-05
 34  0.02622 -5.48404e-05 | 35  0.03945 -5.07861e-05 | 36  0.01669 -3.45088e-05
 37  0.05083 -7.35106e-05 | 38  0.02466 -2.45469e-05 | 39  0.00528 -5.30144e-05
 40 -0.00826 -7.17605e-05 | 41 -0.02073 -1.84038e-05 | 42 -0.01462 -2.54580e-05
 43  0.01393  1.28859e-05 | 44  0.02811 -1.48664e-05 | 45  0.01356 -4.89371e-05
 46  0.00784 -5.75023e-05 | 47  0.00301 -5.88337e-05 | 48  0.01766 -4.15906e-05
 49  0.01664 -2.13335e-05 | 50 -0.01940  7.11452e-06 | 51 -0.02201 -1.31817e-05
 52 -0.01653 -4.24742e-05 | 53  0.00216 -5.14303e-05 | 54 -0.00259 -2.60833e-05
 55  0.00327 -5.79440e-05 | 56 -0.03174 -1.29896e-05 | 57 -0.02915 -2.15613e-05
 58 -0.02019 -3.75741e-05 | 59  0.00530 -6.59586e-05 | 60 -0.00455 -7.98574e-05
 61 -0.01051 -6.51056e-05 | 62 -0.01349 -5.74788e-05 | 63 -0.01338 -4.35883e-05
 64 -0.01166 -4.76471e-05 | 65 -0.01623 -2.69408e-05 | 66 -0.00492 -8.25236e-06
 67 -0.00015 -5.64876e-06 | 68  0.00000  0.00000e+00 | 69 -0.81149  5.26738e-03
 70  0.09455  2.81976e-03 | 71  0.13201  1.39337e-02 | 72  0.17106 -9.43056e-04
 73  0.00741  2.59455e-05 | 74  0.03344  4.47117e-04 | 75  0.09397  3.51397e-02
 76  0.11194  1.32578e-01 | 77  0.15074  1.76508e-03 | 78  0.02106  1.88484e-04
 79 -0.20360  3.80593e-04 | 80  0.11739  6.85331e-05 | 81  0.08062  4.20692e-04
 82  0.12742  2.49493e-04 | 83  0.00000 -1.17530e-30 | 84  0.01557 -1.01516e-05
 85 -0.08541  6.84409e-05 | 86 -0.24738 -8.62372e-07 | 87  0.09827 -5.13438e-05
 88  0.74529  2.29725e-05 | 89 -0.18629  2.22740e-05 | 90  0.07359 -4.02077e-06
 91 -0.67794  3.67720e-05 |
91 variables; iteration 160; function evaluation 223; phase 4
Function value 2.4743807e+02; maximum gradient component mag 1.8299e+00
Var    Value     Gradient |Var    Value     Gradient |Var    Value     Gradient
  1  0.00067  1.97179e-01 |  2 -0.01471  3.33556e-02 |  3 -0.02708  1.07834e-03
  4 -0.02723  1.13821e-03 |  5 -0.02079  1.40042e-03 |  6 -0.01555  1.24578e-03
  7 -0.01714  1.50148e-03 |  8 -0.01244  1.58669e-03 |  9 -0.00298  1.67441e-03
 10 -0.00633  1.83826e-03 | 11 -0.00296  1.87240e-03 | 12 -0.01523  1.94124e-03
 13 -0.02757 -5.68356e-04 | 14 -0.02110 -2.21329e-04 | 15 -0.01882 -2.79851e-04
 16 -0.01730  9.41527e-05 | 17 -0.01387 -1.77830e-04 | 18 -0.01028 -1.10874e-04
 19 -0.01217 -2.10765e-04 | 20  0.01445  2.59072e-04 | 21  0.00115  1.79278e-04
 22 -0.02191 -1.37546e-04 | 23 -0.02532  4.18142e-05 | 24 -0.01915  4.68407e-04
 25 -0.00576  1.73953e-03 | 26  0.01063  2.88945e-03 | 27 -0.00238  2.01382e-03
 28 -0.00061  1.48566e-03 | 29  0.02556  2.18020e-03 | 30  0.01660  1.69156e-03
 31  0.02008  1.41565e-03 | 32  0.06525  3.17877e-03 | 33  0.02311  1.06612e-03
 34  0.02622  1.11466e-03 | 35  0.03945  1.78854e-03 | 36  0.01669  8.33820e-04
 37  0.05083  2.60825e-03 | 38  0.02466  1.80397e-03 | 39  0.00528  1.22580e-03
 40 -0.00826  9.38438e-04 | 41 -0.02073  6.11738e-04 | 42 -0.01462  1.34579e-04
 43  0.01393  3.08770e-04 | 44  0.02811  3.34983e-04 | 45  0.01356 -1.43044e-04
 46  0.00784 -5.72045e-04 | 47  0.00301 -8.32848e-04 | 48  0.01766 -8.02561e-04
 49  0.01664 -8.94909e-04 | 50 -0.01940 -1.15326e-03 | 51 -0.02201 -1.34712e-03
 52 -0.01653 -1.38944e-03 | 53  0.00216 -1.37777e-03 | 54 -0.00259 -1.26167e-03
 55  0.00327 -1.39584e-03 | 56 -0.03174 -1.49762e-03 | 57 -0.02915 -1.57783e-03
 58 -0.02019 -1.60749e-03 | 59  0.00530 -1.62063e-03 | 60 -0.00455 -1.75357e-03
 61 -0.01051 -1.72618e-03 | 62 -0.01349 -1.81610e-03 | 63 -0.01338 -1.84896e-03
 64 -0.01166 -2.08769e-03 | 65 -0.01623 -2.13733e-03 | 66 -0.00492 -4.88143e-05
 67 -0.00015  2.48929e-05 | 68  0.00000  0.00000e+00 | 69 -0.81149  4.12342e-02
 70  0.09455 -7.02752e-02 | 71  0.13200 -4.05290e-01 | 72  0.17106  2.36528e-03
 73 -0.00039  2.65174e-04 | 74  0.03344  2.21831e-03 | 75  0.09397  5.04932e-01
 76  0.11194  1.82986e+00 | 77  0.15074  1.23793e-03 | 78  0.01509  1.18388e-03
 79 -0.20359  3.39218e-03 | 80  0.11739 -3.55823e-04 | 81  0.08062 -7.42690e-03
 82  0.12742 -6.11575e-03 | 83  0.00000 -1.17669e-30 | 84  0.01557  1.13859e-03
 85 -0.08541  2.51209e-04 | 86 -0.24744 -3.62437e-06 | 87  0.09827 -2.05273e-06
 88  0.74529  1.62407e-04 | 89 -0.18629  4.93924e-04 | 90  0.07359  5.34965e-04
 91 -0.67794  6.64664e-05 |
91 variables; iteration 180; function evaluation 243; phase 4
Function value 2.4743807e+02; maximum gradient component mag -1.8049e-01
Var    Value     Gradient |Var    Value     Gradient |Var    Value     Gradient
  1  0.00067 -2.26663e-02 |  2 -0.01471 -1.98061e-03 |  3 -0.02708 -1.49078e-04
  4 -0.02723 -1.77374e-04 |  5 -0.02079 -2.03599e-04 |  6 -0.01555 -2.54612e-04
  7 -0.01714 -2.67253e-04 |  8 -0.01244 -3.03895e-04 |  9 -0.00298 -3.63001e-04
 10 -0.00633 -3.63880e-04 | 11 -0.00296 -4.20369e-04 | 12 -0.01523 -4.00387e-04
 13 -0.02756 -7.74282e-05 | 14 -0.02110 -1.25302e-04 | 15 -0.01882 -1.64626e-04
 16 -0.01730 -1.34792e-04 | 17 -0.01387 -1.53797e-04 | 18 -0.01028 -1.54974e-04
 19 -0.01217 -1.37987e-04 | 20  0.01445 -3.16735e-04 | 21  0.00115 -2.47449e-04
 22 -0.02191 -1.28304e-04 | 23 -0.02532 -1.18932e-04 | 24 -0.01915 -1.81167e-04
 25 -0.00576 -2.92900e-04 | 26  0.01063 -4.51408e-04 | 27 -0.00238 -3.39120e-04
 28 -0.00061 -2.55275e-04 | 29  0.02556 -3.24751e-04 | 30  0.01660 -1.80069e-04
 31  0.02008 -1.29342e-04 | 32  0.06525 -3.42303e-04 | 33  0.02311 -8.66952e-05
 34  0.02622 -9.90362e-05 | 35  0.03945 -1.52019e-04 | 36  0.01669 -3.86467e-05
 37  0.05083 -2.31769e-04 | 38  0.02466 -1.09310e-04 | 39  0.00528 -6.58143e-05
 40 -0.00826 -3.33747e-05 | 41 -0.02073  2.47762e-05 | 42 -0.01462  2.46397e-05
 43  0.01393 -2.41174e-05 | 44  0.02811 -2.72748e-05 | 45  0.01356  4.99788e-05
 46  0.00784  8.30107e-05 | 47  0.00301  1.24867e-04 | 48  0.01766  1.34503e-04
 49  0.01664  1.60880e-04 | 50 -0.01940  2.34201e-04 | 51 -0.02201  2.36690e-04
 52 -0.01653  2.36187e-04 | 53  0.00216  2.31334e-04 | 54 -0.00259  2.66721e-04
 55  0.00327  2.69574e-04 | 56 -0.03174  2.92624e-04 | 57 -0.02915  2.97175e-04
 58 -0.02019  3.01954e-04 | 59  0.00530  3.08029e-04 | 60 -0.00455  3.02306e-04
 61 -0.01051  3.10776e-04 | 62 -0.01349  3.10990e-04 | 63 -0.01338  3.20351e-04
 64 -0.01166  3.07505e-04 | 65 -0.01623  2.92799e-04 | 66 -0.00492  6.38513e-07
 67 -0.00015  2.55811e-06 | 68  0.00000  0.00000e+00 | 69 -0.81149 -2.22481e-03
 70  0.09455  1.60394e-02 | 71  0.13200  9.53052e-02 | 72  0.17106  1.29766e-03
 73 -0.00800 -8.91558e-05 | 74  0.03344 -9.25223e-04 | 75  0.09397 -4.97332e-02
 76  0.11195 -1.80490e-01 | 77  0.15074 -3.81335e-04 | 78  0.00932 -5.81694e-05
 79 -0.20360 -1.92485e-04 | 80  0.11739 -3.34203e-04 | 81  0.08062 -2.84709e-04
 82  0.12742  2.81664e-04 | 83  0.00000 -1.17543e-30 | 84  0.01557 -4.91481e-05
 85 -0.08541 -1.68783e-04 | 86 -0.24736  2.91832e-09 | 87  0.09827  1.32265e-04
 88  0.74529 -2.42604e-05 | 89 -0.18629 -4.37407e-05 | 90  0.07359 -6.22715e-05
 91 -0.67794  3.36151e-05 |
91 variables; iteration 200; function evaluation 265; phase 4
Function value 2.4743807e+02; maximum gradient component mag -9.8252e-01
Var    Value     Gradient |Var    Value     Gradient |Var    Value     Gradient
  1  0.00067  4.42153e-03 |  2 -0.01471 -2.10208e-02 |  3 -0.02708  4.25338e-04
  4 -0.02723  5.00164e-04 |  5 -0.02079  8.08842e-04 |  6 -0.01555  7.60135e-04
  7 -0.01714  8.25394e-04 |  8 -0.01244  1.08872e-03 |  9 -0.00298  1.24058e-03
 10 -0.00633  1.44410e-03 | 11 -0.00296  1.38373e-03 | 12 -0.01523  1.13141e-03
 13 -0.02756  4.72577e-04 | 14 -0.02110  7.23526e-04 | 15 -0.01882  5.33202e-04
 16 -0.01730  7.38447e-04 | 17 -0.01387  3.50318e-04 | 18 -0.01028  4.65542e-04
 19 -0.01217  7.21484e-04 | 20  0.01445  1.05971e-03 | 21  0.00115  9.84459e-04
 22 -0.02191  4.99446e-04 | 23 -0.02532  5.09274e-04 | 24 -0.01915  5.65121e-04
 25 -0.00576  1.03144e-03 | 26  0.01063  9.39376e-04 | 27 -0.00238  5.92553e-04
 28 -0.00061  4.97424e-04 | 29  0.02556  4.80501e-04 | 30  0.01660  3.30545e-04
 31  0.02008  1.87120e-04 | 32  0.06525  5.50076e-04 | 33  0.02311 -6.00270e-05
 34  0.02622 -1.22569e-04 | 35  0.03945  1.52700e-04 | 36  0.01669 -1.27953e-04
 37  0.05083  1.07780e-04 | 38  0.02466  9.28256e-06 | 39  0.00528 -1.65512e-04
 40 -0.00826 -2.99969e-04 | 41 -0.02073  9.11352e-06 | 42 -0.01462 -1.04806e-04
 43  0.01393  1.11871e-04 | 44  0.02811  3.91009e-05 | 45  0.01356 -3.32250e-04
 46  0.00784 -5.04154e-04 | 47  0.00301 -5.65375e-04 | 48  0.01766 -4.91615e-04
 49  0.01664 -4.15052e-04 | 50 -0.01940 -2.02482e-04 | 51 -0.02201 -3.23396e-04
 52 -0.01653 -5.52735e-04 | 53  0.00216 -6.22170e-04 | 54 -0.00259 -5.01442e-04
 55  0.00327 -7.10715e-04 | 56 -0.03174 -4.70570e-04 | 57 -0.02915 -5.25254e-04
 58 -0.02019 -5.48771e-04 | 59  0.00530 -7.31136e-04 | 60 -0.00455 -8.57165e-04
 61 -0.01051 -7.31303e-04 | 62 -0.01349 -6.73611e-04 | 63 -0.01338 -6.23733e-04
 64 -0.01166 -7.62141e-04 | 65 -0.01623 -6.07506e-04 | 66 -0.00492 -1.38042e-05
 67 -0.00015 -2.78556e-05 | 68  0.00000  0.00000e+00 | 69 -0.81149 -2.78741e-02
 70  0.09455 -1.50594e-01 | 71  0.13200 -8.74698e-01 | 72  0.17106 -5.13673e-03
 73 -0.00350  5.07074e-04 | 74  0.03344  3.59601e-03 | 75  0.09397 -2.68191e-01
 76  0.11195 -9.82520e-01 | 77  0.15074 -6.63039e-03 | 78  0.00235 -5.15822e-04
 79 -0.20360 -1.95522e-03 | 80  0.11739  1.07215e-03 | 81  0.08062  1.46906e-03
 82  0.12742 -8.18880e-05 | 83  0.00000 -1.17511e-30 | 84  0.01557  5.19563e-05
 85 -0.08541  4.47785e-04 | 86 -0.24731  2.33846e-06 | 87  0.09827 -3.26981e-04
 88  0.74529  1.89094e-04 | 89 -0.18629  2.38592e-04 | 90  0.07359  4.96640e-05
 91 -0.67794  1.74567e-04 |
91 variables; iteration 220; function evaluation 287; phase 4
Function value 2.4743807e+02; maximum gradient component mag 2.2744e-01
Var    Value     Gradient |Var    Value     Gradient |Var    Value     Gradient
  1  0.00067 -4.71803e-03 |  2 -0.01471  4.02427e-03 |  3 -0.02708 -9.54428e-05
  4 -0.02723 -1.15733e-04 |  5 -0.02079 -1.02736e-04 |  6 -0.01555 -1.84654e-04
  7 -0.01714 -1.70211e-04 |  8 -0.01244 -1.96338e-04 |  9 -0.00298 -2.42969e-04
 10 -0.00633 -2.13418e-04 | 11 -0.00296 -2.78395e-04 | 12 -0.01523 -2.69965e-04
 13 -0.02756 -5.01125e-05 | 14 -0.02110 -5.81156e-05 | 15 -0.01882 -1.24138e-04
 16 -0.01730 -5.77257e-05 | 17 -0.01387 -1.31740e-04 | 18 -0.01028 -1.08782e-04
 19 -0.01217 -7.76772e-05 | 20  0.01445 -2.25859e-04 | 21  0.00115 -1.52508e-04
 22 -0.02191 -1.08986e-04 | 23 -0.02532 -7.46516e-05 | 24 -0.01915 -1.42809e-04
 25 -0.00576 -1.74159e-04 | 26  0.01063 -3.30972e-04 | 27 -0.00238 -2.51570e-04
 28 -0.00061 -1.96868e-04 | 29  0.02556 -2.46871e-04 | 30  0.01660 -1.26954e-04
 31  0.02008 -8.96794e-05 | 32  0.06525 -2.37614e-04 | 33  0.02311 -7.76589e-05
 34  0.02622 -8.67655e-05 | 35  0.03945 -9.30124e-05 | 36  0.01669 -3.25709e-05
 37  0.05083 -1.74326e-04 | 38  0.02466 -7.26879e-05 | 39  0.00528 -4.12832e-05
 40 -0.00826 -4.28382e-05 | 41 -0.02073  4.21738e-05 | 42 -0.01462  6.71024e-06
 43  0.01393 -2.73171e-05 | 44  0.02811 -2.55438e-05 | 45  0.01356  3.15223e-05
 46  0.00784  4.60202e-05 | 47  0.00301  7.76524e-05 | 48  0.01766  8.45147e-05
 49  0.01664  1.02486e-04 | 50 -0.01940  1.94976e-04 | 51 -0.02201  1.78051e-04
 52 -0.01653  1.58497e-04 | 53  0.00216  1.60668e-04 | 54 -0.00259  2.03951e-04
 55  0.00327  1.73416e-04 | 56 -0.03174  2.24396e-04 | 57 -0.02915  2.16029e-04
 58 -0.02019  2.24263e-04 | 59  0.00530  2.12858e-04 | 60 -0.00455  2.04810e-04
 61 -0.01051  2.26271e-04 | 62 -0.01349  2.18998e-04 | 63 -0.01338  2.33677e-04
 64 -0.01166  2.12664e-04 | 65 -0.01623  2.01194e-04 | 66 -0.00492 -1.17972e-06
 67 -0.00015 -6.78799e-06 | 68  0.00000  0.00000e+00 | 69 -0.81149  5.38365e-03
 70  0.09455  2.59370e-02 | 71  0.13200  1.51002e-01 | 72  0.17106  9.30921e-04
 73  0.00065 -9.77928e-05 | 74  0.03344 -6.95702e-04 | 75  0.09397  6.21997e-02
 76  0.11195  2.27438e-01 | 77  0.15074  1.44460e-03 | 78  0.00117  1.25812e-04
 79 -0.20360  4.06537e-04 | 80  0.11739 -2.88731e-04 | 81  0.08062 -3.46453e-04
 82  0.12742  1.51150e-04 | 83  0.00000 -1.17544e-30 | 84  0.01557 -2.02513e-05
 85 -0.08541 -1.27294e-04 | 86 -0.24735  5.26250e-07 | 87  0.09827  9.75149e-05
 88  0.74529 -1.77786e-05 | 89 -0.18629 -2.17311e-05 | 90  0.07359 -4.53036e-05
 91 -0.67794  3.35034e-05 |

 - final statistics:
91 variables; iteration 235; function evaluation 302
Function value 2.4744e+02; maximum gradient component mag -3.4165e-05
Exit code = 1;  converg criter 1.0000e-04
Var    Value     Gradient |Var    Value     Gradient |Var    Value     Gradient
  1  0.00067  4.04157e-06 |  2 -0.01471 -9.39282e-07 |  3 -0.02708  2.84088e-08
  4 -0.02723  4.88028e-08 |  5 -0.02079  5.25509e-09 |  6 -0.01555  5.23194e-08
  7 -0.01714  6.66269e-08 |  8 -0.01244  1.15496e-08 |  9 -0.00298  6.50259e-08
 10 -0.00633  1.19228e-08 | 11 -0.00296  9.81510e-08 | 12 -0.01523  1.32523e-07
 13 -0.02756 -1.27648e-09 | 14 -0.02110 -3.85324e-09 | 15 -0.01882  7.63975e-08
 16 -0.01730 -1.68002e-08 | 17 -0.01387  9.49937e-08 | 18 -0.01028  9.69029e-08
 19 -0.01217  3.93974e-09 | 20  0.01445  1.16593e-07 | 21  0.00115  7.04903e-08
 22 -0.02191  2.23677e-08 | 23 -0.02532  4.60128e-08 | 24 -0.01915  5.04397e-08
 25 -0.00576  3.44783e-08 | 26  0.01063  2.12916e-07 | 27 -0.00238  2.21126e-07
 28 -0.00061  1.39733e-07 | 29  0.02556  2.07816e-07 | 30  0.01660  6.77252e-08
 31  0.02008  6.59487e-08 | 32  0.06525  1.62998e-07 | 33  0.02311  8.98805e-08
 34  0.02622  1.10417e-07 | 35  0.03945  8.08528e-08 | 36  0.01669  5.62611e-08
 37  0.05083  1.47747e-07 | 38  0.02466  6.86082e-08 | 39  0.00528  8.11747e-08
 40 -0.00826  5.49512e-08 | 41 -0.02073 -5.56181e-08 | 42 -0.01462 -5.83459e-09
 43  0.01393 -2.04113e-08 | 44  0.02811 -8.93498e-09 | 45  0.01356  3.70278e-08
 46  0.00784  5.87321e-08 | 47  0.00301  3.13866e-08 | 48  0.01766 -1.56833e-08
 49  0.01664 -7.94865e-08 | 50 -0.01940 -1.91345e-07 | 51 -0.02201 -1.69260e-07
 52 -0.01653 -1.11888e-07 | 53  0.00216 -7.89924e-08 | 54 -0.00259 -1.54026e-07
 55  0.00327 -1.14068e-07 | 56 -0.03174 -1.83702e-07 | 57 -0.02915 -1.86000e-07
 58 -0.02019 -1.84403e-07 | 59  0.00530 -1.48653e-07 | 60 -0.00455 -8.21789e-08
 61 -0.01051 -1.27236e-07 | 62 -0.01349 -1.59827e-07 | 63 -0.01338 -1.74485e-07
 64 -0.01166 -1.02922e-07 | 65 -0.01623 -1.37719e-07 | 66 -0.00492  3.14993e-09
 67 -0.00015 -5.33973e-09 | 68  0.00000  0.00000e+00 | 69 -0.81149 -1.27700e-06
 70  0.09455 -4.16758e-06 | 71  0.13200 -2.47941e-05 | 72  0.17106 -4.53007e-07
 73 -0.00028  1.75941e-08 | 74  0.03344  1.32217e-07 | 75  0.09397 -9.22835e-06
 76  0.11195 -3.41650e-05 | 77  0.15074 -4.05606e-07 | 78  0.00011 -1.83700e-08
 79 -0.20360 -9.09812e-08 | 80  0.11739 -4.52655e-08 | 81  0.08062 -3.37181e-08
 82  0.12742 -2.58175e-08 | 83  0.00000 -1.17538e-30 | 84  0.01557  1.17086e-09
 85 -0.08541  8.63763e-08 | 86 -0.24736  3.67719e-10 | 87  0.09827 -9.77075e-08
 88  0.74529 -3.76752e-08 | 89 -0.18629 -3.88626e-08 | 90  0.07359  4.93478e-08
 91 -0.67794 -8.26369e-08 |
size of file gradfil1.tmp = 0
size of file gradfil2.tmp = 0
size of file varssave.tmp = 0
size of file cmpdiff.tmp = 0
