
Initial statistics: 6 variables; iteration 0; function evaluation 0; phase 1
Function value 2.3967293e+06; maximum gradient component mag -2.2266e+08
Var    Value     Gradient |Var    Value     Gradient |Var    Value     Gradient
  1  0.04479 -2.22661e+08 |  2 -0.01383 -1.54851e+06 |  3  0.00000 -1.02325e+01
  4  0.00000 -8.54827e-02 |  5  0.00000  0.00000e+00 |  6 -0.77590  4.04184e+04

Intermediate statistics: 6 variables; iteration 20; function evaluation 38; phase 1
Function value 4.0209353e+02; maximum gradient component mag -3.7318e+04
Var    Value     Gradient |Var    Value     Gradient |Var    Value     Gradient
  1  0.04981 -3.73175e+04 |  2 -0.08790 -7.09799e+02 |  3 1073.981 -1.50824e+01
  4 -12.02626 -1.98191e+01 |  5  0.00000  0.00000e+00 |  6 -0.70589 -2.95205e+02
6 variables; iteration 40; function evaluation 59; phase 1
Function value 3.8100612e+02; maximum gradient component mag -1.9079e+04
Var    Value     Gradient |Var    Value     Gradient |Var    Value     Gradient
  1  0.05045 -1.90785e+04 |  2  0.06160  4.48980e+02 |  3 1074.003  1.88110e+00
  4 -11.99670  2.49462e+00 |  5  0.00000  0.00000e+00 |  6 -0.84327  3.21540e+02
6 variables; iteration 60; function evaluation 81; phase 1
Function value 3.0861104e+02; maximum gradient component mag -2.1302e+02
Var    Value     Gradient |Var    Value     Gradient |Var    Value     Gradient
  1  0.06526 -1.39379e+02 |  2 -0.02961 -1.93839e+02 |  3 1074.000 -2.43642e-01
  4 -12.00043 -3.22919e-01 |  5  0.00000  0.00000e+00 |  6 -0.79852 -2.13016e+02

 - final statistics:
6 variables; iteration 65; function evaluation 86
Function value 3.0840e+02; maximum gradient component mag 3.4590e+00
Exit code = 1;  converg criter 1.0000e+01
Var    Value     Gradient |Var    Value     Gradient |Var    Value     Gradient
  1  0.06396  2.47231e+00 |  2 -0.02482  3.29736e+00 |  3 1074.000  3.65960e-02
  4 -11.99994  4.84651e-02 |  5  0.00000  0.00000e+00 |  6 -0.80006  3.45901e+00

Initial statistics: 60 variables; iteration 0; function evaluation 0; phase 2
Function value 3.0839971e+02; maximum gradient component mag -2.6867e+02
Var    Value     Gradient |Var    Value     Gradient |Var    Value     Gradient
  1  0.06396  2.47231e+00 |  2 -0.02482  3.29736e+00 |  3  0.00000  1.29112e+02
  4  0.00000  1.34207e+02 |  5  0.00000  1.36906e+02 |  6  0.00000  1.40967e+02
  7  0.00000  1.45946e+02 |  8  0.00000  1.51656e+02 |  9  0.00000  1.53581e+02
 10  0.00000  1.69655e+02 | 11  0.00000  1.80513e+02 | 12  0.00000  1.67064e+02
 13  0.00000  1.37172e+02 | 14  0.00000  9.02568e+01 | 15  0.00000  3.83043e+01
 16  0.00000 -4.74441e+00 | 17  0.00000 -5.41672e+01 | 18  0.00000 -1.10834e+02
 19  0.00000 -1.55893e+02 | 20  0.00000 -2.04153e+02 | 21  0.00000 -2.44300e+02
 22  0.00000 -2.45994e+02 | 23  0.00000 -2.56257e+02 | 24  0.00000 -2.68671e+02
 25  0.00000 -2.57374e+02 | 26  0.00000 -2.40145e+02 | 27  0.00000 -1.83537e+02
 28  0.00000 -1.19545e+02 | 29  0.00000 -7.54429e+01 | 30  0.00000 -6.43536e+01
 31  0.00000 -9.08310e+01 | 32  0.00000 -1.22682e+02 | 33  0.00000 -1.21413e+02
 34  0.00000 -8.58863e+01 | 35  0.00000 -4.16040e+01 | 36  0.00000 -1.38517e+01
 37  0.00000 -3.06102e+00 | 38  0.00000  2.67616e+01 | 39  0.00000  7.95866e+01
 40  0.00000  9.36355e+01 | 41  0.00000  8.29777e+01 | 42  0.00000  6.60929e+01
 43  0.00000  6.73131e+01 | 44  0.00000  8.16779e+01 | 45  0.00000  1.20105e+02
 46  0.00000  1.16337e+02 | 47  0.00000  8.85987e+01 | 48  0.00000  6.04259e+01
 49  0.00000  6.13195e+01 | 50  0.00000  6.32880e+01 | 51  0.00000  6.04887e+01
 52  0.00000  4.84500e+01 | 53  0.00000  3.24427e+01 | 54  0.00000  2.18524e+01
 55  0.00000  1.80477e+01 | 56 -0.00030 -3.65960e-02 | 57  0.00006  4.84651e-02
 58  0.00000  0.00000e+00 | 59 -0.80006  3.45901e+00 | 60  0.10797  1.47027e+02

Intermediate statistics: 60 variables; iteration 20; function evaluation 32; phase 2
Function value 2.5467514e+02; maximum gradient component mag -1.6229e+03
Var    Value     Gradient |Var    Value     Gradient |Var    Value     Gradient
  1  0.04554 -1.62289e+03 |  2  0.00372 -1.16863e+03 |  3 -0.04785 -3.04992e+01
  4 -0.03186 -1.81882e+01 |  5 -0.01534 -1.63186e+00 |  6 -0.00385  1.61539e+01
  7  0.00501  3.31138e+01 |  8  0.01153  4.50466e+01 |  9  0.02125  4.86163e+01
 10  0.00078  2.80130e+01 | 11 -0.02057  5.47876e+00 | 12 -0.02278 -4.77832e+00
 13 -0.01977 -8.39925e+00 | 14 -0.00176 -2.72975e+00 | 15  0.02005  2.27570e-01
 16  0.00836 -1.56975e+01 | 17  0.00596 -2.95931e+01 | 18  0.02663 -3.96986e+01
 19  0.00630 -4.49442e+01 | 20  0.00231 -4.47609e+01 | 21  0.08994 -4.93414e+01
 22 -0.02764 -6.79034e+01 | 23 -0.02457 -7.08445e+01 | 24  0.05802 -4.09132e+01
 25  0.01719 -2.47118e+01 | 26  0.06840 -9.94259e+00 | 27  0.02179 -3.67505e+01
 28 -0.04166 -7.36081e+01 | 29 -0.04204 -7.79398e+01 | 30 -0.03476 -6.08193e+01
 31  0.00514 -1.13737e+01 | 32  0.04083  4.59894e+01 | 33  0.04080  5.35222e+01
 34  0.01333  1.61654e+01 | 35 -0.00606 -8.27094e+00 | 36  0.00235 -1.84271e+00
 37  0.02997  2.08651e+01 | 38  0.01934  1.93599e+01 | 39 -0.02664 -9.83850e+00
 40 -0.02528 -1.21891e+01 | 41 -0.00734  1.00954e+00 | 42  0.01364  1.70260e+01
 43  0.01127  1.47896e+01 | 44  0.00321  2.30580e+00 | 45 -0.03677 -2.19529e+01
 46 -0.03199 -2.13729e+01 | 47 -0.00940 -8.91979e+00 | 48  0.02169  4.61807e+00
 49  0.00427 -4.41598e+00 | 50 -0.00568 -1.69988e+01 | 51 -0.01137 -2.85299e+01
 52 -0.01215 -3.54568e+01 | 53 -0.01799 -3.84319e+01 | 54 -0.02883 -3.87597e+01
 55 -0.02988 -3.64596e+01 | 56 -0.00039 -2.79566e-02 | 57 -0.00005 -4.05443e-02
 58  0.00000  0.00000e+00 | 59 -0.79523 -1.45346e+03 | 60  0.10936  6.12365e+01
60 variables; iteration 40; function evaluation 62; phase 2
Function value 2.4288901e+02; maximum gradient component mag -3.8982e+02
Var    Value     Gradient |Var    Value     Gradient |Var    Value     Gradient
  1  0.04509 -3.89818e+02 |  2 -0.00489 -1.53760e+02 |  3 -0.03237  1.55465e+00
  4 -0.02499  2.57172e+00 |  5 -0.01762  4.16418e+00 |  6 -0.00821  9.85386e+00
  7 -0.00645  9.10552e+00 |  8 -0.00591  6.77752e+00 |  9  0.00783  9.02760e+00
 10 -0.01407  4.83890e+00 | 11 -0.02602  6.43781e+00 | 12 -0.02349  7.68951e+00
 13 -0.01636  8.34909e+00 | 14 -0.01103 -7.99736e-01 | 15  0.01364  4.25644e+00
 16  0.01202  7.31891e+00 | 17  0.00820  2.41092e+00 | 18  0.03096  3.28705e+00
 19  0.01632 -4.40397e-01 | 20  0.00818 -7.66660e+00 | 21  0.07409  2.22232e+00
 22  0.00067 -1.15536e+01 | 23  0.02678 -4.53619e+00 | 24  0.04211 -1.04588e+01
 25 -0.00056 -1.92572e+01 | 26  0.06100 -6.55465e+00 | 27  0.00467 -1.10074e+01
 28  0.00382  2.93117e-01 | 29 -0.01478 -6.48879e+00 | 30 -0.01060 -2.59131e+00
 31 -0.00430 -1.03369e+01 | 32  0.02845 -1.16627e+01 | 33  0.02323 -1.29584e+01
 34  0.00936 -8.95634e+00 | 35 -0.00151 -5.42985e+00 | 36  0.00299 -7.29932e-01
 37  0.02067 -7.79587e-01 | 38  0.00519 -4.48555e+00 | 39 -0.02048  1.72440e+00
 40 -0.02161  1.28372e+00 | 41 -0.01194  1.37615e+00 | 42  0.00582  4.16543e+00
 43  0.00389  3.53013e+00 | 44 -0.00793 -2.79963e+00 | 45 -0.03521 -2.20762e+00
 46 -0.02583  5.20144e+00 | 47 -0.00986  7.07522e+00 | 48  0.00710  9.35957e-01
 49 -0.00559  3.86124e-01 | 50 -0.00737  3.46349e+00 | 51 -0.01159  2.35957e+00
 52 -0.01028  4.04234e+00 | 53 -0.00781  8.22093e+00 | 54 -0.00904  9.59529e+00
 55 -0.01382  2.94326e+00 | 56 -0.00043 -1.04793e-02 | 57 -0.00001 -5.68350e-03
 58  0.00000  0.00000e+00 | 59 -0.78508 -2.17205e+02 | 60  0.10925  8.70436e+00
60 variables; iteration 60; function evaluation 95; phase 2
Function value 2.4198585e+02; maximum gradient component mag -7.9651e+01
Var    Value     Gradient |Var    Value     Gradient |Var    Value     Gradient
  1  0.04521 -7.96507e+01 |  2 -0.02020 -9.89843e+00 |  3 -0.02828  4.90953e+00
  4 -0.02303  3.34111e+00 |  5 -0.01570  2.94114e+00 |  6 -0.01299  6.70082e-01
  7 -0.00876  4.65350e-01 |  8 -0.00597 -1.24685e-01 |  9  0.00594  8.04156e-01
 10 -0.01094  2.92670e+00 | 11 -0.02660  2.50724e+00 | 12 -0.02557  2.24159e+00
 13 -0.02016  2.44827e+00 | 14 -0.00379  2.32757e+00 | 15  0.01161 -1.23121e+00
 16  0.00823 -2.67366e-01 | 17  0.01113  1.28949e-01 | 18  0.02875 -2.17584e-01
 19  0.01413 -1.66671e+00 | 20  0.02139 -1.07317e+00 | 21  0.06175 -6.31322e-02
 22  0.01829 -3.87560e-01 | 23  0.02083 -7.49380e-01 | 24  0.04131  9.48997e-02
 25  0.02135 -2.78763e+00 | 26  0.04576 -5.21216e+00 | 27  0.01779 -3.03410e+00
 28 -0.00606 -4.74442e+00 | 29 -0.00912 -4.71730e-01 | 30 -0.01453 -2.31721e+00
 31 -0.00134 -4.35860e+00 | 32  0.02642 -6.40591e+00 | 33  0.02374 -6.27739e+00
 34  0.01055 -2.43192e+00 | 35  0.00023 -7.04371e-01 | 36  0.00174  3.92915e-02
 37  0.01699 -1.29509e+00 | 38  0.00929  8.05704e-01 | 39 -0.02259  2.57474e+00
 40 -0.02133  3.39436e+00 | 41 -0.01074  2.65030e+00 | 42  0.00323  1.25853e+00
 43 -0.00031  1.60332e+00 | 44 -0.00299  4.84606e+00 | 45 -0.03086  5.01925e+00
 46 -0.02970  2.57672e+00 | 47 -0.01486  2.77855e+00 | 48  0.00895  2.99861e+00
 49 -0.00302  3.99130e+00 | 50 -0.01072  2.09263e+00 | 51 -0.01038  3.36961e+00
 52 -0.00960  3.08832e+00 | 53 -0.01330  1.51365e+00 | 54 -0.01951  1.31161e-01
 55 -0.01591  1.86623e+00 | 56 -0.00037  5.33003e-02 | 57 -0.00002 -1.41003e-02
 58  0.00000  0.00000e+00 | 59 -0.77059 -2.33136e+00 | 60  0.10861 -4.41213e+00
Maximum number of function evaluations exceeded

 - final statistics:
60 variables; iteration 64; function evaluation 100
Function value 2.4198e+02; maximum gradient component mag -7.8089e+01
Exit code = 3;  converg criter 1.0000e+01
Var    Value     Gradient |Var    Value     Gradient |Var    Value     Gradient
  1  0.04519 -7.80887e+01 |  2 -0.02008  8.61255e-02 |  3 -0.02853  4.65258e+00
  4 -0.02288  3.40284e+00 |  5 -0.01607  2.57518e+00 |  6 -0.01316  5.86154e-01
  7 -0.00807  1.10516e+00 |  8 -0.00636 -2.67617e-01 |  9  0.00620  9.62664e-01
 10 -0.01099  2.79732e+00 | 11 -0.02669  2.26621e+00 | 12 -0.02552  2.02671e+00
 13 -0.02022  2.05946e+00 | 14 -0.00398  1.73367e+00 | 15  0.01184 -1.64088e+00
 16  0.00818 -7.34160e-01 | 17  0.01111 -3.22356e-01 | 18  0.02883 -8.04085e-01
 19  0.01396 -2.22673e+00 | 20  0.02147 -1.49924e+00 | 21  0.06170 -7.62108e-01
 22  0.01824 -6.62166e-01 | 23  0.02112 -8.79916e-01 | 24  0.04101 -4.16684e-01
 25  0.02145 -2.97557e+00 | 26  0.04589 -5.51856e+00 | 27  0.01751 -3.34946e+00
 28 -0.00572 -4.56145e+00 | 29 -0.00932 -6.07759e-01 | 30 -0.01448 -2.16075e+00
 31 -0.00116 -4.01754e+00 | 32  0.02629 -6.08809e+00 | 33  0.02396 -5.74686e+00
 34  0.01057 -2.07438e+00 | 35  0.00016 -5.26723e-01 | 36  0.00171  2.10843e-01
 37  0.01715 -1.03813e+00 | 38  0.00922  8.67479e-01 | 39 -0.02257  2.66368e+00
 40 -0.02137  3.37250e+00 | 41 -0.01101  2.47636e+00 | 42  0.00348  1.55078e+00
 43 -0.00033  1.73486e+00 | 44 -0.00302  4.88403e+00 | 45 -0.03100  4.95599e+00
 46 -0.02959  2.75994e+00 | 47 -0.01530  2.56990e+00 | 48  0.00960  3.56025e+00
 49 -0.00374  3.58351e+00 | 50 -0.01037  2.45110e+00 | 51 -0.01063  3.32198e+00
 52 -0.00924  3.54444e+00 | 53 -0.01381  1.35317e+00 | 54 -0.01886  9.19178e-01
 55 -0.01597  2.08330e+00 | 56 -0.00055 -9.05414e-02 | 57  0.00006  4.19522e-02
 58  0.00000  0.00000e+00 | 59 -0.77065  7.67605e+00 | 60  0.10866 -4.19820e+00

Initial statistics: 81 variables; iteration 0; function evaluation 0; phase 3
Function value 2.4197860e+02; maximum gradient component mag 1.0357e+02
Var    Value     Gradient |Var    Value     Gradient |Var    Value     Gradient
  1  0.04519 -7.80887e+01 |  2 -0.02008  8.61255e-02 |  3 -0.02854  4.19749e+00
  4 -0.02289  2.94759e+00 |  5 -0.01608  2.11978e+00 |  6 -0.01317  1.30705e-01
  7 -0.00808  6.49653e-01 |  8 -0.00637 -7.23140e-01 |  9  0.00619  5.07140e-01
 10 -0.01100  2.34184e+00 | 11 -0.02670  1.81107e+00 | 12 -0.02553  1.57153e+00
 13 -0.02023  1.60414e+00 | 14 -0.00399  1.27813e+00 | 15  0.01183 -2.09635e+00
 16  0.00817 -1.18967e+00 | 17  0.01110 -7.77833e-01 | 18  0.02882 -1.25916e+00
 19  0.01395 -2.68217e+00 | 20  0.02146 -1.95453e+00 | 21  0.06169 -1.21552e+00
 22  0.01823 -1.11753e+00 | 23  0.02111 -1.33521e+00 | 24  0.04100 -8.71285e-01
 25  0.02144 -3.43085e+00 | 26  0.04588 -5.97293e+00 | 27  0.01750 -3.80484e+00
 28 -0.00573 -5.01698e+00 | 29 -0.00933 -1.06326e+00 | 30 -0.01449 -2.61618e+00
 31 -0.00117 -4.47309e+00 | 32  0.02628 -6.54326e+00 | 33  0.02395 -6.20209e+00
 34  0.01056 -2.52986e+00 | 35  0.00015 -9.82268e-01 | 36  0.00170 -2.44701e-01
 37  0.01714 -1.49351e+00 | 38  0.00921  4.11981e-01 | 39 -0.02258  2.20842e+00
 40 -0.02138  2.91721e+00 | 41 -0.01102  2.02088e+00 | 42  0.00347  1.09524e+00
 43 -0.00034  1.27931e+00 | 44 -0.00303  4.42849e+00 | 45 -0.03101  4.50098e+00
 46 -0.02960  2.30489e+00 | 47 -0.01531  2.11449e+00 | 48  0.00959  3.10476e+00
 49 -0.00375  3.12797e+00 | 50 -0.01038  1.99561e+00 | 51 -0.01064  2.86650e+00
 52 -0.00925  3.08895e+00 | 53 -0.01382  8.97731e-01 | 54 -0.01887  4.63832e-01
 55 -0.01598  1.62790e+00 | 56 -0.00055 -9.05414e-02 | 57  0.00006  4.19522e-02
 58  0.00000  0.00000e+00 | 59 -0.77065  7.67605e+00 | 60  0.23025  6.43288e+01
 61  0.09185  6.00618e+01 | 62  0.19806 -8.97929e+01 | 63  0.00000  1.02789e-08
 64  0.07403  9.45082e+00 | 65  0.18318  1.03568e+02 | 66  0.06666  8.14975e+01
 67  0.17183 -3.24769e+01 | 68  0.00000  3.29928e-03 | 69 -0.17750  2.85433e+00
 70  0.15248 -1.35665e+00 | 71  0.06876  4.99550e-01 | 72  0.13215  7.29204e+00
 73  0.00000  1.19983e-30 | 74  0.03670  2.06793e+00 | 75 -0.06462  1.22885e+01
 76 -0.23261  4.74024e-04 | 77  0.10581 -9.64437e+00 | 78  0.70099  1.99644e+00
 79 -0.14212  6.23386e+00 | 80  0.10866 -4.19820e+00 | 81 -0.64195  7.68656e-01

Intermediate statistics: 81 variables; iteration 20; function evaluation 23; phase 3
Function value 2.4159306e+02; maximum gradient component mag 1.2460e+02
Var    Value     Gradient |Var    Value     Gradient |Var    Value     Gradient
  1  0.04688 -5.87249e+01 |  2 -0.01672  2.66615e+01 |  3 -0.02820  3.81035e+00
  4 -0.02193  3.26187e+00 |  5 -0.01521  2.55528e+00 |  6 -0.01096  1.63083e+00
  7 -0.00779  8.87489e-01 |  8 -0.00532  5.13724e-01 |  9  0.00577  5.66134e-01
 10 -0.01085  2.42514e+00 | 11 -0.02558  3.58720e+00 | 12 -0.02505  4.19459e+00
 13 -0.02042  4.70844e+00 | 14 -0.00499  4.88643e+00 | 15  0.01209  4.47163e+00
 16  0.00643  4.45362e+00 | 17  0.00972  4.85110e+00 | 18  0.02558  4.10971e+00
 19  0.01583  3.61758e+00 | 20  0.02293  3.13944e+00 | 21  0.05639  2.19330e+00
 22  0.01945  3.29955e+00 | 23  0.02177  2.61655e+00 | 24  0.03813  4.82809e-01
 25  0.02391 -9.39917e-01 | 26  0.04442 -5.37535e+00 | 27  0.01485 -4.01770e+00
 28 -0.00379 -2.23977e+00 | 29 -0.01198 -1.19316e+00 | 30 -0.01492 -8.99532e-01
 31 -0.00193 -2.54874e+00 | 32  0.02337 -6.11432e+00 | 33  0.02535 -6.02966e+00
 34  0.00977 -3.66107e+00 | 35 -0.00081 -9.95240e-01 | 36  0.00055  7.00460e-01
 37  0.01767  1.65889e+00 | 38  0.00958  3.50921e+00 | 39 -0.02177  4.84951e+00
 40 -0.02120  5.01979e+00 | 41 -0.01110  4.43969e+00 | 42  0.00375  4.39285e+00
 43  0.00193  5.47289e+00 | 44 -0.00297  6.32318e+00 | 45 -0.03096  6.04255e+00
 46 -0.02855  5.41891e+00 | 47 -0.01401  5.74226e+00 | 48  0.00985  6.57399e+00
 49 -0.00340  6.39742e+00 | 50 -0.00895  5.98844e+00 | 51 -0.01070  5.77317e+00
 52 -0.01025  5.42274e+00 | 53 -0.01231  4.90559e+00 | 54 -0.01634  4.49910e+00
 55 -0.01390  4.53286e+00 | 56 -0.00046 -1.70754e-02 | 57  0.00000  3.50682e-03
 58  0.00000  0.00000e+00 | 59 -0.77834  3.08734e+01 | 60  0.20387 -1.44674e+00
 61  0.10686  2.88013e-01 | 62  0.19386  3.11424e+00 | 63 -0.00020 -9.76434e-07
 64  0.06350 -7.79356e-02 | 65  0.18139  1.24177e+02 | 66  0.06854  1.24602e+02
 67  0.17364  1.39499e+01 | 68 -0.00069  1.23897e-02 | 69 -0.18066  3.52588e+00
 70  0.14706 -1.45725e+01 | 71  0.06522 -4.65003e-03 | 72  0.13165  3.18584e+01
 73 -0.00000 -9.24775e-31 | 74  0.03562  1.52637e+00 | 75 -0.06629  2.82483e+01
 76 -0.23261  1.05147e-03 | 77  0.10488 -2.64782e+01 | 78  0.70672  3.82671e+00
 79 -0.14650  7.73433e+00 | 80  0.10499 -5.51143e+00 | 81 -0.64469  9.90331e-01
81 variables; iteration 40; function evaluation 46; phase 3
Function value 2.4151202e+02; maximum gradient component mag -4.6571e+01
Var    Value     Gradient |Var    Value     Gradient |Var    Value     Gradient
  1  0.04724 -4.65710e+01 |  2 -0.01643  1.09460e+01 |  3 -0.02880  1.00035e+00
  4 -0.02202  1.22234e+00 |  5 -0.01477  1.51640e+00 |  6 -0.00991  1.62632e+00
  7 -0.00715  8.21370e-01 |  8 -0.00496  1.09922e-01 |  9  0.00609 -2.15568e-01
 10 -0.01097  3.15129e-01 | 11 -0.02555  1.01386e+00 | 12 -0.02522  1.17829e+00
 13 -0.02038  1.68049e+00 | 14 -0.00521  1.32048e+00 | 15  0.01174  6.32679e-01
 16  0.00599  4.41626e-01 | 17  0.00856  2.58302e-01 | 18  0.02557  5.03045e-01
 19  0.01466  1.53881e-02 | 20  0.02394  1.01086e+00 | 21  0.05520 -7.58754e-01
 22  0.01870  3.81478e-01 | 23  0.02224  8.34398e-01 | 24  0.03732 -8.84062e-01
 25  0.02430 -9.21321e-01 | 26  0.04399 -3.38034e+00 | 27  0.01589 -1.72170e+00
 28 -0.00386 -1.22481e+00 | 29 -0.01251 -8.38818e-01 | 30 -0.01513 -4.17124e-01
 31 -0.00229 -1.25405e+00 | 32  0.02290 -2.95350e+00 | 33  0.02641 -2.13697e+00
 34  0.00995 -1.76945e+00 | 35 -0.00084 -8.24163e-01 | 36  0.00051 -5.95430e-02
 37  0.01772  4.04241e-01 | 38  0.00995  1.34039e+00 | 39 -0.02222  1.22897e+00
 40 -0.02187  1.02024e+00 | 41 -0.01114  1.34798e+00 | 42  0.00432  1.80125e+00
 43  0.00255  2.27409e+00 | 44 -0.00336  1.88739e+00 | 45 -0.03138  1.81781e+00
 46 -0.02861  1.66449e+00 | 47 -0.01365  1.98473e+00 | 48  0.00955  1.61692e+00
 49 -0.00395  1.67250e+00 | 50 -0.00890  2.38920e+00 | 51 -0.01020  3.13306e+00
 52 -0.01012  2.81058e+00 | 53 -0.01241  2.05655e+00 | 54 -0.01642  1.74287e+00
 55 -0.01344  2.26581e+00 | 56 -0.00045 -3.82533e-03 | 57 -0.00001 -7.57224e-03
 58  0.00000  0.00000e+00 | 59 -0.77927  1.35758e+01 | 60  0.20102 -4.19287e+00
 61  0.10848  1.05441e-01 | 62  0.19361  1.37229e+01 | 63 -0.00282 -1.39126e-05
 64  0.06219 -8.03067e-01 | 65  0.18106  4.60751e+01 | 66  0.06869  4.26012e+01
 67  0.17378  3.88884e+00 | 68 -0.07586  7.00943e-03 | 69 -0.17848  1.99231e+00
 70  0.14803 -1.32696e+00 | 71  0.05652 -4.67423e-02 | 72  0.13179  6.47033e+00
 73  0.00000 -4.59438e-31 | 74  0.03454  3.98456e-01 | 75 -0.06852  8.56051e+00
 76 -0.23269  4.53620e-04 | 77  0.10441 -8.04769e+00 | 78  0.71154  1.47761e+00
 79 -0.14905  2.60219e+00 | 80  0.10423 -2.81993e+00 | 81 -0.64593 -6.39656e-01
81 variables; iteration 60; function evaluation 77; phase 3
Function value 2.4148331e+02; maximum gradient component mag 8.1617e+01
Var    Value     Gradient |Var    Value     Gradient |Var    Value     Gradient
  1  0.04758  4.13213e+01 |  2 -0.01546  2.96489e+01 |  3 -0.02841  2.05196e-03
  4 -0.02173  1.11866e-01 |  5 -0.01468  1.47380e-01 |  6 -0.01030 -5.21073e-02
  7 -0.00693  1.48738e-02 |  8 -0.00452 -1.07904e-02 |  9  0.00654  1.72128e-02
 10 -0.01045  7.89175e-02 | 11 -0.02550 -1.39653e-01 | 12 -0.02531 -4.15988e-01
 13 -0.02084 -4.46315e-01 | 14 -0.00510 -2.99225e-01 | 15  0.01120 -9.24001e-01
 16  0.00576 -5.89370e-01 | 17  0.00825 -7.65309e-01 | 18  0.02471 -6.59138e-01
 19  0.01561 -3.99593e-01 | 20  0.02232 -6.55007e-01 | 21  0.05545 -9.23672e-01
 22  0.01856 -3.73701e-01 | 23  0.02102 -2.91034e-01 | 24  0.03783 -3.89497e-01
 25  0.02357 -3.77850e-01 | 26  0.04480 -4.80573e-01 | 27  0.01541 -1.67518e-01
 28 -0.00361  4.47105e-02 | 29 -0.01253 -5.96562e-02 | 30 -0.01580 -2.40497e-01
 31 -0.00282 -1.31572e-01 | 32  0.02346  8.09959e-02 | 33  0.02583  1.32003e-02
 34  0.01067  1.83608e-01 | 35 -0.00060  3.55439e-02 | 36  0.00062  7.67396e-02
 37  0.01787  1.03114e-01 | 38  0.00955 -2.15276e-02 | 39 -0.02211 -1.42220e-01
 40 -0.02149 -2.99613e-03 | 41 -0.01089  2.01324e-01 | 42  0.00416 -7.92957e-02
 43  0.00258 -9.15669e-03 | 44 -0.00306 -1.53797e-01 | 45 -0.03113  1.36919e-01
 46 -0.02830  2.08177e-01 | 47 -0.01393 -3.51022e-02 | 48  0.00991  1.97576e-02
 49 -0.00329  1.17959e-01 | 50 -0.00884  6.63519e-02 | 51 -0.01091 -2.57754e-02
 52 -0.01053  1.89738e-02 | 53 -0.01224  4.59659e-02 | 54 -0.01604  1.98826e-01
 55 -0.01383  1.77995e-01 | 56 -0.00044  3.11280e-03 | 57  0.00000  1.04183e-03
 58  0.00000  0.00000e+00 | 59 -0.78116  3.12495e+01 | 60  0.19803 -1.23423e+00
 61  0.11015  4.51414e-02 | 62  0.19308  4.27117e+00 | 63 -0.01316 -6.49624e-05
 64  0.06198  4.50277e-02 | 65  0.17961  7.47055e+01 | 66  0.07014  8.16166e+01
 67  0.17376  1.65613e+01 | 68 -0.10722 -4.73407e-04 | 69 -0.17971  2.96909e+00
 70  0.14553 -3.88145e-01 | 71  0.05879 -1.15929e-01 | 72  0.13083 -3.03763e-01
 73  0.00000 -5.01917e-31 | 74  0.03427 -2.45959e-01 | 75 -0.06938 -2.30385e+00
 76 -0.23311  4.55546e-05 | 77  0.10443  2.24315e+00 | 78  0.71187 -3.51211e-01
 79 -0.15050 -6.14762e-01 | 80  0.10438 -1.29980e-01 | 81 -0.64471  1.30324e-01
Maximum number of function evaluations exceeded

 - final statistics:
81 variables; iteration 75; function evaluation 100
Function value 2.4148e+02; maximum gradient component mag 7.5949e+01
Exit code = 3;  converg criter 1.0000e+00
Var    Value     Gradient |Var    Value     Gradient |Var    Value     Gradient
  1  0.04775  7.52341e+01 |  2 -0.01538  2.65257e+01 |  3 -0.02809 -9.36782e-02
  4 -0.02194 -4.44798e-01 |  5 -0.01466 -1.79096e-01 |  6 -0.01030 -2.99272e-01
  7 -0.00663  1.04260e-01 |  8 -0.00429  9.03679e-02 |  9  0.00638 -1.02927e-01
 10 -0.01036  5.67107e-02 | 11 -0.02567 -3.02693e-01 | 12 -0.02488  1.94747e-01
 13 -0.02068  2.98007e-02 | 14 -0.00545  2.29498e-02 | 15  0.01128  1.61909e-01
 16  0.00537  1.82479e-01 | 17  0.00861  4.63440e-01 | 18  0.02416  1.22776e-01
 19  0.01589  5.01670e-01 | 20  0.02192 -5.18917e-02 | 21  0.05552  5.17546e-01
 22  0.01859  3.25908e-01 | 23  0.02072  1.65989e-01 | 24  0.03770  3.75628e-01
 25  0.02372  4.18053e-01 | 26  0.04474  7.08338e-01 | 27  0.01553  6.29541e-01
 28 -0.00407  1.37297e-01 | 29 -0.01270  2.05475e-01 | 30 -0.01549  4.43531e-01
 31 -0.00281  2.93219e-01 | 32  0.02296  2.34427e-01 | 33  0.02603  4.21781e-01
 34  0.01054  3.16529e-01 | 35 -0.00041  2.54873e-01 | 36  0.00080  1.19618e-01
 37  0.01733 -3.92981e-01 | 38  0.00965 -1.09375e-01 | 39 -0.02167  5.12170e-02
 40 -0.02135 -1.27043e-01 | 41 -0.01120 -3.47269e-01 | 42  0.00442 -1.76193e-01
 43  0.00253 -3.41889e-01 | 44 -0.00271 -2.46578e-01 | 45 -0.03102 -2.58120e-01
 46 -0.02881 -7.61153e-01 | 47 -0.01341 -2.10497e-02 | 48  0.01018 -1.62745e-01
 49 -0.00347 -5.57294e-01 | 50 -0.00892 -6.00041e-01 | 51 -0.01083 -4.74394e-01
 52 -0.01025 -2.20305e-01 | 53 -0.01219 -4.76445e-01 | 54 -0.01639 -7.70280e-01
 55 -0.01386 -5.05477e-01 | 56 -0.00041  1.64374e-02 | 57  0.00001  7.39570e-03
 58  0.00000  0.00000e+00 | 59 -0.78194  2.77324e+01 | 60  0.19666  1.53084e+00
 61  0.11094  3.12197e-02 | 62  0.19279 -4.87249e+00 | 63 -0.01126 -5.55581e-05
 64  0.06142  6.05101e-02 | 65  0.17833  6.76810e+01 | 66  0.07136  7.59493e+01
 67  0.17346  1.42829e+01 | 68 -0.14160 -7.10552e-04 | 69 -0.17878  3.04021e+00
 70  0.14506 -2.30078e-01 | 71  0.06112 -4.04358e-02 | 72  0.13077 -4.32537e-01
 73  0.00000 -5.18369e-31 | 74  0.03417  3.44820e-02 | 75 -0.06939  1.06227e-01
 76 -0.23398  1.09451e-04 | 77  0.10446  4.99960e-01 | 78  0.71245 -9.15380e-02
 79 -0.15125 -7.28660e-01 | 80  0.10403  3.02525e-01 | 81 -0.64506 -1.16798e-01

Initial statistics: 91 variables; iteration 0; function evaluation 0; phase 4
Function value 2.4147709e+02; maximum gradient component mag 7.5949e+01
Var    Value     Gradient |Var    Value     Gradient |Var    Value     Gradient
  1  0.04775  7.52341e+01 |  2 -0.01538  2.65257e+01 |  3  0.00000  2.77999e+01
  4  0.00000  2.19398e+01 |  5  0.00000  1.84059e+01 |  6  0.00000  1.73481e+01
  7  0.00000  1.19713e+01 |  8  0.00000  8.86706e+00 |  9  0.00000  1.20732e+01
 10  0.00000  1.47045e+01 | 11  0.00000  2.55412e+01 | 12  0.00000  2.81087e+01
 13 -0.02809 -8.48318e-02 | 14 -0.02194 -4.35948e-01 | 15 -0.01466 -1.70243e-01
 16 -0.01030 -2.90418e-01 | 17 -0.00663  1.13115e-01 | 18 -0.00429  9.92226e-02
 19  0.00638 -9.40722e-02 | 20 -0.01036  6.55645e-02 | 21 -0.02567 -2.93845e-01
 22 -0.02488  2.03595e-01 | 23 -0.02068  3.86510e-02 | 24 -0.00545  3.18044e-02
 25  0.01128  1.70763e-01 | 26  0.00537  1.91334e-01 | 27  0.00862  4.72294e-01
 28  0.02416  1.31625e-01 | 29  0.01590  5.10522e-01 | 30  0.02192 -4.30420e-02
 31  0.05552  5.26367e-01 | 32  0.01859  3.34759e-01 | 33  0.02072  1.74840e-01
 34  0.03770  3.84467e-01 | 35  0.02372  4.26902e-01 | 36  0.04474  7.17172e-01
 37  0.01553  6.38393e-01 | 38 -0.00407  1.46152e-01 | 39 -0.01270  2.14329e-01
 40 -0.01549  4.52383e-01 | 41 -0.00281  3.02074e-01 | 42  0.02296  2.43276e-01
 43  0.02603  4.30629e-01 | 44  0.01054  3.25383e-01 | 45 -0.00041  2.63728e-01
 46  0.00080  1.28473e-01 | 47  0.01733 -3.84130e-01 | 48  0.00965 -1.00521e-01
 49 -0.02167  6.00668e-02 | 50 -0.02135 -1.18193e-01 | 51 -0.01120 -3.38415e-01
 52  0.00442 -1.67339e-01 | 53  0.00253 -3.33034e-01 | 54 -0.00271 -2.37724e-01
 55 -0.03102 -2.49276e-01 | 56 -0.02881 -7.52307e-01 | 57 -0.01341 -1.21967e-02
 58  0.01018 -1.53891e-01 | 59 -0.00347 -5.48439e-01 | 60 -0.00892 -5.91187e-01
 61 -0.01083 -4.65540e-01 | 62 -0.01025 -2.11451e-01 | 63 -0.01219 -4.67592e-01
 64 -0.01639 -7.61428e-01 | 65 -0.01386 -4.96624e-01 | 66 -0.00041  1.64374e-02
 67  0.00001  7.39570e-03 | 68  0.00000  0.00000e+00 | 69 -0.78194  2.77324e+01
 70  0.19666  1.53084e+00 | 71  0.11094  3.12197e-02 | 72  0.19279 -4.87249e+00
 73 -0.01126 -5.55581e-05 | 74  0.06142  6.05101e-02 | 75  0.17833  6.76810e+01
 76  0.07136  7.59493e+01 | 77  0.17346  1.42829e+01 | 78 -0.14160 -7.10552e-04
 79 -0.17878  3.04021e+00 | 80  0.14506 -2.30078e-01 | 81  0.06112 -4.04358e-02
 82  0.13077 -4.32537e-01 | 83  0.00000 -5.18369e-31 | 84  0.03417  3.44820e-02
 85 -0.06939  1.06227e-01 | 86 -0.23398  1.09451e-04 | 87  0.10446  4.99960e-01
 88  0.71245 -9.15380e-02 | 89 -0.15125 -7.28660e-01 | 90  0.10403  3.02525e-01
 91 -0.64506 -1.16798e-01 |

Intermediate statistics: 91 variables; iteration 20; function evaluation 30; phase 4
Function value 2.4025203e+02; maximum gradient component mag -2.3218e+02
Var    Value     Gradient |Var    Value     Gradient |Var    Value     Gradient
  1  0.04680 -2.32182e+02 |  2 -0.01613 -1.45757e+02 |  3 -0.02226  6.10897e+00
  4 -0.01733  5.22159e+00 |  5 -0.01425  4.71845e+00 |  6 -0.01368  4.67152e+00
  7 -0.00869  3.96039e+00 |  8 -0.00411  3.91225e+00 |  9 -0.00478  5.21268e+00
 10 -0.00351  6.52533e+00 | 11 -0.01063  9.44764e+00 | 12 -0.01340  1.08768e+01
 13 -0.02217  4.48904e+00 | 14 -0.02036  4.87749e+00 | 15 -0.01646  5.07143e+00
 16 -0.01162  5.11841e+00 | 17 -0.00604  5.94846e+00 | 18 -0.00101  7.49422e+00
 19  0.01252  9.64474e+00 | 20 -0.00707  7.58031e+00 | 21 -0.02388  5.14600e+00
 22 -0.02403  4.10500e+00 | 23 -0.01972  3.56308e+00 | 24 -0.00511  3.88514e+00
 25  0.01180  4.43668e+00 | 26  0.00675  3.43920e+00 | 27  0.01019  2.85911e+00
 28  0.02564  1.96549e+00 | 29  0.01451 -3.74348e-02 | 30  0.02189 -6.75752e-01
 31  0.05622 -4.78292e-01 | 32  0.01971 -5.72127e-01 | 33  0.02138 -1.06830e+00
 34  0.03635 -2.08560e+00 | 35  0.02273 -2.38624e+00 | 36  0.04353 -2.48377e+00
 37  0.01550 -1.41918e+00 | 38 -0.00368 -9.63793e-01 | 39 -0.01269 -9.79583e-01
 40 -0.01574 -1.07344e+00 | 41 -0.00204 -9.35176e-01 | 42  0.02461 -5.59274e-01
 43  0.02442 -8.20924e-01 | 44  0.00891 -1.14851e+00 | 45 -0.00035 -1.35601e+00
 46  0.00086 -1.97469e+00 | 47  0.01726 -3.20994e+00 | 48  0.00795 -4.04741e+00
 49 -0.02342 -3.80234e+00 | 50 -0.02288 -4.37543e+00 | 51 -0.01229 -5.33720e+00
 52  0.00258 -6.74129e+00 | 53 -0.00019 -7.29317e+00 | 54 -0.00594 -7.27936e+00
 55 -0.03298 -5.42922e+00 | 56 -0.02979 -5.19460e+00 | 57 -0.01538 -5.51800e+00
 58  0.00756 -6.76907e+00 | 59 -0.00528 -5.78566e+00 | 60 -0.01058 -4.96472e+00
 61 -0.01197 -3.88185e+00 | 62 -0.01092 -2.64646e+00 | 63 -0.01209 -1.60382e+00
 64 -0.01528 -1.07905e+00 | 65 -0.01244 -9.31061e-01 | 66 -0.00044  4.42041e-03
 67  0.00000  1.26820e-03 | 68  0.00000  0.00000e+00 | 69 -0.78136 -1.61312e+02
 70  0.22121  6.58329e+00 | 71  0.10636  1.15580e+00 | 72  0.19706 -9.13602e+00
 73 -0.01126 -5.55561e-05 | 74  0.06586  1.34513e+00 | 75  0.17396  2.05149e+01
 76  0.07641 -6.01433e+01 | 77  0.16937 -9.47231e+01 | 78 -0.14160 -7.10532e-04
 79 -0.18190 -1.04050e+01 | 80  0.15180 -2.82175e+01 | 81  0.06112 -8.86648e-03
 82  0.13290  6.42163e+01 | 83  0.00000 -1.47812e-30 | 84  0.03780  9.32250e-01
 85 -0.06705  5.07487e+00 | 86 -0.23398  2.87070e-04 | 87  0.10489 -3.66629e+00
 88  0.71041  1.19565e+00 | 89 -0.14715  1.14665e+00 | 90  0.10946  1.00628e+01
 91 -0.64108 -3.04498e+00 |
91 variables; iteration 40; function evaluation 54; phase 4
Function value 2.4006288e+02; maximum gradient component mag -2.6819e+02
Var    Value     Gradient |Var    Value     Gradient |Var    Value     Gradient
  1  0.04673 -2.68187e+02 |  2 -0.01532 -6.42584e+01 |  3 -0.02638 -1.09053e+00
  4 -0.02030 -1.53532e+00 |  5 -0.01629 -1.70049e+00 |  6 -0.01594 -2.12101e+00
  7 -0.00952 -2.23972e+00 |  8 -0.00375 -2.53012e+00 |  9 -0.00525 -3.26994e+00
 10 -0.00405 -4.09239e+00 | 11 -0.01415 -4.79315e+00 | 12 -0.01807 -4.98214e+00
 13 -0.02037 -2.15564e+00 | 14 -0.02008 -2.06854e+00 | 15 -0.01709 -2.21900e+00
 16 -0.01230 -2.73051e+00 | 17 -0.00675 -3.30912e+00 | 18 -0.00109 -3.43878e+00
 19  0.01233 -4.83427e+00 | 20 -0.00732 -3.71374e+00 | 21 -0.02465 -3.60069e+00
 22 -0.02470 -3.55776e+00 | 23 -0.01964 -2.86356e+00 | 24 -0.00465 -3.40571e+00
 25  0.01181 -5.67071e+00 | 26  0.00642 -5.73398e+00 | 27  0.00997 -5.09731e+00
 28  0.02575 -4.67824e+00 | 29  0.01547 -2.28958e+00 | 30  0.02143 -2.85617e+00
 31  0.05733 -3.63110e+00 | 32  0.01893 -2.43931e+00 | 33  0.02138 -1.76575e+00
 34  0.03691 -1.19033e+00 | 35  0.02334 -3.43262e-01 | 36  0.04361 -1.32465e+00
 37  0.01531 -8.58287e-01 | 38 -0.00377 -3.23734e-01 | 39 -0.01301 -1.34613e-01
 40 -0.01603  3.39441e-01 | 41 -0.00201  9.68417e-01 | 42  0.02435  1.46452e+00
 43  0.02417  2.31001e+00 | 44  0.00929  2.84915e+00 | 45 -0.00075  1.97403e+00
 46  0.00097  1.84777e+00 | 47  0.01686  1.30555e+00 | 48  0.00752  1.62568e+00
 49 -0.02368  2.41036e+00 | 50 -0.02294  3.42493e+00 | 51 -0.01194  4.73306e+00
 52  0.00278  5.75461e+00 | 53  0.00038  6.06915e+00 | 54 -0.00588  5.24923e+00
 55 -0.03292  4.02080e+00 | 56 -0.02951  4.03489e+00 | 57 -0.01519  4.32701e+00
 58  0.00767  4.67728e+00 | 59 -0.00559  3.48652e+00 | 60 -0.01060  3.16705e+00
 61 -0.01206  2.81464e+00 | 62 -0.01131  2.31349e+00 | 63 -0.01221  2.09525e+00
 64 -0.01452  2.31604e+00 | 65 -0.01128  2.34426e+00 | 66 -0.00055 -8.52582e-02
 67 -0.00000  9.61975e-05 | 68  0.00000  0.00000e+00 | 69 -0.77968 -6.82086e+01
 70  0.21975 -8.30518e+00 | 71  0.10686  6.57647e-01 | 72  0.19634  2.62978e+01
 73 -0.01120 -5.52618e-05 | 74  0.06714 -1.39178e+00 | 75  0.17700 -3.25686e+01
 76  0.07317 -6.71177e+01 | 77  0.17000 -3.37749e+01 | 78 -0.14084 -7.06579e-04
 79 -0.18697 -6.25394e+00 | 80  0.15522 -1.24107e+00 | 81  0.04308 -7.86822e-02
 82  0.13236  4.28740e+00 | 83  0.00000 -5.81478e-31 | 84  0.03673 -3.30988e+00
 85 -0.06655 -1.21117e+00 | 86 -0.23400  5.81365e-05 | 87  0.10515  2.68306e+00
 88  0.70890  2.31914e-01 | 89 -0.14655 -1.21486e-01 | 90  0.10873 -4.10885e+00
 91 -0.64230  9.35055e-02 |
91 variables; iteration 60; function evaluation 82; phase 4
Function value 2.4002665e+02; maximum gradient component mag -8.5529e+01
Var    Value     Gradient |Var    Value     Gradient |Var    Value     Gradient
  1  0.04683 -7.14146e+01 |  2 -0.01554 -4.41670e+01 |  3 -0.02640  2.17776e-01
  4 -0.02022  1.69415e-01 |  5 -0.01645  4.21770e-02 |  6 -0.01582  2.66941e-02
  7 -0.00966  2.91247e-02 |  8 -0.00408  7.28112e-02 |  9 -0.00510  1.95519e-01
 10 -0.00375  2.50399e-01 | 11 -0.01329  2.60040e-01 | 12 -0.01721  1.85972e-01
 13 -0.02065 -2.91318e-01 | 14 -0.02030 -3.10885e-01 | 15 -0.01704 -1.69322e-01
 16 -0.01188 -1.04257e-01 | 17 -0.00630 -2.84383e-01 | 18 -0.00085 -8.35105e-02
 19  0.01190 -6.14207e-01 | 20 -0.00727 -7.98036e-02 | 21 -0.02389 -2.20683e-02
 22 -0.02401 -5.17888e-02 | 23 -0.01982 -7.35648e-02 | 24 -0.00526  1.98574e-01
 25  0.01168  5.51008e-01 | 26  0.00711  7.17327e-01 | 27  0.01018  3.75421e-01
 28  0.02564  4.18871e-01 | 29  0.01458  1.77244e-01 | 30  0.02254  4.60264e-01
 31  0.05619  5.73026e-01 | 32  0.02006  3.49520e-01 | 33  0.02138  2.44345e-01
 34  0.03673  5.57572e-01 | 35  0.02284  2.53060e-01 | 36  0.04357  4.81142e-01
 37  0.01553  3.51077e-01 | 38 -0.00400  1.88752e-02 | 39 -0.01265  4.06085e-01
 40 -0.01585  2.87532e-01 | 41 -0.00209  2.84129e-01 | 42  0.02369 -4.82616e-02
 43  0.02466  5.00183e-01 | 44  0.00831 -2.97074e-01 | 45 -0.00045  5.72345e-02
 46  0.00086  2.75527e-03 | 47  0.01698 -3.03135e-02 | 48  0.00832  3.67796e-01
 49 -0.02362 -3.19594e-01 | 50 -0.02317 -5.71182e-01 | 51 -0.01227 -3.68476e-01
 52  0.00263 -3.33119e-01 | 53 -0.00016 -4.76311e-01 | 54 -0.00609 -5.66682e-01
 55 -0.03281 -2.00238e-01 | 56 -0.02955 -1.73238e-01 | 57 -0.01543 -3.44187e-01
 58  0.00734 -4.18424e-01 | 59 -0.00507 -1.37842e-01 | 60 -0.01058 -2.63623e-01
 61 -0.01194 -1.20697e-01 | 62 -0.01105 -2.10808e-01 | 63 -0.01210 -3.67308e-01
 64 -0.01489 -3.61849e-01 | 65 -0.01161 -1.28925e-01 | 66 -0.00031  9.75906e-02
 67 -0.00000 -2.75837e-04 | 68  0.00000  0.00000e+00 | 69 -0.77928 -4.83197e+01
 70  0.21917  4.30551e-01 | 71  0.10645  2.33021e-01 | 72  0.19620 -6.37142e-01
 73 -0.01106 -5.45773e-05 | 74  0.06672  1.15396e-01 | 75  0.17854 -6.08216e+01
 76  0.07143 -8.55286e+01 | 77  0.17065 -2.33813e+01 | 78 -0.13906 -6.97394e-04
 79 -0.17978 -4.14860e+00 | 80  0.15326  5.88728e-01 | 81  0.05838 -3.76353e-03
 82  0.13162 -2.06027e+00 | 83  0.00000 -9.33334e-31 | 84  0.03729  9.96048e-02
 85 -0.06669  1.24227e-01 | 86 -0.23406  1.71369e-06 | 87  0.10502 -4.98089e-01
 88  0.70741 -1.01326e-01 | 89 -0.14654 -1.53684e-01 | 90  0.10916 -2.14664e-01
 91 -0.64105  3.00063e-01 |
91 variables; iteration 80; function evaluation 124; phase 4
Function value 2.4002157e+02; maximum gradient component mag -2.2295e+01
Var    Value     Gradient |Var    Value     Gradient |Var    Value     Gradient
  1  0.04678 -2.22945e+01 |  2 -0.01580 -1.03884e+01 |  3 -0.02669 -6.23775e-02
  4 -0.02047 -6.89690e-02 |  5 -0.01645  3.19585e-02 |  6 -0.01586 -1.66592e-02
  7 -0.00972 -5.59561e-02 |  8 -0.00419 -1.05610e-01 |  9 -0.00525 -8.15977e-02
 10 -0.00384 -4.77708e-02 | 11 -0.01338 -4.62294e-02 | 12 -0.01729 -8.29888e-02
 13 -0.02060 -5.29363e-02 | 14 -0.02019  3.41848e-02 | 15 -0.01708  5.79325e-02
 16 -0.01206 -9.64240e-03 | 17 -0.00627 -2.83553e-02 | 18 -0.00100  7.46112e-02
 19  0.01245 -1.14925e-02 | 20 -0.00737  5.31670e-02 | 21 -0.02410 -9.88916e-02
 22 -0.02397  3.63516e-02 | 23 -0.01966  4.39251e-02 | 24 -0.00513  6.94456e-02
 25  0.01160 -1.11706e-01 | 26  0.00697 -6.81411e-03 | 27  0.01041  2.25430e-03
 28  0.02552 -1.40310e-01 | 29  0.01491  1.08646e-01 | 30  0.02231 -3.05343e-02
 31  0.05633 -9.53306e-02 | 32  0.01989 -8.79964e-02 | 33  0.02174  8.87587e-02
 34  0.03647 -2.89192e-02 | 35  0.02296 -4.01312e-02 | 36  0.04355 -9.63122e-02
 37  0.01547 -4.87158e-02 | 38 -0.00359  7.78391e-02 | 39 -0.01291 -1.04060e-01
 40 -0.01598 -1.21949e-01 | 41 -0.00222 -3.97530e-02 | 42  0.02432  1.13524e-01
 43  0.02407  5.26761e-02 | 44  0.00866 -6.30093e-02 | 45 -0.00061 -1.23891e-02
 46  0.00088  6.80587e-02 | 47  0.01731  5.02184e-02 | 48  0.00763 -2.31373e-01
 49 -0.02342  3.94541e-02 | 50 -0.02294  2.32461e-02 | 51 -0.01220  1.05175e-01
 52  0.00240 -7.11413e-02 | 53 -0.00006  1.05201e-01 | 54 -0.00604 -2.31670e-02
 55 -0.03282  1.77060e-01 | 56 -0.02978 -5.91877e-02 | 57 -0.01545 -1.47582e-02
 58  0.00738 -1.41155e-02 | 59 -0.00514  1.38560e-01 | 60 -0.01052  3.71946e-02
 61 -0.01218 -1.19528e-01 | 62 -0.01119 -7.14993e-02 | 63 -0.01182  2.19564e-01
 64 -0.01484  5.12106e-02 | 65 -0.01199 -9.61696e-02 | 66 -0.00041  2.03810e-02
 67 -0.00000 -4.65033e-04 | 68  0.00000  0.00000e+00 | 69 -0.77868 -1.10098e+01
 70  0.21973  5.67144e-02 | 71  0.10600  1.50514e-01 | 72  0.19626 -1.49939e-01
 73 -0.01079 -5.32351e-05 | 74  0.06685 -3.88604e-02 | 75  0.17863 -1.40667e+01
 76  0.07127 -2.09377e+01 | 77  0.17054 -5.26500e+00 | 78 -0.13559 -6.79429e-04
 79 -0.17910 -9.54025e-01 | 80  0.15347 -9.15800e-02 | 81  0.06786 -2.45680e-01
 82  0.13171  2.30515e-02 | 83  0.00000 -1.63714e-30 | 84  0.03724  9.21837e-02
 85 -0.06662 -6.25034e-02 | 86 -0.23413  1.26361e-05 | 87  0.10506  1.27636e-01
 88  0.70754  6.93451e-03 | 89 -0.14636 -6.73044e-03 | 90  0.10926  2.46874e-02
 91 -0.64117 -3.96344e-02 |
91 variables; iteration 100; function evaluation 162; phase 4
Function value 2.4001870e+02; maximum gradient component mag 2.1954e+01
Var    Value     Gradient |Var    Value     Gradient |Var    Value     Gradient
  1  0.04682  2.04259e+01 |  2 -0.01572  8.58443e+00 |  3 -0.02653  6.74378e-02
  4 -0.02028  7.81442e-02 |  5 -0.01644  1.70471e-02 |  6 -0.01578  3.25659e-02
  7 -0.00957  7.09137e-02 |  8 -0.00398  9.07463e-02 |  9 -0.00506  1.16310e-01
 10 -0.00377  8.73942e-02 | 11 -0.01343  1.98176e-02 | 12 -0.01722  1.08901e-01
 13 -0.02048  5.93360e-02 | 14 -0.02025 -6.15606e-02 | 15 -0.01701  4.02312e-02
 16 -0.01204 -4.19079e-02 | 17 -0.00619  3.38014e-02 | 18 -0.00113  9.31976e-03
 19  0.01249  2.95059e-02 | 20 -0.00752 -5.73634e-02 | 21 -0.02393  7.90098e-02
 22 -0.02405 -1.81699e-02 | 23 -0.01971 -6.44907e-02 | 24 -0.00520 -1.15021e-02
 25  0.01169  5.96869e-02 | 26  0.00679  8.05696e-03 | 27  0.01024  2.92422e-03
 28  0.02579  1.28230e-01 | 29  0.01457 -6.19653e-02 | 30  0.02232  4.30135e-02
 31  0.05633  1.09255e-01 | 32  0.02003  7.24505e-02 | 33  0.02141 -6.26482e-02
 34  0.03653  7.64613e-02 | 35  0.02302  1.04502e-01 | 36  0.04358  8.51842e-02
 37  0.01546  3.70204e-03 | 38 -0.00376 -6.99428e-03 | 39 -0.01280  9.08175e-02
 40 -0.01592  7.92553e-02 | 41 -0.00227  2.08407e-02 | 42  0.02417  6.11361e-03
 43  0.02411  2.52361e-02 | 44  0.00873  2.67857e-02 | 45 -0.00055  2.48720e-02
 46  0.00079 -3.42957e-02 | 47  0.01709 -5.98346e-02 | 48  0.00799  1.03566e-01
 49 -0.02344  2.24933e-02 | 50 -0.02294 -5.91409e-02 | 51 -0.01238 -1.27712e-01
 52  0.00267  5.45699e-02 | 53 -0.00019 -1.03396e-01 | 54 -0.00586 -3.48077e-02
 55 -0.03301 -1.33702e-01 | 56 -0.02964 -1.04222e-02 | 57 -0.01539 -2.77818e-02
 58  0.00752 -2.45272e-02 | 59 -0.00532 -1.31200e-01 | 60 -0.01054 -7.18631e-02
 61 -0.01191  7.98088e-02 | 62 -0.01107 -2.65582e-02 | 63 -0.01217 -1.95630e-01
 64 -0.01484 -8.71701e-02 | 65 -0.01171  2.66714e-02 | 66 -0.00049 -3.77632e-02
 67 -0.00008 -6.30695e-02 | 68  0.00000  0.00000e+00 | 69 -0.77923  9.10121e+00
 70  0.21916  1.03863e-01 | 71  0.10562  5.78981e-02 | 72  0.19619 -1.45021e-01
 73 -0.00990 -4.88552e-05 | 74  0.06680  7.69423e-02 | 75  0.17679  1.75759e+01
 76  0.07297  2.19539e+01 | 77  0.16998  4.33502e+00 | 78 -0.12427 -6.21185e-04
 79 -0.17898  8.49030e-01 | 80  0.15302  3.29950e-01 | 81  0.06850  1.47712e-01
 82  0.13158 -4.53995e-01 | 83  0.00000 -2.03586e-31 | 84  0.03717  9.53853e-02
 85 -0.06670  3.18279e-02 | 86 -0.23432  6.01943e-06 | 87  0.10503 -5.51708e-02
 88  0.70764 -7.06807e-03 | 89 -0.14652 -2.19295e-02 | 90  0.10912 -4.59659e-02
 91 -0.64124  2.32195e-02 |
91 variables; iteration 120; function evaluation 186; phase 4
Function value 2.4001638e+02; maximum gradient component mag -3.0980e-01
Var    Value     Gradient |Var    Value     Gradient |Var    Value     Gradient
  1  0.04686 -1.55496e-01 |  2 -0.01574 -1.30982e-01 |  3 -0.02649  6.30587e-04
  4 -0.02025  1.99583e-03 |  5 -0.01632  6.27436e-04 |  6 -0.01566 -4.01250e-04
  7 -0.00948  9.98174e-04 |  8 -0.00390  2.04069e-03 |  9 -0.00501  1.50218e-03
 10 -0.00369  2.98928e-03 | 11 -0.01333  2.81826e-03 | 12 -0.01727  2.75574e-03
 13 -0.02051  1.17767e-03 | 14 -0.02012  3.01926e-03 | 15 -0.01700  1.24563e-03
 16 -0.01195  2.74132e-03 | 17 -0.00625  1.87000e-03 | 18 -0.00117  8.67672e-04
 19  0.01253  2.16915e-04 | 20 -0.00741  1.99738e-03 | 21 -0.02406  2.92682e-03
 22 -0.02412  3.71563e-03 | 23 -0.01962  2.58078e-03 | 24 -0.00513  3.69179e-03
 25  0.01157  5.86915e-03 | 26  0.00668  9.27459e-03 | 27  0.01023  3.90728e-03
 28  0.02569  5.18318e-03 | 29  0.01467  4.58562e-03 | 30  0.02224  2.76042e-03
 31  0.05624  4.43177e-03 | 32  0.01995  6.13239e-03 | 33  0.02155  2.43422e-03
 34  0.03645  1.37394e-03 | 35  0.02293 -3.16186e-03 | 36  0.04355  2.49191e-03
 37  0.01555  2.77679e-03 | 38 -0.00367 -3.09786e-03 | 39 -0.01287  3.74899e-04
 40 -0.01603 -2.56133e-03 | 41 -0.00236 -7.46042e-04 | 42  0.02418 -1.15946e-03
 43  0.02416 -2.71339e-03 | 44  0.00864 -1.72691e-03 | 45 -0.00056 -2.35797e-03
 46  0.00080 -6.86322e-04 | 47  0.01717 -5.56907e-06 | 48  0.00789  2.18294e-04
 49 -0.02344 -3.44784e-03 | 50 -0.02289 -3.75390e-03 | 51 -0.01227 -8.11673e-03
 52  0.00257 -5.82238e-03 | 53 -0.00007 -1.01452e-02 | 54 -0.00585 -6.05144e-03
 55 -0.03290 -5.60826e-03 | 56 -0.02966 -4.99861e-03 | 57 -0.01538 -1.31055e-03
 58  0.00750 -4.36750e-03 | 59 -0.00520 -3.67980e-03 | 60 -0.01048 -3.11238e-03
 61 -0.01202 -2.26965e-03 | 62 -0.01111  4.71673e-04 | 63 -0.01203 -3.90825e-04
 64 -0.01477 -1.72589e-03 | 65 -0.01175 -1.29333e-03 | 66 -0.00044 -6.90449e-04
 67  0.00000  3.68363e-04 | 68  0.00000  0.00000e+00 | 69 -0.78021 -1.47636e-01
 70  0.21865  1.59584e-02 | 71  0.10453  1.32924e-02 | 72  0.19611 -2.82706e-02
 73 -0.00357 -1.76355e-05 | 74  0.06667  5.11892e-03 | 75  0.17316 -2.16689e-01
 76  0.07614 -3.09799e-01 | 77  0.16883 -6.54210e-02 | 78 -0.04412 -2.18071e-04
 79 -0.17902 -1.09688e-02 | 80  0.15292 -9.79573e-03 | 81  0.06856  9.99747e-04
 82  0.13159  9.63929e-03 | 83  0.00000 -7.19755e-31 | 84  0.03711 -3.90075e-03
 85 -0.06678 -3.60023e-03 | 86 -0.23461 -4.61344e-06 | 87  0.10501 -9.74664e-03
 88  0.70779 -1.49672e-03 | 89 -0.14662  2.18055e-03 | 90  0.10901  3.79858e-03
 91 -0.64131  9.30351e-04 |
91 variables; iteration 140; function evaluation 219; phase 4
Function value 2.4000685e+02; maximum gradient component mag -1.6648e+02
Var    Value     Gradient |Var    Value     Gradient |Var    Value     Gradient
  1  0.04686  6.22442e+01 |  2 -0.01573  6.00892e+01 |  3 -0.02650 -3.44287e-01
  4 -0.02025 -4.23328e-01 |  5 -0.01634 -5.11368e-01 |  6 -0.01567 -5.66625e-01
  7 -0.00950 -6.75671e-01 |  8 -0.00390 -7.62569e-01 |  9 -0.00502 -8.04108e-01
 10 -0.00369 -8.67573e-01 | 11 -0.01333 -8.58624e-01 | 12 -0.01727 -8.77020e-01
 13 -0.02051  3.20823e-03 | 14 -0.02013  8.52816e-03 | 15 -0.01701  9.09975e-03
 16 -0.01194 -4.32475e-03 | 17 -0.00625 -6.39802e-02 | 18 -0.00117 -1.74381e-01
 19  0.01252 -4.58831e-01 | 20 -0.00742 -2.87185e-01 | 21 -0.02405 -1.36488e-01
 22 -0.02410 -1.95369e-01 | 23 -0.01963 -3.49155e-01 | 24 -0.00513 -6.98534e-01
 25  0.01156 -1.16506e+00 | 26  0.00672 -9.12299e-01 | 27  0.01022 -8.13535e-01
 28  0.02569 -9.90621e-01 | 29  0.01467 -6.45726e-01 | 30  0.02224 -6.62057e-01
 31  0.05623 -1.16960e+00 | 32  0.01999 -4.32286e-01 | 33  0.02155 -5.18110e-01
 34  0.03646 -7.80664e-01 | 35  0.02288 -6.33263e-01 | 36  0.04358 -1.04970e+00
 37  0.01557 -5.84620e-01 | 38 -0.00370 -3.54892e-01 | 39 -0.01286 -2.62946e-01
 40 -0.01603 -2.43327e-01 | 41 -0.00235 -3.69781e-01 | 42  0.02419 -6.05390e-01
 43  0.02414 -3.64625e-01 | 44  0.00864 -4.75697e-04 | 45 -0.00056  2.11621e-01
 46  0.00080  2.85244e-01 | 47  0.01717  2.38175e-01 | 48  0.00791  3.48492e-01
 49 -0.02345  5.07905e-01 | 50 -0.02289  5.70881e-01 | 51 -0.01229  5.61123e-01
 52  0.00259  6.16907e-01 | 53 -0.00011  6.52468e-01 | 54 -0.00583  7.61393e-01
 55 -0.03292  8.02194e-01 | 56 -0.02967  8.35688e-01 | 57 -0.01536  9.02729e-01
 58  0.00750  9.26599e-01 | 59 -0.00521  9.36185e-01 | 60 -0.01048  9.56930e-01
 61 -0.01202  9.80021e-01 | 62 -0.01108  1.00658e+00 | 63 -0.01203  9.64028e-01
 64 -0.01478  9.05545e-01 | 65 -0.01175  8.81166e-01 | 66 -0.00044 -4.19389e-03
 67  0.00000  2.33228e-04 | 68  0.00000  0.00000e+00 | 69 -0.78018  6.53708e+01
 70  0.21869 -2.15016e+00 | 71  0.09813  3.95346e+00 | 72  0.19612  1.01301e+01
 73  0.01108  5.47058e-05 | 74  0.06670 -2.59511e+00 | 75  0.17332 -1.62197e+02
 76  0.07596 -1.66479e+02 | 77  0.16888  3.27022e+01 | 78  0.04142  9.84314e-01
 79 -0.17903  6.24866e+00 | 80  0.15285 -1.05830e+00 | 81  0.06865 -1.39051e-01
 82  0.13156  1.65585e+00 | 83  0.00000 -1.21910e-30 | 84  0.03711 -3.14973e-01
 85 -0.06679 -1.03080e+00 | 86 -0.27897 -1.15772e-03 | 87  0.10500  7.30184e-01
 88  0.70777 -1.79376e-01 | 89 -0.14659 -3.51753e-01 | 90  0.10903 -4.01239e-01
 91 -0.64129  1.51581e-01 |
91 variables; iteration 160; function evaluation 248; phase 4
Function value 2.3999813e+02; maximum gradient component mag -9.6716e+00
Var    Value     Gradient |Var    Value     Gradient |Var    Value     Gradient
  1  0.04689 -1.60770e-01 |  2 -0.01573 -3.48470e-01 |  3 -0.02645  4.70638e-03
  4 -0.02019  7.39930e-03 |  5 -0.01626  8.10623e-03 |  6 -0.01560 -9.30534e-04
  7 -0.00940  1.29890e-02 |  8 -0.00383  4.75864e-03 |  9 -0.00496  8.65173e-04
 10 -0.00365  2.88887e-03 | 11 -0.01332  1.28885e-03 | 12 -0.01728 -2.05046e-03
 13 -0.02051 -9.54313e-03 | 14 -0.02009  2.37380e-03 | 15 -0.01696 -7.65578e-03
 16 -0.01192 -4.66347e-03 | 17 -0.00625 -2.78855e-03 | 18 -0.00117  1.06191e-04
 19  0.01253 -3.76011e-03 | 20 -0.00740 -2.00504e-03 | 21 -0.02408 -1.53183e-02
 22 -0.02414 -1.66260e-02 | 23 -0.01963 -9.28724e-03 | 24 -0.00512 -9.00629e-03
 25  0.01154 -7.35590e-03 | 26  0.00662 -9.80983e-03 | 27  0.01020  3.03686e-04
 28  0.02567  1.29198e-02 | 29  0.01467  1.51965e-02 | 30  0.02222  8.01624e-03
 31  0.05619  1.09091e-02 | 32  0.01994  7.30697e-03 | 33  0.02153  6.19541e-03
 34  0.03644  1.50493e-02 | 35  0.02295  2.09831e-02 | 36  0.04352  8.86473e-03
 37  0.01554  1.49208e-03 | 38 -0.00366  7.74797e-03 | 39 -0.01288  8.23691e-03
 40 -0.01606  1.53033e-03 | 41 -0.00239  1.17720e-02 | 42  0.02416  1.48855e-02
 43  0.02418  2.23503e-02 | 44  0.00864  1.50848e-02 | 45 -0.00057 -6.08794e-03
 46  0.00079 -2.67798e-03 | 47  0.01715 -9.68256e-03 | 48  0.00790 -4.00883e-03
 49 -0.02341  9.37528e-03 | 50 -0.02288  1.87902e-03 | 51 -0.01226  2.16807e-03
 52  0.00257  1.63244e-03 | 53 -0.00002  1.04621e-02 | 54 -0.00582 -8.57136e-03
 55 -0.03287 -2.33677e-03 | 56 -0.02965 -5.20073e-03 | 57 -0.01537 -9.53514e-03
 58  0.00752 -6.76773e-03 | 59 -0.00517 -2.52796e-03 | 60 -0.01046  2.12197e-04
 61 -0.01201 -6.31158e-03 | 62 -0.01112 -1.99430e-02 | 63 -0.01203 -1.72314e-02
 64 -0.01475 -4.58765e-03 | 65 -0.01173 -6.62374e-03 | 66 -0.00044  1.14863e-04
 67  0.00000  2.63786e-03 | 68  0.00000  0.00000e+00 | 69 -0.78050 -3.69473e-01
 70  0.21936  1.04003e-01 | 71  0.09761  2.00571e-01 | 72  0.19630 -6.57984e-02
 73 -0.00100 -4.92322e-06 | 74  0.06926  3.60766e-03 | 75  0.17233 -7.82200e+00
 76  0.07673 -9.67158e+00 | 77  0.16860 -2.20018e-01 | 78  0.02920  3.53030e-02
 79 -0.17939 -4.45180e-02 | 80  0.15284  9.69319e-02 | 81  0.06862  7.06252e-04
 82  0.13159 -1.43332e-01 | 83  0.00000 -7.20656e-31 | 84  0.03707  4.84491e-02
 85 -0.06683  1.73960e-02 | 86 -0.27634 -1.10367e-03 | 87  0.10500  1.27460e-03
 88  0.70792  1.73079e-03 | 89 -0.14673 -1.01592e-02 | 90  0.10892 -1.14868e-03
 91 -0.64138 -2.16531e-03 |
91 variables; iteration 180; function evaluation 269; phase 4
Function value 2.3999794e+02; maximum gradient component mag 2.3460e-02
Var    Value     Gradient |Var    Value     Gradient |Var    Value     Gradient
  1  0.04688  2.34601e-02 |  2 -0.01572  8.49501e-03 |  3 -0.02646  6.23378e-05
  4 -0.02021  7.32772e-05 |  5 -0.01628  7.21976e-05 |  6 -0.01561  6.38945e-05
  7 -0.00943  1.00775e-04 |  8 -0.00385  1.08840e-04 |  9 -0.00497  9.13406e-05
 10 -0.00367  8.51842e-05 | 11 -0.01332  6.43796e-05 | 12 -0.01727  7.76215e-05
 13 -0.02051 -1.85504e-05 | 14 -0.02011 -1.13858e-05 | 15 -0.01697 -2.82752e-05
 16 -0.01192 -3.97095e-05 | 17 -0.00624 -1.43233e-05 | 18 -0.00117  1.84148e-05
 19  0.01252  4.67950e-05 | 20 -0.00741  8.29800e-06 | 21 -0.02407 -4.52655e-05
 22 -0.02412 -5.93901e-05 | 23 -0.01963 -7.68126e-06 | 24 -0.00513  3.17149e-05
 25  0.01155  6.19871e-05 | 26  0.00665  5.21879e-06 | 27  0.01021  2.44728e-05
 28  0.02566  9.52628e-05 | 29  0.01467  5.61933e-05 | 30  0.02223  3.47205e-05
 31  0.05620  7.89954e-05 | 32  0.01994  1.33535e-05 | 33  0.02154  3.81253e-05
 34  0.03644  8.90343e-05 | 35  0.02294  1.36928e-04 | 36  0.04353  1.10360e-04
 37  0.01554  6.04197e-05 | 38 -0.00367  7.83225e-05 | 39 -0.01288  7.11718e-05
 40 -0.01605  4.51863e-05 | 41 -0.00238  7.41363e-05 | 42  0.02416  7.45637e-05
 43  0.02416  9.09199e-05 | 44  0.00865  6.68045e-05 | 45 -0.00056 -3.36178e-05
 46  0.00079 -2.67989e-05 | 47  0.01716 -5.01098e-05 | 48  0.00790 -2.68298e-05
 49 -0.02342  4.18403e-06 | 50 -0.02288 -1.85278e-05 | 51 -0.01226  2.85531e-06
 52  0.00257  2.11460e-05 | 53 -0.00004  3.32416e-05 | 54 -0.00582 -1.96769e-05
 55 -0.03288 -5.85584e-05 | 56 -0.02965 -5.41635e-05 | 57 -0.01537 -9.14188e-05
 58  0.00751 -6.41847e-05 | 59 -0.00518 -8.12805e-05 | 60 -0.01047 -5.46913e-05
 61 -0.01201 -8.73574e-05 | 62 -0.01111 -1.46701e-04 | 63 -0.01202 -1.58577e-04
 64 -0.01476 -9.99307e-05 | 65 -0.01174 -7.73641e-05 | 66 -0.00044 -1.59693e-05
 67 -0.00000 -7.07908e-07 | 68  0.00000  0.00000e+00 | 69 -0.78029  9.06597e-03
 70  0.21947  1.52462e-03 | 71  0.09755  2.52077e-03 | 72  0.19632 -7.00638e-04
 73 -0.00529 -2.61194e-05 | 74  0.06928  3.07237e-04 | 75  0.17307 -7.80551e-03
 76  0.07609 -6.36880e-03 | 77  0.16883  4.21781e-03 | 78  0.01361  8.54239e-05
 79 -0.17901  8.71355e-04 | 80  0.15284  4.44435e-04 | 81  0.06863  9.26425e-05
 82  0.13158 -5.55722e-04 | 83  0.00000 -7.24132e-31 | 84  0.03708  1.33164e-04
 85 -0.06683  1.96901e-04 | 86 -0.23459 -1.74300e-06 | 87  0.10500  2.80119e-06
 88  0.70788  3.85872e-05 | 89 -0.14670 -3.22666e-06 | 90  0.10894 -1.48347e-05
 91 -0.64136 -2.72484e-05 |
91 variables; iteration 200; function evaluation 289; phase 4
Function value 2.3999794e+02; maximum gradient component mag -5.8021e-01
Var    Value     Gradient |Var    Value     Gradient |Var    Value     Gradient
  1  0.04688  1.62282e-01 |  2 -0.01572  7.96053e-02 |  3 -0.02646 -2.12761e-05
  4 -0.02021 -2.45254e-05 |  5 -0.01628  3.76600e-05 |  6 -0.01561  6.44821e-05
  7 -0.00943  3.07793e-05 |  8 -0.00385  5.90671e-06 |  9 -0.00497  9.48013e-05
 10 -0.00367  1.61310e-04 | 11 -0.01332  2.16847e-04 | 12 -0.01727  1.56549e-04
 13 -0.02051  1.03810e-04 | 14 -0.02011  8.30207e-05 | 15 -0.01697  1.12186e-04
 16 -0.01192  1.46225e-04 | 17 -0.00624  1.04219e-04 | 18 -0.00117  7.36864e-05
 19  0.01252  1.19786e-04 | 20 -0.00741  1.28245e-04 | 21 -0.02407  1.49784e-04
 22 -0.02412  1.80253e-04 | 23 -0.01963  9.56242e-05 | 24 -0.00513  7.50139e-05
 25  0.01155  1.10975e-04 | 26  0.00665  1.39688e-04 | 27  0.01021  1.03843e-04
 28  0.02566 -3.09667e-05 | 29  0.01467  2.72718e-06 | 30  0.02223  9.74553e-05
 31  0.05620  1.48492e-04 | 32  0.01994  6.70646e-05 | 33  0.02154  4.39040e-05
 34  0.03644  3.06850e-05 | 35  0.02294 -1.05414e-04 | 36  0.04353  1.44385e-04
 37  0.01554  1.22624e-04 | 38 -0.00367  2.68156e-05 | 39 -0.01288 -5.87766e-05
 40 -0.01605 -3.25640e-05 | 41 -0.00238 -1.28974e-04 | 42  0.02416 -4.26443e-05
 43  0.02416 -1.15494e-04 | 44  0.00865 -1.67993e-04 | 45 -0.00056  6.89139e-05
 46  0.00079  1.47023e-05 | 47  0.01716  8.15385e-05 | 48  0.00790 -5.49202e-05
 49 -0.02342 -1.67459e-04 | 50 -0.02288 -1.44948e-04 | 51 -0.01226 -1.59793e-04
 52  0.00257 -2.47235e-04 | 53 -0.00004 -2.30398e-04 | 54 -0.00582 -2.01488e-04
 55 -0.03288 -7.84763e-05 | 56 -0.02965 -1.33354e-04 | 57 -0.01537 -8.27262e-05
 58  0.00751 -1.59907e-04 | 59 -0.00518 -9.38517e-05 | 60 -0.01047 -1.91897e-04
 61 -0.01201 -9.96678e-05 | 62 -0.01111  1.67626e-05 | 63 -0.01202  9.15506e-05
 64 -0.01476 -3.12974e-05 | 65 -0.01174 -1.03960e-04 | 66 -0.00044  6.73494e-05
 67 -0.00000  7.54761e-06 | 68  0.00000  0.00000e+00 | 69 -0.78029  8.59586e-02
 70  0.21947 -3.19480e-03 | 71  0.09755 -7.51088e-03 | 72  0.19632 -1.43346e-03
 73 -0.00290 -1.43304e-05 | 74  0.06928 -2.54706e-04 | 75  0.17306 -5.10119e-01
 76  0.07609 -5.80213e-01 | 77  0.16882  4.11732e-02 | 78  0.01200  1.53973e-03
 79 -0.17901  8.32443e-03 | 80  0.15283 -5.29090e-04 | 81  0.06863 -2.11238e-04
 82  0.13158  5.12993e-04 | 83  0.00000 -7.25215e-31 | 84  0.03708 -6.34398e-05
 85 -0.06683 -1.51662e-04 | 86 -0.23436  7.55692e-06 | 87  0.10500 -1.79913e-04
 88  0.70788 -2.55778e-05 | 89 -0.14670  1.38832e-04 | 90  0.10894  2.20385e-04
 91 -0.64136 -1.98501e-06 |
91 variables; iteration 220; function evaluation 313; phase 4
Function value 2.3999794e+02; maximum gradient component mag 1.2543e-02
Var    Value     Gradient |Var    Value     Gradient |Var    Value     Gradient
  1  0.04688  3.09106e-03 |  2 -0.01572  1.22498e-03 |  3 -0.02646 -4.17362e-06
  4 -0.02021 -2.82192e-06 |  5 -0.01628  4.62536e-06 |  6 -0.01561  6.01971e-06
  7 -0.00943  3.36370e-06 |  8 -0.00385 -1.63553e-06 |  9 -0.00497  8.90294e-06
 10 -0.00367  1.70503e-05 | 11 -0.01332  2.49196e-05 | 12 -0.01727  1.73949e-05
 13 -0.02051  5.37326e-06 | 14 -0.02011  5.83680e-06 | 15 -0.01697  7.89615e-06
 16 -0.01192  1.34409e-05 | 17 -0.00624  8.30458e-06 | 18 -0.00117  3.02503e-06
 19  0.01252  7.20314e-06 | 20 -0.00741  1.35489e-05 | 21 -0.02407  1.82409e-05
 22 -0.02412  2.55847e-05 | 23 -0.01963  1.67563e-05 | 24 -0.00513  1.65840e-05
 25  0.01155  2.89233e-05 | 26  0.00665  3.31976e-05 | 27  0.01021  2.41013e-05
 28  0.02566  6.35027e-06 | 29  0.01467  8.98209e-06 | 30  0.02223  1.74434e-05
 31  0.05620  2.65068e-05 | 32  0.01994  1.26532e-05 | 33  0.02154  9.86688e-06
 34  0.03644  1.02228e-05 | 35  0.02294 -1.10040e-05 | 36  0.04353  2.24685e-05
 37  0.01554  1.51671e-05 | 38 -0.00367  1.17490e-06 | 39 -0.01288 -5.75330e-06
 40 -0.01605 -1.84425e-06 | 41 -0.00238 -9.93661e-06 | 42  0.02416  2.59974e-06
 43  0.02416 -1.30887e-05 | 44  0.00865 -2.37599e-05 | 45 -0.00056  5.85575e-06
 46  0.00079  6.31586e-07 | 47  0.01716  9.98311e-06 | 48  0.00790 -1.00979e-05
 49 -0.02342 -2.46411e-05 | 50 -0.02288 -2.29984e-05 | 51 -0.01226 -2.59070e-05
 52  0.00257 -3.72517e-05 | 53 -0.00004 -3.38495e-05 | 54 -0.00582 -3.13477e-05
 55 -0.03288 -1.39416e-05 | 56 -0.02965 -2.13767e-05 | 57 -0.01537 -1.29282e-05
 58  0.00751 -2.52438e-05 | 59 -0.00518 -1.44409e-05 | 60 -0.01047 -2.91221e-05
 61 -0.01201 -1.73192e-05 | 62 -0.01111 -1.54025e-06 | 63 -0.01202  9.68286e-06
 64 -0.01476 -7.03609e-06 | 65 -0.01174 -1.85781e-05 | 66 -0.00044  8.81837e-06
 67 -0.00000  1.38163e-06 | 68  0.00000  0.00000e+00 | 69 -0.78029  1.34674e-03
 70  0.21947 -5.17585e-04 | 71  0.09755 -1.25340e-03 | 72  0.19632 -2.51027e-04
 73 -0.00050 -2.47584e-06 | 74  0.06928 -1.21324e-05 | 75  0.17306  9.61722e-03
 76  0.07607  1.25432e-02 | 77  0.16883  5.91598e-04 | 78  0.00379 -6.43885e-06
 79 -0.17901  1.32006e-04 | 80  0.15284 -7.08930e-05 | 81  0.06863 -3.33094e-05
 82  0.13158  6.02491e-05 | 83  0.00000 -7.24583e-31 | 84  0.03708 -5.71699e-06
 85 -0.06683 -2.14525e-05 | 86 -0.23453  6.46404e-07 | 87  0.10500 -2.75825e-05
 88  0.70788 -4.39717e-06 | 89 -0.14670  1.99015e-05 | 90  0.10894  2.86498e-05
 91 -0.64136  6.47724e-08 |
  ic > imax  in fminim is answer attained ?
Var    Value     Gradient |Var    Value     Gradient |Var    Value     Gradient
  1  0.04688  6.20985e-05 |  2 -0.01572  2.86070e-05 |  3 -0.02646 -6.96789e-09
  4 -0.02021  5.68218e-09 |  5 -0.01628  5.80847e-08 |  6 -0.01561  6.16456e-08
  7 -0.00943  5.75392e-08 |  8 -0.00385  2.33005e-08 |  9 -0.00497  8.73217e-08
 10 -0.00367  1.36011e-07 | 11 -0.01332  1.80259e-07 | 12 -0.01727  1.29627e-07
 13 -0.02051  4.35032e-08 | 14 -0.02011  6.03113e-08 | 15 -0.01697  6.03782e-08
 16 -0.01192  9.24874e-08 | 17 -0.00624  6.38433e-08 | 18 -0.00117  4.55274e-08
 19  0.01252  8.00095e-08 | 20 -0.00741  1.06396e-07 | 21 -0.02407  9.58198e-08
 22 -0.02412  1.40847e-07 | 23 -0.01963  1.03982e-07 | 24 -0.00513  9.49835e-08
 25  0.01155  1.58305e-07 | 26  0.00665  1.66577e-07 | 27  0.01021  1.29569e-07
 28  0.02566  2.61756e-08 | 29  0.01467  4.99259e-08 | 30  0.02223  9.36699e-08
 31  0.05620  1.45277e-07 | 32  0.01994  5.62922e-08 | 33  0.02154  5.65651e-08
 34  0.03644  5.54010e-08 | 35  0.02294 -5.12298e-08 | 36  0.04353  1.31734e-07
 37  0.01554  9.34863e-08 | 38 -0.00367  3.11045e-08 | 39 -0.01288 -2.97473e-08
 40 -0.01605 -2.11695e-08 | 41 -0.00238 -6.56922e-08 | 42  0.02416  1.56027e-08
 43  0.02416 -6.56397e-08 | 44  0.00865 -1.30862e-07 | 45 -0.00056  2.75508e-08
 46  0.00079  1.91285e-09 | 47  0.01716  5.26123e-08 | 48  0.00790 -7.71072e-08
 49 -0.02342 -1.36046e-07 | 50 -0.02288 -1.27671e-07 | 51 -0.01226 -1.33852e-07
 52  0.00257 -2.17867e-07 | 53 -0.00004 -1.70277e-07 | 54 -0.00582 -1.87851e-07
 55 -0.03288 -7.59418e-08 | 56 -0.02965 -1.32397e-07 | 57 -0.01537 -9.06275e-08
 58  0.00751 -1.58344e-07 | 59 -0.00518 -8.21902e-08 | 60 -0.01047 -1.74005e-07
 61 -0.01201 -1.22569e-07 | 62 -0.01111 -4.12804e-08 | 63 -0.01202  4.19383e-08
 64 -0.01476 -5.20135e-08 | 65 -0.01174 -1.29880e-07 | 66 -0.00044  5.36101e-08
 67 -0.00000  1.03671e-08 | 68  0.00000  0.00000e+00 | 69 -0.78029  3.09302e-05
 70  0.21947 -2.47491e-06 | 71  0.09755 -6.15315e-06 | 72  0.19632 -1.41165e-06
 73 -0.00000 -1.12557e-08 | 74  0.06928 -2.53892e-08 | 75  0.17306 -2.45183e-04
 76  0.07606 -2.82908e-04 | 77  0.16883  1.46341e-05 | 78 -0.00018  5.37765e-07
 79 -0.17901  2.98969e-06 | 80  0.15284 -2.89929e-07 | 81  0.06863 -1.73351e-07
 82  0.13158  2.36276e-07 | 83  0.00000 -7.24465e-31 | 84  0.03708  2.31389e-08
 85 -0.06683 -9.56161e-08 | 86 -0.23454  3.02318e-09 | 87  0.10500 -1.50651e-07
 88  0.70788 -1.90134e-08 | 89 -0.14670  1.08516e-07 | 90  0.10894  1.53320e-07
 91 -0.64136 -2.06306e-10 |
Function minimizer not making progress ... is minimum attained?
Minimprove criterion = 0.0000e+00

 - final statistics:
91 variables; iteration 240; function evaluation 365
Function value 2.4000e+02; maximum gradient component mag -2.8291e-04
Exit code = 1;  converg criter 1.0000e-04
Var    Value     Gradient |Var    Value     Gradient |Var    Value     Gradient
  1  0.04688  6.20985e-05 |  2 -0.01572  2.86070e-05 |  3 -0.02646 -6.96789e-09
  4 -0.02021  5.68218e-09 |  5 -0.01628  5.80847e-08 |  6 -0.01561  6.16456e-08
  7 -0.00943  5.75392e-08 |  8 -0.00385  2.33005e-08 |  9 -0.00497  8.73217e-08
 10 -0.00367  1.36011e-07 | 11 -0.01332  1.80259e-07 | 12 -0.01727  1.29627e-07
 13 -0.02051  4.35032e-08 | 14 -0.02011  6.03113e-08 | 15 -0.01697  6.03782e-08
 16 -0.01192  9.24874e-08 | 17 -0.00624  6.38433e-08 | 18 -0.00117  4.55274e-08
 19  0.01252  8.00095e-08 | 20 -0.00741  1.06396e-07 | 21 -0.02407  9.58198e-08
 22 -0.02412  1.40847e-07 | 23 -0.01963  1.03982e-07 | 24 -0.00513  9.49835e-08
 25  0.01155  1.58305e-07 | 26  0.00665  1.66577e-07 | 27  0.01021  1.29569e-07
 28  0.02566  2.61756e-08 | 29  0.01467  4.99259e-08 | 30  0.02223  9.36699e-08
 31  0.05620  1.45277e-07 | 32  0.01994  5.62922e-08 | 33  0.02154  5.65651e-08
 34  0.03644  5.54010e-08 | 35  0.02294 -5.12298e-08 | 36  0.04353  1.31734e-07
 37  0.01554  9.34863e-08 | 38 -0.00367  3.11045e-08 | 39 -0.01288 -2.97473e-08
 40 -0.01605 -2.11695e-08 | 41 -0.00238 -6.56922e-08 | 42  0.02416  1.56027e-08
 43  0.02416 -6.56397e-08 | 44  0.00865 -1.30862e-07 | 45 -0.00056  2.75508e-08
 46  0.00079  1.91285e-09 | 47  0.01716  5.26123e-08 | 48  0.00790 -7.71072e-08
 49 -0.02342 -1.36046e-07 | 50 -0.02288 -1.27671e-07 | 51 -0.01226 -1.33852e-07
 52  0.00257 -2.17867e-07 | 53 -0.00004 -1.70277e-07 | 54 -0.00582 -1.87851e-07
 55 -0.03288 -7.59418e-08 | 56 -0.02965 -1.32397e-07 | 57 -0.01537 -9.06275e-08
 58  0.00751 -1.58344e-07 | 59 -0.00518 -8.21902e-08 | 60 -0.01047 -1.74005e-07
 61 -0.01201 -1.22569e-07 | 62 -0.01111 -4.12804e-08 | 63 -0.01202  4.19383e-08
 64 -0.01476 -5.20135e-08 | 65 -0.01174 -1.29880e-07 | 66 -0.00044  5.36101e-08
 67 -0.00000  1.03671e-08 | 68  0.00000  0.00000e+00 | 69 -0.78029  3.09302e-05
 70  0.21947 -2.47491e-06 | 71  0.09755 -6.15315e-06 | 72  0.19632 -1.41165e-06
 73 -0.00000 -1.12557e-08 | 74  0.06928 -2.53892e-08 | 75  0.17306 -2.45183e-04
 76  0.07606 -2.82908e-04 | 77  0.16883  1.46341e-05 | 78 -0.00018  5.37765e-07
 79 -0.17901  2.98969e-06 | 80  0.15284 -2.89929e-07 | 81  0.06863 -1.73351e-07
 82  0.13158  2.36276e-07 | 83  0.00000 -7.24465e-31 | 84  0.03708  2.31389e-08
 85 -0.06683 -9.56161e-08 | 86 -0.23454  3.02318e-09 | 87  0.10500 -1.50651e-07
 88  0.70788 -1.90134e-08 | 89 -0.14670  1.08516e-07 | 90  0.10894  1.53320e-07
 91 -0.64136 -2.06306e-10 |
size of file gradfil1.tmp = 0
size of file gradfil2.tmp = 0
size of file varssave.tmp = 0
size of file cmpdiff.tmp = 0
