
Initial statistics: 6 variables; iteration 0; function evaluation 0; phase 1
Function value 2.3878304e+06; maximum gradient component mag -2.2277e+08
Var    Value     Gradient |Var    Value     Gradient |Var    Value     Gradient
  1  0.04479 -2.22772e+08 |  2 -0.01383 -1.54934e+06 |  3  0.00000  4.55438e+00
  4  0.00000 -3.55969e-02 |  5  0.00000  0.00000e+00 |  6 -0.77590  4.04401e+04

Intermediate statistics: 6 variables; iteration 20; function evaluation 63; phase 1
Function value 4.4129090e+02; maximum gradient component mag -1.3902e+04
Var    Value     Gradient |Var    Value     Gradient |Var    Value     Gradient
  1  0.05094 -1.39017e+04 |  2 -0.13387 -1.62128e+03 |  3 100.0099  7.78299e+00
  4 393.9938 -4.70377e+00 |  5  0.00000  0.00000e+00 |  6 -0.64553 -7.84425e+02
6 variables; iteration 40; function evaluation 84; phase 1
Function value 4.2538437e+02; maximum gradient component mag -1.1391e+04
Var    Value     Gradient |Var    Value     Gradient |Var    Value     Gradient
  1  0.05045 -1.13914e+04 |  2 -0.00959  1.58032e+02 |  3 99.96305 -2.76931e+01
  4 394.0244  1.84093e+01 |  5  0.00000  0.00000e+00 |  6 -0.78984  1.46795e+02
Maximum number of function evaluations exceeded

 - final statistics:
6 variables; iteration 56; function evaluation 100
Function value 3.8392e+02; maximum gradient component mag 1.0286e+03
Exit code = 3;  converg criter 1.0000e+01
Var    Value     Gradient |Var    Value     Gradient |Var    Value     Gradient
  1  0.06880  1.02856e+03 |  2  0.04102  5.90976e+02 |  3 99.98795 -8.96362e+00
  4 394.0078  5.92457e+00 |  5  0.00000  0.00000e+00 |  6 -0.85298  6.54720e+02

Initial statistics: 60 variables; iteration 0; function evaluation 0; phase 2
Function value 3.8391514e+02; maximum gradient component mag 1.0286e+03
Var    Value     Gradient |Var    Value     Gradient |Var    Value     Gradient
  1  0.06880  1.02856e+03 |  2  0.04102  5.90976e+02 |  3  0.00000  9.01746e+01
  4  0.00000  9.07123e+01 |  5  0.00000  8.78224e+01 |  6  0.00000  8.58296e+01
  7  0.00000  8.61777e+01 |  8  0.00000  9.47089e+01 |  9  0.00000  1.05083e+02
 10  0.00000  1.18857e+02 | 11  0.00000  1.15437e+02 | 12  0.00000  9.25457e+01
 13  0.00000  5.94708e+01 | 14  0.00000 -3.53922e-01 | 15  0.00000 -7.55588e+01
 16  0.00000 -1.33292e+02 | 17  0.00000 -1.83810e+02 | 18  0.00000 -2.32447e+02
 19  0.00000 -2.71573e+02 | 20  0.00000 -3.18354e+02 | 21  0.00000 -3.48248e+02
 22  0.00000 -3.24673e+02 | 23  0.00000 -3.03382e+02 | 24  0.00000 -2.95651e+02
 25  0.00000 -2.72743e+02 | 26  0.00000 -2.42961e+02 | 27  0.00000 -1.64732e+02
 28  0.00000 -7.39994e+01 | 29  0.00000 -4.35092e+00 | 30  0.00000  3.34332e+01
 31  0.00000  3.27891e+01 | 32  0.00000  1.25696e+01 | 33  0.00000  2.30629e+00
 34  0.00000  1.32748e+01 | 35  0.00000  3.68321e+01 | 36  0.00000  5.86254e+01
 37  0.00000  7.52679e+01 | 38  0.00000  1.12678e+02 | 39  0.00000  1.63898e+02
 40  0.00000  1.70762e+02 | 41  0.00000  1.55027e+02 | 42  0.00000  1.33980e+02
 43  0.00000  1.30430e+02 | 44  0.00000  1.40600e+02 | 45  0.00000  1.74351e+02
 46  0.00000  1.66513e+02 | 47  0.00000  1.35811e+02 | 48  0.00000  1.04881e+02
 49  0.00000  1.00952e+02 | 50  0.00000  9.36450e+01 | 51  0.00000  7.59498e+01
 52  0.00000  4.89966e+01 | 53  0.00000  2.43743e+01 | 54  0.00000  1.21027e+01
 55  0.00000  9.26135e+00 | 56 -0.01205 -8.96362e+00 | 57 -0.00784 -5.92457e+00
 58  0.00000  0.00000e+00 | 59 -0.85298  6.54720e+02 | 60  0.10797  1.78798e+02

Intermediate statistics: 60 variables; iteration 20; function evaluation 46; phase 2
Function value 2.7965590e+02; maximum gradient component mag -1.8362e+03
Var    Value     Gradient |Var    Value     Gradient |Var    Value     Gradient
  1  0.04050 -1.42785e+03 |  2  0.05805 -1.05212e+03 |  3 -0.02718 -5.38926e+00
  4 -0.02007 -2.85727e+00 |  5 -0.01022  2.54227e+00 |  6  0.00398  1.54249e+01
  7  0.02051  3.48688e+01 |  8  0.02068  4.63797e+01 |  9  0.01470  4.42973e+01
 10 -0.00731  2.53556e+01 | 11 -0.01181  1.33077e+01 | 12 -0.01020  3.07106e+00
 13 -0.02783 -1.04190e+01 | 14 -0.01418 -5.43708e+00 | 15  0.03343  9.25347e+00
 16  0.03530  1.02451e+01 | 17  0.03017 -2.38113e-02 | 18  0.04879 -1.54286e+01
 19 -0.03177 -4.30137e+01 | 20  0.02692 -1.34125e+01 | 21  0.11033 -1.52388e+01
 22  0.00873 -2.64949e+01 | 23 -0.05590 -5.98608e+01 | 24  0.05499 -2.26803e+01
 25  0.01244 -9.46753e+00 | 26  0.07682  2.70728e+01 | 27  0.01843  1.73026e+01
 28 -0.00968  7.94707e+00 | 29 -0.00468  1.73758e+01 | 30 -0.00705  1.57456e+01
 31 -0.00607  7.50358e+00 | 32  0.00131  3.57711e+00 | 33  0.01343  1.39563e+01
 34  0.01183  2.80492e+01 | 35  0.00215  3.71627e+01 | 36  0.00338  5.07848e+01
 37  0.01252  6.31354e+01 | 38 -0.00573  5.25702e+01 | 39 -0.03662  3.54580e+01
 40 -0.03331  4.20199e+01 | 41 -0.01733  6.22220e+01 | 42  0.00415  8.85252e+01
 43  0.00445  9.02502e+01 | 44 -0.00655  7.45220e+01 | 45 -0.02647  6.20463e+01
 46 -0.01525  7.10231e+01 | 47 -0.00290  7.58005e+01 | 48  0.01154  7.74625e+01
 49 -0.00419  5.32382e+01 | 50 -0.01373  2.67724e+01 | 51 -0.01890  1.86718e-01
 52 -0.02617 -2.45263e+01 | 53 -0.04189 -3.67736e+01 | 54 -0.04589 -2.78760e+01
 55 -0.01986 -4.74992e+00 | 56  0.00698  5.90428e+00 | 57  0.00559  4.22531e+00
 58  0.00000  0.00000e+00 | 59 -0.82956 -1.83619e+03 | 60  0.09332 -9.64847e+01
60 variables; iteration 40; function evaluation 76; phase 2
Function value 2.6701502e+02; maximum gradient component mag -2.0126e+03
Var    Value     Gradient |Var    Value     Gradient |Var    Value     Gradient
  1  0.04167 -2.01261e+03 |  2  0.04325 -7.47864e+02 |  3 -0.01746  1.39047e+01
  4 -0.01391  1.37145e+01 |  5 -0.00772  1.29655e+01 |  6 -0.00179  1.01421e+01
  7  0.00618  7.48242e+00 |  8  0.00521  5.78363e+00 |  9  0.00078  5.11018e+00
 10 -0.01451  3.67350e+00 | 11 -0.01793  2.27028e+00 | 12 -0.01447  2.78143e+00
 13 -0.01792  4.13106e+00 | 14 -0.00764 -1.02445e+00 | 15  0.01694 -1.46202e+01
 16  0.03755 -9.51540e+00 | 17  0.01853 -1.50851e+01 | 18  0.04258 -1.37993e+01
 19  0.01346 -1.57757e+01 | 20  0.00623 -2.09848e+01 | 21  0.09909 -2.13251e+01
 22  0.00697 -1.68827e+01 | 23  0.01275 -1.49752e+01 | 24  0.04213 -1.42935e+01
 25  0.01248 -1.83431e+01 | 26  0.06591 -2.10542e+01 | 27  0.00880 -1.87219e+01
 28  0.00051 -1.02698e+01 | 29 -0.01881 -1.87576e+01 | 30 -0.00933 -1.07024e+01
 31 -0.00618 -1.17132e+01 | 32  0.00294 -8.18843e+00 | 33  0.01401 -7.91841e-01
 34  0.00873 -1.81844e+00 | 35  0.00055 -3.26484e+00 | 36 -0.00631 -6.39798e+00
 37  0.00666 -8.42079e-01 | 38 -0.00679  3.93464e+00 | 39 -0.03467  4.53150e+00
 40 -0.03332  3.06829e+00 | 41 -0.02427  1.05765e-01 | 42  0.00031  8.02492e+00
 43 -0.00625  5.02712e+00 | 44 -0.01684  1.78262e+00 | 45 -0.03235  1.06036e+01
 46 -0.02950  6.42083e+00 | 47 -0.01961  2.52118e+00 | 48  0.00448  5.60446e+00
 49 -0.01532  1.36222e+00 | 50 -0.01701  3.54998e+00 | 51 -0.01583  6.88167e+00
 52 -0.00711  1.77001e+01 | 53 -0.00570  2.26606e+01 | 54 -0.01144  1.60854e+01
 55 -0.00493  1.16614e+01 | 56 -0.00046  1.31038e-01 | 57  0.00035  2.63505e-01
 58  0.00000  0.00000e+00 | 59 -0.82009 -1.25874e+03 | 60  0.10336 -2.03834e+01
Maximum number of function evaluations exceeded

 - final statistics:
60 variables; iteration 57; function evaluation 100
Function value 2.6334e+02; maximum gradient component mag -6.1701e+02
Exit code = 3;  converg criter 1.0000e+01
Var    Value     Gradient |Var    Value     Gradient |Var    Value     Gradient
  1  0.04227 -6.17012e+02 |  2  0.02051 -3.87480e+02 |  3 -0.01915 -3.42231e+00
  4 -0.01366 -1.80269e+00 |  5 -0.00379 -1.19080e+00 |  6 -0.00153 -1.07814e+01
  7  0.00057 -2.03726e+01 |  8  0.00136 -1.92895e+01 |  9  0.00063 -1.17855e+01
 10 -0.01424 -7.19177e+00 | 11 -0.01314 -2.15223e+00 | 12 -0.01636 -7.25524e+00
 13 -0.02227 -7.62442e+00 | 14 -0.01701 -1.21327e+01 | 15  0.03363 -1.09023e+00
 16  0.01530 -1.51131e+01 | 17  0.03124 -3.50794e+00 | 18  0.03564  2.46078e+00
 19  0.01683  1.69716e+00 | 20  0.03648  8.31896e+00 | 21  0.07583  1.28929e+01
 22  0.03280  1.20070e+01 | 23  0.02405  1.02565e+01 | 24  0.03690  4.02137e+00
 25  0.01479 -1.23449e+01 | 26  0.05771 -6.28035e+00 | 27  0.00753 -1.16915e+01
 28 -0.00241  1.50145e+00 | 29  0.00090  1.52757e+01 | 30 -0.02037 -3.16772e+00
 31 -0.00422  6.66301e+00 | 32  0.00752  8.26212e+00 | 33  0.01059 -2.65637e-01
 34  0.00263 -1.12879e+01 | 35 -0.00030 -1.03970e+01 | 36 -0.00093 -1.00205e+01
 37  0.00186 -1.28517e+01 | 38 -0.01040 -7.35399e+00 | 39 -0.03555 -2.16648e+00
 40 -0.02352  9.87898e+00 | 41 -0.01645 -3.95437e+00 | 42 -0.01402 -2.74505e+01
 43 -0.01040 -2.47368e+01 | 44 -0.01554 -1.59610e+01 | 45 -0.03576 -5.69252e+00
 46 -0.02306 -2.58621e-01 | 47 -0.02235 -1.92209e+01 | 48 -0.00618 -2.57079e+01
 49 -0.01546 -1.47256e+01 | 50 -0.01409 -3.50163e-01 | 51 -0.00304  1.48507e+01
 52 -0.01277  1.00546e+00 | 53 -0.01602 -4.39270e+00 | 54 -0.01447 -2.62951e+00
 55 -0.01165 -7.67117e+00 | 56 -0.00158 -7.01508e-01 | 57 -0.00227 -1.71611e+00
 58  0.00000  0.00000e+00 | 59 -0.80261 -6.05823e+02 | 60  0.10581  5.71108e+00

Initial statistics: 81 variables; iteration 0; function evaluation 0; phase 3
Function value 2.6332688e+02; maximum gradient component mag -1.0632e+03
Var    Value     Gradient |Var    Value     Gradient |Var    Value     Gradient
  1  0.04227 -6.17012e+02 |  2  0.02051 -3.87480e+02 |  3 -0.01904  1.40872e+00
  4 -0.01356  3.02941e+00 |  5 -0.00368  3.64232e+00 |  6 -0.00142 -5.94822e+00
  7  0.00067 -1.55393e+01 |  8  0.00147 -1.44563e+01 |  9  0.00074 -6.95229e+00
 10 -0.01413 -2.35978e+00 | 11 -0.01303  2.67995e+00 | 12 -0.01626 -2.42364e+00
 13 -0.02216 -2.79419e+00 | 14 -0.01690 -7.30130e+00 | 15  0.03374  3.73620e+00
 16  0.01541 -1.02812e+01 | 17  0.03135  1.31944e+00 | 18  0.03574  7.28634e+00
 19  0.01693  6.52865e+00 | 20  0.03658  1.31441e+01 | 21  0.07594  1.76915e+01
 22  0.03290  1.68337e+01 | 23  0.02415  1.50861e+01 | 24  0.03700  8.84637e+00
 25  0.01489 -7.51296e+00 | 26  0.05782 -1.46697e+00 | 27  0.00763 -6.85859e+00
 28 -0.00231  6.33463e+00 | 29  0.00101  2.01089e+01 | 30 -0.02026  1.66302e+00
 31 -0.00412  1.14961e+01 | 32  0.00762  1.30950e+01 | 33  0.01070  4.56689e+00
 34  0.00274 -6.45469e+00 | 35 -0.00020 -5.56383e+00 | 36 -0.00083 -5.18731e+00
 37  0.00197 -8.01849e+00 | 38 -0.01029 -2.52144e+00 | 39 -0.03544  2.65921e+00
 40 -0.02341  1.47090e+01 | 41 -0.01635  8.77228e-01 | 42 -0.01392 -2.26186e+01
 43 -0.01029 -1.99042e+01 | 44 -0.01543 -1.11293e+01 | 45 -0.03565 -8.66941e-01
 46 -0.02295  4.57144e+00 | 47 -0.02224 -1.43908e+01 | 48 -0.00607 -2.08750e+01
 49 -0.01535 -9.89390e+00 | 50 -0.01398  4.48187e+00 | 51 -0.00294  1.96838e+01
 52 -0.01266  5.83771e+00 | 53 -0.01591  4.38979e-01 | 54 -0.01436  2.20246e+00
 55 -0.01155 -2.83879e+00 | 56 -0.00158 -7.01508e-01 | 57 -0.00227 -1.71611e+00
 58  0.00000  0.00000e+00 | 59 -0.80261 -6.05823e+02 | 60  0.23025  7.52936e+01
 61  0.09185  7.45052e+01 | 62  0.19806 -9.16836e+01 | 63  0.00000  1.03137e-08
 64  0.07403  1.13683e+01 | 65  0.18318 -9.51133e+02 | 66  0.06666 -1.06318e+03
 67  0.17183 -2.93002e+02 | 68  0.00000 -4.30409e-02 | 69 -0.17750 -5.06958e+01
 70  0.15248 -2.06538e+01 | 71  0.06876 -2.50187e+00 | 72  0.13215  3.98175e+01
 73  0.00000 -1.03575e-29 | 74  0.03670 -3.09514e+00 | 75 -0.06462 -7.08379e+00
 76 -0.23261 -3.35442e-04 | 77  0.10581  4.37761e+00 | 78  0.70099 -1.40125e+00
 79 -0.14212 -3.18518e+00 | 80  0.10581  5.71108e+00 | 81 -0.64195  1.73407e-01

Intermediate statistics: 81 variables; iteration 20; function evaluation 34; phase 3
Function value 2.6143351e+02; maximum gradient component mag 7.1629e+02
Var    Value     Gradient |Var    Value     Gradient |Var    Value     Gradient
  1  0.04218 -8.18834e+01 |  2  0.00839 -3.35622e+01 |  3 -0.01964 -2.61436e+00
  4 -0.01518 -2.76640e+00 |  5 -0.00796 -4.37256e+00 |  6 -0.00226 -9.58656e+00
  7  0.00529 -1.45995e+01 |  8  0.00372 -1.52361e+01 |  9 -0.00038 -1.20779e+01
 10 -0.01395 -7.44170e+00 | 11 -0.01462 -4.28430e+00 | 12 -0.01487 -6.04282e+00
 13 -0.02250 -6.88746e+00 | 14 -0.01326 -9.37582e+00 | 15  0.02587 -9.54418e+00
 16  0.02460 -1.04777e+01 | 17  0.02897 -4.54767e+00 | 18  0.03512  2.63079e+00
 19  0.01760  6.43933e+00 | 20  0.03390  1.34392e+01 | 21  0.08190  2.31542e+01
 22  0.02998  1.55556e+01 | 23  0.02159  1.16394e+01 | 24  0.03503  5.42160e+00
 25  0.02135 -4.88723e+00 | 26  0.05312 -6.63375e+00 | 27  0.01282 -5.47093e+00
 28 -0.00418  2.83173e+00 | 29 -0.00467  1.26011e+01 | 30 -0.01462  7.39454e+00
 31 -0.00300  1.37372e+01 | 32  0.00735  1.36765e+01 | 33  0.01031  4.87097e+00
 34  0.00498 -4.62354e+00 | 35 -0.00142 -7.03958e+00 | 36 -0.00313 -7.22220e+00
 37  0.00360 -6.45423e+00 | 38 -0.00961 -1.35792e+00 | 39 -0.03458  3.29103e+00
 40 -0.02716  9.00413e+00 | 41 -0.01916 -1.12664e+00 | 42 -0.00850 -1.44692e+01
 43 -0.01121 -1.54455e+01 | 44 -0.01540 -7.96508e+00 | 45 -0.03563  1.11098e+00
 46 -0.02636  3.88688e+00 | 47 -0.01939 -5.87405e+00 | 48 -0.00211 -8.99043e+00
 49 -0.01487 -2.28769e+00 | 50 -0.01361  9.27505e+00 | 51 -0.00557  2.00413e+01
 52 -0.00989  1.17677e+01 | 53 -0.01533  4.50808e+00 | 54 -0.01932  8.85280e-01
 55 -0.01398 -2.00761e+00 | 56 -0.00096 -1.58163e-01 | 57 -0.00072 -5.42224e-01
 58  0.00000  0.00000e+00 | 59 -0.79205 -1.18399e+02 | 60  0.22964 -3.89590e+00
 61  0.09195  2.80025e+01 | 62  0.19959  9.69353e+01 | 63  0.00002 -3.77514e-02
 64  0.07309  2.49609e+00 | 65  0.18296  7.16292e+02 | 66  0.06670  6.11036e+02
 67  0.17112 -6.92160e+01 | 68 -0.00138 -1.52954e+00 | 69 -0.16979 -7.78027e+00
 70  0.15412  1.47653e+01 | 71  0.06863  2.89301e+01 | 72  0.13268  3.73016e+01
 73  0.00000  1.27734e-28 | 74  0.03737  1.50106e+00 | 75 -0.06453 -8.07229e+00
 76 -0.23261 -4.52022e-04 | 77  0.10552  3.08554e+00 | 78  0.69930 -1.70932e+00
 79 -0.14094 -3.37775e+00 | 80  0.10626  7.81967e+00 | 81 -0.64242 -1.38675e+00
81 variables; iteration 40; function evaluation 56; phase 3
Function value 2.6025833e+02; maximum gradient component mag 1.1560e+03
Var    Value     Gradient |Var    Value     Gradient |Var    Value     Gradient
  1  0.04148  4.18097e+01 |  2 -0.00708 -1.04541e+02 |  3 -0.02246 -4.54404e+00
  4 -0.01847 -4.25573e+00 |  5 -0.00987 -2.29255e+00 |  6 -0.00159 -1.91211e+00
  7  0.01003 -4.99350e-01 |  8  0.00730 -1.67628e+00 |  9  0.00110 -2.99776e+00
 10 -0.01524 -5.10976e+00 | 11 -0.01652 -4.53385e+00 | 12 -0.01488 -3.73000e+00
 13 -0.02222 -1.72395e+00 | 14 -0.01134  9.30693e-01 | 15  0.02509  7.33127e+00
 16  0.03238  1.16909e+01 | 17  0.02873  8.65891e+00 | 18  0.03625  1.07791e+01
 19  0.01801  7.88604e+00 | 20  0.02808  8.16699e+00 | 21  0.08494  1.85746e+01
 22  0.02522  6.97789e+00 | 23  0.01774  3.41434e+00 | 24  0.03112  1.25364e+00
 25  0.02756  3.14690e+00 | 26  0.05335  6.43006e+00 | 27  0.02006  7.93307e+00
 28 -0.00476  5.35841e+00 | 29 -0.00847  6.77552e+00 | 30 -0.01330  2.30094e+00
 31 -0.00446  2.30748e+00 | 32  0.00363  8.04618e-01 | 33  0.01084  2.25955e+00
 34  0.00775  8.34053e-01 | 35 -0.00005 -1.90073e+00 | 36 -0.00353 -4.39708e+00
 37  0.00437 -3.68703e+00 | 38 -0.00794  7.95434e-01 | 39 -0.03316  3.88360e+00
 40 -0.03140  3.55551e+00 | 41 -0.01923  1.81392e+00 | 42 -0.00359 -2.06249e+00
 43 -0.00824 -6.49472e+00 | 44 -0.01578 -8.27418e+00 | 45 -0.03815 -6.10990e+00
 46 -0.03017 -4.06336e+00 | 47 -0.01630 -2.51787e+00 | 48  0.00298 -7.93191e-01
 49 -0.01273 -1.07489e+00 | 50 -0.01644 -1.55546e+00 | 51 -0.01215  9.00230e-01
 52 -0.00956  1.15288e+00 | 53 -0.01573 -1.57131e+00 | 54 -0.02211 -3.54771e+00
 55 -0.01525 -4.08290e+00 | 56 -0.00080 -7.71507e-02 | 57 -0.00022 -1.65844e-01
 58  0.00000  0.00000e+00 | 59 -0.77559 -1.34146e+02 | 60  0.23654  1.61976e+01
 61  0.08803  1.55595e+01 | 62  0.19948 -1.92467e+00 | 63  0.01715  9.19935e-05
 64  0.07243  3.73810e+00 | 65  0.18113  1.15602e+03 | 66  0.06866  1.06314e+03
 67  0.16952 -9.26134e+01 | 68  0.06117 -2.30934e+00 | 69 -0.20019 -1.17713e+01
 70  0.15773  5.01003e+00 | 71  0.06337 -3.09856e-01 | 72  0.13230 -1.10954e+01
 73  0.00000 -2.05363e-30 | 74  0.03727 -3.24545e+00 | 75 -0.06865  1.29642e+01
 76 -0.23255  1.18134e-03 | 77  0.10275 -1.20487e+01 | 78  0.73424  6.49731e+00
 79 -0.14571  5.64124e+00 | 80  0.10712  4.41340e+00 | 81 -0.64101  5.81857e-01
81 variables; iteration 60; function evaluation 85; phase 3
Function value 2.5999522e+02; maximum gradient component mag 1.5035e+03
Var    Value     Gradient |Var    Value     Gradient |Var    Value     Gradient
  1  0.04134 -2.68419e+02 |  2 -0.00926 -1.46792e+02 |  3 -0.02169 -2.53662e-01
  4 -0.01766  1.67243e-01 |  5 -0.01015  1.00173e+00 |  6 -0.00150  1.03357e+00
  7  0.00880  9.38561e-01 |  8  0.00713  4.57410e-01 |  9  0.00137 -9.16817e-02
 10 -0.01432 -1.09002e+00 | 11 -0.01580 -4.24611e-01 | 12 -0.01397  1.16530e-01
 13 -0.02197  1.74077e-01 | 14 -0.01133  1.39570e-01 | 15  0.02687  1.61601e+00
 16  0.02940  7.38817e-01 | 17  0.02924  4.46674e-01 | 18  0.03526  7.37918e-01
 19  0.01670  9.54445e-02 | 20  0.02842  2.64470e-01 | 21  0.08342  1.64203e+00
 22  0.02493  7.86239e-01 | 23  0.01628 -7.27864e-01 | 24  0.03430  7.03875e-01
 25  0.02712  1.19687e+00 | 26  0.05470  1.19281e+00 | 27  0.01880  1.72478e+00
 28 -0.00556 -5.16021e-02 | 29 -0.01057  2.50614e-01 | 30 -0.01237 -1.66940e-01
 31 -0.00422  1.04430e-01 | 32  0.00443 -5.54311e-01 | 33  0.01007 -2.22989e-01
 34  0.00775 -8.89816e-02 | 35  0.00030 -3.71142e-01 | 36 -0.00193 -6.62604e-01
 37  0.00565 -6.40895e-01 | 38 -0.00812  5.85379e-01 | 39 -0.03535  3.60839e-01
 40 -0.03277  2.46426e-01 | 41 -0.01993 -6.42549e-02 | 42 -0.00393 -1.03925e+00
 43 -0.00651 -4.55913e-01 | 44 -0.01377 -1.27290e+00 | 45 -0.03778 -2.10654e+00
 46 -0.02941 -9.39334e-01 | 47 -0.01603 -7.87434e-01 | 48  0.00248 -4.87595e-01
 49 -0.01270 -2.70547e-02 | 50 -0.01576 -4.01241e-01 | 51 -0.01369 -8.57275e-01
 52 -0.01136 -8.69226e-01 | 53 -0.01646 -8.79268e-01 | 54 -0.02201 -3.40345e-01
 55 -0.01449 -3.74576e-02 | 56 -0.00083 -1.10394e-01 | 57 -0.00027 -2.04600e-01
 58  0.00000  0.00000e+00 | 59 -0.77419 -1.70748e+02 | 60  0.23354  4.78475e+00
 61  0.08974  1.48585e+00 | 62  0.19821 -9.41322e+00 | 63  0.02780 -2.66257e-02
 64  0.07426  1.75308e+00 | 65  0.18198  1.50345e+03 | 66  0.06772  1.35199e+03
 67  0.17030 -9.26975e+01 | 68  0.05073 -2.03985e+00 | 69 -0.19226 -1.40245e+01
 70  0.15624 -5.22958e-01 | 71  0.06562  5.46542e-01 | 72  0.13177  9.55167e-01
 73  0.00000  1.20890e-30 | 74  0.03830 -7.29788e-01 | 75 -0.06244  1.37200e+00
 76 -0.23245  9.87898e-06 | 77  0.10627 -1.55586e+00 | 78  0.69653  2.61044e-01
 79 -0.13848 -1.95099e-01 | 80  0.10651 -2.73739e-01 | 81 -0.64270  2.68925e-01
Maximum number of function evaluations exceeded

 - final statistics:
81 variables; iteration 71; function evaluation 100
Function value 2.5997e+02; maximum gradient component mag 6.9344e+02
Exit code = 3;  converg criter 1.0000e+00
Var    Value     Gradient |Var    Value     Gradient |Var    Value     Gradient
  1  0.04136 -1.45507e+02 |  2 -0.00986 -9.05659e+01 |  3 -0.02114  2.12374e-01
  4 -0.01788 -2.34135e-01 |  5 -0.01062  1.11136e-01 |  6 -0.00156  2.45337e-01
  7  0.00854  6.33827e-02 |  8  0.00675  3.46334e-02 |  9  0.00166  6.23964e-01
 10 -0.01397  2.78486e-02 | 11 -0.01534  8.55363e-01 | 12 -0.01396  7.82582e-01
 13 -0.02208  1.55520e-01 | 14 -0.01104 -1.51239e-01 | 15  0.02627  9.26379e-02
 16  0.02941 -1.96809e-01 | 17  0.02969  3.35501e-02 | 18  0.03423 -4.86198e-01
 19  0.01698 -2.34508e-01 | 20  0.02949  2.30715e-01 | 21  0.08288  2.46735e-01
 22  0.02390 -3.63792e-01 | 23  0.01792  4.00323e-02 | 24  0.03429  5.06363e-01
 25  0.02594  5.95437e-02 | 26  0.05589  5.01517e-01 | 27  0.01687 -5.29941e-01
 28 -0.00543 -6.98410e-01 | 29 -0.01008  3.70813e-01 | 30 -0.01217  1.87981e-02
 31 -0.00481 -3.05055e-02 | 32  0.00514  4.00420e-01 | 33  0.00950 -2.50682e-01
 34  0.00831  6.24061e-01 | 35 -0.00010 -1.94385e-01 | 36 -0.00184  3.67563e-02
 37  0.00636  4.73579e-01 | 38 -0.00865  1.07955e-01 | 39 -0.03586 -6.47567e-01
 40 -0.03317 -6.59534e-01 | 41 -0.02027 -4.26631e-01 | 42 -0.00338  6.88325e-02
 43 -0.00690  2.72225e-01 | 44 -0.01341  2.28154e-01 | 45 -0.03683 -3.19953e-01
 46 -0.02967 -5.99901e-01 | 47 -0.01592 -2.54305e-01 | 48  0.00258 -1.01415e-01
 49 -0.01300 -1.73715e-01 | 50 -0.01583 -3.38214e-01 | 51 -0.01352 -5.53502e-01
 52 -0.01165 -9.89626e-01 | 53 -0.01624 -6.36176e-01 | 54 -0.02151  3.57352e-02
 55 -0.01451 -2.12177e-01 | 56 -0.00100 -2.41187e-01 | 57 -0.00054 -4.05777e-01
 58  0.00000  0.00000e+00 | 59 -0.77403 -1.10188e+02 | 60  0.23302 -1.13172e+00
 61  0.09006 -1.04789e+01 | 62  0.19800 -1.52346e+01 | 63  0.06128  3.38730e-02
 64  0.07333  1.83279e+00 | 65  0.18241  6.93435e+02 | 66  0.06723  6.04251e+02
 67  0.17071 -5.38963e+01 | 68  0.04097 -7.12807e-01 | 69 -0.18811 -9.42212e+00
 70  0.15647  1.90028e+00 | 71  0.06558  3.22788e+00 | 72  0.13194  3.58213e+00
 73  0.00000  1.06543e-29 | 74  0.03837  5.34426e-02 | 75 -0.06207 -9.02531e-01
 76 -0.23230 -1.06171e-04 | 77  0.10656  1.04812e+00 | 78  0.69329 -1.95956e-01
 79 -0.13756  4.20891e-02 | 80  0.10663  1.35629e-01 | 81 -0.64258  1.95202e-01

Initial statistics: 91 variables; iteration 0; function evaluation 0; phase 4
Function value 2.5996629e+02; maximum gradient component mag 6.9344e+02
Var    Value     Gradient |Var    Value     Gradient |Var    Value     Gradient
  1  0.04136 -1.45507e+02 |  2 -0.00986 -9.05659e+01 |  3  0.00000  2.67402e+01
  4  0.00000  2.05745e+01 |  5  0.00000  1.67031e+01 |  6  0.00000  1.51425e+01
  7  0.00000  8.54145e+00 |  8  0.00000  3.50399e+00 |  9  0.00000  4.82917e+00
 10  0.00000  5.89082e+00 | 11  0.00000  1.58879e+01 | 12  0.00000  1.96446e+01
 13 -0.02114  2.46739e-01 | 14 -0.01788 -1.99765e-01 | 15 -0.01062  1.45515e-01
 16 -0.00156  2.79721e-01 | 17  0.00854  9.77634e-02 | 18  0.00675  6.90153e-02
 19  0.00166  6.58348e-01 | 20 -0.01396  6.22242e-02 | 21 -0.01534  8.89737e-01
 22 -0.01395  8.16958e-01 | 23 -0.02208  1.89883e-01 | 24 -0.01104 -1.16860e-01
 25  0.02628  1.26992e-01 | 26  0.02941 -1.62462e-01 | 27  0.02969  6.78965e-02
 28  0.03423 -4.51864e-01 | 29  0.01698 -2.00136e-01 | 30  0.02949  2.65062e-01
 31  0.08288  2.80828e-01 | 32  0.02390 -3.29432e-01 | 33  0.01792  7.44025e-02
 34  0.03429  5.40697e-01 | 35  0.02594  9.38990e-02 | 36  0.05589  5.35768e-01
 37  0.01687 -4.95569e-01 | 38 -0.00543 -6.64028e-01 | 39 -0.01008  4.05192e-01
 40 -0.01217  5.31757e-02 | 41 -0.00481  3.87729e-03 | 42  0.00514  4.34802e-01
 43  0.00950 -2.16302e-01 | 44  0.00831  6.58441e-01 | 45 -0.00010 -1.60001e-01
 46 -0.00183  7.11400e-02 | 47  0.00636  5.07961e-01 | 48 -0.00865  1.42336e-01
 49 -0.03586 -6.13238e-01 | 50 -0.03317 -6.25196e-01 | 51 -0.02027 -3.92265e-01
 52 -0.00338  1.03216e-01 | 53 -0.00690  3.06607e-01 | 54 -0.01341  2.62530e-01
 55 -0.03683 -2.85627e-01 | 56 -0.02967 -5.65554e-01 | 57 -0.01592 -2.19932e-01
 58  0.00258 -6.70316e-02 | 59 -0.01299 -1.39339e-01 | 60 -0.01583 -3.03841e-01
 61 -0.01352 -5.19126e-01 | 62 -0.01165 -9.55248e-01 | 63 -0.01624 -6.01803e-01
 64 -0.02151  7.00994e-02 | 65 -0.01451 -1.77802e-01 | 66 -0.00100 -2.41187e-01
 67 -0.00054 -4.05777e-01 | 68  0.00000  0.00000e+00 | 69 -0.77403 -1.10188e+02
 70  0.23302 -1.13172e+00 | 71  0.09006 -1.04789e+01 | 72  0.19800 -1.52346e+01
 73  0.06128  3.38730e-02 | 74  0.07333  1.83279e+00 | 75  0.18241  6.93435e+02
 76  0.06723  6.04251e+02 | 77  0.17071 -5.38963e+01 | 78  0.04097 -7.12807e-01
 79 -0.18811 -9.42212e+00 | 80  0.15647  1.90028e+00 | 81  0.06558  3.22788e+00
 82  0.13194  3.58213e+00 | 83  0.00000  1.06543e-29 | 84  0.03837  5.34426e-02
 85 -0.06207 -9.02531e-01 | 86 -0.23230 -1.06171e-04 | 87  0.10656  1.04812e+00
 88  0.69329 -1.95956e-01 | 89 -0.13756  4.20891e-02 | 90  0.10663  1.35629e-01
 91 -0.64258  1.95202e-01 |

Intermediate statistics: 91 variables; iteration 20; function evaluation 27; phase 4
Function value 2.5929483e+02; maximum gradient component mag 3.0025e+02
Var    Value     Gradient |Var    Value     Gradient |Var    Value     Gradient
  1  0.04118 -1.68100e+02 |  2 -0.01325 -7.63171e+01 |  3 -0.01673  1.02695e+01
  4 -0.01233  8.57437e+00 |  5 -0.00934  7.66738e+00 |  6 -0.00896  6.99100e+00
  7 -0.00391  5.31998e+00 |  8  0.00180  4.99962e+00 |  9  0.00137  6.17560e+00
 10  0.00319  7.96339e+00 | 11 -0.00307  1.18661e+01 | 12 -0.00600  1.31984e+01
 13 -0.01659  7.24636e+00 | 14 -0.01730  4.66381e+00 | 15 -0.01257  3.44392e+00
 16 -0.00299  4.06212e+00 | 17  0.00878  5.62686e+00 | 18  0.00814  7.06200e+00
 19  0.00249  7.10649e+00 | 20 -0.01314  5.60016e+00 | 21 -0.01523  5.53043e+00
 22 -0.01417  5.39070e+00 | 23 -0.02253  4.18356e+00 | 24 -0.01155  3.22093e+00
 25  0.02625  3.93532e+00 | 26  0.03050  5.01905e+00 | 27  0.03032  5.20752e+00
 28  0.03414  2.17996e+00 | 29  0.01595 -3.65307e-01 | 30  0.02890 -1.49693e+00
 31  0.08178 -5.69423e+00 | 32  0.02431 -2.59857e+00 | 33  0.01704 -3.26516e+00
 34  0.03234 -5.02640e+00 | 35  0.02553 -4.83500e+00 | 36  0.05329 -8.57489e+00
 37  0.01658 -5.40868e+00 | 38 -0.00579 -3.59865e+00 | 39 -0.01106 -1.91729e+00
 40 -0.01199  5.70417e-01 | 41 -0.00359  3.44267e+00 | 42  0.00592  4.83868e+00
 43  0.00958  2.63771e+00 | 44  0.00675  2.26136e-01 | 45  0.00043  1.70460e-01
 46 -0.00130  2.19359e-01 | 47  0.00648  1.71570e-01 | 48 -0.00880  4.99957e-02
 49 -0.03601 -2.92932e-01 | 50 -0.03339 -1.01031e+00 | 51 -0.02019 -1.55701e+00
 52 -0.00365 -1.96091e+00 | 53 -0.00805 -1.42827e+00 | 54 -0.01444 -7.24484e-01
 55 -0.03654  5.89181e-01 | 56 -0.02846  1.06434e+00 | 57 -0.01549  9.41384e-01
 58  0.00229  5.10219e-01 | 59 -0.01306  9.49409e-01 | 60 -0.01533  1.35646e+00
 61 -0.01260  1.65124e+00 | 62 -0.01032  1.92266e+00 | 63 -0.01551  2.59229e+00
 64 -0.02111  3.18115e+00 | 65 -0.01345  3.09058e+00 | 66 -0.00068  2.03849e-02
 67 -0.00009 -6.40193e-02 | 68  0.00000  0.00000e+00 | 69 -0.77181 -8.59779e+01
 70  0.24531  1.23453e+01 | 71  0.08270  1.94413e+01 | 72  0.20016  1.82323e+01
 73  0.06209  3.07381e-04 | 74  0.07860  5.01112e+00 | 75  0.18338  3.00248e+02
 76  0.06616  2.56878e+02 | 77  0.17137  1.22047e+01 | 78  0.04043 -2.60969e-01
 79 -0.17335 -5.40987e+00 | 80  0.16366 -5.51771e-01 | 81  0.05630  2.30252e+00
 82  0.13406  1.83384e+01 | 83 -0.00000  1.02009e-29 | 84  0.04097  6.13820e+00
 85 -0.06037  9.61730e+00 | 86 -0.23230  3.02312e-04 | 87  0.10675 -8.58541e+00
 88  0.69290  1.79369e+00 | 89 -0.13462  3.55722e+00 | 90  0.11148  2.22891e+01
 91 -0.63972 -7.17518e+00 |
91 variables; iteration 40; function evaluation 50; phase 4
Function value 2.5904107e+02; maximum gradient component mag -8.0724e+02
Var    Value     Gradient |Var    Value     Gradient |Var    Value     Gradient
  1  0.04109 -3.44927e+02 |  2 -0.01518  6.21731e+01 |  3 -0.02246  1.38035e+00
  4 -0.01625  6.67987e-01 |  5 -0.01216  1.98106e-01 |  6 -0.01158 -4.47072e-01
  7 -0.00493 -1.42698e+00 |  8  0.00187 -2.17175e+00 |  9  0.00066 -2.81163e+00
 10  0.00248 -3.01076e+00 | 11 -0.00668 -2.32079e+00 | 12 -0.01048 -1.61845e+00
 13 -0.01536  5.57336e+00 | 14 -0.01659  4.89088e+00 | 15 -0.01209  4.60520e+00
 16 -0.00260  4.52755e+00 | 17  0.00918  3.73242e+00 | 18  0.00836  2.46351e+00
 19  0.00229  7.94911e-01 | 20 -0.01321  6.27259e-01 | 21 -0.01560  6.29326e-01
 22 -0.01467  9.12938e-01 | 23 -0.02299  1.70881e+00 | 24 -0.01184  9.70009e-01
 25  0.02658 -1.91936e+00 | 26  0.03104 -1.06478e+00 | 27  0.02987 -1.05636e+00
 28  0.03375 -2.97579e+00 | 29  0.01571 -8.67667e-01 | 30  0.02795 -1.00370e+00
 31  0.08313 -6.31512e+00 | 32  0.02380 -2.19961e-01 | 33  0.01697 -8.81923e-01
 34  0.03230 -3.48472e+00 | 35  0.02434 -3.30152e+00 | 36  0.05397 -7.82026e+00
 37  0.01683 -3.21688e+00 | 38 -0.00500 -1.16133e+00 | 39 -0.01106 -1.98249e+00
 40 -0.01246 -2.57769e+00 | 41 -0.00428 -3.14687e+00 | 42  0.00507 -2.92062e+00
 43  0.00945 -2.52327e+00 | 44  0.00633 -3.13190e+00 | 45 -0.00001 -2.35959e+00
 46 -0.00167 -1.57873e+00 | 47  0.00668 -1.05011e+00 | 48 -0.00790  8.51566e-01
 49 -0.03522  1.78389e+00 | 50 -0.03330 -4.79026e-01 | 51 -0.02069 -3.17272e+00
 52 -0.00401 -3.93001e+00 | 53 -0.00765 -1.48414e-01 | 54 -0.01371  2.17935e+00
 55 -0.03627  3.33309e+00 | 56 -0.02873  2.10212e+00 | 57 -0.01605  9.14054e-01
 58  0.00193  1.44182e-01 | 59 -0.01292  2.86648e+00 | 60 -0.01494  4.01167e+00
 61 -0.01239  4.18728e+00 | 62 -0.01039  4.64124e+00 | 63 -0.01581  6.44992e+00
 64 -0.02151  8.34181e+00 | 65 -0.01390  8.50731e+00 | 66 -0.00070  3.01633e-03
 67 -0.00001 -9.00923e-03 | 68  0.00000  0.00000e+00 | 69 -0.76786  6.81477e+01
 70  0.25038 -1.84556e+01 | 71  0.07972  8.40468e-01 | 72  0.20061  6.59549e+01
 73  0.13928  6.98538e-04 | 74  0.07167 -6.01030e+00 | 75  0.18299 -8.07238e+02
 76  0.06668 -6.97142e+02 | 77  0.16955  7.21992e+01 | 78  0.08011  1.52281e+00
 79 -0.17911  6.38419e+00 | 80  0.16473 -9.05244e+00 | 81  0.05444 -1.39981e+00
 82  0.13357  1.75959e+01 | 83 -0.00000 -7.56614e-30 | 84  0.04075 -1.82808e+00
 85 -0.05970 -4.61874e+00 | 86 -0.23223 -4.16720e-04 | 87  0.10685  5.99508e-01
 88  0.68864 -1.41317e+00 | 89 -0.13443 -5.11211e+00 | 90  0.11051  2.83808e+00
 91 -0.64067 -1.79251e+00 |
91 variables; iteration 60; function evaluation 77; phase 4
Function value 2.5895469e+02; maximum gradient component mag 4.6988e+02
Var    Value     Gradient |Var    Value     Gradient |Var    Value     Gradient
  1  0.04125 -2.14072e+02 |  2 -0.01487 -6.21723e+01 |  3 -0.02472 -6.74483e-02
  4 -0.01793 -1.32168e-01 |  5 -0.01417 -7.69431e-01 |  6 -0.01257 -3.44006e-01
  7 -0.00559 -7.85544e-01 |  8  0.00162 -1.02712e+00 |  9  0.00070 -1.38574e+00
 10  0.00260 -1.47562e+00 | 11 -0.00721 -1.36036e+00 | 12 -0.01202 -1.52476e+00
 13 -0.01596 -2.23176e-01 | 14 -0.01616  4.05102e-01 | 15 -0.01162  3.86156e-01
 16 -0.00274 -2.36006e-01 | 17  0.00891 -7.23999e-01 | 18  0.00817 -9.66141e-01
 19  0.00304 -5.78429e-01 | 20 -0.01255 -3.80092e-01 | 21 -0.01570 -9.21249e-01
 22 -0.01466 -7.21659e-01 | 23 -0.02304 -3.95428e-01 | 24 -0.01179 -6.68843e-02
 25  0.02653  1.01655e-02 | 26  0.03004 -2.86797e-01 | 27  0.03032 -2.28478e-01
 28  0.03339 -1.12122e+00 | 29  0.01596 -7.28041e-02 | 30  0.02905  5.29836e-01
 31  0.08233 -1.67881e-01 | 32  0.02316 -8.71461e-02 | 33  0.01823  1.01973e+00
 34  0.03157 -2.01948e-01 | 35  0.02547  5.76967e-01 | 36  0.05368  2.35505e-01
 37  0.01623  1.87463e-01 | 38 -0.00554  4.88814e-01 | 39 -0.01137  2.12753e-01
 40 -0.01230  3.57568e-01 | 41 -0.00430  2.48468e-01 | 42  0.00515  4.48789e-01
 43  0.00902  2.43569e-01 | 44  0.00621 -1.96417e-01 | 45  0.00033 -3.52126e-02
 46 -0.00138 -1.01125e-01 | 47  0.00605 -3.78131e-01 | 48 -0.00885  8.26680e-02
 49 -0.03530  8.34659e-01 | 50 -0.03306 -8.74869e-02 | 51 -0.02050 -1.42787e+00
 52 -0.00399 -1.51595e+00 | 53 -0.00763  2.90843e-01 | 54 -0.01414  8.65584e-01
 55 -0.03639  7.94059e-01 | 56 -0.02845  3.43670e-01 | 57 -0.01533  2.49624e-01
 58  0.00228 -1.76960e-01 | 59 -0.01312  1.60932e-01 | 60 -0.01529  3.81188e-01
 61 -0.01245  4.34337e-01 | 62 -0.01035  2.68635e-01 | 63 -0.01553  8.65193e-01
 64 -0.02141  1.39049e+00 | 65 -0.01390  1.38992e+00 | 66 -0.00067 -1.56549e-03
 67  0.00001  9.58965e-03 | 68  0.00000  0.00000e+00 | 69 -0.76776 -6.04387e+01
 70  0.24628 -2.28283e+00 | 71  0.08210  6.35518e+00 | 72  0.19946  1.85217e+01
 73  0.08515  4.22712e-04 | 74  0.07511 -1.16930e+00 | 75  0.18349  4.69883e+02
 76  0.06613  4.06130e+02 | 77  0.16890 -2.19763e+01 | 78  0.05272 -9.55784e-01
 79 -0.17728 -5.81357e+00 | 80  0.16429 -3.41569e+00 | 81  0.05469 -1.22818e+00
 82  0.13317  4.09563e+00 | 83 -0.00000 -7.03511e-30 | 84  0.04080 -8.41063e-01
 85 -0.05930  3.60185e-02 | 86 -0.23212 -1.21909e-04 | 87  0.10730  3.23404e-01
 88  0.68869 -3.05119e-01 | 89 -0.13467 -1.86173e+00 | 90  0.11011 -1.34391e+00
 91 -0.64043  1.76238e-01 |
91 variables; iteration 80; function evaluation 108; phase 4
Function value 2.5893601e+02; maximum gradient component mag -8.9391e+01
Var    Value     Gradient |Var    Value     Gradient |Var    Value     Gradient
  1  0.04124  3.79623e+01 |  2 -0.01439 -2.78332e+00 |  3 -0.02565 -9.04546e-02
  4 -0.01901 -1.11262e-01 |  5 -0.01469 -1.17775e-01 |  6 -0.01374 -1.52834e-01
  7 -0.00666 -2.83560e-01 |  8  0.00117  1.80023e-01 |  9  0.00067  2.37018e-01
 10  0.00216 -4.72834e-02 | 11 -0.00741  1.56978e-01 | 12 -0.01227 -1.36605e-01
 13 -0.01578 -7.15299e-01 | 14 -0.01672 -7.01829e-01 | 15 -0.01206 -5.06768e-01
 16 -0.00294 -7.04756e-01 | 17  0.00887 -7.15941e-01 | 18  0.00852 -5.53052e-01
 19  0.00295 -3.15223e-01 | 20 -0.01283 -3.76372e-01 | 21 -0.01551 -4.00175e-01
 22 -0.01461 -2.62857e-01 | 23 -0.02268 -6.24845e-02 | 24 -0.01148  7.54684e-02
 25  0.02566 -1.20163e-01 | 26  0.03033  1.48068e-01 | 27  0.03019  3.29766e-01
 28  0.03401  3.21535e-01 | 29  0.01600  1.05396e-01 | 30  0.02834 -3.54588e-02
 31  0.08215  8.06499e-01 | 32  0.02429  2.01250e-01 | 33  0.01675 -3.09450e-02
 34  0.03235  4.64506e-01 | 35  0.02520  5.30067e-01 | 36  0.05319  1.03681e+00
 37  0.01617  4.49213e-01 | 38 -0.00550  6.30980e-01 | 39 -0.01154  2.54790e-01
 40 -0.01250  3.35256e-01 | 41 -0.00395  6.35564e-01 | 42  0.00500  4.07550e-01
 43  0.00879  4.66902e-01 | 44  0.00652  7.42973e-01 | 45  0.00004  1.58165e-01
 46 -0.00150  6.81098e-02 | 47  0.00633  2.42950e-01 | 48 -0.00877  2.04709e-01
 49 -0.03611 -3.11510e-01 | 50 -0.03308  1.61927e-01 | 51 -0.01981  4.25670e-01
 52 -0.00350  4.10817e-01 | 53 -0.00805  8.21054e-02 | 54 -0.01467 -3.92723e-01
 55 -0.03642 -4.01371e-01 | 56 -0.02797 -1.03588e-01 | 57 -0.01533 -2.00698e-01
 58  0.00243 -9.29670e-02 | 59 -0.01305 -3.17211e-01 | 60 -0.01508 -2.12704e-01
 61 -0.01241 -4.31295e-01 | 62 -0.00989 -4.87048e-01 | 63 -0.01509 -4.43771e-01
 64 -0.02130 -7.00916e-01 | 65 -0.01370 -6.89037e-01 | 66 -0.00067 -8.16826e-03
 67 -0.00020 -1.47330e-01 | 68  0.00000  0.00000e+00 | 69 -0.76758 -3.39249e+00
 70  0.24860  5.50959e+00 | 71  0.08055  7.25702e+00 | 72  0.19969 -4.22547e+00
 73  0.00296  1.46027e-05 | 74  0.07570  5.50796e-01 | 75  0.18378 -8.93911e+01
 76  0.06585 -7.75564e+01 | 77  0.16839 -4.33612e+00 | 78  0.05957  2.45457e-01
 79 -0.17600  1.21158e-01 | 80  0.16468 -4.24437e-01 | 81  0.05439 -8.15419e-01
 82  0.13308 -1.53614e+00 | 83 -0.00000 -4.67046e-30 | 84  0.04105 -1.43194e-02
 85 -0.05947  5.24063e-01 | 86 -0.23163 -7.99888e-05 | 87  0.10713 -5.06189e-01
 88  0.68822  1.34722e-01 | 89 -0.13344  7.06716e-01 | 90  0.11075 -1.95275e-01
 91 -0.63971  2.36945e-01 |
91 variables; iteration 100; function evaluation 147; phase 4
Function value 2.5892183e+02; maximum gradient component mag -2.1388e+01
Var    Value     Gradient |Var    Value     Gradient |Var    Value     Gradient
  1  0.04125 -1.28789e+01 |  2 -0.01437  1.44957e+01 |  3 -0.02528  4.82845e-03
  4 -0.01858  5.94683e-04 |  5 -0.01413  6.96231e-02 |  6 -0.01352 -2.91663e-01
  7 -0.00558  2.35338e-01 |  8  0.00147  1.47927e-02 |  9  0.00048 -3.01755e-01
 10  0.00248 -9.79551e-02 | 11 -0.00719  1.61020e-01 | 12 -0.01198 -4.08165e-02
 13 -0.01572  6.09674e-01 | 14 -0.01627  8.51489e-01 | 15 -0.01236  3.77291e-01
 16 -0.00262  7.30593e-01 | 17  0.00914  6.77741e-01 | 18  0.00855  5.27240e-01
 19  0.00281  4.21852e-01 | 20 -0.01273  4.59163e-01 | 21 -0.01553  2.40662e-01
 22 -0.01428  4.50918e-01 | 23 -0.02298  1.71607e-03 | 24 -0.01176  4.51785e-02
 25  0.02614 -1.60992e-01 | 26  0.03023 -3.05195e-01 | 27  0.02990 -3.31513e-01
 28  0.03402 -3.80105e-01 | 29  0.01589 -1.64656e-01 | 30  0.02878 -1.36302e-01
 31  0.08196 -9.32050e-01 | 32  0.02415 -2.11303e-01 | 33  0.01715 -1.71540e-01
 34  0.03224 -4.90951e-01 | 35  0.02519 -4.00434e-01 | 36  0.05334 -1.01632e+00
 37  0.01648 -5.72822e-01 | 38 -0.00611 -6.12433e-01 | 39 -0.01094  5.43895e-03
 40 -0.01269 -5.88703e-01 | 41 -0.00409 -4.15658e-01 | 42  0.00511 -4.83553e-01
 43  0.00890 -5.01190e-01 | 44  0.00626 -4.56348e-01 | 45  0.00022 -1.97062e-01
 46 -0.00142 -1.19123e-01 | 47  0.00628 -2.21097e-01 | 48 -0.00900 -2.40689e-01
 49 -0.03572  1.55073e-01 | 50 -0.03322 -1.09562e-01 | 51 -0.01999 -2.35511e-01
 52 -0.00364 -4.05692e-01 | 53 -0.00805 -8.61668e-02 | 54 -0.01439  1.52622e-01
 55 -0.03635  3.68236e-01 | 56 -0.02845  1.08824e-01 | 57 -0.01512  4.48875e-01
 58  0.00210 -7.05283e-02 | 59 -0.01274  5.22745e-01 | 60 -0.01535  2.75266e-01
 61 -0.01266  2.45052e-01 | 62 -0.00962  8.23663e-01 | 63 -0.01569  3.07102e-01
 64 -0.02120  8.30240e-01 | 65 -0.01385  6.96396e-01 | 66 -0.00075 -6.46546e-02
 67  0.00000  3.21991e-03 | 68  0.00000  0.00000e+00 | 69 -0.76677  1.48660e+01
 70  0.24740 -1.73861e+00 | 71  0.08062  1.61413e+00 | 72  0.19953  3.15693e+00
 73 -0.27653 -1.45750e-03 | 74  0.07611 -9.37896e-01 | 75  0.18570 -2.13883e+01
 76  0.06381 -8.97210e+00 | 77  0.16913  8.59095e+00 | 78  0.06794  1.07213e-01
 79 -0.17410  1.68621e+00 | 80  0.16334  2.01066e-01 | 81  0.05702  6.41286e-01
 82  0.13273  1.21775e+00 | 83  0.00000  2.35029e-30 | 84  0.04099  4.23259e-02
 85 -0.05958 -7.63171e-01 | 86 -0.22930 -3.07960e-05 | 87  0.10715  7.93414e-01
 88  0.68876 -1.30970e-01 | 89 -0.13399 -5.03231e-01 | 90  0.11041  1.60086e-02
 91 -0.64013 -8.42821e-02 |
91 variables; iteration 120; function evaluation 169; phase 4
Function value 2.5890245e+02; maximum gradient component mag -1.2035e+01
Var    Value     Gradient |Var    Value     Gradient |Var    Value     Gradient
  1  0.04113 -1.20351e+01 |  2 -0.01457 -1.57327e+00 |  3 -0.02574 -4.51579e-02
  4 -0.01914 -7.66979e-02 |  5 -0.01484 -7.63413e-02 |  6 -0.01386 -5.96669e-02
  7 -0.00672 -1.53508e-01 |  8  0.00062 -1.18661e-01 |  9  0.00015 -1.09629e-01
 10  0.00203 -1.98122e-01 | 11 -0.00761 -1.95348e-01 | 12 -0.01203 -1.80494e-01
 13 -0.01594 -4.79695e-02 | 14 -0.01692 -4.38730e-02 | 15 -0.01240  2.34826e-02
 16 -0.00308 -4.00770e-02 | 17  0.00889 -1.09187e-01 | 18  0.00856 -1.14862e-01
 19  0.00273 -1.08522e-01 | 20 -0.01289 -7.55906e-02 | 21 -0.01536 -5.29370e-02
 22 -0.01455 -9.51292e-02 | 23 -0.02297  1.29535e-02 | 24 -0.01189  2.78443e-02
 25  0.02611 -6.27049e-02 | 26  0.03058 -1.17510e-02 | 27  0.03010  2.78718e-03
 28  0.03400 -8.13828e-03 | 29  0.01581  7.39439e-04 | 30  0.02864  8.76993e-02
 31  0.08220  4.75968e-03 | 32  0.02402  2.64945e-02 | 33  0.01698  5.12827e-02
 34  0.03225  3.61108e-02 | 35  0.02500  3.10092e-02 | 36  0.05319 -6.75723e-02
 37  0.01626 -2.77235e-02 | 38 -0.00586  1.17723e-02 | 39 -0.01139 -8.25950e-02
 40 -0.01225 -3.09657e-02 | 41 -0.00398 -9.31329e-02 | 42  0.00516 -5.58938e-02
 43  0.00878 -6.17050e-02 | 44  0.00630 -6.72481e-02 | 45  0.00023 -4.11258e-02
 46 -0.00130 -4.08665e-02 | 47  0.00643 -5.17071e-02 | 48 -0.00881 -2.86610e-03
 49 -0.03581  6.13559e-02 | 50 -0.03307  6.08511e-02 | 51 -0.01989 -5.55059e-02
 52 -0.00345 -1.44086e-02 | 53 -0.00813  6.09596e-02 | 54 -0.01446  6.82743e-02
 55 -0.03629  5.68608e-02 | 56 -0.02790  1.12643e-01 | 57 -0.01517  5.58905e-02
 58  0.00246  7.11739e-03 | 59 -0.01295  5.13912e-02 | 60 -0.01506  9.12460e-02
 61 -0.01218  4.57553e-02 | 62 -0.00969  1.93931e-02 | 63 -0.01516  1.45420e-01
 64 -0.02149  1.56485e-01 | 65 -0.01405  1.20455e-01 | 66 -0.00066  1.76779e-02
 67 -0.00000 -4.28878e-04 | 68  0.00000  0.00000e+00 | 69 -0.76558 -1.50304e+00
 70  0.25478 -1.21450e-01 | 71  0.07392  4.74134e-01 | 72  0.20092  1.88932e+00
 73 -0.88436 -1.70984e-02 | 74  0.07742 -8.50173e-02 | 75  0.18898  8.43910e-01
 76  0.05999  2.82567e+00 | 77  0.16994  9.77066e-02 | 78 -0.02560 -1.26405e-04
 79 -0.17556  3.55820e-03 | 80  0.16503 -3.47335e-01 | 81  0.05429 -1.67062e-01
 82  0.13309  3.38044e-01 | 83  0.00000 -1.35640e-30 | 84  0.04125 -1.61877e-01
 85 -0.05908 -1.20484e-01 | 86 -0.24443 -5.32757e-04 | 87  0.10727  8.51256e-02
 88  0.68741 -5.01765e-02 | 89 -0.13313 -1.41111e-01 | 90  0.11115 -1.85523e-01
 91 -0.63956  6.19110e-02 |
91 variables; iteration 140; function evaluation 200; phase 4
Function value 2.5889261e+02; maximum gradient component mag -4.7757e+00
Var    Value     Gradient |Var    Value     Gradient |Var    Value     Gradient
  1  0.04109  1.26431e+00 |  2 -0.01464 -1.90972e+00 |  3 -0.02593  3.10053e-02
  4 -0.01932  3.40287e-02 |  5 -0.01506  4.30021e-02 |  6 -0.01413  5.24687e-02
  7 -0.00694  4.52941e-02 |  8  0.00034  6.32736e-02 |  9 -0.00012  7.75514e-02
 10  0.00188  6.43735e-02 | 11 -0.00766  6.60078e-02 | 12 -0.01203  6.81381e-02
 13 -0.01603 -1.80584e-02 | 14 -0.01705 -2.14143e-02 | 15 -0.01258  6.04694e-03
 16 -0.00321 -1.62074e-03 | 17  0.00888 -7.06395e-04 | 18  0.00858  1.16757e-02
 19  0.00268  2.10631e-02 | 20 -0.01294  7.70316e-03 | 21 -0.01534  6.06772e-03
 22 -0.01447 -4.03131e-03 | 23 -0.02307  1.93999e-03 | 24 -0.01201  1.78062e-02
 25  0.02618  5.89900e-02 | 26  0.03069  5.62454e-02 | 27  0.03014  4.03083e-02
 28  0.03396  3.83828e-02 | 29  0.01583  4.89907e-03 | 30  0.02855  2.56077e-02
 31  0.08225  1.03888e-01 | 32  0.02400  1.18498e-02 | 33  0.01692  1.61514e-02
 34  0.03221  4.07712e-02 | 35  0.02493  3.19298e-02 | 36  0.05318  8.58711e-02
 37  0.01617  3.80435e-02 | 38 -0.00595  2.91127e-02 | 39 -0.01135  1.36551e-02
 40 -0.01220  3.43895e-02 | 41 -0.00385  3.57231e-02 | 42  0.00516  4.21848e-02
 43  0.00872  2.40195e-02 | 44  0.00633  1.05856e-02 | 45  0.00022 -6.11980e-03
 46 -0.00125 -1.22435e-02 | 47  0.00651 -3.90172e-03 | 48 -0.00878 -7.13450e-03
 49 -0.03583 -2.22200e-02 | 50 -0.03308 -1.94884e-02 | 51 -0.01979 -3.35713e-02
 52 -0.00342 -2.01863e-02 | 53 -0.00819 -2.02918e-02 | 54 -0.01447 -3.35684e-02
 55 -0.03622 -5.37865e-02 | 56 -0.02782 -4.18121e-02 | 57 -0.01510 -5.30505e-02
 58  0.00253 -6.00196e-02 | 59 -0.01293 -5.92724e-02 | 60 -0.01502 -5.21837e-02
 61 -0.01207 -6.89514e-02 | 62 -0.00951 -8.22073e-02 | 63 -0.01515 -6.93917e-02
 64 -0.02157 -7.54896e-02 | 65 -0.01414 -8.34750e-02 | 66 -0.00068  2.35975e-03
 67 -0.00000 -1.00199e-03 | 68  0.00000  0.00000e+00 | 69 -0.76467 -1.97171e+00
 70  0.25729 -4.33413e+00 | 71  0.07093 -4.77574e+00 | 72  0.20135 -9.17209e-01
 73  0.05332  1.83869e-02 | 74  0.07752  1.34121e-01 | 75  0.19143  3.44566e+00
 76  0.05652  3.52458e+00 | 77  0.17059 -1.04236e+00 | 78 -0.44282 -2.62252e-03
 79 -0.17627 -1.94643e-01 | 80  0.16524  1.64008e-01 | 81  0.05405  9.34251e-02
 82  0.13307 -1.68812e-01 | 83  0.00000 -6.89082e-32 | 84  0.04141  3.32890e-02
 85 -0.05893  7.89340e-02 | 86 -0.23193 -1.21782e-04 | 87  0.10730 -7.13365e-02
 88  0.68711  8.19648e-03 | 89 -0.13285  2.82376e-02 | 90  0.11143 -6.62090e-03
 91 -0.63938 -1.66836e-03 |
91 variables; iteration 160; function evaluation 224; phase 4
Function value 2.5889218e+02; maximum gradient component mag 8.2663e+00
Var    Value     Gradient |Var    Value     Gradient |Var    Value     Gradient
  1  0.04110  2.35804e+00 |  2 -0.01463  1.13033e+00 |  3 -0.02591 -2.39221e-04
  4 -0.01931 -7.67934e-04 |  5 -0.01505 -3.08425e-03 |  6 -0.01412 -3.50753e-03
  7 -0.00690  3.97823e-04 |  8  0.00037 -5.59530e-03 |  9 -0.00011 -7.83597e-03
 10  0.00191  3.00419e-04 | 11 -0.00765 -1.98878e-03 | 12 -0.01203 -3.77843e-03
 13 -0.01601 -4.57549e-03 | 14 -0.01702 -4.52593e-03 | 15 -0.01259 -8.73425e-03
 16 -0.00320 -5.83973e-03 | 17  0.00890 -3.76586e-03 | 18  0.00858 -5.19162e-03
 19  0.00268 -4.55567e-03 | 20 -0.01293 -3.06010e-03 | 21 -0.01534 -3.15778e-03
 22 -0.01445  1.06359e-03 | 23 -0.02306 -3.71248e-03 | 24 -0.01201 -4.23815e-03
 25  0.02619 -1.08013e-03 | 26  0.03069 -3.47683e-03 | 27  0.03013 -2.91503e-03
 28  0.03396 -6.87924e-04 | 29  0.01585  2.65598e-03 | 30  0.02855 -6.01743e-03
 31  0.08224 -6.14340e-03 | 32  0.02402 -5.03558e-05 | 33  0.01692 -2.09222e-03
 34  0.03221 -3.28898e-03 | 35  0.02494 -1.99834e-03 | 36  0.05318  1.18319e-03
 37  0.01617  2.75698e-03 | 38 -0.00597  1.14915e-04 | 39 -0.01134  6.21526e-03
 40 -0.01221 -3.47370e-04 | 41 -0.00385  8.61472e-04 | 42  0.00516 -1.36044e-03
 43  0.00873  4.33749e-03 | 44  0.00633  7.78152e-03 | 45  0.00022  6.92997e-03
 46 -0.00125  6.67524e-03 | 47  0.00651  6.80121e-03 | 48 -0.00878  6.21555e-03
 49 -0.03583  3.05471e-03 | 50 -0.03309  4.06050e-03 | 51 -0.01978  1.42205e-02
 52 -0.00342  1.03271e-02 | 53 -0.00820  3.69039e-03 | 54 -0.01447  4.81969e-03
 55 -0.03621  6.34965e-03 | 56 -0.02784 -6.19668e-05 | 57 -0.01511  2.68940e-03
 58  0.00254  1.15179e-02 | 59 -0.01293  4.12473e-03 | 60 -0.01504  6.74233e-04
 61 -0.01208  6.07394e-03 | 62 -0.00951  6.78629e-03 | 63 -0.01517 -3.11078e-03
 64 -0.02157 -4.58121e-03 | 65 -0.01412 -1.82710e-03 | 66 -0.00069 -2.16966e-03
 67 -0.00000  4.26152e-04 | 68  0.00000  0.00000e+00 | 69 -0.76466  1.12759e+00
 70  0.25680 -4.29574e+00 | 71  0.07124 -4.34809e+00 | 72  0.20126  1.00628e-01
 73 -0.08002  1.98188e-03 | 74  0.07758  7.51180e-03 | 75  0.19151  8.26628e+00
 76  0.05638  7.53028e+00 | 77  0.17062  5.44108e-01 | 78 -0.46093 -2.77786e-03
 79 -0.17622  1.39712e-01 | 80  0.16534 -7.67135e-02 | 81  0.05382 -5.95365e-02
 82  0.13312  2.21664e-02 | 83  0.00000 -8.25203e-31 | 84  0.04138 -5.27513e-03
 85 -0.05895  4.54968e-03 | 86 -0.23724 -3.11356e-04 | 87  0.10729 -6.47856e-03
 88  0.68718  2.03267e-03 | 89 -0.13287  6.63959e-03 | 90  0.11141  1.75656e-02
 91 -0.63939 -1.96152e-03 |
91 variables; iteration 180; function evaluation 248; phase 4
Function value 2.5889100e+02; maximum gradient component mag -5.4846e+01
Var    Value     Gradient |Var    Value     Gradient |Var    Value     Gradient
  1  0.04108 -1.63392e+00 |  2 -0.01466 -7.45179e-01 |  3 -0.02598  9.84827e-04
  4 -0.01939  2.14900e-03 |  5 -0.01514  1.78394e-03 |  6 -0.01422 -4.12673e-04
  7 -0.00702  4.63698e-03 |  8  0.00026  1.65675e-03 |  9 -0.00021 -5.56630e-04
 10  0.00183  2.53699e-03 | 11 -0.00767  3.47456e-03 | 12 -0.01203  2.62859e-03
 13 -0.01606  5.15821e-03 | 14 -0.01708  6.48386e-03 | 15 -0.01266  7.40691e-04
 16 -0.00325  4.29598e-03 | 17  0.00889  6.22194e-03 | 18  0.00859  5.57401e-03
 19  0.00265  4.16258e-03 | 20 -0.01295  4.75370e-03 | 21 -0.01533  3.74021e-03
 22 -0.01444  5.67292e-03 | 23 -0.02310  1.08777e-03 | 24 -0.01205  7.06040e-04
 25  0.02621  3.75728e-03 | 26  0.03075  6.27915e-04 | 27  0.03015 -1.51089e-03
 28  0.03394 -1.93241e-03 | 29  0.01583 -8.15486e-04 | 30  0.02855 -2.67718e-03
 31  0.08227 -6.93918e-03 | 32  0.02399 -2.30646e-03 | 33  0.01690 -2.23032e-03
 34  0.03219 -4.76131e-03 | 35  0.02491 -5.30079e-03 | 36  0.05317 -7.57482e-03
 37  0.01614 -4.98488e-03 | 38 -0.00599 -5.41770e-03 | 39 -0.01133  5.58734e-04
 40 -0.01218 -3.63831e-03 | 41 -0.00380 -2.44774e-03 | 42  0.00516 -3.68451e-03
 43  0.00871 -2.56335e-03 | 44  0.00634 -2.15534e-03 | 45  0.00022  4.87050e-04
 46 -0.00123  1.31974e-03 | 47  0.00654  5.36200e-04 | 48 -0.00877 -1.27940e-03
 49 -0.03583  1.40361e-03 | 50 -0.03308 -5.26841e-04 | 51 -0.01976  5.70746e-04
 52 -0.00340 -3.76242e-04 | 53 -0.00821 -5.55150e-04 | 54 -0.01447  1.65393e-03
 55 -0.03619  3.01321e-03 | 56 -0.02779 -2.95037e-04 | 57 -0.01507  2.48286e-03
 58  0.00255  2.49016e-03 | 59 -0.01292  3.20568e-03 | 60 -0.01501  1.35810e-03
 61 -0.01204  2.68288e-03 | 62 -0.00945  5.39835e-03 | 63 -0.01515  3.28841e-04
 64 -0.02160  2.88888e-03 | 65 -0.01417  2.60402e-03 | 66 -0.00069 -4.84097e-04
 67 -0.00000  1.30980e-04 | 68  0.00000  0.00000e+00 | 69 -0.76424 -7.52910e-01
 70  0.25800 -5.48462e+01 | 71  0.06992 -5.04890e+01 | 72  0.20148  2.58398e-02
 73 -0.25038  2.17618e-03 | 74  0.07756 -1.23397e-03 | 75  0.19270  4.63005e+00
 76  0.05452  4.17137e+00 | 77  0.17095 -4.35816e-01 | 78 -0.73627 -7.14421e-03
 79 -0.17623 -7.96802e-02 | 80  0.16551 -1.79271e-02 | 81  0.05358 -1.16352e-02
 82  0.13314  1.80144e-02 | 83  0.00000 -5.85589e-31 | 84  0.04144 -1.19933e-03
 85 -0.05887 -2.06861e-03 | 86 -0.23978 -3.94396e-04 | 87  0.10732  3.42781e-03
 88  0.68697  2.23216e-04 | 89 -0.13275 -1.30061e-03 | 90  0.11152  7.74126e-03
 91 -0.63931 -2.87377e-03 |
91 variables; iteration 200; function evaluation 269; phase 4
Function value 2.5889067e+02; maximum gradient component mag 8.5212e+01
Var    Value     Gradient |Var    Value     Gradient |Var    Value     Gradient
  1  0.04108 -2.55338e+00 |  2 -0.01465 -1.32600e+00 |  3 -0.02598 -1.06544e-02
  4 -0.01938 -1.65414e-02 |  5 -0.01513 -1.93955e-02 |  6 -0.01420 -1.00209e-02
  7 -0.00701 -2.38536e-02 |  8  0.00027 -2.52991e-02 |  9 -0.00019 -1.91486e-02
 10  0.00184 -1.93465e-02 | 11 -0.00768 -2.70036e-02 | 12 -0.01203 -2.71558e-02
 13 -0.01605 -2.80678e-02 | 14 -0.01708 -3.41568e-02 | 15 -0.01264 -1.80393e-02
 16 -0.00325 -2.85263e-02 | 17  0.00889 -3.37505e-02 | 18  0.00859 -3.35126e-02
 19  0.00265 -2.68367e-02 | 20 -0.01295 -2.49824e-02 | 21 -0.01533 -1.93706e-02
 22 -0.01444 -1.77873e-02 | 23 -0.02310 -7.17962e-03 | 24 -0.01205 -8.40557e-03
 25  0.02620 -1.48528e-02 | 26  0.03075 -4.93603e-03 | 27  0.03015  2.27107e-03
 28  0.03393  5.25390e-03 | 29  0.01585  7.82948e-03 | 30  0.02855 -6.65963e-04
 31  0.08226  1.01429e-02 | 32  0.02400  8.65752e-03 | 33  0.01690  6.03593e-03
 34  0.03220  1.05158e-02 | 35  0.02493  1.36297e-02 | 36  0.05317  1.93862e-02
 37  0.01614  1.77401e-02 | 38 -0.00599  1.83561e-02 | 39 -0.01135  5.24870e-03
 40 -0.01217  1.27045e-02 | 41 -0.00381  9.02885e-03 | 42  0.00516  1.17126e-02
 43  0.00871  1.68665e-02 | 44  0.00635  1.84606e-02 | 45  0.00021  7.25102e-03
 46 -0.00123  3.36236e-03 | 47  0.00653  5.34383e-03 | 48 -0.00876  1.28214e-02
 49 -0.03584  1.94773e-03 | 50 -0.03308  1.07855e-02 | 51 -0.01976  2.01855e-02
 52 -0.00340  1.61290e-02 | 53 -0.00821  7.36356e-03 | 54 -0.01447  4.57213e-03
 55 -0.03620  4.58509e-03 | 56 -0.02779  7.79044e-03 | 57 -0.01509 -1.06608e-03
 58  0.00256  1.49329e-02 | 59 -0.01292 -5.59839e-04 | 60 -0.01502  2.96425e-03
 61 -0.01204  6.84642e-03 | 62 -0.00947 -2.76936e-03 | 63 -0.01514  1.89945e-03
 64 -0.02160 -8.35253e-03 | 65 -0.01416 -4.84679e-03 | 66 -0.00069 -2.82752e-03
 67 -0.00000  2.84050e-04 | 68  0.00000  0.00000e+00 | 69 -0.76419 -1.32669e+00
 70  0.25760  8.52122e+01 | 71  0.07035  7.82792e+01 | 72  0.20139  1.64980e-01
 73 -0.25539 -6.41768e-03 | 74  0.07767 -1.65930e-03 | 75  0.19298  4.63349e+00
 76  0.05406  3.89809e+00 | 77  0.17104 -7.37048e-01 | 78 -0.79969 -9.65177e-03
 79 -0.17622 -1.21298e-01 | 80  0.16551 -4.21071e-02 | 81  0.05357 -4.68218e-02
 82  0.13315 -2.28264e-02 | 83  0.00000 -7.61924e-31 | 84  0.04143 -7.03515e-03
 85 -0.05888 -1.54081e-02 | 86 -0.24529 -5.54875e-04 | 87  0.10731 -1.37184e-03
 88  0.68700 -2.23180e-03 | 89 -0.13277  5.16838e-03 | 90  0.11150 -6.13156e-03
 91 -0.63932  1.31220e-02 |
91 variables; iteration 220; function evaluation 293; phase 4
Function value 2.5889020e+02; maximum gradient component mag 1.1951e+02
Var    Value     Gradient |Var    Value     Gradient |Var    Value     Gradient
  1  0.04109 -4.10684e+00 |  2 -0.01462  1.64220e-02 |  3 -0.02594 -1.43088e-02
  4 -0.01933 -1.54289e-02 |  5 -0.01507 -1.72308e-02 |  6 -0.01415 -2.60244e-02
  7 -0.00693 -2.33165e-02 |  8  0.00034 -2.90529e-02 |  9 -0.00014 -3.53620e-02
 10  0.00187 -4.12031e-02 | 11 -0.00766 -3.46850e-02 | 12 -0.01202 -3.39890e-02
 13 -0.01602  3.21284e-02 | 14 -0.01703  3.85251e-02 | 15 -0.01262  2.75118e-02
 16 -0.00321  3.06105e-02 | 17  0.00891  2.44596e-02 | 18  0.00859  1.73878e-02
 19  0.00264  8.12178e-03 | 20 -0.01295  1.37298e-02 | 21 -0.01533  1.19955e-02
 22 -0.01443  1.12747e-02 | 23 -0.02309  9.05756e-03 | 24 -0.01204 -1.58622e-03
 25  0.02620 -3.66545e-02 | 26  0.03073 -3.65271e-02 | 27  0.03013 -2.76282e-02
 28  0.03393 -3.02203e-02 | 29  0.01584 -1.09517e-02 | 30  0.02857 -9.48515e-03
 31  0.08225 -7.17247e-02 | 32  0.02400 -1.32924e-02 | 33  0.01691 -1.01260e-02
 34  0.03221 -2.89628e-02 | 35  0.02494 -2.96407e-02 | 36  0.05319 -7.87669e-02
 37  0.01614 -4.48910e-02 | 38 -0.00599 -2.97958e-02 | 39 -0.01134 -2.41560e-02
 40 -0.01218 -3.18384e-02 | 41 -0.00382 -3.81363e-02 | 42  0.00515 -3.92143e-02
 43  0.00872 -3.50277e-02 | 44  0.00635 -2.93817e-02 | 45  0.00021 -1.23777e-02
 46 -0.00124 -6.84310e-03 | 47  0.00652 -1.43582e-02 | 48 -0.00878 -1.09416e-02
 49 -0.03583  1.23657e-02 | 50 -0.03308  4.97085e-03 | 51 -0.01978 -1.03041e-02
 52 -0.00342 -1.30690e-02 | 53 -0.00820  5.11295e-03 | 54 -0.01447  1.63388e-02
 55 -0.03621  2.91499e-02 | 56 -0.02783  2.93414e-02 | 57 -0.01509  3.32875e-02
 58  0.00253  1.82083e-02 | 59 -0.01292  3.66032e-02 | 60 -0.01503  3.73435e-02
 61 -0.01208  3.75853e-02 | 62 -0.00950  5.03362e-02 | 63 -0.01516  5.73463e-02
 64 -0.02158  7.09331e-02 | 65 -0.01414  6.71605e-02 | 66 -0.00068  1.50046e-03
 67 -0.00000 -1.88777e-04 | 68  0.00000  0.00000e+00 | 69 -0.76424  3.90554e-02
 70  0.25692  1.19511e+02 | 71  0.07108  1.12635e+02 | 72  0.20127  4.20246e-01
 73 -0.25180 -8.70308e-03 | 74  0.07756 -1.05595e-01 | 75  0.19292  5.14396e+00
 76  0.05415  4.60738e+00 | 77  0.17105  1.17959e-01 | 78 -0.77065 -8.33910e-03
 79 -0.17619 -8.63851e-03 | 80  0.16532 -2.70510e-02 | 81  0.05390  2.24474e-02
 82  0.13310  1.03678e-01 | 83  0.00000 -4.18764e-31 | 84  0.04140 -1.13143e-02
 85 -0.05892 -5.71591e-02 | 86 -0.22818  2.25711e-05 | 87  0.10730  5.75703e-02
 88  0.68712 -8.90021e-03 | 89 -0.13284 -3.84217e-02 | 90  0.11143 -1.40588e-02
 91 -0.63938 -2.56247e-03 |
91 variables; iteration 240; function evaluation 317; phase 4
Function value 2.5888971e+02; maximum gradient component mag 2.7519e+02
Var    Value     Gradient |Var    Value     Gradient |Var    Value     Gradient
  1  0.04110 -6.03951e+00 |  2 -0.01461 -1.32915e+00 |  3 -0.02592 -2.00895e-02
  4 -0.01931 -2.58815e-02 |  5 -0.01504 -2.95831e-02 |  6 -0.01411 -3.07311e-02
  7 -0.00690 -3.90147e-02 |  8  0.00038 -4.40135e-02 |  9 -0.00010 -4.63766e-02
 10  0.00189 -5.10079e-02 | 11 -0.00766 -5.17689e-02 | 12 -0.01203 -5.14713e-02
 13 -0.01601  2.74496e-03 | 14 -0.01702  5.44893e-03 | 15 -0.01259  6.53587e-03
 16 -0.00319  1.92978e-03 | 17  0.00893 -7.51382e-03 | 18  0.00859 -1.43330e-02
 19  0.00264 -1.74147e-02 | 20 -0.01295 -9.88447e-03 | 21 -0.01532 -6.67054e-03
 22 -0.01443 -6.17390e-03 | 23 -0.02308  5.27251e-04 | 24 -0.01203 -8.52522e-03
 25  0.02619 -4.26983e-02 | 26  0.03073 -3.48967e-02 | 27  0.03013 -2.08833e-02
 28  0.03392 -2.01973e-02 | 29  0.01586 -1.86143e-03 | 30  0.02858 -5.79971e-03
 31  0.08224 -5.00385e-02 | 32  0.02401 -3.02224e-03 | 33  0.01692 -2.47284e-03
 34  0.03221 -1.39991e-02 | 35  0.02495 -1.15359e-02 | 36  0.05319 -4.79236e-02
 37  0.01615 -2.22939e-02 | 38 -0.00599 -1.06516e-02 | 39 -0.01135 -1.45963e-02
 40 -0.01218 -1.53226e-02 | 41 -0.00383 -2.12629e-02 | 42  0.00514 -2.09238e-02
 43  0.00872 -1.52046e-02 | 44  0.00637 -1.02677e-02 | 45  0.00020 -5.30393e-03
 46 -0.00126 -3.23849e-03 | 47  0.00651 -7.46040e-03 | 48 -0.00878  1.07515e-03
 49 -0.03584  1.13042e-02 | 50 -0.03309  1.14695e-02 | 51 -0.01979  6.93102e-03
 52 -0.00342  1.42701e-03 | 53 -0.00819  1.04283e-02 | 54 -0.01447  1.70691e-02
 55 -0.03622  2.71363e-02 | 56 -0.02784  2.92707e-02 | 57 -0.01511  2.70383e-02
 58  0.00253  2.58597e-02 | 59 -0.01293  2.99947e-02 | 60 -0.01504  3.17992e-02
 61 -0.01209  3.56182e-02 | 62 -0.00952  3.95676e-02 | 63 -0.01516  4.90398e-02
 64 -0.02157  5.21683e-02 | 65 -0.01412  5.31539e-02 | 66 -0.00068 -6.91906e-04
 67 -0.00000  8.08190e-05 | 68  0.00000  0.00000e+00 | 69 -0.76421 -1.30759e+00
 70  0.25627  2.75195e+02 | 71  0.07176  2.65209e+02 | 72  0.20114  4.86569e-01
 73 -0.29839 -1.14396e-02 | 74  0.07765 -8.58681e-02 | 75  0.19316  2.98673e+00
 76  0.05373  2.81460e+00 | 77  0.17114 -6.35769e-01 | 78 -0.78838 -9.09943e-03
 79 -0.17615 -1.44552e-01 | 80  0.16528 -7.38288e-02 | 81  0.05394 -2.80638e-02
 82  0.13310  7.09905e-02 | 83  0.00000 -6.69299e-31 | 84  0.04138 -1.50980e-02
 85 -0.05896 -5.23997e-02 | 86 -0.22795  3.31046e-05 | 87  0.10729  4.12775e-02
 88  0.68719 -8.45535e-03 | 89 -0.13289 -2.69151e-02 | 90  0.11139 -1.78722e-02
 91 -0.63940  7.27478e-03 |
91 variables; iteration 260; function evaluation 341; phase 4
Function value 2.5888911e+02; maximum gradient component mag 3.5636e+02
Var    Value     Gradient |Var    Value     Gradient |Var    Value     Gradient
  1  0.04111 -1.16046e+00 |  2 -0.01460  4.54003e-02 |  3 -0.02589 -1.36215e-02
  4 -0.01928 -1.75099e-02 |  5 -0.01501 -2.00821e-02 |  6 -0.01407 -1.56424e-02
  7 -0.00686 -2.47289e-02 |  8  0.00042 -2.76110e-02 |  9 -0.00007 -2.41545e-02
 10  0.00192 -2.68774e-02 | 11 -0.00766 -2.99395e-02 | 12 -0.01202 -2.96428e-02
 13 -0.01599 -8.40541e-03 | 14 -0.01700 -1.28677e-02 | 15 -0.01257 -3.78554e-03
 16 -0.00317 -1.09102e-02 | 17  0.00894 -1.57640e-02 | 18  0.00860 -1.64096e-02
 19  0.00264 -1.42357e-02 | 20 -0.01295 -1.26850e-02 | 21 -0.01532 -9.29178e-03
 22 -0.01442 -7.61711e-03 | 23 -0.02307  6.52444e-05 | 24 -0.01203 -4.40094e-03
 25  0.02618 -2.09163e-02 | 26  0.03073 -1.37585e-02 | 27  0.03012 -7.10672e-03
 28  0.03392 -6.84074e-03 | 29  0.01587  2.94075e-04 | 30  0.02858 -5.70589e-03
 31  0.08223 -1.70650e-02 | 32  0.02402  8.59718e-04 | 33  0.01692 -5.95873e-04
 34  0.03222 -3.95693e-03 | 35  0.02497 -1.28465e-03 | 36  0.05320 -1.23051e-02
 37  0.01615 -1.30387e-03 | 38 -0.00599  4.09204e-03 | 39 -0.01135 -5.38946e-03
 40 -0.01219 -3.23497e-03 | 41 -0.00384 -9.14416e-03 | 42  0.00514 -5.82895e-03
 43  0.00873  8.09444e-04 | 44  0.00638  3.98372e-03 | 45  0.00019  1.97350e-03
 46 -0.00127  1.44961e-04 | 47  0.00650 -1.32536e-03 | 48 -0.00879  5.31374e-03
 49 -0.03584  5.71140e-03 | 50 -0.03309  9.64180e-03 | 51 -0.01980  1.00045e-02
 52 -0.00343  6.75542e-03 | 53 -0.00819  6.45342e-03 | 54 -0.01447  8.37920e-03
 55 -0.03623  1.28313e-02 | 56 -0.02786  1.54753e-02 | 57 -0.01513  9.55120e-03
 58  0.00253  1.58089e-02 | 59 -0.01293  1.12602e-02 | 60 -0.01505  1.53774e-02
 61 -0.01211  1.68055e-02 | 62 -0.00954  1.33559e-02 | 63 -0.01516  1.90818e-02
 64 -0.02156  1.68783e-02 | 65 -0.01411  1.71525e-02 | 66 -0.00068 -1.23112e-03
 67 -0.00000  1.15048e-04 | 68  0.00000  0.00000e+00 | 69 -0.76420  6.49152e-02
 70  0.25565  3.56362e+02 | 71  0.07239  3.50145e+02 | 72  0.20102  1.95715e-01
 73 -0.34130 -9.60512e-03 | 74  0.07770 -4.54573e-02 | 75  0.19332  5.21804e+00
 76  0.05346  4.43949e+00 | 77  0.17121  6.12543e-02 | 78 -0.75323 -7.69424e-03
 79 -0.17607  2.33976e-02 | 80  0.16519 -2.12938e-02 | 81  0.05408 -1.13873e-02
 82  0.13308  7.84534e-03 | 83  0.00000 -5.87768e-31 | 84  0.04136 -1.51521e-02
 85 -0.05899 -2.50398e-02 | 86 -0.24472 -5.37297e-04 | 87  0.10728  1.65641e-02
 88  0.68728 -2.79619e-03 | 89 -0.13294 -6.45545e-03 | 90  0.11135 -1.45116e-02
 91 -0.63943  1.12526e-02 |
91 variables; iteration 280; function evaluation 364; phase 4
Function value 2.5888842e+02; maximum gradient component mag 1.5661e+02
Var    Value     Gradient |Var    Value     Gradient |Var    Value     Gradient
  1  0.04111 -2.59991e+00 |  2 -0.01458 -1.29592e+00 |  3 -0.02588 -8.62654e-03
  4 -0.01926 -9.31043e-03 |  5 -0.01499 -1.20182e-02 |  6 -0.01405 -9.17396e-03
  7 -0.00682 -1.03166e-02 |  8  0.00046 -1.26558e-02 |  9 -0.00004 -1.22925e-02
 10  0.00193 -7.53096e-03 | 11 -0.00766 -1.43792e-02 | 12 -0.01203 -1.74872e-02
 13 -0.01597 -1.20113e-02 | 14 -0.01698 -1.47492e-02 | 15 -0.01255 -8.75236e-03
 16 -0.00316 -1.08606e-02 | 17  0.00896 -1.07103e-02 | 18  0.00860 -1.16148e-02
 19  0.00263 -9.42522e-03 | 20 -0.01294 -8.30909e-03 | 21 -0.01531 -5.20614e-03
 22 -0.01441  1.39383e-04 | 23 -0.02307  1.57715e-03 | 24 -0.01202  7.05976e-04
 25  0.02618 -1.73588e-03 | 26  0.03072  3.11873e-04 | 27  0.03011  3.11487e-03
 28  0.03391  5.70894e-03 | 29  0.01588  7.34087e-03 | 30  0.02859 -2.97416e-03
 31  0.08222  1.47204e-03 | 32  0.02402  4.90363e-03 | 33  0.01692  1.34938e-03
 34  0.03223  2.19980e-03 | 35  0.02497  3.16424e-03 | 36  0.05320  3.70787e-03
 37  0.01615  3.39796e-03 | 38 -0.00599  1.71553e-03 | 39 -0.01135  6.06633e-04
 40 -0.01219  2.72175e-04 | 41 -0.00384  5.16215e-04 | 42  0.00513  8.85996e-04
 43  0.00873  5.94631e-03 | 44  0.00638  5.39335e-03 | 45  0.00018  6.18708e-04
 46 -0.00128 -2.88315e-03 | 47  0.00649 -3.57217e-03 | 48 -0.00879  1.28580e-03
 49 -0.03584 -9.96535e-04 | 50 -0.03310  3.24406e-03 | 51 -0.01980  1.06321e-02
 52 -0.00343  3.76008e-03 | 53 -0.00819 -2.88635e-03 | 54 -0.01447 -7.50986e-04
 55 -0.03623  3.23670e-03 | 56 -0.02788 -1.84425e-04 | 57 -0.01514 -1.77289e-03
 58  0.00253  7.61018e-03 | 59 -0.01294 -1.41981e-03 | 60 -0.01507 -1.57811e-03
 61 -0.01213  1.29223e-03 | 62 -0.00956  3.27876e-04 | 63 -0.01517 -3.22159e-03
 64 -0.02156 -5.94144e-03 | 65 -0.01410 -2.94093e-03 | 66 -0.00068 -1.31929e-03
 67 -0.00000  4.55579e-04 | 68  0.00000  0.00000e+00 | 69 -0.76416 -1.28322e+00
 70  0.25516  1.56606e+02 | 71  0.07289  1.56353e+02 | 72  0.20092 -1.44172e-01
 73 -0.36197 -4.67411e-03 | 74  0.07773 -1.38049e-03 | 75  0.19355  2.28936e+00
 76  0.05307  2.24077e+00 | 77  0.17129 -6.75874e-01 | 78 -0.71354 -6.50397e-03
 79 -0.17604 -1.31689e-01 | 80  0.16508  2.17747e-02 | 81  0.05427  1.77294e-02
 82  0.13305 -5.76472e-02 | 83  0.00000 -4.45921e-31 | 84  0.04135 -1.34018e-02
 85 -0.05901 -8.66016e-03 | 86 -0.23855 -3.52995e-04 | 87  0.10728  1.93587e-03
 88  0.68733 -1.92581e-04 | 89 -0.13298  4.34514e-03 | 90  0.11131 -1.48717e-02
 91 -0.63945  1.11311e-02 |
91 variables; iteration 300; function evaluation 388; phase 4
Function value 2.5888689e+02; maximum gradient component mag -2.9580e+02
Var    Value     Gradient |Var    Value     Gradient |Var    Value     Gradient
  1  0.04113  8.58216e+00 |  2 -0.01455 -4.21913e-01 |  3 -0.02584  4.81374e-02
  4 -0.01921  5.99251e-02 |  5 -0.01493  6.97351e-02 |  6 -0.01398  7.70379e-02
  7 -0.00675  9.09648e-02 |  8  0.00053  1.04644e-01 |  9  0.00002  1.12319e-01
 10  0.00196  1.20526e-01 | 11 -0.00764  1.21101e-01 | 12 -0.01202  1.21754e-01
 13 -0.01595 -3.21117e-02 | 14 -0.01694 -3.72817e-02 | 15 -0.01252 -3.63835e-02
 16 -0.00312 -2.90766e-02 | 17  0.00898 -7.47989e-03 | 18  0.00861  1.10319e-02
 19  0.00263  2.30958e-02 | 20 -0.01294  6.19086e-03 | 21 -0.01531  1.10334e-03
 22 -0.01440  3.99802e-04 | 23 -0.02306 -8.96083e-03 | 24 -0.01201  1.73745e-02
 25  0.02617  1.12808e-01 | 26  0.03071  9.84469e-02 | 27  0.03010  6.19827e-02
 28  0.03390  5.97852e-02 | 29  0.01588  8.57844e-03 | 30  0.02861  2.38042e-02
 31  0.08220  1.52856e-01 | 32  0.02402  1.56664e-02 | 33  0.01693  1.43238e-02
 34  0.03224  4.95990e-02 | 35  0.02499  4.53344e-02 | 36  0.05322  1.51631e-01
 37  0.01615  7.75476e-02 | 38 -0.00599  4.31140e-02 | 39 -0.01135  4.68654e-02
 40 -0.01219  5.40558e-02 | 41 -0.00385  7.25654e-02 | 42  0.00512  7.59142e-02
 43  0.00874  5.82311e-02 | 44  0.00640  4.02740e-02 | 45  0.00017  1.87834e-02
 46 -0.00129  1.19261e-02 | 47  0.00647  2.67395e-02 | 48 -0.00880  5.78160e-03
 49 -0.03584 -2.79061e-02 | 50 -0.03310 -2.67253e-02 | 51 -0.01982 -1.34842e-02
 52 -0.00344  3.12589e-03 | 53 -0.00818 -2.16295e-02 | 54 -0.01447 -4.24172e-02
 55 -0.03625 -7.40402e-02 | 56 -0.02791 -7.65225e-02 | 57 -0.01515 -7.46916e-02
 58  0.00251 -6.71296e-02 | 59 -0.01294 -8.31890e-02 | 60 -0.01508 -8.77281e-02
 61 -0.01216 -9.75164e-02 | 62 -0.00959 -1.14947e-01 | 63 -0.01517 -1.35929e-01
 64 -0.02154 -1.48756e-01 | 65 -0.01408 -1.49464e-01 | 66 -0.00068  5.31964e-04
 67 -0.00000 -1.66123e-04 | 68  0.00000  0.00000e+00 | 69 -0.76414 -5.10000e-01
 70  0.25425 -2.88666e+02 | 71  0.07380 -2.95801e+02 | 72  0.20074 -1.22261e+00
 73 -0.19722  3.15072e-02 | 74  0.07771  2.44315e-01 | 75  0.19381  3.21015e+00
 76  0.05261  2.83589e+00 | 77  0.17140 -4.48470e-01 | 78 -0.45765 -2.74918e-03
 79 -0.17598 -4.09022e-02 | 80  0.16499  1.38872e-01 | 81  0.05441  2.89001e-02
 82  0.13304 -1.98859e-01 | 83  0.00000 -3.92268e-31 | 84  0.04131  3.48180e-02
 85 -0.05906  1.51121e-01 | 86 -0.23350 -1.73399e-04 | 87  0.10726 -1.25456e-01
 88  0.68746  2.33239e-02 | 89 -0.13306  7.59435e-02 | 90  0.11124  4.36998e-02
 91 -0.63951 -1.44016e-02 |
91 variables; iteration 320; function evaluation 409; phase 4
Function value 2.5888496e+02; maximum gradient component mag -4.0530e+00
Var    Value     Gradient |Var    Value     Gradient |Var    Value     Gradient
  1  0.04114 -1.81047e+00 |  2 -0.01450 -1.19035e+00 |  3 -0.02580  3.10337e-03
  4 -0.01916  4.16318e-03 |  5 -0.01487  5.15546e-03 |  6 -0.01392  5.00086e-03
  7 -0.00667  7.27064e-03 |  8  0.00061  7.38563e-03 |  9  0.00008  7.18366e-03
 10  0.00198  7.96491e-03 | 11 -0.00765  8.56812e-03 | 12 -0.01201  8.56092e-03
 13 -0.01591 -8.36831e-04 | 14 -0.01691 -3.68246e-04 | 15 -0.01249 -2.60123e-03
 16 -0.00308 -1.04653e-03 | 17  0.00904  6.88747e-04 | 18  0.00862  1.54413e-03
 19  0.00258  1.85230e-03 | 20 -0.01295  1.16642e-03 | 21 -0.01528  6.11355e-04
 22 -0.01436  1.01378e-03 | 23 -0.02307 -7.64734e-04 | 24 -0.01203  9.57699e-04
 25  0.02616  8.64984e-03 | 26  0.03075  7.41883e-03 | 27  0.03008  3.99390e-03
 28  0.03385  3.41663e-03 | 29  0.01592  3.09687e-04 | 30  0.02866  1.66731e-03
 31  0.08218  9.63199e-03 | 32  0.02403  8.86560e-04 | 33  0.01694  1.07127e-03
 34  0.03226  2.51582e-03 | 35  0.02503  2.11253e-03 | 36  0.05324  8.41118e-03
 37  0.01612  4.19788e-03 | 38 -0.00602  1.56169e-03 | 39 -0.01136  3.37770e-03
 40 -0.01217  2.89559e-03 | 41 -0.00384  4.99688e-03 | 42  0.00509  5.35665e-03
 43  0.00874  3.66344e-03 | 44  0.00645  1.57198e-03 | 45  0.00013  5.22070e-04
 46 -0.00131  6.58248e-04 | 47  0.00646  1.79008e-03 | 48 -0.00882 -1.81572e-04
 49 -0.03585 -1.76434e-03 | 50 -0.03311 -2.81211e-03 | 51 -0.01984 -2.14367e-03
 52 -0.00346 -7.21957e-04 | 53 -0.00817 -1.63460e-03 | 54 -0.01447 -2.56030e-03
 55 -0.03627 -4.58465e-03 | 56 -0.02795 -5.39760e-03 | 57 -0.01517 -4.58614e-03
 58  0.00250 -4.56687e-03 | 59 -0.01295 -4.83464e-03 | 60 -0.01510 -5.72563e-03
 61 -0.01220 -6.02546e-03 | 62 -0.00963 -6.39883e-03 | 63 -0.01518 -8.71879e-03
 64 -0.02152 -8.58278e-03 | 65 -0.01405 -8.68504e-03 | 66 -0.00068 -2.48263e-04
 67 -0.00000 -1.83848e-05 | 68  0.00000  0.00000e+00 | 69 -0.76362 -1.19941e+00
 70  0.25264 -4.05297e+00 | 71  0.07539 -3.23661e+00 | 72  0.20041 -7.13357e-02
 73 -0.02593  2.94488e-03 | 74  0.07783  1.68449e-02 | 75  0.19592  5.27518e-01
 76  0.04874  6.43319e-01 | 77  0.17208 -6.79678e-01 | 78 -0.58235 -4.08115e-03
 79 -0.17586 -1.32012e-01 | 80  0.16483  5.73051e-03 | 81  0.05465  5.69240e-04
 82  0.13301 -5.58428e-03 | 83  0.00000 -5.33015e-31 | 84  0.04127  3.36631e-03
 85 -0.05912  9.42625e-03 | 86 -0.22897 -1.88554e-06 | 87  0.10725 -7.33654e-03
 88  0.68761  1.43067e-03 | 89 -0.13316  3.91574e-03 | 90  0.11115  3.25527e-03
 91 -0.63958 -1.55958e-03 |
91 variables; iteration 340; function evaluation 429; phase 4
Function value 2.5888487e+02; maximum gradient component mag -4.7538e+00
Var    Value     Gradient |Var    Value     Gradient |Var    Value     Gradient
  1  0.04115  3.42760e+00 |  2 -0.01449  9.55120e-01 |  3 -0.02578  8.53409e-03
  4 -0.01914  1.03653e-02 |  5 -0.01485  1.20806e-02 |  6 -0.01389  1.32170e-02
  7 -0.00664  1.56252e-02 |  8  0.00064  1.79366e-02 |  9  0.00010  1.90100e-02
 10  0.00199  2.08840e-02 | 11 -0.00764  2.07322e-02 | 12 -0.01201  2.05551e-02
 13 -0.01590 -4.11746e-03 | 14 -0.01689 -4.77460e-03 | 15 -0.01247 -5.03479e-03
 16 -0.00307 -3.69158e-03 | 17  0.00905 -3.15684e-04 | 18  0.00863  2.53399e-03
 19  0.00258  4.39903e-03 | 20 -0.01295  1.52454e-03 | 21 -0.01528  2.91154e-04
 22 -0.01436 -6.14160e-05 | 23 -0.02306 -1.85980e-03 | 24 -0.01203  2.19553e-03
 25  0.02616  1.72329e-02 | 26  0.03075  1.47670e-02 | 27  0.03007  9.15822e-03
 28  0.03385  9.09029e-03 | 29  0.01592  1.21553e-03 | 30  0.02867  3.65467e-03
 31  0.08217  2.37590e-02 | 32  0.02403  2.21268e-03 | 33  0.01694  2.16434e-03
 34  0.03226  7.74318e-03 | 35  0.02504  7.28287e-03 | 36  0.05325  2.45569e-02
 37  0.01613  1.29890e-02 | 38 -0.00602  7.16727e-03 | 39 -0.01136  7.75884e-03
 40 -0.01217  8.35240e-03 | 41 -0.00385  1.10898e-02 | 42  0.00509  1.16287e-02
 43  0.00874  9.06371e-03 | 44  0.00645  6.44713e-03 | 45  0.00013  3.26700e-03
 46 -0.00132  2.29047e-03 | 47  0.00645  4.66145e-03 | 48 -0.00882  1.24964e-03
 49 -0.03585 -4.26681e-03 | 50 -0.03312 -4.30030e-03 | 51 -0.01985 -2.02599e-03
 52 -0.00346  6.37090e-04 | 53 -0.00817 -3.31239e-03 | 54 -0.01447 -6.58484e-03
 55 -0.03628 -1.17763e-02 | 56 -0.02796 -1.23987e-02 | 57 -0.01518 -1.21564e-02
 58  0.00250 -1.06576e-02 | 59 -0.01295 -1.33621e-02 | 60 -0.01511 -1.42527e-02
 61 -0.01222 -1.55685e-02 | 62 -0.00965 -1.82809e-02 | 63 -0.01518 -2.18641e-02
 64 -0.02152 -2.37098e-02 | 65 -0.01404 -2.37458e-02 | 66 -0.00067 -1.41875e-04
 67 -0.00000  4.74676e-06 | 68  0.00000  0.00000e+00 | 69 -0.76362  9.28620e-01
 70  0.25224 -4.75375e+00 | 71  0.07579 -3.95009e+00 | 72  0.20033 -1.83459e-01
 73 -0.00089  5.21000e-03 | 74  0.07785  3.98143e-02 | 75  0.19601  4.32334e+00
 76  0.04856  3.07093e+00 | 77  0.17212  5.15967e-01 | 78 -0.45765 -2.74915e-03
 79 -0.17581  1.13738e-01 | 80  0.16478  2.44747e-02 | 81  0.05474  5.06286e-03
 82  0.13300 -3.13641e-02 | 83  0.00000 -5.11980e-31 | 84  0.04126  6.98660e-03
 85 -0.05914  2.36583e-02 | 86 -0.22881  6.02356e-06 | 87  0.10724 -1.97586e-02
 88  0.68766  3.57283e-03 | 89 -0.13319  1.17815e-02 | 90  0.11111  7.63208e-03
 91 -0.63960 -2.23039e-03 |
91 variables; iteration 360; function evaluation 454; phase 4
Function value 2.5888218e+02; maximum gradient component mag -1.0857e+02
Var    Value     Gradient |Var    Value     Gradient |Var    Value     Gradient
  1  0.04114  4.51903e+00 |  2 -0.01449 -1.75012e+00 |  3 -0.02582  4.14527e-02
  4 -0.01919  5.08530e-02 |  5 -0.01490  5.92396e-02 |  6 -0.01395  6.49400e-02
  7 -0.00671  7.68290e-02 |  8  0.00058  8.89308e-02 |  9  0.00004  9.39238e-02
 10  0.00194  1.02793e-01 | 11 -0.00767  1.02260e-01 | 12 -0.01201  1.02092e-01
 13 -0.01592 -2.83272e-02 | 14 -0.01692 -3.20186e-02 | 15 -0.01251 -3.25245e-02
 16 -0.00310 -2.52082e-02 | 17  0.00906 -7.11761e-03 | 18  0.00864  7.34947e-03
 19  0.00254  1.69469e-02 | 20 -0.01297  3.81920e-03 | 21 -0.01525  4.98094e-04
 22 -0.01432 -1.11016e-04 | 23 -0.02310 -9.20526e-03 | 24 -0.01208  1.37145e-02
 25  0.02618  9.59787e-02 | 26  0.03082  8.41745e-02 | 27  0.03008  5.39694e-02
 28  0.03381  5.24836e-02 | 29  0.01593  9.46164e-03 | 30  0.02868  2.23291e-02
 31  0.08219  1.30891e-01 | 32  0.02401  1.44589e-02 | 33  0.01692  1.32440e-02
 34  0.03226  4.38860e-02 | 35  0.02504  4.10081e-02 | 36  0.05325  1.30420e-01
 37  0.01608  6.63266e-02 | 38 -0.00606  3.59932e-02 | 39 -0.01137  4.18323e-02
 40 -0.01213  4.88640e-02 | 41 -0.00380  6.64255e-02 | 42  0.00508  6.78596e-02
 43  0.00872  5.07396e-02 | 44  0.00649  3.42169e-02 | 45  0.00011  1.51912e-02
 46 -0.00131  9.71345e-03 | 47  0.00647  2.23725e-02 | 48 -0.00882  5.01713e-03
 49 -0.03585 -2.48165e-02 | 50 -0.03311 -2.41455e-02 | 51 -0.01984 -1.12444e-02
 52 -0.00345  2.14025e-03 | 53 -0.00818 -1.90994e-02 | 54 -0.01447 -3.66212e-02
 55 -0.03627 -6.35069e-02 | 56 -0.02793 -6.64274e-02 | 57 -0.01516 -6.44788e-02
 58  0.00251 -5.70289e-02 | 59 -0.01294 -7.13492e-02 | 60 -0.01510 -7.64341e-02
 61 -0.01220 -8.36499e-02 | 62 -0.00962 -9.73582e-02 | 63 -0.01517 -1.15933e-01
 64 -0.02154 -1.26795e-01 | 65 -0.01407 -1.26515e-01 | 66 -0.00068 -1.92399e-04
 67 -0.00000 -4.40939e-05 | 68  0.00000  0.00000e+00 | 69 -0.76296 -1.82024e+00
 70  0.25241 -1.01327e+02 | 71  0.07556 -1.08570e+02 | 72  0.20034 -1.01910e+00
 73 -0.12178  2.78676e-02 | 74  0.07791  2.12300e-01 | 75  0.19817 -2.16429e+00
 76  0.04404 -1.07937e+00 | 77  0.17275 -1.16704e+00 | 78 -0.13504 -6.76572e-04
 79 -0.17571 -1.94359e-01 | 80  0.16488  1.20701e-01 | 81  0.05458  2.37453e-02
 82  0.13302 -1.66436e-01 | 83  0.00000 -4.19525e-31 | 84  0.04128  3.35235e-02
 85 -0.05910  1.28807e-01 | 86 -0.22892  4.72068e-06 | 87  0.10725 -1.08193e-01
 88  0.68756  1.94437e-02 | 89 -0.13313  6.46653e-02 | 90  0.11117  3.70118e-02
 91 -0.63956 -1.18274e-02 |
91 variables; iteration 380; function evaluation 475; phase 4
Function value 2.5888194e+02; maximum gradient component mag -1.5858e+01
Var    Value     Gradient |Var    Value     Gradient |Var    Value     Gradient
  1  0.04114  2.68721e-01 |  2 -0.01448 -7.59047e-02 |  3 -0.02583  1.79174e-03
  4 -0.01919  2.20083e-03 |  5 -0.01491  2.51047e-03 |  6 -0.01396  3.09555e-03
  7 -0.00671  3.48800e-03 |  8  0.00057  4.01198e-03 |  9  0.00003  4.46499e-03
 10  0.00192  5.08629e-03 | 11 -0.00768  4.73113e-03 | 12 -0.01201  4.65398e-03
 13 -0.01592 -2.05032e-03 | 14 -0.01693 -2.47224e-03 | 15 -0.01252 -2.01071e-03
 16 -0.00310 -1.89809e-03 | 17  0.00907 -9.81720e-04 | 18  0.00864 -1.86620e-04
 19  0.00252  5.17977e-04 | 20 -0.01298 -1.84971e-04 | 21 -0.01524 -2.43269e-04
 22 -0.01430 -8.95906e-05 | 23 -0.02311 -3.81676e-04 | 24 -0.01209  6.89638e-04
 25  0.02618  4.77873e-03 | 26  0.03085  4.31926e-03 | 27  0.03008  2.92052e-03
 28  0.03379  2.92251e-03 | 29  0.01593  7.41851e-04 | 30  0.02869  8.54855e-04
 31  0.08219  6.73973e-03 | 32  0.02401  9.11077e-04 | 33  0.01692  6.72789e-04
 34  0.03226  2.33109e-03 | 35  0.02504  2.21218e-03 | 36  0.05325  6.96592e-03
 37  0.01606  3.70917e-03 | 38 -0.00608  2.17461e-03 | 39 -0.01137  2.15831e-03
 40 -0.01212  2.63403e-03 | 41 -0.00379  3.42347e-03 | 42  0.00507  3.55732e-03
 43  0.00871  2.98335e-03 | 44  0.00651  2.19726e-03 | 45  0.00010  9.15675e-04
 46 -0.00131  4.57044e-04 | 47  0.00647  1.11298e-03 | 48 -0.00882  4.56322e-04
 49 -0.03585 -1.31243e-03 | 50 -0.03311 -9.70177e-04 | 51 -0.01983  9.52631e-05
 52 -0.00345  5.02108e-04 | 53 -0.00818 -9.92039e-04 | 54 -0.01447 -1.87668e-03
 55 -0.03627 -3.13433e-03 | 56 -0.02793 -3.31346e-03 | 57 -0.01516 -3.41693e-03
 58  0.00251 -2.42797e-03 | 59 -0.01294 -3.73898e-03 | 60 -0.01510 -3.90807e-03
 61 -0.01220 -4.12146e-03 | 62 -0.00961 -5.06774e-03 | 63 -0.01516 -6.05226e-03
 64 -0.02154 -6.90481e-03 | 65 -0.01408 -6.75244e-03 | 66 -0.00068 -8.86003e-05
 67 -0.00000  1.23625e-05 | 68  0.00000  0.00000e+00 | 69 -0.76269 -7.99361e-02
 70  0.25223 -1.58582e+01 | 71  0.07571 -1.57830e+01 | 72  0.20030 -5.34982e-02
 73 -0.18207  1.08091e-03 | 74  0.07795  1.09858e-02 | 75  0.19910  3.28362e-01
 76  0.04190  2.82114e-01 | 77  0.17303 -5.07354e-02 | 78 -0.13185 -6.60154e-04
 79 -0.17566 -7.46158e-03 | 80  0.16488  5.85219e-03 | 81  0.05458  7.79747e-04
 82  0.13302 -1.05421e-02 | 83  0.00000 -5.31499e-31 | 84  0.04128  1.24210e-03
 85 -0.05910  6.42177e-03 | 86 -0.22879  5.19364e-06 | 87  0.10725 -5.49444e-03
 88  0.68756  1.10527e-03 | 89 -0.13312  3.77429e-03 | 90  0.11117  1.44789e-03
 91 -0.63956  6.33833e-06 |
91 variables; iteration 400; function evaluation 495; phase 4
Function value 2.5888192e+02; maximum gradient component mag -1.5143e+01
Var    Value     Gradient |Var    Value     Gradient |Var    Value     Gradient
  1  0.04114  6.35038e-02 |  2 -0.01449 -1.30642e-02 |  3 -0.02583  3.61687e-04
  4 -0.01919  4.47321e-04 |  5 -0.01491  5.22507e-04 |  6 -0.01396  6.60347e-04
  7 -0.00672  7.59520e-04 |  8  0.00057  8.38011e-04 |  9  0.00003  9.36599e-04
 10  0.00192  1.08800e-03 | 11 -0.00767  9.99483e-04 | 12 -0.01201  9.64130e-04
 13 -0.01592 -4.51768e-04 | 14 -0.01693 -5.35153e-04 | 15 -0.01252 -4.61731e-04
 16 -0.00310 -4.34736e-04 | 17  0.00907 -2.43822e-04 | 18  0.00864 -7.00782e-05
 19  0.00252  9.42181e-05 | 20 -0.01298 -5.85596e-05 | 21 -0.01524 -7.95962e-05
 22 -0.01431 -2.10541e-05 | 23 -0.02311 -8.94877e-05 | 24 -0.01209  1.33160e-04
 25  0.02618  1.04646e-03 | 26  0.03084  9.43629e-04 | 27  0.03008  6.19592e-04
 28  0.03379  6.12326e-04 | 29  0.01593  1.50671e-04 | 30  0.02869  1.77027e-04
 31  0.08219  1.42730e-03 | 32  0.02401  1.99359e-04 | 33  0.01692  1.50856e-04
 34  0.03226  4.82479e-04 | 35  0.02504  4.70906e-04 | 36  0.05325  1.50019e-03
 37  0.01607  8.41522e-04 | 38 -0.00608  4.88914e-04 | 39 -0.01137  4.82792e-04
 40 -0.01212  5.48088e-04 | 41 -0.00379  7.13629e-04 | 42  0.00507  7.83128e-04
 43  0.00871  6.84554e-04 | 44  0.00651  4.90264e-04 | 45  0.00010  2.12451e-04
 46 -0.00131  1.05394e-04 | 47  0.00647  2.47738e-04 | 48 -0.00882  1.15739e-04
 49 -0.03585 -2.45620e-04 | 50 -0.03311 -1.96201e-04 | 51 -0.01983  1.97453e-05
 52 -0.00345  1.03115e-04 | 53 -0.00818 -2.10515e-04 | 54 -0.01447 -3.70635e-04
 55 -0.03627 -6.39951e-04 | 56 -0.02793 -7.00594e-04 | 57 -0.01516 -7.44106e-04
 58  0.00251 -4.92440e-04 | 59 -0.01294 -7.97506e-04 | 60 -0.01510 -8.34577e-04
 61 -0.01220 -8.65093e-04 | 62 -0.00961 -1.07717e-03 | 63 -0.01516 -1.31725e-03
 64 -0.02154 -1.46906e-03 | 65 -0.01408 -1.44825e-03 | 66 -0.00068 -4.78829e-05
 67 -0.00000  5.68023e-06 | 68  0.00000  0.00000e+00 | 69 -0.76273 -1.46899e-02
 70  0.25232 -1.51427e+01 | 71  0.07563 -1.49889e+01 | 72  0.20031 -1.11577e-02
 73 -0.21452  1.84409e-04 | 74  0.07794  2.29937e-03 | 75  0.19895  4.40038e-01
 76  0.04225  3.64204e-01 | 77  0.17299 -7.94240e-03 | 78 -0.13289 -6.65500e-04
 79 -0.17566 -7.91136e-04 | 80  0.16489  1.08381e-03 | 81  0.05457  7.35911e-05
 82  0.13302 -2.22807e-03 | 83  0.00000 -5.34858e-31 | 84  0.04129  2.12686e-04
 85 -0.05910  1.36105e-03 | 86 -0.22882  3.54388e-06 | 87  0.10725 -1.15092e-03
 88  0.68755  2.41354e-04 | 89 -0.13312  7.96559e-04 | 90  0.11118  2.59850e-04
 91 -0.63956  5.61109e-05 |
91 variables; iteration 420; function evaluation 516; phase 4
Function value 2.5888174e+02; maximum gradient component mag -2.8565e+01
Var    Value     Gradient |Var    Value     Gradient |Var    Value     Gradient
  1  0.04114 -4.77725e+00 |  2 -0.01448  5.10989e-01 |  3 -0.02582 -2.59024e-03
  4 -0.01918 -3.83785e-03 |  5 -0.01489  7.05060e-04 |  6 -0.01397 -2.17885e-02
  7 -0.00671 -1.80292e-02 |  8  0.00059 -1.50712e-02 |  9  0.00003 -2.75560e-02
 10  0.00190 -5.09429e-02 | 11 -0.00766 -2.56234e-02 | 12 -0.01200 -1.92094e-02
 13 -0.01593  6.23860e-02 | 14 -0.01692  7.86253e-02 | 15 -0.01253  5.29856e-02
 16 -0.00310  6.16819e-02 | 17  0.00907  4.93034e-02 | 18  0.00865  4.13758e-02
 19  0.00252  2.31993e-02 | 20 -0.01297  3.12072e-02 | 21 -0.01524  2.45771e-02
 22 -0.01431  9.86752e-03 | 23 -0.02312  8.37117e-03 | 24 -0.01209  1.35828e-03
 25  0.02619 -4.17965e-02 | 26  0.03084 -4.60485e-02 | 27  0.03007 -4.11435e-02
 28  0.03380 -5.04878e-02 | 29  0.01590 -3.03443e-02 | 30  0.02872  5.94097e-03
 31  0.08219 -9.15824e-02 | 32  0.02398 -2.73195e-02 | 33  0.01693 -1.13187e-02
 34  0.03226 -3.63605e-02 | 35  0.02503 -3.90601e-02 | 36  0.05326 -1.10885e-01
 37  0.01606 -6.94296e-02 | 38 -0.00608 -4.44729e-02 | 39 -0.01136 -3.27876e-02
 40 -0.01212 -3.70533e-02 | 41 -0.00379 -4.63910e-02 | 42  0.00508 -4.90586e-02
 43  0.00870 -6.07050e-02 | 44  0.00650 -5.41901e-02 | 45  0.00011 -1.76957e-02
 46 -0.00130 -4.69251e-03 | 47  0.00648 -1.65750e-02 | 48 -0.00883 -2.17080e-02
 49 -0.03584  2.23390e-02 | 50 -0.03311  1.59541e-03 | 51 -0.01986 -4.80078e-02
 52 -0.00345 -3.56945e-02 | 53 -0.00817  1.08777e-02 | 54 -0.01447  2.35902e-02
 55 -0.03627  3.21481e-02 | 56 -0.02793  4.25889e-02 | 57 -0.01514  4.95751e-02
 58  0.00248 -2.40755e-03 | 59 -0.01293  5.06331e-02 | 60 -0.01509  5.29329e-02
 61 -0.01221  4.11465e-02 | 62 -0.00961  6.25674e-02 | 63 -0.01517  8.41556e-02
 64 -0.02153  1.14196e-01 | 65 -0.01408  9.80607e-02 | 66 -0.00067  6.16087e-03
 67 -0.00000 -1.06557e-03 | 68  0.00000  0.00000e+00 | 69 -0.76274  5.25607e-01
 70  0.25245 -2.79273e+01 | 71  0.07551 -2.85652e+01 | 72  0.20035  7.29396e-01
 73 -0.13778  5.49521e-03 | 74  0.07773 -1.21419e-01 | 75  0.19888  6.81090e-01
 76  0.04241  6.06125e-01 | 77  0.17297  4.57062e-01 | 78 -0.13531 -6.78000e-04
 79 -0.17576  9.41259e-03 | 80  0.16491 -4.81461e-02 | 81  0.05453  2.10083e-02
 82  0.13303  2.36618e-01 | 83  0.00000 -4.33142e-31 | 84  0.04129  2.56858e-03
 85 -0.05908 -7.45207e-02 | 86 -0.23717 -3.08674e-04 | 87  0.10726  7.67365e-02
 88  0.68752 -1.88383e-02 | 89 -0.13313 -7.55339e-02 | 90  0.11117  8.03608e-03
 91 -0.63958 -3.24475e-02 |
91 variables; iteration 440; function evaluation 542; phase 4
Function value 2.5887887e+02; maximum gradient component mag 9.4363e+00
Var    Value     Gradient |Var    Value     Gradient |Var    Value     Gradient
  1  0.04107  1.20642e+00 |  2 -0.01461  4.63977e+00 |  3 -0.02604 -2.31020e-02
  4 -0.01944 -2.86884e-02 |  5 -0.01519 -3.05259e-02 |  6 -0.01429 -4.74011e-02
  7 -0.00708 -5.06235e-02 |  8  0.00021 -5.58925e-02 |  9 -0.00028 -6.52963e-02
 10  0.00172 -8.54732e-02 | 11 -0.00772 -6.90967e-02 | 12 -0.01201 -6.57507e-02
 13 -0.01607  5.63467e-02 | 14 -0.01711  6.92231e-02 | 15 -0.01272  5.33188e-02
 16 -0.00328  5.45121e-02 | 17  0.00896  3.67823e-02 | 18  0.00863  2.46357e-02
 19  0.00252  8.55695e-03 | 20 -0.01300  1.98256e-02 | 21 -0.01525  1.60467e-02
 22 -0.01433  7.44850e-03 | 23 -0.02320  1.18190e-02 | 24 -0.01216 -5.66983e-03
 25  0.02626 -7.97529e-02 | 26  0.03093 -7.74990e-02 | 27  0.03014 -5.84580e-02
 28  0.03382 -6.32852e-02 | 29  0.01585 -2.61455e-02 | 30  0.02864 -1.06797e-02
 31  0.08228 -1.31299e-01 | 32  0.02394 -2.58293e-02 | 33  0.01687 -1.47885e-02
 34  0.03221 -4.79385e-02 | 35  0.02494 -4.79937e-02 | 36  0.05320 -1.40934e-01
 37  0.01602 -7.83111e-02 | 38 -0.00610 -4.61648e-02 | 39 -0.01134 -4.39282e-02
 40 -0.01208 -5.40920e-02 | 41 -0.00370 -7.13740e-02 | 42  0.00513 -7.28331e-02
 43  0.00865 -6.76461e-02 | 44  0.00646 -5.18076e-02 | 45  0.00016 -1.83469e-02
 46 -0.00122 -7.68452e-03 | 47  0.00657 -2.22034e-02 | 48 -0.00877 -1.63125e-02
 49 -0.03583  2.86715e-02 | 50 -0.03307  1.54822e-02 | 51 -0.01977 -2.31919e-02
 52 -0.00340 -2.30401e-02 | 53 -0.00822  1.78443e-02 | 54 -0.01448  3.56114e-02
 55 -0.03619  5.57915e-02 | 56 -0.02776  6.39012e-02 | 57 -0.01504  6.73987e-02
 58  0.00254  2.96783e-02 | 59 -0.01290  7.18906e-02 | 60 -0.01500  7.63387e-02
 61 -0.01204  7.24859e-02 | 62 -0.00943  9.30740e-02 | 63 -0.01512  1.16847e-01
 64 -0.02163  1.42370e-01 | 65 -0.01422  1.31827e-01 | 66 -0.00068  4.17144e-03
 67 -0.00000 -7.14554e-04 | 68  0.00000  0.00000e+00 | 69 -0.76242  4.65905e+00
 70  0.25717  6.49582e-01 | 71  0.07126  8.62141e-01 | 72  0.20126  1.05130e+00
 73  0.08283 -1.07259e-02 | 74  0.07771 -2.22197e-01 | 75  0.19892  9.43630e+00
 76  0.04238  5.24482e+00 | 77  0.17282  2.85491e+00 | 78  0.02712  3.44017e-04
 79 -0.17577  5.07393e-01 | 80  0.16558 -1.01273e-01 | 81  0.05347 -2.81956e-03
 82  0.13315  2.41230e-01 | 83  0.00000 -5.41277e-31 | 84  0.04146 -2.04518e-02
 85 -0.05882 -1.20792e-01 | 86 -0.23465 -2.30157e-04 | 87  0.10733  1.08616e-01
 88  0.68687 -2.28754e-02 | 89 -0.13270 -8.47975e-02 | 90  0.11156 -1.60717e-02
 91 -0.63930 -1.32189e-02 |
91 variables; iteration 460; function evaluation 564; phase 4
Function value 2.5887798e+02; maximum gradient component mag 7.4488e+00
Var    Value     Gradient |Var    Value     Gradient |Var    Value     Gradient
  1  0.04106  6.69957e+00 |  2 -0.01462  3.31481e+00 |  3 -0.02611 -3.02510e-05
  4 -0.01951 -3.67351e-04 |  5 -0.01527 -1.63982e-03 |  6 -0.01436  2.59320e-03
  7 -0.00717  2.65083e-04 |  8  0.00011 -5.81580e-04 |  9 -0.00037  2.16871e-03
 10  0.00166  5.47138e-03 | 11 -0.00776  1.05707e-03 | 12 -0.01203  1.47240e-04
 13 -0.01609  1.93015e-03 | 14 -0.01717 -1.12712e-03 | 15 -0.01276  4.14553e-03
 16 -0.00332  1.51734e-03 | 17  0.00897  1.59177e-03 | 18  0.00864  1.34541e-03
 19  0.00248  2.46057e-03 | 20 -0.01303  1.75006e-04 | 21 -0.01523  1.54741e-04
 22 -0.01430  3.59326e-04 | 23 -0.02324  6.58864e-04 | 24 -0.01222 -2.14439e-03
 25  0.02627 -5.98689e-03 | 26  0.03101 -4.42081e-03 | 27  0.03016 -6.84766e-04
 28  0.03379  1.14960e-03 | 29  0.01587  3.23203e-03 | 30  0.02862 -4.61555e-03
 31  0.08229 -2.36076e-03 | 32  0.02394  1.73028e-03 | 33  0.01685 -1.43434e-03
 34  0.03220 -9.78570e-04 | 35  0.02493 -1.61979e-04 | 36  0.05319  5.91946e-04
 37  0.01597  2.62262e-03 | 38 -0.00614  2.07014e-03 | 39 -0.01135 -1.94144e-03
 40 -0.01203 -2.00389e-03 | 41 -0.00365 -3.60238e-03 | 42  0.00512 -3.52880e-03
 43  0.00863  3.83326e-04 | 44  0.00650  1.82088e-03 | 45  0.00013 -1.84038e-03
 46 -0.00121 -2.74947e-03 | 47  0.00659 -2.00984e-03 | 48 -0.00875  1.64004e-03
 49 -0.03584 -3.17640e-03 | 50 -0.03307 -2.90881e-04 | 51 -0.01973  6.27578e-03
 52 -0.00339  2.70886e-03 | 53 -0.00824 -1.75687e-03 | 54 -0.01448 -1.79832e-03
 55 -0.03616 -4.75601e-04 | 56 -0.02773 -1.50184e-03 | 57 -0.01504 -3.57660e-03
 58  0.00258  4.66654e-03 | 59 -0.01290 -2.27707e-03 | 60 -0.01499 -1.18917e-03
 61 -0.01201  1.53247e-03 | 62 -0.00939 -1.55964e-05 | 63 -0.01509  2.69528e-04
 64 -0.02166 -3.44064e-03 | 65 -0.01425 -8.60546e-04 | 66 -0.00069 -9.00058e-04
 67 -0.00000  3.82424e-05 | 68  0.00000  0.00000e+00 | 69 -0.76176  3.26793e+00
 70  0.25752  1.19423e-01 | 71  0.07096  6.64607e-02 | 72  0.20130  8.16837e-03
 73  0.08533 -3.41525e-03 | 74  0.07797 -9.71712e-04 | 75  0.20109  7.44880e+00
 76  0.03681  3.25772e+00 | 77  0.17345  1.90855e+00 | 78  0.00378  2.00372e-05
 79 -0.17567  3.94928e-01 | 80  0.16570 -4.13675e-03 | 81  0.05329 -1.43474e-03
 82  0.13316 -1.23970e-02 | 83  0.00000 -5.32236e-31 | 84  0.04149  2.25604e-04
 85 -0.05878 -4.52924e-03 | 86 -0.22300  2.51219e-04 | 87  0.10734  3.61083e-03
 88  0.68675  5.49477e-04 | 89 -0.13261  4.28820e-03 | 90  0.11165 -9.41021e-03
 91 -0.63923  8.03712e-03 |
91 variables; iteration 480; function evaluation 584; phase 4
Function value 2.5887793e+02; maximum gradient component mag 2.1171e-02
Var    Value     Gradient |Var    Value     Gradient |Var    Value     Gradient
  1  0.04106 -1.07836e-03 |  2 -0.01461 -7.64239e-05 |  3 -0.02611 -4.25808e-06
  4 -0.01951 -5.27653e-06 |  5 -0.01527 -5.99882e-06 |  6 -0.01437 -6.96755e-06
  7 -0.00717 -8.24305e-06 |  8  0.00011 -9.40110e-06 |  9 -0.00037 -1.01437e-05
 10  0.00165 -1.17731e-05 | 11 -0.00776 -1.10364e-05 | 12 -0.01202 -1.07832e-05
 13 -0.01609  3.84864e-06 | 14 -0.01717  4.61932e-06 | 15 -0.01277  4.11667e-06
 16 -0.00332  3.51958e-06 | 17  0.00898  1.39986e-06 | 18  0.00864 -1.50072e-07
 19  0.00247 -1.48508e-06 | 20 -0.01303  1.10202e-08 | 21 -0.01522  3.23483e-07
 22 -0.01429  8.83241e-08 | 23 -0.02324  1.13230e-06 | 24 -0.01222 -1.23800e-06
 25  0.02628 -1.01687e-05 | 26  0.03103 -8.93522e-06 | 27  0.03015 -5.95861e-06
 28  0.03378 -6.19896e-06 | 29  0.01587 -1.65280e-06 | 30  0.02864 -1.93466e-06
 31  0.08229 -1.46681e-05 | 32  0.02394 -1.98331e-06 | 33  0.01685 -1.46740e-06
 34  0.03220 -5.06195e-06 | 35  0.02494 -4.77788e-06 | 36  0.05319 -1.51853e-05
 37  0.01596 -7.88750e-06 | 38 -0.00614 -4.33798e-06 | 39 -0.01135 -4.77441e-06
 40 -0.01203 -5.46874e-06 | 41 -0.00364 -7.34016e-06 | 42  0.00512 -7.32688e-06
 43  0.00862 -6.02045e-06 | 44  0.00651 -4.48351e-06 | 45  0.00013 -1.90063e-06
 46 -0.00121 -1.07661e-06 | 47  0.00660 -2.52349e-06 | 48 -0.00876 -9.08607e-07
 49 -0.03584  2.98151e-06 | 50 -0.03307  2.37908e-06 | 51 -0.01974 -1.90680e-07
 52 -0.00339 -1.07352e-06 | 53 -0.00824  2.22050e-06 | 54 -0.01448  4.21439e-06
 55 -0.03617  6.96602e-06 | 56 -0.02773  7.60286e-06 | 57 -0.01503  7.45232e-06
 58  0.00258  5.48162e-06 | 59 -0.01290  8.22036e-06 | 60 -0.01499  8.84034e-06
 61 -0.01201  9.15010e-06 | 62 -0.00939  1.08618e-05 | 63 -0.01509  1.33699e-05
 64 -0.02166  1.51850e-05 | 65 -0.01425  1.47109e-05 | 66 -0.00069  1.62424e-07
 67 -0.00000 -2.72914e-08 | 68  0.00000  0.00000e+00 | 69 -0.76162 -6.78391e-05
 70  0.25739  1.91723e-02 | 71  0.07108  2.11706e-02 | 72  0.20126  1.18523e-04
 73  0.08786 -2.69525e-06 | 74  0.07791 -2.34602e-05 | 75  0.20156 -6.19074e-05
 76  0.03546  1.66101e-05 | 77  0.17359 -2.12624e-05 | 78 -0.00004 -1.89713e-07
 79 -0.17568 -9.63463e-06 | 80  0.16570 -1.33510e-05 | 81  0.05328 -2.20207e-06
 82  0.13316  2.22488e-05 | 83  0.00000 -5.25058e-31 | 84  0.04149 -3.63588e-06
 85 -0.05877 -1.43960e-05 | 86 -0.22868 -9.76682e-09 | 87  0.10734  1.22498e-05
 88  0.68675 -2.36872e-06 | 89 -0.13261 -8.26015e-06 | 90  0.11165 -3.77043e-06
 91 -0.63924  6.85237e-07 |
91 variables; iteration 500; function evaluation 604; phase 4
Function value 2.5887793e+02; maximum gradient component mag -2.8808e-01
Var    Value     Gradient |Var    Value     Gradient |Var    Value     Gradient
  1  0.04106 -1.50431e-01 |  2 -0.01461 -1.22342e-01 |  3 -0.02611  6.53291e-04
  4 -0.01951  6.83361e-04 |  5 -0.01527  8.50147e-04 |  6 -0.01437  9.18616e-04
  7 -0.00717  8.26200e-04 |  8  0.00011  1.14844e-03 |  9 -0.00037  1.21895e-03
 10  0.00165  1.19716e-03 | 11 -0.00776  1.26870e-03 | 12 -0.01202  1.36139e-03
 13 -0.01609 -2.25665e-04 | 14 -0.01717 -2.95201e-04 | 15 -0.01277 -1.59288e-04
 16 -0.00332 -1.38569e-04 | 17  0.00898 -4.03894e-05 | 18  0.00864  9.80271e-05
 19  0.00247  1.70568e-04 | 20 -0.01303  2.69502e-05 | 21 -0.01522  4.27085e-05
 22 -0.01429 -2.05848e-04 | 23 -0.02324 -2.37628e-04 | 24 -0.01222  9.08259e-05
 25  0.02628  1.06924e-03 | 26  0.03103  1.05438e-03 | 27  0.03015  7.57470e-04
 28  0.03378  7.11173e-04 | 29  0.01587  1.31419e-04 | 30  0.02864  5.56267e-04
 31  0.08229  1.73710e-03 | 32  0.02394  1.49526e-04 | 33  0.01685  2.29767e-04
 34  0.03220  6.78256e-04 | 35  0.02494  6.20279e-04 | 36  0.05319  1.52603e-03
 37  0.01596  6.73464e-04 | 38 -0.00614  4.12569e-04 | 39 -0.01135  4.46628e-04
 40 -0.01203  9.03961e-04 | 41 -0.00364  1.09773e-03 | 42  0.00512  1.04635e-03
 43  0.00862  5.28695e-04 | 44  0.00651  2.48277e-04 | 45  0.00013  5.29439e-05
 46 -0.00121  4.16440e-05 | 47  0.00660  1.85807e-04 | 48 -0.00876  3.08534e-05
 49 -0.03584 -3.45651e-04 | 50 -0.03307 -3.63151e-04 | 51 -0.01974 -4.28522e-04
 52 -0.00339 -1.44112e-04 | 53 -0.00824 -2.25819e-04 | 54 -0.01448 -4.98246e-04
 55 -0.03617 -9.14890e-04 | 56 -0.02773 -7.64656e-04 | 57 -0.01503 -8.61047e-04
 58  0.00258 -8.96141e-04 | 59 -0.01290 -9.67340e-04 | 60 -0.01499 -9.53124e-04
 61 -0.01201 -1.09856e-03 | 62 -0.00939 -1.26835e-03 | 63 -0.01509 -1.22045e-03
 64 -0.02166 -1.37703e-03 | 65 -0.01425 -1.45940e-03 | 66 -0.00069 -2.42955e-06
 67 -0.00000 -7.30220e-06 | 68  0.00000  0.00000e+00 | 69 -0.76163 -1.22073e-01
 70  0.25739  6.76776e-03 | 71  0.07107  4.80693e-03 | 72  0.20127 -9.05543e-03
 73  0.08760  3.53007e-04 | 74  0.07791  3.37651e-03 | 75  0.20155 -2.88078e-01
 76  0.03548 -1.18022e-01 | 77  0.17359 -7.31109e-02 | 78 -0.00453 -2.23528e-05
 79 -0.17568 -1.47003e-02 | 80  0.16570 -1.34351e-05 | 81  0.05327 -5.66642e-04
 82  0.13317 -4.40536e-04 | 83  0.00000 -5.27881e-31 | 84  0.04149  7.28616e-04
 85 -0.05877  1.71922e-03 | 86 -0.22833  1.47979e-05 | 87  0.10734 -1.36019e-03
 88  0.68675  1.71803e-04 | 89 -0.13261  6.86028e-04 | 90  0.11165  6.33798e-04
 91 -0.63924 -3.42950e-04 |
91 variables; iteration 520; function evaluation 628; phase 4
Function value 2.5887791e+02; maximum gradient component mag 7.1144e-01
Var    Value     Gradient |Var    Value     Gradient |Var    Value     Gradient
  1  0.04106  7.11438e-01 |  2 -0.01461  9.59370e-02 |  3 -0.02611  2.58663e-03
  4 -0.01951  3.31025e-03 |  5 -0.01527  3.78856e-03 |  6 -0.01437  4.15170e-03
  7 -0.00717  5.16186e-03 |  8  0.00011  5.83355e-03 |  9 -0.00037  6.18693e-03
 10  0.00165  6.84247e-03 | 11 -0.00776  6.76181e-03 | 12 -0.01202  6.65084e-03
 13 -0.01609 -1.81028e-03 | 14 -0.01717 -2.04805e-03 | 15 -0.01277 -2.17798e-03
 16 -0.00332 -1.66345e-03 | 17  0.00898 -3.44921e-04 | 18  0.00864  6.95711e-04
 19  0.00247  1.36308e-03 | 20 -0.01303  4.43467e-04 | 21 -0.01522  1.40305e-04
 22 -0.01429  3.15093e-04 | 23 -0.02324 -3.10070e-04 | 24 -0.01222  1.12126e-03
 25  0.02628  6.40080e-03 | 26  0.03103  5.43161e-03 | 27  0.03015  3.35384e-03
 28  0.03378  3.24794e-03 | 29  0.01587  4.91973e-04 | 30  0.02864  1.09853e-03
 31  0.08229  8.15747e-03 | 32  0.02394  8.55636e-04 | 33  0.01685  7.08239e-04
 34  0.03220  2.61846e-03 | 35  0.02494  2.44663e-03 | 36  0.05319  8.36565e-03
 37  0.01596  4.33104e-03 | 38 -0.00614  2.32000e-03 | 39 -0.01135  2.67321e-03
 40 -0.01203  2.76459e-03 | 41 -0.00364  3.85164e-03 | 42  0.00512  3.97975e-03
 43  0.00862  3.20029e-03 | 44  0.00651  2.31560e-03 | 45  0.00013  1.10680e-03
 46 -0.00121  6.70911e-04 | 47  0.00660  1.45656e-03 | 48 -0.00876  2.63707e-04
 49 -0.03584 -1.54878e-03 | 50 -0.03307 -1.44320e-03 | 51 -0.01974 -4.88584e-04
 52 -0.00339  2.39993e-04 | 53 -0.00824 -1.28585e-03 | 54 -0.01448 -2.33210e-03
 55 -0.03617 -3.95557e-03 | 56 -0.02773 -4.28116e-03 | 57 -0.01503 -4.05156e-03
 58  0.00258 -3.56042e-03 | 59 -0.01290 -4.49031e-03 | 60 -0.01499 -4.83923e-03
 61 -0.01201 -5.29967e-03 | 62 -0.00939 -6.20022e-03 | 63 -0.01509 -7.61559e-03
 64 -0.02166 -8.28144e-03 | 65 -0.01425 -8.22637e-03 | 66 -0.00069  2.90159e-05
 67 -0.00000  1.53829e-06 | 68  0.00000  0.00000e+00 | 69 -0.76162  9.02872e-02
 70  0.25739 -2.62785e-01 | 71  0.07082 -2.63276e-01 | 72  0.20126 -6.80124e-02
 73  0.04812  1.17654e-03 | 74  0.07791  1.21853e-02 | 75  0.20156  2.36315e-01
 76  0.03545  9.42790e-02 | 77  0.17359  4.47915e-02 | 78  0.00443  2.19373e-05
 79 -0.17568  1.15024e-02 | 80  0.16570  9.19949e-03 | 81  0.05328  2.34721e-03
 82  0.13316 -1.23154e-02 | 83  0.00000 -5.13187e-31 | 84  0.04149  1.60517e-03
 85 -0.05877  7.88748e-03 | 86 -0.22923 -2.18169e-05 | 87  0.10734 -6.69847e-03
 88  0.68675  1.28723e-03 | 89 -0.13261  4.20468e-03 | 90  0.11165  2.15004e-03
 91 -0.63924 -5.60186e-04 |
91 variables; iteration 540; function evaluation 654; phase 4
Function value 2.5887791e+02; maximum gradient component mag -2.5369e-01
Var    Value     Gradient |Var    Value     Gradient |Var    Value     Gradient
  1  0.04106  1.37933e-01 |  2 -0.01461 -8.76712e-04 |  3 -0.02611  7.47132e-04
  4 -0.01951  9.13671e-04 |  5 -0.01527  1.06315e-03 |  6 -0.01437  1.16429e-03
  7 -0.00717  1.36616e-03 |  8  0.00011  1.59658e-03 |  9 -0.00037  1.69053e-03
 10  0.00165  1.85837e-03 | 11 -0.00776  1.83643e-03 | 12 -0.01202  1.82768e-03
 13 -0.01609 -4.37772e-04 | 14 -0.01717 -5.18412e-04 | 15 -0.01277 -5.02121e-04
 16 -0.00332 -3.81734e-04 | 17  0.00898 -6.53557e-05 | 18  0.00864  1.86282e-04
 19  0.00247  3.52293e-04 | 20 -0.01303  1.11892e-04 | 21 -0.01522  4.47381e-05
 22 -0.01429  1.66172e-05 | 23 -0.02324 -1.42621e-04 | 24 -0.01222  2.51091e-04
 25  0.02628  1.65958e-03 | 26  0.03103  1.44419e-03 | 27  0.03015  9.25797e-04
 28  0.03378  9.09819e-04 | 29  0.01587  1.66279e-04 | 30  0.02864  3.78789e-04
 31  0.08229  2.24564e-03 | 32  0.02394  2.37686e-04 | 33  0.01685  2.17784e-04
 34  0.03220  7.54942e-04 | 35  0.02494  7.02305e-04 | 36  0.05319  2.24299e-03
 37  0.01596  1.12873e-03 | 38 -0.00614  6.11960e-04 | 39 -0.01135  6.99692e-04
 40 -0.01203  8.36221e-04 | 41 -0.00364  1.12394e-03 | 42  0.00512  1.12765e-03
 43  0.00862  8.31885e-04 | 44  0.00651  5.70454e-04 | 45  0.00013  2.47263e-04
 46 -0.00121  1.48801e-04 | 47  0.00660  3.59466e-04 | 48 -0.00876  6.76334e-05
 49 -0.03584 -4.45004e-04 | 50 -0.03307 -4.18209e-04 | 51 -0.01974 -1.91405e-04
 52 -0.00339  2.68611e-05 | 53 -0.00824 -3.52591e-04 | 54 -0.01448 -6.56084e-04
 55 -0.03617 -1.11281e-03 | 56 -0.02773 -1.15885e-03 | 57 -0.01503 -1.13282e-03
 58  0.00258 -9.98649e-04 | 59 -0.01290 -1.25713e-03 | 60 -0.01499 -1.33725e-03
 61 -0.01201 -1.45297e-03 | 62 -0.00939 -1.69016e-03 | 63 -0.01509 -2.00307e-03
 64 -0.02166 -2.20382e-03 | 65 -0.01425 -2.19777e-03 | 66 -0.00069 -2.89754e-06
 67 -0.00000  1.28382e-07 | 68  0.00000  0.00000e+00 | 69 -0.76162 -2.21414e-03
 70  0.25740 -2.53695e-01 | 71  0.07070 -2.42250e-01 | 72  0.20127 -1.73757e-02
 73  0.00429  4.44517e-04 | 74  0.07791  3.59138e-03 | 75  0.20156 -8.77166e-04
 76  0.03546 -9.30827e-04 | 77  0.17359 -3.62158e-03 | 78 -0.00010 -4.89548e-07
 79 -0.17568 -1.15629e-04 | 80  0.16571  1.99241e-03 | 81  0.05327  3.50794e-04
 82  0.13317 -2.84717e-03 | 83  0.00000 -5.23243e-31 | 84  0.04149  5.79865e-04
 85 -0.05877  2.19469e-03 | 86 -0.22867  5.05102e-07 | 87  0.10734 -1.83611e-03
 88  0.68675  3.29793e-04 | 89 -0.13261  1.12765e-03 | 90  0.11165  6.38075e-04
 91 -0.63924 -2.08461e-04 |

 - final statistics:
91 variables; iteration 549; function evaluation 664
Function value 2.5888e+02; maximum gradient component mag -6.4776e-05
Exit code = 1;  converg criter 1.0000e-04
Var    Value     Gradient |Var    Value     Gradient |Var    Value     Gradient
  1  0.04106 -6.47764e-05 |  2 -0.01461 -1.48906e-05 |  3 -0.02611 -1.62740e-07
  4 -0.01951 -2.14553e-07 |  5 -0.01527 -2.31587e-07 |  6 -0.01437 -2.87695e-07
  7 -0.00717 -3.46365e-07 |  8  0.00011 -3.78940e-07 |  9 -0.00037 -4.13201e-07
 10  0.00165 -4.80984e-07 | 11 -0.00776 -4.48827e-07 | 12 -0.01202 -4.39960e-07
 13 -0.01609  1.11529e-07 | 14 -0.01717  1.41793e-07 | 15 -0.01277  1.32312e-07
 16 -0.00332  1.08381e-07 | 17  0.00898  5.26546e-09 | 18  0.00864 -6.78798e-08
 19  0.00247 -1.15462e-07 | 20 -0.01303 -3.51991e-08 | 21 -0.01522 -2.17636e-08
 22 -0.01429 -5.07079e-08 | 23 -0.02324 -9.44586e-09 | 24 -0.01222 -8.29766e-08
 25  0.02628 -4.24574e-07 | 26  0.03103 -3.74949e-07 | 27  0.03015 -2.49838e-07
 28  0.03378 -2.40304e-07 | 29  0.01587 -5.44402e-08 | 30  0.02864 -2.56970e-08
 31  0.08229 -5.15498e-07 | 32  0.02394 -5.96541e-08 | 33  0.01685 -2.27374e-08
 34  0.03220 -1.45944e-07 | 35  0.02494 -1.43762e-07 | 36  0.05319 -5.41381e-07
 37  0.01596 -3.00531e-07 | 38 -0.00614 -1.58456e-07 | 39 -0.01135 -1.62966e-07
 40 -0.01203 -1.60005e-07 | 41 -0.00364 -2.37135e-07 | 42  0.00512 -2.57066e-07
 43  0.00862 -2.33276e-07 | 44  0.00651 -1.64906e-07 | 45  0.00013 -5.90327e-08
 46 -0.00121 -2.16607e-08 | 47  0.00660 -8.02689e-08 | 48 -0.00876 -2.06183e-08
 49 -0.03584  1.29705e-07 | 50 -0.03307  1.06021e-07 | 51 -0.01974 -7.42761e-09
 52 -0.00339 -3.07439e-08 | 53 -0.00824  1.06741e-07 | 54 -0.01448  1.71446e-07
 55 -0.03617  2.65684e-07 | 56 -0.02773  2.99874e-07 | 57 -0.01503  2.92062e-07
 58  0.00258  2.03191e-07 | 59 -0.01290  3.06136e-07 | 60 -0.01499  3.24817e-07
 61 -0.01201  3.42050e-07 | 62 -0.00939  4.14904e-07 | 63 -0.01509  5.13920e-07
 64 -0.02166  5.76163e-07 | 65 -0.01425  5.53577e-07 | 66 -0.00069 -1.47843e-10
 67 -0.00000 -6.90260e-10 | 68  0.00000  0.00000e+00 | 69 -0.76162 -1.44079e-05
 70  0.25740  2.00341e-05 | 71  0.07069  2.05141e-05 | 72  0.20127  4.84252e-06
 73 -0.00011 -3.31666e-08 | 74  0.07791 -9.15000e-07 | 75  0.20156 -3.56228e-05
 76  0.03546 -1.43100e-05 | 77  0.17359 -7.96934e-06 | 78 -0.00000 -2.87289e-09
 79 -0.17568 -1.81801e-06 | 80  0.16571 -6.78865e-07 | 81  0.05327 -2.17034e-07
 82  0.13316  9.72050e-07 | 83  0.00000 -5.25027e-31 | 84  0.04149 -6.12648e-08
 85 -0.05877 -4.65897e-07 | 86 -0.22868  1.20186e-09 | 87  0.10734  3.95608e-07
 88  0.68675 -9.12618e-08 | 89 -0.13261 -3.04850e-07 | 90  0.11165 -4.70893e-08
 91 -0.63924 -5.26672e-08 |
size of file gradfil1.tmp = 0
size of file gradfil2.tmp = 0
size of file varssave.tmp = 0
size of file cmpdiff.tmp = 0
