
Initial statistics: 6 variables; iteration 0; function evaluation 0; phase 1
Function value 2.9861785e+06; maximum gradient component mag -2.1615e+08
Var    Value     Gradient |Var    Value     Gradient |Var    Value     Gradient
  1  0.02817 -2.16148e+08 |  2 -0.01380 -1.00897e+06 |  3  0.00000 -2.92961e+02
  4  0.00000 -8.82007e-01 |  5  0.00000  0.00000e+00 |  6 -0.78047  2.92992e+04

Intermediate statistics: 6 variables; iteration 20; function evaluation 33; phase 1
Function value 4.2412805e+02; maximum gradient component mag -1.6999e+05
Var    Value     Gradient |Var    Value     Gradient |Var    Value     Gradient
  1  0.03347 -1.69988e+05 |  2 -0.14687 -1.17714e+03 |  3 37.95873 -4.17873e+01
  4 -320.0731 -5.46565e+01 |  5  0.00000  0.00000e+00 |  6 -0.63032 -1.49969e+01
6 variables; iteration 40; function evaluation 55; phase 1
Function value 3.7960338e+02; maximum gradient component mag -4.1889e+04
Var    Value     Gradient |Var    Value     Gradient |Var    Value     Gradient
  1  0.03338 -4.18885e+04 |  2  0.03201  6.10780e+02 |  3 38.04675  3.32586e+01
  4 -319.9615  2.92968e+01 |  5  0.00000  0.00000e+00 |  6 -0.82496  8.12554e+02
6 variables; iteration 60; function evaluation 77; phase 1
Function value 3.0631555e+02; maximum gradient component mag -2.5903e+03
Var    Value     Gradient |Var    Value     Gradient |Var    Value     Gradient
  1  0.05025 -2.54049e+03 |  2  0.06689 -1.18569e+03 |  3 37.98434 -1.47741e+01
  4 -320.0178 -1.33493e+01 |  5  0.00000  0.00000e+00 |  6 -0.86944 -2.59032e+03

 - final statistics:
6 variables; iteration 75; function evaluation 92
Function value 2.9639e+02; maximum gradient component mag -6.7849e+00
Exit code = 1;  converg criter 1.0000e+01
Var    Value     Gradient |Var    Value     Gradient |Var    Value     Gradient
  1  0.04848 -6.78491e+00 |  2 -0.02188 -3.99221e+00 |  3 38.00258  6.47894e-02
  4 -320.0000  1.08409e-01 |  5  0.00000  0.00000e+00 |  6 -0.80800 -5.54778e+00

Initial statistics: 60 variables; iteration 0; function evaluation 0; phase 2
Function value 2.9638663e+02; maximum gradient component mag -2.2721e+02
Var    Value     Gradient |Var    Value     Gradient |Var    Value     Gradient
  1  0.04848 -6.78491e+00 |  2 -0.02188 -3.99221e+00 |  3  0.00000  8.57592e+01
  4  0.00000  9.02216e+01 |  5  0.00000  9.40981e+01 |  6  0.00000  9.61902e+01
  7  0.00000  1.01022e+02 |  8  0.00000  1.05284e+02 |  9  0.00000  1.08834e+02
 10  0.00000  9.74582e+01 | 11  0.00000  1.18899e+02 | 12  0.00000  1.52522e+02
 13  0.00000  1.57058e+02 | 14  0.00000  1.36855e+02 | 15  0.00000  1.02040e+02
 16  0.00000  6.51397e+01 | 17  0.00000  4.69526e+01 | 18  0.00000  7.22746e+00
 19  0.00000 -5.30360e+01 | 20  0.00000 -9.55978e+01 | 21  0.00000 -1.46032e+02
 22  0.00000 -1.99576e+02 | 23  0.00000 -1.98538e+02 | 24  0.00000 -2.03669e+02
 25  0.00000 -2.21698e+02 | 26  0.00000 -2.16087e+02 | 27  0.00000 -2.27214e+02
 28  0.00000 -1.80210e+02 | 29  0.00000 -1.11725e+02 | 30  0.00000 -4.39168e+01
 31  0.00000 -5.95254e+00 | 32  0.00000 -2.99115e+01 | 33  0.00000 -9.10170e+01
 34  0.00000 -1.19425e+02 | 35  0.00000 -9.83792e+01 | 36  0.00000 -6.22869e+01
 37  0.00000 -3.54268e+01 | 38  0.00000 -3.71705e+01 | 39  0.00000 -1.89490e+01
 40  0.00000  4.80562e+01 | 41  0.00000  7.67545e+01 | 42  0.00000  6.83767e+01
 43  0.00000  3.81736e+01 | 44  0.00000  3.43897e+01 | 45  0.00000  4.12607e+01
 46  0.00000  9.94285e+01 | 47  0.00000  1.03556e+02 | 48  0.00000  7.61083e+01
 49  0.00000  3.37029e+01 | 50  0.00000  3.08139e+01 | 51  0.00000  4.20211e+01
 52  0.00000  4.96192e+01 | 53  0.00000  4.45192e+01 | 54  0.00000  2.73585e+01
 55  0.00000  1.61195e+01 | 56 -0.00258 -6.47894e-02 | 57  0.00001  1.08409e-01
 58  0.00000  0.00000e+00 | 59 -0.80800 -5.54778e+00 | 60  0.08611  1.26008e+02

Intermediate statistics: 60 variables; iteration 20; function evaluation 33; phase 2
Function value 2.5499447e+02; maximum gradient component mag -1.1498e+03
Var    Value     Gradient |Var    Value     Gradient |Var    Value     Gradient
  1  0.03227 -7.44313e+02 |  2  0.00465 -8.75495e+02 |  3 -0.04861 -1.39390e+01
  4 -0.02520  2.32548e+00 |  5 -0.02015  8.45761e+00 |  6 -0.01933  1.09190e+01
  7 -0.01410  1.71331e+01 |  8 -0.00576  2.43320e+01 |  9 -0.00395  2.97435e+01
 10  0.02345  4.76708e+01 | 11  0.01082  5.14084e+01 | 12 -0.00632  5.59752e+01
 13 -0.00917  5.87130e+01 | 14 -0.00678  5.87616e+01 | 15  0.00099  6.23270e+01
 16  0.01451  6.74885e+01 | 17  0.00378  4.88249e+01 | 18 -0.00724  1.59244e+01
 19  0.02448  1.39131e+01 | 20  0.00585 -5.18566e+00 | 21 -0.00470 -1.26532e+01
 22  0.07297  1.31392e+01 | 23  0.01485 -2.34952e+01 | 24 -0.03198 -5.94462e+01
 25  0.04769 -4.75306e+01 | 26 -0.04008 -4.98809e+01 | 27  0.06599  1.45169e+01
 28  0.02030  2.03049e+01 | 29  0.01047  3.40596e+01 | 30  0.00069  4.44358e+01
 31 -0.00652  4.87671e+01 | 32 -0.01017  3.26837e+01 | 33  0.01438  2.60982e+01
 34  0.03265  7.11225e+00 | 35  0.00044 -2.64712e+01 | 36  0.00070 -2.53353e+01
 37 -0.00164 -1.48593e+01 | 38  0.01803 -3.42568e+00 | 39  0.02003  5.68087e-01
 40 -0.01971 -2.27199e+00 | 41 -0.01402  8.37926e+00 | 42 -0.01038  7.25562e+00
 43  0.00797  4.76722e+00 | 44 -0.00270 -3.30313e+00 | 45  0.00850  2.42441e+00
 46 -0.02054  1.28031e+01 | 47 -0.01363  1.89928e+01 | 48 -0.01553  5.15659e+00
 49  0.01250  3.48371e+00 | 50  0.00274 -2.31573e+00 | 51 -0.00501 -4.28068e+00
 52 -0.00476 -3.27302e+00 | 53 -0.00654 -1.02453e+01 | 54 -0.01315 -2.21691e+01
 55 -0.03552 -3.03596e+01 | 56 -0.00835 -4.44420e+00 | 57 -0.00038 -1.44823e-01
 58  0.00000  0.00000e+00 | 59 -0.80480 -1.14977e+03 | 60  0.08168  1.15650e+01
60 variables; iteration 40; function evaluation 60; phase 2
Function value 2.4637544e+02; maximum gradient component mag -2.0598e+02
Var    Value     Gradient |Var    Value     Gradient |Var    Value     Gradient
  1  0.03007 -2.67775e+01 |  2  0.00508 -1.24147e+02 |  3 -0.01895  2.44109e+01
  4 -0.01293  2.30502e+01 |  5 -0.01376  1.59088e+01 |  6 -0.02010  3.47730e+00
  7 -0.01730  3.78475e+00 |  8 -0.00894  1.25814e+01 |  9 -0.00745  1.93051e+01
 10  0.01440  2.30477e+01 | 11  0.00082  1.98362e+01 | 12 -0.01978  1.53218e+01
 13 -0.02422  9.39439e+00 | 14 -0.01834  1.03514e+01 | 15 -0.00772  1.56196e+01
 16  0.01958  3.00758e+01 | 17 -0.00780  4.70406e+00 | 18 -0.00178  3.61246e+00
 19  0.02983  3.12464e+00 | 20  0.00318 -1.43771e+01 | 21  0.01576 -1.03529e+01
 22  0.07034 -2.02219e+01 | 23 -0.00234 -3.43909e+01 | 24  0.01531 -2.87916e+01
 25  0.04992 -1.65666e+01 | 26 -0.01763 -3.19760e+01 | 27  0.06502 -1.64159e+01
 28  0.00478 -2.70744e+01 | 29  0.01069 -1.01789e+01 | 30  0.00132  3.16909e-01
 31 -0.03008 -1.44726e+01 | 32 -0.01136 -4.58602e+00 | 33  0.01828 -1.06629e+01
 34  0.01832 -2.59880e+01 | 35  0.01385 -1.74889e+01 | 36  0.01741 -6.45815e+00
 37 -0.00428 -1.55022e+01 | 38  0.00952 -1.16600e+01 | 39  0.02538  8.80871e+00
 40 -0.01338  7.36134e+00 | 41 -0.02978 -8.98847e+00 | 42 -0.01281  1.17704e+00
 43  0.00320  1.02050e+00 | 44 -0.00355  2.81674e+00 | 45  0.00766  9.73595e+00
 46 -0.02188  1.31323e+01 | 47 -0.02513  3.04254e+00 | 48 -0.02499 -5.33000e+00
 49  0.01202  7.70023e+00 | 50 -0.00128  3.23699e+00 | 51 -0.00583  2.74944e+00
 52 -0.00721 -1.53384e+00 | 53 -0.02026 -1.73148e+01 | 54 -0.01161 -1.16860e+01
 55 -0.00513  3.62311e+00 | 56 -0.00176  2.63371e+00 | 57 -0.00021 -7.65678e-03
 58  0.00000  0.00000e+00 | 59 -0.80039 -2.05976e+02 | 60  0.08423  4.20236e+00
60 variables; iteration 60; function evaluation 94; phase 2
Function value 2.4372315e+02; maximum gradient component mag -2.4459e+02
Var    Value     Gradient |Var    Value     Gradient |Var    Value     Gradient
  1  0.02980 -2.44593e+02 |  2 -0.00672 -4.37813e+01 |  3 -0.03002  4.33507e+00
  4 -0.01994  4.93152e+00 |  5 -0.01672  5.33655e+00 |  6 -0.01248  7.55038e+00
  7 -0.01826  7.36548e-01 |  8 -0.00950  6.14167e+00 |  9 -0.01089  6.13259e+00
 10  0.01467  3.88266e+00 | 11 -0.00557 -1.49600e+00 | 12 -0.02148  4.88825e+00
 13 -0.02246  5.22651e+00 | 14 -0.01972  2.33610e-01 | 15 -0.00583 -2.70415e-01
 16  0.00863 -6.23139e+00 | 17 -0.00032 -5.60316e+00 | 18 -0.00338 -7.61755e+00
 19  0.02545 -7.63769e+00 | 20  0.01685 -8.50229e+00 | 21  0.01044 -1.53597e+01
 22  0.06736 -1.95851e+01 | 23  0.01758 -1.41102e+01 | 24  0.02663 -8.35180e+00
 25  0.03794 -9.01902e+00 | 26  0.01194 -9.82532e+00 | 27  0.05072 -1.78692e+01
 28  0.02241 -1.75670e+01 | 29  0.00561 -1.48199e+01 | 30 -0.01063 -1.33500e+01
 31 -0.02111 -8.34989e+00 | 32 -0.01579 -8.57191e+00 | 33  0.01312 -1.00952e+01
 34  0.02662 -6.61067e+00 | 35  0.01654  7.41575e-01 | 36  0.01256  3.86826e+00
 37  0.00767  4.72882e+00 | 38  0.01681 -3.05275e-01 | 39  0.01445 -2.87499e+00
 40 -0.01508  6.77751e+00 | 41 -0.02203  4.57837e+00 | 42 -0.01808  2.58234e+00
 43  0.00336  4.34098e+00 | 44 -0.00557  1.05709e+00 | 45  0.00529  2.49199e+00
 46 -0.03053  2.40828e+00 | 47 -0.02537  3.74553e+00 | 48 -0.01961  1.07347e+00
 49  0.00133 -3.72307e+00 | 50  0.00079  1.68637e+00 | 51 -0.01185 -2.28186e+00
 52 -0.01223  1.78064e-01 | 53 -0.01291  1.64459e+00 | 54 -0.00515  7.29533e+00
 55 -0.01472  2.87739e+00 | 56 -0.01079 -4.92030e+00 | 57  0.00158  1.35560e+00
 58  0.00000  0.00000e+00 | 59 -0.78977 -7.30514e+01 | 60  0.08551  1.69414e+00
Maximum number of function evaluations exceeded

 - final statistics:
60 variables; iteration 65; function evaluation 100
Function value 2.4349e+02; maximum gradient component mag -2.8946e+02
Exit code = 3;  converg criter 1.0000e+01
Var    Value     Gradient |Var    Value     Gradient |Var    Value     Gradient
  1  0.02967 -2.89461e+02 |  2 -0.00949 -4.83547e+01 |  3 -0.03061  2.61413e+00
  4 -0.02022  2.48596e+00 |  5 -0.01881  1.03579e+00 |  6 -0.01405  4.17933e+00
  7 -0.01501  2.09381e+00 |  8 -0.01086  2.95759e+00 |  9 -0.01218  2.56264e+00
 10  0.01353  1.87422e-01 | 11 -0.00204 -3.95217e-01 | 12 -0.02345  1.51290e+00
 13 -0.02399  1.51063e+00 | 14 -0.01925 -1.38844e+00 | 15 -0.00589 -2.39984e+00
 16  0.00754 -8.62946e+00 | 17  0.00107 -5.08246e+00 | 18 -0.00331 -8.17648e+00
 19  0.02422 -8.57994e+00 | 20  0.01913 -5.27866e+00 | 21  0.01284 -1.12788e+01
 22  0.06564 -1.47320e+01 | 23  0.02357 -7.43841e+00 | 24  0.02607 -5.26098e+00
 25  0.03626 -7.65548e+00 | 26  0.01480 -5.89534e+00 | 27  0.04896 -1.34003e+01
 28  0.02569 -1.09055e+01 | 29  0.00474 -1.05187e+01 | 30 -0.00982 -9.01254e+00
 31 -0.02063 -4.85014e+00 | 32 -0.01622 -5.68998e+00 | 33  0.01346 -5.52510e+00
 34  0.02710 -2.23669e+00 | 35  0.01663  2.86109e+00 | 36  0.01218  4.30784e+00
 37  0.00689  4.91573e+00 | 38  0.01814  2.04541e+00 | 39  0.01477 -1.79466e+00
 40 -0.01778  4.51983e+00 | 41 -0.02036  6.62932e+00 | 42 -0.01876  2.37879e+00
 43  0.00238  3.87996e+00 | 44 -0.00459  2.79619e+00 | 45  0.00478  2.58732e+00
 46 -0.03100  2.20256e+00 | 47 -0.02678  2.84489e+00 | 48 -0.01943  2.81129e+00
 49  0.00352 -2.22070e-01 | 50 -0.00263  5.48495e-01 | 51 -0.01032  5.12581e-01
 52 -0.01234  2.01895e+00 | 53 -0.01170  3.79541e+00 | 54 -0.00771  5.50785e+00
 55 -0.01568  3.14152e+00 | 56 -0.00519 -2.03878e-01 | 57 -0.00109 -6.64143e-01
 58  0.00000  0.00000e+00 | 59 -0.78713 -7.04757e+01 | 60  0.08574  9.04477e-01

Initial statistics: 81 variables; iteration 0; function evaluation 0; phase 3
Function value 2.4348807e+02; maximum gradient component mag 3.3157e+02
Var    Value     Gradient |Var    Value     Gradient |Var    Value     Gradient
  1  0.02967 -2.89461e+02 |  2 -0.00949 -4.83547e+01 |  3 -0.03058  4.02849e+00
  4 -0.02019  3.90123e+00 |  5 -0.01878  2.45116e+00 |  6 -0.01402  5.59498e+00
  7 -0.01498  3.50941e+00 |  8 -0.01083  4.37337e+00 |  9 -0.01215  3.97837e+00
 10  0.01356  1.60309e+00 | 11 -0.00201  1.02076e+00 | 12 -0.02342  2.92793e+00
 13 -0.02395  2.92561e+00 | 14 -0.01922  2.68934e-02 | 15 -0.00586 -9.83914e-01
 16  0.00757 -7.21357e+00 | 17  0.00110 -3.66648e+00 | 18 -0.00328 -6.76051e+00
 19  0.02425 -7.16497e+00 | 20  0.01916 -3.86331e+00 | 21  0.01287 -9.86305e+00
 22  0.06567 -1.33234e+01 | 23  0.02360 -6.02338e+00 | 24  0.02610 -3.84617e+00
 25  0.03629 -6.24178e+00 | 26  0.01483 -4.47973e+00 | 27  0.04899 -1.19885e+01
 28  0.02572 -9.49069e+00 | 29  0.00478 -9.10279e+00 | 30 -0.00978 -7.59673e+00
 31 -0.02059 -3.43490e+00 | 32 -0.01619 -4.27446e+00 | 33  0.01349 -4.10943e+00
 34  0.02714 -8.21987e-01 | 35  0.01666  4.27658e+00 | 36  0.01222  5.72356e+00
 37  0.00692  6.33162e+00 | 38  0.01817  3.46082e+00 | 39  0.01480 -3.79058e-01
 40 -0.01775  5.93527e+00 | 41 -0.02033  8.04459e+00 | 42 -0.01873  3.79416e+00
 43  0.00241  5.29594e+00 | 44 -0.00456  4.21214e+00 | 45  0.00481  4.00326e+00
 46 -0.03097  3.61687e+00 | 47 -0.02675  4.25963e+00 | 48 -0.01940  4.22663e+00
 49  0.00355  1.19389e+00 | 50 -0.00260  1.96447e+00 | 51 -0.01029  1.92838e+00
 52 -0.01231  3.43467e+00 | 53 -0.01167  5.21116e+00 | 54 -0.00768  6.92373e+00
 55 -0.01565  4.55709e+00 | 56 -0.00519 -2.03878e-01 | 57 -0.00109 -6.64143e-01
 58  0.00000  0.00000e+00 | 59 -0.78713 -7.04757e+01 | 60  0.15750  1.44276e+02
 61  0.11882  3.31573e+02 | 62  0.18136 -1.38439e+02 | 63  0.00000  6.97464e-08
 64  0.04882  1.73173e+01 | 65  0.14583  5.19531e+01 | 66  0.09318  7.95090e-01
 67  0.16085 -8.20141e+01 | 68 -0.00834 -6.46432e-02 | 69 -0.18861 -3.16276e+00
 70  0.13345  1.75730e+01 | 71  0.07006  1.34499e+00 | 72  0.12724 -2.32177e+01
 73  0.00000 -1.76643e-31 | 74  0.02433  1.21145e+01 | 75 -0.07193  3.19193e+01
 76 -0.23992  1.11231e-03 | 77  0.09994 -2.35130e+01 | 78  0.72825  6.10402e+00
 79 -0.16370  1.15230e+01 | 80  0.08574  9.04477e-01 | 81 -0.66511  1.73805e-01

Intermediate statistics: 81 variables; iteration 20; function evaluation 26; phase 3
Function value 2.4294762e+02; maximum gradient component mag -2.7239e+02
Var    Value     Gradient |Var    Value     Gradient |Var    Value     Gradient
  1  0.03023 -2.72388e+02 |  2 -0.01445 -3.90653e+01 |  3 -0.02903  3.14349e+00
  4 -0.01992  2.80968e+00 |  5 -0.01643  2.98182e+00 |  6 -0.01559  2.70050e+00
  7 -0.01330  2.90870e+00 |  8 -0.01044  2.14948e+00 |  9 -0.01286  1.47249e+00
 10  0.01387  1.15788e+00 | 11  0.00040  2.77289e+00 | 12 -0.02288  3.33308e+00
 13 -0.02438  3.18250e+00 | 14 -0.01820  2.86471e+00 | 15 -0.00712  2.30145e+00
 16  0.01020  1.84097e+00 | 17 -0.00312  2.62340e-01 | 18 -0.00108  1.37387e+00
 19  0.02424  8.10010e-01 | 20  0.01412 -4.35627e-01 | 21  0.01992 -3.24761e-01
 22  0.06134 -6.03510e+00 | 23  0.02464 -1.79058e+00 | 24  0.02379 -1.44805e+00
 25  0.03684 -2.52182e+00 | 26  0.01452 -2.78460e+00 | 27  0.04932 -8.52728e+00
 28  0.02418 -7.79282e+00 | 29  0.00583 -6.06550e+00 | 30 -0.00893 -5.33751e+00
 31 -0.02226 -5.00225e+00 | 32 -0.01631 -5.53907e+00 | 33  0.01188 -6.54769e+00
 34  0.02781 -3.53972e+00 | 35  0.01542 -2.47083e-01 | 36  0.01059  3.59620e-01
 37  0.00433  1.19560e-01 | 38  0.01656 -1.76031e+00 | 39  0.01834 -1.91903e+00
 40 -0.01890 -3.84598e-03 | 41 -0.02194  4.85434e-01 | 42 -0.01669  3.50182e-02
 43  0.00173 -1.20001e+00 | 44 -0.00355 -7.64387e-01 | 45  0.00532 -1.79371e+00
 46 -0.03042 -5.91342e-01 | 47 -0.02726 -9.28158e-01 | 48 -0.02022 -1.05689e+00
 49  0.00544 -1.73290e+00 | 50 -0.00252 -1.25305e+00 | 51 -0.00903 -1.97133e-01
 52 -0.01169  6.02168e-01 | 53 -0.01175  1.77610e+00 | 54 -0.00946  2.84984e+00
 55 -0.01583  3.34564e+00 | 56 -0.00551  1.15281e-01 | 57 -0.00010  1.08914e-01
 58  0.00000  0.00000e+00 | 59 -0.78446 -4.67958e+01 | 60  0.14325  4.03574e+01
 61  0.12252  2.28473e+02 | 62  0.17994  5.37203e+01 | 63  0.00015  7.27555e-07
 64  0.04268  3.67773e+00 | 65  0.14138  4.38174e+01 | 66  0.09533  9.24614e+00
 67  0.15983 -6.30968e+01 | 68 -0.01166  1.96922e-04 | 69 -0.19414 -3.52599e+00
 70  0.12956 -1.67553e+01 | 71  0.07268  1.70864e-01 | 72  0.12724  3.63478e+01
 73  0.00000 -6.52668e-31 | 74  0.02372  6.26332e+00 | 75 -0.07373  7.11331e+00
 76 -0.23992  6.40671e-04 | 77  0.10022  4.42170e+00 | 78  0.73368  3.07404e+00
 79 -0.16904  3.80146e+00 | 80  0.08413  4.70488e+00 | 81 -0.66834 -2.22017e+00
81 variables; iteration 40; function evaluation 50; phase 3
Function value 2.4279522e+02; maximum gradient component mag 2.4553e+02
Var    Value     Gradient |Var    Value     Gradient |Var    Value     Gradient
  1  0.03047 -3.29925e+01 |  2 -0.01515  2.04731e+01 |  3 -0.02886  9.98334e-01
  4 -0.01950  1.00211e+00 |  5 -0.01664  5.96972e-01 |  6 -0.01532  5.69753e-01
  7 -0.01336  5.16694e-01 |  8 -0.01032  3.43066e-01 |  9 -0.01271  2.66790e-01
 10  0.01428  2.11490e-01 | 11  0.00050  3.77217e-01 | 12 -0.02299  3.04777e-01
 13 -0.02493  5.22596e-02 | 14 -0.01897  3.04075e-01 | 15 -0.00690  1.10107e+00
 16  0.00931  1.27052e+00 | 17 -0.00266  1.55086e+00 | 18 -0.00178  1.38990e+00
 19  0.02326  2.27234e-01 | 20  0.01485 -4.01958e-01 | 21  0.01774 -9.84491e-01
 22  0.06212 -1.96698e+00 | 23  0.02440 -1.92046e-01 | 24  0.02271 -8.22155e-01
 25  0.03729 -5.15929e-02 | 26  0.01455 -6.79230e-01 | 27  0.04901 -2.71393e+00
 28  0.02567 -1.90844e+00 | 29  0.00528 -2.72417e+00 | 30 -0.00810 -1.98001e+00
 31 -0.02226 -2.77349e+00 | 32 -0.01644 -2.68090e+00 | 33  0.01183 -2.49177e+00
 34  0.02734 -1.10173e+00 | 35  0.01512 -2.95797e-02 | 36  0.01016 -2.81014e-01
 37  0.00370 -1.16453e+00 | 38  0.01631 -2.35478e+00 | 39  0.01845 -1.76471e+00
 40 -0.01873 -3.38886e-01 | 41 -0.02182  2.55066e-01 | 42 -0.01655  1.37924e-01
 43  0.00189 -7.31053e-01 | 44 -0.00356 -6.26277e-01 | 45  0.00589 -3.79122e-01
 46 -0.03004  3.74088e-01 | 47 -0.02649  9.73231e-01 | 48 -0.01939  9.85444e-01
 49  0.00602  4.44977e-01 | 50 -0.00196 -1.67517e-01 | 51 -0.00894 -2.47685e-01
 52 -0.01154  6.30033e-02 | 53 -0.01170  6.41471e-01 | 54 -0.00937  1.21155e+00
 55 -0.01601  1.15028e+00 | 56 -0.00564 -2.87188e-02 | 57 -0.00021  1.44287e-02
 58  0.00000  0.00000e+00 | 59 -0.78492  2.18200e+01 | 60  0.14257  6.02354e+01
 61  0.12263  2.45531e+02 | 62  0.17923  6.44959e+00 | 63 -0.02934 -1.44873e-04
 64  0.04082  1.59540e+00 | 65  0.13980  7.01759e+01 | 66  0.09598  1.58967e+02
 67  0.16079  8.37155e+00 | 68 -0.08597  2.40627e-04 | 69 -0.19245  1.51856e+00
 70  0.12923 -9.67371e+00 | 71  0.07306  4.16318e-01 | 72  0.12683  2.06005e+01
 73  0.00000 -7.31364e-31 | 74  0.02256  7.41039e-01 | 75 -0.07536 -4.21568e+00
 76 -0.24000  1.81546e-04 | 77  0.09938  9.57881e+00 | 78  0.73546  5.82505e-01
 79 -0.17082  7.82966e-01 | 80  0.08373  7.32833e-01 | 81 -0.66762 -2.57725e-01
81 variables; iteration 60; function evaluation 81; phase 3
Function value 2.4273840e+02; maximum gradient component mag 2.1419e+02
Var    Value     Gradient |Var    Value     Gradient |Var    Value     Gradient
  1  0.03068  1.05958e+02 |  2 -0.01641  4.71694e+01 |  3 -0.02871  3.83870e-02
  4 -0.01953 -1.23719e-01 |  5 -0.01695 -7.48058e-01 |  6 -0.01514 -2.80868e-01
  7 -0.01330 -3.40240e-01 |  8 -0.01012 -2.78909e-01 |  9 -0.01263 -4.69239e-01
 10  0.01428 -4.05451e-01 | 11  0.00089  4.59497e-02 | 12 -0.02245  2.01314e-01
 13 -0.02446 -9.22061e-02 | 14 -0.01928 -8.92280e-01 | 15 -0.00715 -4.82492e-01
 16  0.00872 -7.86942e-01 | 17 -0.00308 -3.91284e-01 | 18 -0.00284 -1.06206e+00
 19  0.02299 -8.10950e-01 | 20  0.01484 -1.71287e-01 | 21  0.01773 -1.96231e-01
 22  0.06215 -3.63038e-02 | 23  0.02313 -3.05799e-01 | 24  0.02399  2.10953e-01
 25  0.03602 -2.70779e-01 | 26  0.01419 -1.19500e-01 | 27  0.04956  9.28722e-01
 28  0.02536  1.06446e+00 | 29  0.00565  2.78919e-01 | 30 -0.00840  6.21999e-01
 31 -0.02172  6.58038e-01 | 32 -0.01603  1.00733e+00 | 33  0.01174  5.86287e-01
 34  0.02696  1.36058e-01 | 35  0.01460 -1.72427e-01 | 36  0.00970  8.13795e-02
 37  0.00369  2.63823e-01 | 38  0.01704  7.47333e-01 | 39  0.01854  8.41063e-01
 40 -0.01845  6.05293e-01 | 41 -0.02161  6.46835e-01 | 42 -0.01689  9.51469e-02
 43  0.00238  5.67496e-01 | 44 -0.00314  5.33683e-01 | 45  0.00598  5.27857e-01
 46 -0.02988  4.06814e-01 | 47 -0.02657  4.46265e-01 | 48 -0.01971  8.14452e-02
 49  0.00634  7.19222e-01 | 50 -0.00145  6.94935e-01 | 51 -0.00843  5.40487e-01
 52 -0.01131  1.83603e-01 | 53 -0.01162 -3.86356e-02 | 54 -0.00949 -1.61087e-01
 55 -0.01587 -7.65363e-02 | 56 -0.00543  3.84491e-02 | 57 -0.00015  5.83148e-02
 58  0.00000  0.00000e+00 | 59 -0.78446  5.42959e+01 | 60  0.14105  2.72772e+01
 61  0.12282  8.64564e+01 | 62  0.17864 -7.62718e+00 | 63 -0.18840 -9.57841e-04
 64  0.04146  5.31102e-01 | 65  0.13902  8.03430e+01 | 66  0.09629  2.14192e+02
 67  0.16087  2.85641e+01 | 68 -0.12847  2.29384e-02 | 69 -0.19056  4.94782e+00
 70  0.12887  3.99059e+00 | 71  0.07325  1.18596e+00 | 72  0.12609 -7.28005e+00
 73  0.00000 -6.75425e-31 | 74  0.02194 -7.19661e-01 | 75 -0.07602 -3.85267e-01
 76 -0.24029  3.59460e-05 | 77  0.09845 -1.32178e+00 | 78  0.73560 -6.10226e-01
 79 -0.17231 -1.07699e+00 | 80  0.08310 -1.20530e+00 | 81 -0.66855 -2.64016e-01
Maximum number of function evaluations exceeded

 - final statistics:
81 variables; iteration 73; function evaluation 100
Function value 2.4272e+02; maximum gradient component mag 1.7657e+02
Exit code = 3;  converg criter 1.0000e+00
Var    Value     Gradient |Var    Value     Gradient |Var    Value     Gradient
  1  0.03079  8.59400e+01 |  2 -0.01597  2.83216e+01 |  3 -0.02877 -3.58796e-01
  4 -0.01997 -7.31335e-01 |  5 -0.01607 -1.69452e-01 |  6 -0.01532 -6.43588e-01
  7 -0.01366 -1.01510e+00 |  8 -0.01010 -4.85079e-01 |  9 -0.01234 -6.87739e-02
 10  0.01477  5.49508e-01 | 11  0.00099  3.88926e-01 | 12 -0.02258  3.33559e-02
 13 -0.02415  2.09491e-01 | 14 -0.01917 -7.60767e-01 | 15 -0.00736 -4.00982e-01
 16  0.00885 -4.37741e-02 | 17 -0.00338 -5.69380e-02 | 18 -0.00303 -7.04044e-01
 19  0.02321 -2.30700e-02 | 20  0.01422 -2.83415e-01 | 21  0.01763  6.33818e-02
 22  0.06210  1.00746e+00 | 23  0.02315  2.11554e-01 | 24  0.02342  1.22310e-01
 25  0.03614  4.64888e-02 | 26  0.01418 -3.38069e-02 | 27  0.04963  1.23601e+00
 28  0.02486  9.66155e-01 | 29  0.00551  6.10929e-01 | 30 -0.00805  1.55548e+00
 31 -0.02164  1.13561e+00 | 32 -0.01612  1.01377e+00 | 33  0.01126  2.78973e-01
 34  0.02745  7.46183e-01 | 35  0.01437  6.19924e-03 | 36  0.00959  2.20844e-01
 37  0.00356  1.76961e-01 | 38  0.01698  6.19297e-01 | 39  0.01881  8.33002e-01
 40 -0.01858  3.76839e-02 | 41 -0.02171  7.25485e-02 | 42 -0.01649  7.28268e-02
 43  0.00238  4.15604e-02 | 44 -0.00334 -2.33730e-01 | 45  0.00638  3.20174e-01
 46 -0.03009 -2.07078e-01 | 47 -0.02658  2.55666e-01 | 48 -0.01857  8.69440e-01
 49  0.00590 -3.18464e-01 | 50 -0.00161 -2.66530e-01 | 51 -0.00791  3.98555e-01
 52 -0.01120 -1.68791e-01 | 53 -0.01158 -5.06988e-01 | 54 -0.00967 -8.83383e-01
 55 -0.01601 -7.17410e-01 | 56 -0.00562 -1.67613e-01 | 57 -0.00023 -1.63826e-02
 58  0.00000  0.00000e+00 | 59 -0.78514  3.23898e+01 | 60  0.13673  1.44128e+01
 61  0.12378  5.01653e+01 | 62  0.17733 -4.86515e+00 | 63 -0.31772 -1.71253e-03
 64  0.04181  5.55056e-01 | 65  0.13859  7.15101e+01 | 66  0.09649  1.76566e+02
 67  0.16073  1.72345e+01 | 68 -0.12803  1.22536e-03 | 69 -0.19099  2.91391e+00
 70  0.12873  3.19248e+00 | 71  0.07296  5.57345e-01 | 72  0.12610 -6.82089e+00
 73  0.00000 -7.57391e-31 | 74  0.02190 -4.94389e-01 | 75 -0.07625  1.57292e-01
 76 -0.24071  4.46981e-05 | 77  0.09834 -1.95861e+00 | 78  0.73589 -3.04346e-01
 79 -0.17215 -3.19112e-01 | 80  0.08317 -3.28807e-01 | 81 -0.66796  1.92142e-01

Initial statistics: 91 variables; iteration 0; function evaluation 0; phase 4
Function value 2.4272085e+02; maximum gradient component mag 1.7657e+02
Var    Value     Gradient |Var    Value     Gradient |Var    Value     Gradient
  1  0.03079  8.59400e+01 |  2 -0.01597  2.83216e+01 |  3  0.00000  2.40338e+01
  4  0.00000  2.65123e+01 |  5  0.00000  2.07390e+01 |  6  0.00000  1.56969e+01
  7  0.00000  1.78603e+01 |  8  0.00000  1.44068e+01 |  9  0.00000  6.58090e+00
 10  0.00000  1.06691e+01 | 11  0.00000  8.68799e+00 | 12  0.00000  1.84343e+01
 13 -0.02878 -4.53600e-01 | 14 -0.01997 -8.26189e-01 | 15 -0.01607 -2.64323e-01
 16 -0.01532 -7.38462e-01 | 17 -0.01367 -1.10998e+00 | 18 -0.01010 -5.79968e-01
 19 -0.01235 -1.63657e-01 | 20  0.01477  4.54633e-01 | 21  0.00098  2.94025e-01
 22 -0.02258 -6.14854e-02 | 23 -0.02415  1.14659e-01 | 24 -0.01917 -8.55625e-01
 25 -0.00736 -4.95877e-01 | 26  0.00885 -1.38666e-01 | 27 -0.00338 -1.51838e-01
 28 -0.00303 -7.98944e-01 | 29  0.02321 -1.17908e-01 | 30  0.01422 -3.78292e-01
 31  0.01763 -3.14829e-02 | 32  0.06209  9.13006e-01 | 33  0.02315  1.16716e-01
 34  0.02342  2.74733e-02 | 35  0.03614 -4.82593e-02 | 36  0.01418 -1.28684e-01
 37  0.04963  1.14139e+00 | 38  0.02486  8.71327e-01 | 39  0.00551  5.16032e-01
 40 -0.00805  1.46058e+00 | 41 -0.02164  1.04077e+00 | 42 -0.01612  9.18899e-01
 43  0.01126  1.84087e-01 | 44  0.02745  6.51370e-01 | 45  0.01437 -8.86776e-02
 46  0.00959  1.25953e-01 | 47  0.00356  8.20612e-02 | 48  0.01698  5.24429e-01
 49  0.01880  7.38142e-01 | 50 -0.01858 -5.71767e-02 | 51 -0.02172 -2.22973e-02
 52 -0.01649 -2.20423e-02 | 53  0.00238 -5.33399e-02 | 54 -0.00334 -3.28630e-01
 55  0.00638  2.25278e-01 | 56 -0.03009 -3.01873e-01 | 57 -0.02658  1.60847e-01
 58 -0.01858  7.74579e-01 | 59  0.00590 -4.13361e-01 | 60 -0.00161 -3.61431e-01
 61 -0.00791  3.03662e-01 | 62 -0.01120 -2.63677e-01 | 63 -0.01158 -6.01873e-01
 64 -0.00967 -9.78273e-01 | 65 -0.01602 -8.12280e-01 | 66 -0.00562 -1.67613e-01
 67 -0.00023 -1.63826e-02 | 68  0.00000  0.00000e+00 | 69 -0.78514  3.23898e+01
 70  0.13673  1.44128e+01 | 71  0.12378  5.01653e+01 | 72  0.17733 -4.86515e+00
 73 -0.31772 -1.71253e-03 | 74  0.04181  5.55056e-01 | 75  0.13859  7.15101e+01
 76  0.09649  1.76566e+02 | 77  0.16073  1.72345e+01 | 78 -0.12803  1.22536e-03
 79 -0.19099  2.91391e+00 | 80  0.12873  3.19248e+00 | 81  0.07296  5.57345e-01
 82  0.12610 -6.82089e+00 | 83  0.00000 -7.57391e-31 | 84  0.02190 -4.94389e-01
 85 -0.07625  1.57292e-01 | 86 -0.24071  4.46981e-05 | 87  0.09834 -1.95861e+00
 88  0.73589 -3.04346e-01 | 89 -0.17215 -3.19112e-01 | 90  0.08317 -3.28807e-01
 91 -0.66796  1.92142e-01 |

Intermediate statistics: 91 variables; iteration 20; function evaluation 28; phase 4
Function value 2.4163561e+02; maximum gradient component mag -2.8895e+02
Var    Value     Gradient |Var    Value     Gradient |Var    Value     Gradient
  1  0.03068 -2.88949e+02 |  2 -0.01550  4.13518e+01 |  3 -0.01653  6.76651e+00
  4 -0.01692  7.75428e+00 |  5 -0.01313  5.22054e+00 |  6 -0.00931  3.12319e+00
  7 -0.01078  3.50958e+00 |  8 -0.00766  2.15711e+00 |  9  0.00154  1.91942e-01
 10 -0.00085  1.60620e+00 | 11  0.00244  8.04215e-01 | 12 -0.00637  2.84751e+00
 13 -0.02445  2.47355e+00 | 14 -0.01808  2.33437e-02 | 15 -0.01681 -1.61366e+00
 16 -0.01698 -2.63692e+00 | 17 -0.01435 -2.66769e+00 | 18 -0.00990 -2.14883e+00
 19 -0.01180 -1.19046e+00 | 20  0.01713 -3.18824e+00 | 21  0.00337 -2.38772e+00
 22 -0.02126 -1.83638e+00 | 23 -0.02367 -3.96123e+00 | 24 -0.01803 -7.74270e+00
 25 -0.00753 -1.35744e+01 | 26  0.00808 -2.06447e+01 | 27 -0.00383 -1.77972e+01
 28 -0.00285 -1.48443e+01 | 29  0.02272 -1.65387e+01 | 30  0.01415 -1.08555e+01
 31  0.01818 -8.18035e+00 | 32  0.06228 -1.44873e+01 | 33  0.02421 -6.08310e+00
 34  0.02373 -5.10919e+00 | 35  0.03557 -5.40824e+00 | 36  0.01475 -1.14119e+00
 37  0.04894 -3.40804e+00 | 38  0.02538 -3.54771e-02 | 39  0.00639  1.83407e+00
 40 -0.00826  3.23163e+00 | 41 -0.02160  4.40471e+00 | 42 -0.01602  5.61249e+00
 43  0.01231  6.31072e+00 | 44  0.02714  6.30572e+00 | 45  0.01458  5.65868e+00
 46  0.01046  5.65730e+00 | 47  0.00434  5.98272e+00 | 48  0.01706  6.80208e+00
 49  0.01792  7.40754e+00 | 50 -0.01911  6.92989e+00 | 51 -0.02256  6.79891e+00
 52 -0.01726  6.77475e+00 | 53  0.00136  6.66034e+00 | 54 -0.00427  6.31680e+00
 55  0.00470  6.12091e+00 | 56 -0.03072  6.02096e+00 | 57 -0.02732  6.31502e+00
 58 -0.01998  6.64208e+00 | 59  0.00457  5.92009e+00 | 60 -0.00285  5.75832e+00
 61 -0.00946  5.92685e+00 | 62 -0.01225  5.73595e+00 | 63 -0.01258  5.69201e+00
 64 -0.01019  5.86158e+00 | 65 -0.01535  6.40439e+00 | 66 -0.00547  4.56882e-02
 67 -0.00022 -8.41758e-05 | 68  0.00000  0.00000e+00 | 69 -0.78555  4.82218e+01
 70  0.14223  2.27736e+01 | 71  0.12258  1.05611e+02 | 72  0.17843  5.24421e+00
 73 -0.31772 -1.71248e-03 | 74  0.04410 -6.62150e-02 | 75  0.13603  9.90272e+01
 76  0.09763  2.62649e+02 | 77  0.15863  1.90234e+01 | 78 -0.12799 -6.40292e-04
 79 -0.18998  4.47855e+00 | 80  0.13121 -1.83437e+01 | 81  0.07106 -1.58321e+00
 82  0.12742  3.50209e+01 | 83  0.00000 -1.01204e-30 | 84  0.02318 -3.02245e+00
 85 -0.07586 -7.20082e+00 | 86 -0.24071 -1.74189e-04 | 87  0.09854  4.80592e+00
 88  0.73557 -1.36469e+00 | 89 -0.17117 -1.89658e+00 | 90  0.08470 -1.85260e+00
 91 -0.66618  6.52149e-01 |
91 variables; iteration 40; function evaluation 53; phase 4
Function value 2.4134517e+02; maximum gradient component mag 1.8073e+02
Var    Value     Gradient |Var    Value     Gradient |Var    Value     Gradient
  1  0.03100 -1.05699e+02 |  2 -0.01499  2.28850e+01 |  3 -0.02342  9.81307e-01
  4 -0.02474  8.88956e-01 |  5 -0.01890  4.34853e-01 |  6 -0.01367 -1.85430e-01
  7 -0.01581 -1.37311e-01 |  8 -0.01125 -1.79846e-01 |  9 -0.00058 -1.54787e+00
 10 -0.00323 -9.44981e-01 | 11  0.00044 -1.81248e+00 | 12 -0.01119 -1.54588e+00
 13 -0.02393 -3.44239e-02 | 14 -0.01715 -1.25984e-01 | 15 -0.01629 -5.84071e-01
 16 -0.01672 -1.19174e+00 | 17 -0.01429 -1.76591e+00 | 18 -0.00958 -1.73172e+00
 19 -0.01148 -1.66703e+00 | 20  0.01778 -3.04440e+00 | 21  0.00377 -2.61984e+00
 22 -0.02065 -1.41519e+00 | 23 -0.02342 -1.77096e+00 | 24 -0.01699 -1.88801e+00
 25 -0.00636 -3.71745e+00 | 26  0.00900 -7.07411e+00 | 27 -0.00365 -7.01790e+00
 28 -0.00236 -5.28523e+00 | 29  0.02365 -4.35610e+00 | 30  0.01476 -2.42137e+00
 31  0.02024 -1.83985e+00 | 32  0.06042 -7.66004e+00 | 33  0.02596 -2.50795e+00
 34  0.02316 -2.56554e+00 | 35  0.03523 -2.03598e+00 | 36  0.01614  4.91656e-01
 37  0.04709 -2.70109e+00 | 38  0.02564 -2.74189e-01 | 39  0.00577  4.06793e-01
 40 -0.00843  1.97061e+00 | 41 -0.02165  2.64769e+00 | 42 -0.01642  2.30414e+00
 43  0.01144  1.29127e+00 | 44  0.02634  9.12912e-01 | 45  0.01408  8.11593e-01
 46  0.00979  6.58923e-01 | 47  0.00390  1.11190e+00 | 48  0.01641  1.42064e+00
 49  0.01698  2.07874e+00 | 50 -0.01931  3.12601e+00 | 51 -0.02268  3.74414e+00
 52 -0.01742  3.93036e+00 | 53  0.00112  3.92056e+00 | 54 -0.00466  3.08961e+00
 55  0.00395  2.55332e+00 | 56 -0.03117  2.30806e+00 | 57 -0.02791  2.57462e+00
 58 -0.02043  3.42062e+00 | 59  0.00434  3.71202e+00 | 60 -0.00324  3.37798e+00
 61 -0.00992  3.30797e+00 | 62 -0.01248  3.11119e+00 | 63 -0.01287  2.73524e+00
 64 -0.01023  2.61766e+00 | 65 -0.01520  2.60827e+00 | 66 -0.00537  1.07170e-01
 67 -0.00022 -5.29449e-03 | 68  0.00000  0.00000e+00 | 69 -0.78689  2.54055e+01
 70  0.14421 -3.86564e+01 | 71  0.12203 -1.51661e+02 | 72  0.17889  1.06453e+01
 73 -0.31627 -1.70327e-03 | 74  0.04431 -2.31219e+00 | 75  0.13506  6.86123e+01
 76  0.09806  1.80729e+02 | 77  0.15795  1.23181e+01 | 78 -0.12192 -6.09151e-04
 79 -0.18840  3.37124e+00 | 80  0.13143 -4.73130e+00 | 81  0.07077 -1.28641e+00
 82  0.12645  5.08565e+00 | 83  0.00000 -9.24725e-31 | 84  0.02374 -1.09922e+00
 85 -0.07607 -2.85971e+00 | 86 -0.24077  9.68914e-05 | 87  0.09840  3.05983e+00
 88  0.73941  3.21446e-01 | 89 -0.17243 -9.07124e-01 | 90  0.08485 -1.42129e+00
 91 -0.66659 -1.09147e-01 |
91 variables; iteration 60; function evaluation 85; phase 4
Function value 2.4130483e+02; maximum gradient component mag -3.0508e+01
Var    Value     Gradient |Var    Value     Gradient |Var    Value     Gradient
  1  0.03099 -3.05082e+01 |  2 -0.01581 -2.27295e+00 |  3 -0.02564 -1.55215e-01
  4 -0.02707 -2.50849e-01 |  5 -0.02098 -2.24811e-01 |  6 -0.01525 -1.92079e-01
  7 -0.01767 -2.85020e-01 |  8 -0.01325 -2.84470e-01 |  9 -0.00101 -2.61759e-01
 10 -0.00425 -1.57733e-01 | 11 -0.00003 -3.85280e-01 | 12 -0.01207 -4.46836e-01
 13 -0.02355  2.06912e-01 | 14 -0.01744  8.17190e-03 | 15 -0.01655  7.24895e-02
 16 -0.01662  1.90249e-01 | 17 -0.01379  7.07497e-02 | 18 -0.00935 -1.60511e-01
 19 -0.01115 -2.08235e-01 | 20  0.01829 -3.09685e-01 | 21  0.00438 -2.49845e-01
 22 -0.02044 -1.27348e-01 | 23 -0.02284 -9.15343e-02 | 24 -0.01700 -2.85295e-01
 25 -0.00647 -4.16930e-01 | 26  0.00917 -8.59585e-01 | 27 -0.00271 -5.82723e-01
 28 -0.00190 -5.55819e-01 | 29  0.02394 -6.03245e-01 | 30  0.01467 -7.00005e-01
 31  0.01888 -2.88721e-01 | 32  0.06338 -6.83718e-01 | 33  0.02439 -4.58701e-01
 34  0.02419 -2.48725e-01 | 35  0.03561 -4.33195e-01 | 36  0.01451 -1.59474e-01
 37  0.04849 -5.30689e-01 | 38  0.02478 -5.90972e-01 | 39  0.00583 -6.33853e-01
 40 -0.00912 -4.58085e-01 | 41 -0.02234 -1.69988e-01 | 42 -0.01684 -1.18646e-01
 43  0.01176 -1.23006e-01 | 44  0.02603 -4.24507e-01 | 45  0.01413 -1.65750e-01
 46  0.01042  8.43720e-02 | 47  0.00429  1.98759e-01 | 48  0.01657  2.81449e-01
 49  0.01701  3.73721e-01 | 50 -0.01988  2.56289e-01 | 51 -0.02312  5.09931e-01
 52 -0.01787  4.59243e-01 | 53  0.00057  4.35254e-01 | 54 -0.00484  7.83836e-01
 55  0.00395  9.95230e-01 | 56 -0.03111  6.57696e-01 | 57 -0.02793  4.78451e-01
 58 -0.02087  5.55453e-01 | 59  0.00389  5.93017e-01 | 60 -0.00351  6.79642e-01
 61 -0.01016  9.25261e-01 | 62 -0.01258  9.90057e-01 | 63 -0.01295  5.81111e-01
 64 -0.01056  1.51870e-01 | 65 -0.01553  2.00683e-01 | 66 -0.00544 -4.37084e-03
 67 -0.00021  9.92816e-04 | 68  0.00000  0.00000e+00 | 69 -0.78606 -2.43090e+00
 70  0.14441 -4.46084e+00 | 71  0.12202 -1.61008e+01 | 72  0.17872  2.08872e+00
 73 -0.31204 -1.67630e-03 | 74  0.04447 -3.21532e-01 | 75  0.13453  1.23070e+01
 76  0.09831  2.55957e+01 | 77  0.15745 -7.43473e-01 | 78 -0.16011 -8.07241e-04
 79 -0.19071 -2.08992e-01 | 80  0.13249 -9.74607e-01 | 81  0.06987 -6.50539e-01
 82  0.12667  6.32928e-01 | 83  0.00000 -8.28217e-31 | 84  0.02401 -1.86327e-01
 85 -0.07501 -5.28552e-01 | 86 -0.24094  3.80853e-05 | 87  0.09885  4.16147e-01
 88  0.73460 -1.01066e-01 | 89 -0.17022 -7.91803e-02 | 90  0.08533 -3.27241e-01
 91 -0.66582  3.37069e-02 |
91 variables; iteration 80; function evaluation 117; phase 4
Function value 2.4130360e+02; maximum gradient component mag 2.5469e+01
Var    Value     Gradient |Var    Value     Gradient |Var    Value     Gradient
  1  0.03099  6.36670e+00 |  2 -0.01582  2.90384e+00 |  3 -0.02570 -3.18206e-02
  4 -0.02699  3.51700e-02 |  5 -0.02102  1.11910e-03 |  6 -0.01538  8.73558e-03
  7 -0.01770  1.95148e-02 |  8 -0.01338 -3.30450e-02 |  9 -0.00119  2.41462e-03
 10 -0.00453  2.43723e-02 | 11 -0.00015 -7.61838e-03 | 12 -0.01204  3.21217e-02
 13 -0.02373  2.42551e-02 | 14 -0.01748 -3.12495e-02 | 15 -0.01662  3.62103e-03
 16 -0.01674  6.04433e-02 | 17 -0.01386  2.01614e-02 | 18 -0.00934 -3.92396e-02
 19 -0.01103  5.25889e-02 | 20  0.01830  4.70029e-02 | 21  0.00440 -5.23772e-03
 22 -0.02038  1.71119e-02 | 23 -0.02290 -1.75734e-02 | 24 -0.01689  6.61554e-02
 25 -0.00656 -2.18934e-03 | 26  0.00925  3.80163e-03 | 27 -0.00271  8.97751e-02
 28 -0.00182  1.48587e-02 | 29  0.02384  1.95677e-03 | 30  0.01503  3.11805e-02
 31  0.01881  1.98913e-02 | 32  0.06337  3.20428e-02 | 33  0.02466  1.49697e-02
 34  0.02407 -4.97948e-04 | 35  0.03570  1.08647e-02 | 36  0.01450  1.45343e-02
 37  0.04842  1.40378e-02 | 38  0.02482 -1.28662e-02 | 39  0.00601  2.16684e-02
 40 -0.00900  5.68911e-02 | 41 -0.02242 -5.30206e-02 | 42 -0.01683 -3.78655e-02
 43  0.01167  7.85046e-03 | 44  0.02614  1.94441e-03 | 45  0.01413 -1.38985e-02
 46  0.01039 -7.93760e-03 | 47  0.00437  3.95489e-02 | 48  0.01657 -2.89475e-02
 49  0.01691 -4.82947e-02 | 50 -0.01973  3.89046e-02 | 51 -0.02327 -4.03579e-02
 52 -0.01793 -4.57327e-02 | 53  0.00067 -6.25154e-03 | 54 -0.00497 -4.89566e-02
 55  0.00374 -5.95713e-02 | 56 -0.03114 -1.13713e-02 | 57 -0.02788 -2.73205e-02
 58 -0.02093 -1.74585e-02 | 59  0.00384 -3.02651e-02 | 60 -0.00350 -1.74062e-02
 61 -0.01032 -4.69022e-02 | 62 -0.01285 -4.43520e-02 | 63 -0.01296  1.91682e-02
 64 -0.01037 -2.85887e-02 | 65 -0.01531  2.57242e-02 | 66 -0.00543  3.29329e-03
 67 -0.00021  4.96679e-03 | 68  0.00000  0.00000e+00 | 69 -0.78603  3.20280e+00
 70  0.14452 -4.50473e-01 | 71  0.12200 -1.88947e+00 | 72  0.17871  6.51943e-02
 73 -0.30428 -1.62744e-03 | 74  0.04448 -3.02710e-02 | 75  0.13429  1.01286e+01
 76  0.09839  2.54685e+01 | 77  0.15731  1.31364e+00 | 78 -0.18435 -9.36069e-04
 79 -0.19023  2.83059e-01 | 80  0.13254 -2.71158e-01 | 81  0.06996 -2.94504e-01
 82  0.12666 -1.04370e-02 | 83  0.00000 -7.83319e-31 | 84  0.02404 -1.88137e-02
 85 -0.07496 -1.38998e-01 | 86 -0.24118  4.20825e-05 | 87  0.09886  1.55162e-01
 88  0.73465 -1.28710e-02 | 89 -0.17019  2.24363e-04 | 90  0.08543  2.02914e-02
 91 -0.66569  9.07506e-03 |
91 variables; iteration 100; function evaluation 152; phase 4
Function value 2.4130322e+02; maximum gradient component mag 1.5725e+01
Var    Value     Gradient |Var    Value     Gradient |Var    Value     Gradient
  1  0.03099  8.79082e+00 |  2 -0.01587  3.02552e+00 |  3 -0.02563  3.42712e-02
  4 -0.02702  5.92651e-03 |  5 -0.02095  6.27536e-02 |  6 -0.01535  2.89373e-02
  7 -0.01774 -1.77153e-02 |  8 -0.01326  7.76119e-02 |  9 -0.00120  1.52575e-02
 10 -0.00457  6.49753e-03 | 11 -0.00006  6.75049e-02 | 12 -0.01210 -6.22403e-03
 13 -0.02372  2.03836e-02 | 14 -0.01747 -3.46619e-02 | 15 -0.01651  6.32464e-02
 16 -0.01691 -1.26658e-01 | 17 -0.01381  3.99932e-02 | 18 -0.00925  4.30429e-02
 19 -0.01113 -3.36543e-02 | 20  0.01830  1.86920e-02 | 21  0.00447  4.16623e-02
 22 -0.02040  4.64744e-03 | 23 -0.02290  1.40856e-02 | 24 -0.01693  1.93410e-02
 25 -0.00655  1.49833e-02 | 26  0.00934  1.36360e-01 | 27 -0.00285  1.09822e-02
 28 -0.00184  3.25423e-02 | 29  0.02391  1.01004e-01 | 30  0.01499  3.65230e-02
 31  0.01877  1.18838e-02 | 32  0.06336  8.27544e-02 | 33  0.02467  5.53047e-02
 34  0.02408  2.77213e-02 | 35  0.03569  3.84876e-02 | 36  0.01449  2.05490e-02
 37  0.04839  6.15998e-02 | 38  0.02489  7.29095e-02 | 39  0.00602  4.23883e-02
 40 -0.00907  7.41897e-03 | 41 -0.02233  7.73853e-02 | 42 -0.01685  6.76945e-03
 43  0.01165  2.26105e-02 | 44  0.02615  4.11609e-02 | 45  0.01411  1.48502e-02
 46  0.01042  2.38030e-03 | 47  0.00429 -4.14214e-02 | 48  0.01661 -4.29548e-03
 49  0.01694 -2.96957e-02 | 50 -0.01977 -3.92841e-02 | 51 -0.02326 -5.12624e-02
 52 -0.01789 -2.42342e-02 | 53  0.00065 -5.71004e-02 | 54 -0.00495 -5.84958e-02
 55  0.00376 -6.78488e-02 | 56 -0.03116 -6.74712e-02 | 57 -0.02785 -3.88146e-02
 58 -0.02095 -7.57883e-02 | 59  0.00387 -5.37807e-02 | 60 -0.00351 -6.90135e-02
 61 -0.01029 -7.32158e-02 | 62 -0.01282 -7.38047e-02 | 63 -0.01301 -7.57375e-02
 64 -0.01030 -1.28615e-02 | 65 -0.01540 -9.29265e-02 | 66 -0.00544 -1.87805e-02
 67 -0.00017  3.19807e-02 | 68  0.00000  0.00000e+00 | 69 -0.78617  3.41417e+00
 70  0.14442  7.23421e-01 | 71  0.12203  2.79991e+00 | 72  0.17868 -2.24329e-01
 73 -0.25561 -1.33384e-03 | 74  0.04448  5.64117e-02 | 75  0.13335  5.41909e+00
 76  0.09878  1.57249e+01 | 77  0.15695  1.43488e+00 | 78 -0.19862 -1.01325e-03
 79 -0.19000  3.14647e-01 | 80  0.13245  1.47945e-01 | 81  0.07045  1.34498e-01
 82  0.12663 -4.67700e-02 | 83  0.00000 -7.27577e-31 | 84  0.02402  2.06520e-02
 85 -0.07497  1.00985e-01 | 86 -0.24233 -2.21968e-06 | 87  0.09885 -9.89066e-02
 88  0.73470  1.46349e-02 | 89 -0.17023  9.93293e-03 | 90  0.08541  2.84256e-02
 91 -0.66572 -8.83878e-03 |
91 variables; iteration 120; function evaluation 173; phase 4
Function value 2.4130289e+02; maximum gradient component mag 1.4295e+00
Var    Value     Gradient |Var    Value     Gradient |Var    Value     Gradient
  1  0.03099  4.15371e-01 |  2 -0.01586  1.95671e-01 |  3 -0.02564  3.86723e-04
  4 -0.02700  4.77477e-04 |  5 -0.02098  6.16738e-04 |  6 -0.01535  5.53239e-04
  7 -0.01768 -1.07093e-04 |  8 -0.01330  7.93250e-04 |  9 -0.00116  1.56641e-04
 10 -0.00452  3.36123e-04 | 11 -0.00008  1.28845e-03 | 12 -0.01204 -2.57931e-04
 13 -0.02374  4.32721e-04 | 14 -0.01743 -1.67754e-04 | 15 -0.01659  8.31491e-04
 16 -0.01678 -1.74442e-03 | 17 -0.01385  6.57834e-04 | 18 -0.00929  4.24650e-04
 19 -0.01109 -2.15771e-04 | 20  0.01830  4.33568e-04 | 21  0.00444  4.68378e-04
 22 -0.02039  1.97362e-04 | 23 -0.02292 -6.79840e-05 | 24 -0.01694  1.73089e-04
 25 -0.00651 -3.12574e-05 | 26  0.00927  1.06097e-03 | 27 -0.00281 -3.80365e-04
 28 -0.00183 -4.40184e-07 | 29  0.02387  7.30325e-04 | 30  0.01499  3.77005e-04
 31  0.01878 -1.50214e-04 | 32  0.06334  3.63933e-04 | 33  0.02464  4.38701e-04
 34  0.02409 -9.59645e-05 | 35  0.03569  2.43024e-04 | 36  0.01449 -3.05266e-05
 37  0.04839  3.32461e-04 | 38  0.02486  6.13637e-04 | 39  0.00603  7.06419e-04
 40 -0.00904  3.64864e-04 | 41 -0.02239  5.25788e-04 | 42 -0.01684 -3.44904e-04
 43  0.01165 -1.26292e-04 | 44  0.02614  3.37752e-05 | 45  0.01410  2.92414e-05
 46  0.01041  1.01924e-04 | 47  0.00431 -5.88159e-04 | 48  0.01658 -7.11427e-05
 49  0.01695  1.44858e-05 | 50 -0.01977 -2.40553e-04 | 51 -0.02324 -3.32193e-05
 52 -0.01790 -6.77480e-04 | 53  0.00066  8.09559e-04 | 54 -0.00495 -1.79491e-03
 55  0.00377  3.34508e-04 | 56 -0.03115 -1.21268e-03 | 57 -0.02787  2.09183e-04
 58 -0.02092 -7.23194e-04 | 59  0.00387 -4.04920e-05 | 60 -0.00350 -2.08046e-04
 61 -0.01029 -1.27668e-03 | 62 -0.01281 -3.81511e-04 | 63 -0.01298 -8.90298e-04
 64 -0.01034  3.58797e-04 | 65 -0.01534 -3.88486e-04 | 66 -0.00542 -1.10592e-04
 67 -0.00021  3.65006e-04 | 68  0.00000  0.00000e+00 | 69 -0.78623  2.20779e-01
 70  0.14441 -2.08713e-02 | 71  0.12203 -9.88477e-02 | 72  0.17868 -3.99731e-03
 73  0.02220  1.09509e-04 | 74  0.04447 -9.62138e-04 | 75  0.13314  5.27122e-01
 76  0.09887  1.42954e+00 | 77  0.15688  9.21190e-02 | 78 -0.03877 -3.84537e-05
 79 -0.19007  2.04586e-02 | 80  0.13247  8.81581e-03 | 81  0.07024  8.85751e-03
 82  0.12664 -1.20806e-03 | 83  0.00000 -7.46356e-31 | 84  0.02402  6.45147e-04
 85 -0.07497  5.59513e-03 | 86 -0.24172  2.17726e-05 | 87  0.09885 -6.02337e-03
 88  0.73469  6.84363e-04 | 89 -0.17023  6.19794e-04 | 90  0.08540  4.47150e-05
 91 -0.66573 -1.66088e-05 |
91 variables; iteration 140; function evaluation 194; phase 4
Function value 2.4130288e+02; maximum gradient component mag 2.5178e-01
Var    Value     Gradient |Var    Value     Gradient |Var    Value     Gradient
  1  0.03099  1.48739e-01 |  2 -0.01586  6.41160e-02 |  3 -0.02564  2.44952e-04
  4 -0.02700  2.30081e-04 |  5 -0.02098  3.37783e-04 |  6 -0.01535  3.41635e-04
  7 -0.01768  1.57171e-04 |  8 -0.01330  3.76697e-04 |  9 -0.00116  3.17698e-04
 10 -0.00452  4.85420e-04 | 11 -0.00008  5.92779e-04 | 12 -0.01204  2.81276e-04
 13 -0.02374  2.14733e-04 | 14 -0.01743 -3.16194e-05 | 15 -0.01659  3.88897e-04
 16 -0.01677 -3.28704e-04 | 17 -0.01386  3.13209e-04 | 18 -0.00929  1.26900e-04
 19 -0.01109 -8.35808e-06 | 20  0.01830  2.84783e-04 | 21  0.00444  3.18071e-04
 22 -0.02039  1.07014e-04 | 23 -0.02292  1.09286e-04 | 24 -0.01694  1.67611e-04
 25 -0.00651  1.65946e-04 | 26  0.00927  6.45975e-04 | 27 -0.00281  2.01467e-04
 28 -0.00183  2.28339e-04 | 29  0.02387  5.32297e-04 | 30  0.01499  1.00842e-04
 31  0.01878  5.43002e-05 | 32  0.06334  4.37513e-04 | 33  0.02464  1.45362e-04
 34  0.02409  7.61410e-05 | 35  0.03569  1.52339e-04 | 36  0.01449  1.29371e-04
 37  0.04839  2.73408e-04 | 38  0.02486  2.48446e-04 | 39  0.00603  1.84782e-04
 40 -0.00904  7.88590e-05 | 41 -0.02239  1.57553e-04 | 42 -0.01684 -2.10115e-05
 43  0.01165  7.47384e-05 | 44  0.02614  4.81726e-06 | 45  0.01410 -5.67645e-05
 46  0.01041 -2.24114e-05 | 47  0.00431 -1.72826e-04 | 48  0.01658 -1.27123e-04
 49  0.01695 -1.86275e-04 | 50 -0.01977 -2.75669e-04 | 51 -0.02324 -2.81356e-04
 52 -0.01790 -1.51698e-04 | 53  0.00066 -2.84707e-04 | 54 -0.00494 -2.11630e-04
 55  0.00377 -2.11794e-04 | 56 -0.03115 -3.92541e-04 | 57 -0.02787 -2.28142e-04
 58 -0.02092 -4.65965e-04 | 59  0.00387 -3.86409e-04 | 60 -0.00350 -2.99129e-04
 61 -0.01029 -4.39426e-04 | 62 -0.01281 -1.67773e-04 | 63 -0.01298 -5.32792e-04
 64 -0.01034 -3.27977e-04 | 65 -0.01534 -4.70885e-04 | 66 -0.00542 -1.89500e-05
 67 -0.00021  9.98987e-05 | 68  0.00000  0.00000e+00 | 69 -0.78624  7.21282e-02
 70  0.14441  3.44825e-03 | 71  0.12203  1.26436e-02 | 72  0.17868 -1.33114e-03
 73 -0.00062 -3.04890e-06 | 74  0.04447  3.56983e-04 | 75  0.13312  7.92544e-02
 76  0.09888  2.51777e-01 | 77  0.15686  2.99580e-02 | 78 -0.02832  1.59435e-04
 79 -0.19007  6.73749e-03 | 80  0.13247  1.07475e-03 | 81  0.07023  1.09691e-03
 82  0.12664 -2.24861e-04 | 83  0.00000 -7.47402e-31 | 84  0.02402  1.11422e-04
 85 -0.07497  9.98218e-04 | 86 -0.24092  5.72177e-05 | 87  0.09885 -1.03013e-03
 88  0.73469  1.34217e-04 | 89 -0.17023  1.35085e-04 | 90  0.08540  9.92538e-05
 91 -0.66573 -2.64160e-05 |
91 variables; iteration 160; function evaluation 216; phase 4
Function value 2.4130288e+02; maximum gradient component mag 4.0722e-03
Var    Value     Gradient |Var    Value     Gradient |Var    Value     Gradient
  1  0.03099  4.07225e-03 |  2 -0.01586  2.96915e-03 |  3 -0.02564 -7.13721e-06
  4 -0.02700 -2.65651e-05 |  5 -0.02098 -2.16667e-05 |  6 -0.01535 -1.24786e-05
  7 -0.01768 -3.97577e-05 |  8 -0.01330 -4.39552e-05 |  9 -0.00116 -4.62297e-05
 10 -0.00452 -9.33493e-06 | 11 -0.00008 -5.76607e-05 | 12 -0.01204 -6.64854e-05
 13 -0.02374  1.36045e-05 | 14 -0.01743 -4.57836e-05 | 15 -0.01659  6.26918e-06
 16 -0.01677 -3.41233e-05 | 17 -0.01386 -3.66348e-06 | 18 -0.00929 -6.99440e-05
 19 -0.01109 -4.38893e-05 | 20  0.01830 -7.56062e-05 | 21  0.00444 -4.54639e-05
 22 -0.02039 -4.09516e-05 | 23 -0.02292 -3.15685e-06 | 24 -0.01694 -3.18689e-05
 25 -0.00651 -6.02962e-05 | 26  0.00927 -8.98455e-05 | 27 -0.00281 -6.86918e-05
 28 -0.00183 -5.20495e-05 | 29  0.02387 -2.40940e-05 | 30  0.01499 -7.86974e-05
 31  0.01878 -2.84721e-05 | 32  0.06334 -4.65833e-05 | 33  0.02464 -4.38215e-05
 34  0.02409 -1.33232e-05 | 35  0.03569 -3.28527e-05 | 36  0.01449  3.03194e-05
 37  0.04839 -1.16958e-05 | 38  0.02486 -3.76412e-05 | 39  0.00603 -5.66477e-05
 40 -0.00904 -2.80296e-05 | 41 -0.02239  1.67165e-05 | 42 -0.01684  3.51457e-05
 43  0.01165  5.12284e-05 | 44  0.02614 -2.35615e-05 | 45  0.01410 -1.40574e-05
 46  0.01041  2.04654e-05 | 47  0.00431  3.48314e-05 | 48  0.01658  2.84287e-05
 49  0.01695  3.56501e-05 | 50 -0.01977  1.11067e-05 | 51 -0.02324  4.87941e-05
 52 -0.01790  5.21468e-05 | 53  0.00066  4.54835e-05 | 54 -0.00494  1.03710e-04
 55  0.00377  1.42455e-04 | 56 -0.03115  5.13236e-05 | 57 -0.02787  5.03535e-05
 58 -0.02092  2.27232e-05 | 59  0.00387  2.75522e-05 | 60 -0.00350  7.08868e-05
 61 -0.01029  9.62281e-05 | 62 -0.01281  1.21346e-04 | 63 -0.01298  1.41934e-05
 64 -0.01034 -2.71123e-05 | 65 -0.01534 -2.24392e-05 | 66 -0.00542 -2.07262e-06
 67 -0.00021  6.58528e-06 | 68  0.00000  0.00000e+00 | 69 -0.78624  3.33199e-03
 70  0.14441  5.90982e-04 | 71  0.12203  2.87062e-03 | 72  0.17868  8.34777e-05
 73 -0.00001 -5.15378e-08 | 74  0.04447  3.35526e-05 | 75  0.13312 -4.10002e-04
 76  0.09887  1.78399e-03 | 77  0.15686  1.50774e-03 | 78 -0.02694  1.05707e-05
 79 -0.19007  3.12387e-04 | 80  0.13247  1.55298e-05 | 81  0.07023  1.06294e-04
 82  0.12664  1.24669e-04 | 83  0.00000 -7.47534e-31 | 84  0.02402 -1.98625e-05
 85 -0.07497  9.88980e-05 | 86 -0.24220  7.98436e-07 | 87  0.09885 -1.23665e-04
 88  0.73469  6.13567e-06 | 89 -0.17023 -4.48893e-06 | 90  0.08540 -3.26368e-05
 91 -0.66573  3.73360e-06 |

 - final statistics:
91 variables; iteration 165; function evaluation 221
Function value 2.4130e+02; maximum gradient component mag 3.8064e-05
Exit code = 1;  converg criter 1.0000e-04
Var    Value     Gradient |Var    Value     Gradient |Var    Value     Gradient
  1  0.03099  3.80641e-05 |  2 -0.01586  1.89263e-07 |  3 -0.02564  1.24951e-07
  4 -0.02700  3.52511e-07 |  5 -0.02098  2.05438e-07 |  6 -0.01535  3.50733e-07
  7 -0.01768  1.07613e-06 |  8 -0.01330  6.39416e-07 |  9 -0.00116  1.29706e-06
 10 -0.00452  1.04087e-06 | 11 -0.00008  8.31357e-07 | 12 -0.01204  1.82315e-06
 13 -0.02374 -1.50898e-07 | 14 -0.01743  9.07171e-07 | 15 -0.01659 -2.88135e-07
 16 -0.01677  2.14679e-06 | 17 -0.01386 -1.14804e-07 | 18 -0.00929  2.88100e-07
 19 -0.01109  8.36316e-07 | 20  0.01830  1.00884e-06 | 21  0.00444  5.89789e-07
 22 -0.02039  3.27576e-07 | 23 -0.02292  2.53642e-07 | 24 -0.01694  4.72305e-07
 25 -0.00651  1.34457e-06 | 26  0.00927  5.76909e-07 | 27 -0.00281  1.51438e-06
 28 -0.00183  7.52941e-07 | 29  0.02387  4.69974e-08 | 30  0.01499  6.54098e-07
 31  0.01878  6.83220e-07 | 32  0.06334  7.87873e-07 | 33  0.02464  2.83766e-07
 34  0.02409  5.83256e-07 | 35  0.03569  3.39263e-07 | 36  0.01449 -2.10726e-07
 37  0.04839  3.13591e-07 | 38  0.02486  8.50312e-08 | 39  0.00603  4.82834e-08
 40 -0.00904  3.54326e-07 | 41 -0.02239 -5.16629e-07 | 42 -0.01684 -1.47378e-07
 43  0.01165 -3.02167e-07 | 44  0.02614 -1.55019e-07 | 45  0.01410 -1.85634e-07
 46  0.01041 -3.33578e-07 | 47  0.00431 -9.50301e-08 | 48  0.01658 -4.56420e-07
 49  0.01695 -4.35075e-07 | 50 -0.01977 -4.98361e-07 | 51 -0.02324 -4.53345e-07
 52 -0.01790 -1.13321e-06 | 53  0.00066 -6.33847e-07 | 54 -0.00494 -1.05987e-06
 55  0.00377 -9.74190e-07 | 56 -0.03115 -5.13462e-07 | 57 -0.02787 -1.08922e-06
 58 -0.02092 -3.04852e-07 | 59  0.00387 -9.05022e-07 | 60 -0.00350 -1.06182e-06
 61 -0.01029 -2.57171e-07 | 62 -0.01281 -1.10387e-06 | 63 -0.01298 -1.86396e-07
 64 -0.01034 -9.90529e-07 | 65 -0.01534 -2.37948e-07 | 66 -0.00542  5.24521e-08
 67 -0.00021 -3.55374e-07 | 68  0.00000  0.00000e+00 | 69 -0.78624 -2.29832e-07
 70  0.14441  2.90691e-06 | 71  0.12203  1.06615e-05 | 72  0.17868  3.76111e-07
 73 -0.00000 -6.97721e-10 | 74  0.04447  3.98820e-07 | 75  0.13312  5.06267e-06
 76  0.09887  1.22577e-05 | 77  0.15686 -1.58255e-06 | 78 -0.02694  3.56654e-08
 79 -0.19007  1.70308e-07 | 80  0.13247 -2.63794e-06 | 81  0.07023 -3.70245e-06
 82  0.12664 -1.26499e-06 | 83  0.00000 -7.47548e-31 | 84  0.02402  2.30790e-07
 85 -0.07497 -2.47677e-06 | 86 -0.24222 -3.74432e-09 | 87  0.09885  2.83706e-06
 88  0.73469 -2.32394e-07 | 89 -0.17023 -1.51102e-07 | 90  0.08540  3.51541e-07
 91 -0.66573 -3.49084e-08 |
size of file gradfil1.tmp = 0
size of file gradfil2.tmp = 0
size of file varssave.tmp = 0
size of file cmpdiff.tmp = 0
