
Initial statistics: 6 variables; iteration 0; function evaluation 0; phase 1
Function value 2.7839490e+03; maximum gradient component mag 1.0493e+05
Var    Value     Gradient |Var    Value     Gradient |Var    Value     Gradient
  1  0.05168  1.04933e+05 |  2 -0.01278  5.21126e+04 |  3  0.00000 -4.29998e-02
  4  0.00000  1.88218e-03 |  5  0.00000  0.00000e+00 |  6 -0.76499  5.23664e+04

Intermediate statistics: 6 variables; iteration 20; function evaluation 42; phase 1
Function value 3.5464550e+02; maximum gradient component mag -7.2440e+02
Var    Value     Gradient |Var    Value     Gradient |Var    Value     Gradient
  1  0.03359 -7.24403e+02 |  2  0.00642 -3.98358e+02 |  3 -0.00162 -1.09615e+00
  4 -0.00167 -1.26273e+00 |  5  0.00000  0.00000e+00 |  6 -0.83065 -7.11425e+02

 - final statistics:
6 variables; iteration 28; function evaluation 50
Function value 3.5272e+02; maximum gradient component mag -7.3241e+00
Exit code = 1;  converg criter 1.0000e+01
Var    Value     Gradient |Var    Value     Gradient |Var    Value     Gradient
  1  0.03209 -7.32407e+00 |  2 -0.02440 -1.90335e+00 |  3 -0.00055 -2.54228e-01
  4 -0.00038 -2.81814e-01 |  5  0.00000  0.00000e+00 |  6 -0.80454 -3.12704e+00

Initial statistics: 60 variables; iteration 0; function evaluation 0; phase 2
Function value 3.5271950e+02; maximum gradient component mag -4.4136e+02
Var    Value     Gradient |Var    Value     Gradient |Var    Value     Gradient
  1  0.03209 -7.32407e+00 |  2 -0.02440 -1.90335e+00 |  3  0.00000  1.17238e+02
  4  0.00000  1.20018e+02 |  5  0.00000  1.21959e+02 |  6  0.00000  1.20941e+02
  7  0.00000  1.18287e+02 |  8  0.00000  1.18719e+02 |  9  0.00000  1.24260e+02
 10  0.00000  1.39071e+02 | 11  0.00000  1.51131e+02 | 12  0.00000  1.38368e+02
 13  0.00000  1.08056e+02 | 14  0.00000  7.00963e+01 | 15  0.00000  2.49320e+00
 16  0.00000 -7.29398e+01 | 17  0.00000 -1.30861e+02 | 18  0.00000 -2.01366e+02
 19  0.00000 -2.66434e+02 | 20  0.00000 -3.34266e+02 | 21  0.00000 -4.05945e+02
 22  0.00000 -4.41364e+02 | 23  0.00000 -4.13208e+02 | 24  0.00000 -4.04955e+02
 25  0.00000 -3.90390e+02 | 26  0.00000 -3.57762e+02 | 27  0.00000 -3.00845e+02
 28  0.00000 -1.96755e+02 | 29  0.00000 -8.87248e+01 | 30  0.00000 -2.52050e+01
 31  0.00000 -6.09840e-01 | 32  0.00000 -2.01146e+01 | 33  0.00000 -4.04701e+01
 34  0.00000 -1.98811e+01 | 35  0.00000  1.03205e+01 | 36  0.00000  4.35843e+01
 37  0.00000  6.46315e+01 | 38  0.00000  8.90204e+01 | 39  0.00000  1.56783e+02
 40  0.00000  2.08252e+02 | 41  0.00000  2.09301e+02 | 42  0.00000  1.90429e+02
 43  0.00000  1.74884e+02 | 44  0.00000  1.77959e+02 | 45  0.00000  2.05267e+02
 46  0.00000  2.25681e+02 | 47  0.00000  2.02394e+02 | 48  0.00000  1.60574e+02
 49  0.00000  1.28785e+02 | 50  0.00000  1.27989e+02 | 51  0.00000  1.10348e+02
 52  0.00000  8.89535e+01 | 53  0.00000  4.89526e+01 | 54  0.00000  2.30710e+01
 55  0.00000  1.42752e+01 | 56 -0.00055 -2.54228e-01 | 57 -0.00038 -2.81814e-01
 58  0.00000  0.00000e+00 | 59 -0.80454 -3.12704e+00 | 60  0.09974  2.23957e+02

Intermediate statistics: 60 variables; iteration 20; function evaluation 34; phase 2
Function value 2.7304840e+02; maximum gradient component mag -2.5071e+03
Var    Value     Gradient |Var    Value     Gradient |Var    Value     Gradient
  1  0.01430 -5.13440e+02 |  2  0.00601 -1.95370e+03 |  3 -0.07529 -9.99601e+01
  4 -0.04347 -7.98070e+01 |  5 -0.02455 -6.05748e+01 |  6 -0.00704 -3.42647e+01
  7  0.01191  6.78009e-01 |  8  0.02469  3.43595e+01 |  9  0.02810  4.13609e+01
 10  0.01172  1.05830e+01 | 11 -0.00936 -2.55558e+01 | 12 -0.01201 -4.39090e+01
 13 -0.01041 -4.84453e+01 | 14 -0.02064 -4.74771e+01 | 15  0.00589 -2.82816e+01
 16  0.02947 -3.39338e+01 | 17 -0.00342 -7.45542e+01 | 18  0.04252 -9.44166e+01
 19 -0.02624 -1.27456e+02 | 20  0.00701 -1.17531e+02 | 21  0.01285 -9.19312e+01
 22  0.11131 -5.06701e+01 | 23 -0.03826 -1.04140e+02 | 24 -0.03002 -1.13070e+02
 25  0.05713 -6.73929e+01 | 26  0.03183 -5.36661e+01 | 27  0.04189 -4.02345e+01
 28  0.00034 -5.04683e+01 | 29 -0.02911 -5.93487e+01 | 30 -0.01704 -2.98760e+01
 31 -0.01580  3.61215e+00 | 32  0.01065  7.04521e+01 | 33  0.03194  1.17965e+02
 34  0.01927  9.56417e+01 | 35  0.01268  7.94099e+01 | 36  0.01456  9.12338e+01
 37  0.02560  1.26436e+02 | 38  0.02714  1.36570e+02 | 39 -0.00994  6.81163e+01
 40 -0.03068  3.46912e+01 | 41 -0.01853  5.95888e+01 | 42  0.00367  1.17723e+02
 43  0.01720  1.56883e+02 | 44  0.01232  1.34017e+02 | 45 -0.00924  7.47357e+01
 46 -0.02182  4.30407e+01 | 47 -0.01356  4.22692e+01 | 48  0.00267  4.92502e+01
 49  0.01503  4.18112e+01 | 50 -0.00726 -6.31586e+00 | 51 -0.00953 -4.26006e+01
 52 -0.02901 -8.19526e+01 | 53 -0.01285 -9.49795e+01 | 54 -0.03873 -1.04201e+02
 55 -0.05354 -1.01258e+02 | 56 -0.00136 -7.43590e-01 | 57  0.00043  3.29056e-01
 58  0.00000  0.00000e+00 | 59 -0.80363 -2.50713e+03 | 60  0.08626 -9.10525e+00
60 variables; iteration 40; function evaluation 59; phase 2
Function value 2.4644441e+02; maximum gradient component mag 2.0470e+03
Var    Value     Gradient |Var    Value     Gradient |Var    Value     Gradient
  1  0.01134  2.04698e+03 |  2  0.00278 -8.08718e+02 |  3 -0.04748 -8.30198e+00
  4 -0.03911 -2.78273e+00 |  5 -0.02830  8.11369e+00 |  6 -0.01666  1.55366e+01
  7 -0.00679  2.07188e+01 |  8 -0.00772  2.51109e+01 |  9  0.00689  7.67078e+01
 10  0.00801  1.17736e+02 | 11 -0.00329  1.04165e+02 | 12 -0.00731  7.00113e+01
 13 -0.01906  2.12970e+01 | 14 -0.04035 -4.63836e+00 | 15  0.00281  7.90564e+01
 16  0.02731  1.22284e+02 | 17  0.03211  1.54447e+02 | 18  0.05288  1.63492e+02
 19 -0.07610 -7.47402e+01 | 20  0.08272  1.34310e+02 | 21 -0.01175 -3.29852e+01
 22  0.10278  5.45603e+01 | 23  0.00225 -4.43869e+01 | 24 -0.01735 -7.52398e+01
 25  0.04451 -2.68908e+01 | 26  0.05050 -6.85130e+00 | 27  0.02841 -3.21966e+01
 28  0.01904 -3.08285e+01 | 29 -0.02351 -5.47894e+01 | 30 -0.00392 -3.25978e+01
 31  0.01507  3.51247e+00 | 32 -0.02150 -4.04946e+01 | 33  0.04319  7.62529e+00
 34 -0.00534 -5.08161e+01 | 35  0.01489 -4.70195e+01 | 36  0.01315 -4.38158e+01
 37 -0.00514 -4.91770e+01 | 38  0.03374 -6.72338e+00 | 39 -0.01465 -3.34364e+01
 40 -0.02520 -4.17201e+01 | 41 -0.02327 -5.00397e+01 | 42 -0.01407 -3.59858e+01
 43  0.01864  3.31022e+01 | 44  0.01653  4.26038e+01 | 45 -0.01366 -1.25318e+01
 46 -0.03995 -5.49869e+01 | 47 -0.04325 -6.95049e+01 | 48  0.02009 -3.02843e+01
 49 -0.01923 -7.22979e+01 | 50 -0.01978 -5.80364e+01 | 51  0.00500 -3.69982e+01
 52 -0.01419 -4.97961e+01 | 53  0.00084 -4.88977e+01 | 54 -0.01233 -5.58884e+01
 55 -0.02318 -6.02458e+01 | 56 -0.00230 -1.01504e+00 | 57  0.00023  1.75484e-01
 58  0.00000  0.00000e+00 | 59 -0.79416 -1.08845e+03 | 60  0.09177 -2.41536e+01
60 variables; iteration 60; function evaluation 90; phase 2
Function value 2.3757667e+02; maximum gradient component mag 2.6569e+03
Var    Value     Gradient |Var    Value     Gradient |Var    Value     Gradient
  1  0.01352  2.65691e+03 |  2 -0.00690 -5.41886e+01 |  3 -0.03213  2.31107e+01
  4 -0.02365  3.11455e+01 |  5 -0.01413  4.43089e+01 |  6 -0.01469  3.82748e+01
  7 -0.00829  4.19425e+01 |  8 -0.00391  4.73702e+01 |  9  0.00120  6.16299e+01
 10 -0.00480  6.75209e+01 | 11 -0.01715  5.35621e+01 | 12 -0.01337  4.73919e+01
 13 -0.01768  2.94404e+01 | 14 -0.02206  2.91351e+01 | 15 -0.00347  4.65901e+01
 16  0.02313  6.55863e+01 | 17  0.02018  6.06263e+01 | 18  0.03631  5.17441e+01
 19 -0.03443 -4.05737e+01 | 20  0.06084  5.02801e+01 | 21 -0.01285 -3.58993e+01
 22  0.10029  3.94169e+01 | 23 -0.00661 -3.16615e+01 | 24  0.00980 -3.36082e+01
 25  0.04543 -5.40503e+00 | 26  0.03446 -9.69859e+00 | 27  0.03680 -1.24702e+01
 28  0.01455 -1.19389e+01 | 29 -0.01748 -2.66385e+01 | 30 -0.01134 -1.96639e+01
 31  0.00879  5.53911e+00 | 32 -0.01557 -3.07428e+01 | 33  0.03238 -6.83916e+00
 34 -0.00474 -3.34879e+01 | 35  0.01474 -1.85242e+01 | 36  0.01213 -1.65935e+01
 37  0.00173 -2.83309e+01 | 38  0.02091 -1.74904e+01 | 39 -0.01019 -1.73656e+01
 40 -0.02701 -2.11624e+01 | 41 -0.02105 -2.41583e+01 | 42 -0.00638 -2.26548e+01
 43 -0.00059 -2.18221e+01 | 44  0.00151 -1.72544e+01 | 45 -0.02171 -2.64702e+01
 46 -0.03296 -2.89256e+01 | 47 -0.01872 -2.11660e+01 | 48 -0.00503 -2.19860e+01
 49  0.00272 -2.85319e+01 | 50 -0.01579 -3.11771e+01 | 51 -0.00825 -3.00096e+01
 52 -0.01151 -2.76618e+01 | 53  0.00024 -2.48756e+01 | 54 -0.00304 -2.64161e+01
 55 -0.01642 -3.69286e+01 | 56 -0.00038  4.44680e-01 | 57 -0.01030 -7.78021e+00
 58  0.00000  0.00000e+00 | 59 -0.78814 -1.49942e+02 | 60  0.09376  1.53901e+01
Maximum number of function evaluations exceeded

 - final statistics:
60 variables; iteration 67; function evaluation 100
Function value 2.3689e+02; maximum gradient component mag 2.3489e+03
Exit code = 3;  converg criter 1.0000e+01
Var    Value     Gradient |Var    Value     Gradient |Var    Value     Gradient
  1  0.01359  2.34893e+03 |  2 -0.00977 -1.46690e+01 |  3 -0.03236  2.41835e+01
  4 -0.02173  3.48538e+01 |  5 -0.01633  4.12203e+01 |  6 -0.01327  4.15161e+01
  7 -0.00792  4.32343e+01 |  8 -0.00395  4.63711e+01 |  9  0.00110  5.76709e+01
 10 -0.00628  5.95317e+01 | 11 -0.01755  4.81803e+01 | 12 -0.01350  4.26343e+01
 13 -0.01627  2.73899e+01 | 14 -0.02578  1.88577e+01 | 15 -0.00125  4.06864e+01
 16  0.02276  5.01327e+01 | 17  0.02016  4.46831e+01 | 18  0.03292  3.14940e+01
 19 -0.02850 -3.75505e+01 | 20  0.06002  3.77571e+01 | 21 -0.01282 -3.66477e+01
 22  0.09960  2.21103e+01 | 23 -0.00550 -3.18565e+01 | 24  0.00926 -3.56130e+01
 25  0.04564 -1.10905e+01 | 26  0.03411 -1.34359e+01 | 27  0.03528 -1.60449e+01
 28  0.01575 -9.02965e+00 | 29 -0.01555 -2.01744e+01 | 30 -0.00903 -1.35944e+01
 31  0.00688  4.75447e+00 | 32 -0.01498 -2.80191e+01 | 33  0.03108 -5.36097e+00
 34 -0.00043 -2.49034e+01 | 35  0.01325 -1.57119e+01 | 36  0.00929 -1.59226e+01
 37  0.00397 -2.22848e+01 | 38  0.02253 -1.13535e+01 | 39 -0.01305 -1.47818e+01
 40 -0.02534 -1.28585e+01 | 41 -0.01981 -1.59860e+01 | 42 -0.00651 -1.67017e+01
 43  0.00052 -1.67896e+01 | 44 -0.00172 -1.81750e+01 | 45 -0.02110 -2.28579e+01
 46 -0.03048 -2.26803e+01 | 47 -0.02269 -2.18792e+01 | 48 -0.00667 -1.89187e+01
 49  0.00557 -1.87098e+01 | 50 -0.01546 -2.30092e+01 | 51 -0.00940 -2.41363e+01
 52 -0.00927 -2.04529e+01 | 53 -0.00165 -2.27760e+01 | 54 -0.00692 -2.51718e+01
 55 -0.01561 -3.00882e+01 | 56  0.00560  5.10937e+00 | 57 -0.00482 -3.64041e+00
 58  0.00000  0.00000e+00 | 59 -0.78561 -9.02878e+01 | 60  0.09393  1.37700e+01

Initial statistics: 81 variables; iteration 0; function evaluation 0; phase 3
Function value 2.3688794e+02; maximum gradient component mag 2.3489e+03
Var    Value     Gradient |Var    Value     Gradient |Var    Value     Gradient
  1  0.01359  2.34893e+03 |  2 -0.00977 -1.46690e+01 |  3 -0.03237  2.37480e+01
  4 -0.02174  3.44180e+01 |  5 -0.01634  4.07844e+01 |  6 -0.01327  4.10801e+01
  7 -0.00793  4.27983e+01 |  8 -0.00396  4.59350e+01 |  9  0.00109  5.72349e+01
 10 -0.00629  5.90957e+01 | 11 -0.01756  4.77444e+01 | 12 -0.01351  4.21983e+01
 13 -0.01628  2.69540e+01 | 14 -0.02579  1.84220e+01 | 15 -0.00126  4.02503e+01
 16  0.02275  4.96969e+01 | 17  0.02016  4.42473e+01 | 18  0.03291  3.10586e+01
 19 -0.02851 -3.79861e+01 | 20  0.06001  3.73231e+01 | 21 -0.01283 -3.70836e+01
 22  0.09959  2.16797e+01 | 23 -0.00551 -3.22925e+01 | 24  0.00925 -3.60490e+01
 25  0.04563 -1.15254e+01 | 26  0.03410 -1.38713e+01 | 27  0.03527 -1.64803e+01
 28  0.01574 -9.46556e+00 | 29 -0.01556 -2.06103e+01 | 30 -0.00904 -1.40304e+01
 31  0.00687  4.31846e+00 | 32 -0.01499 -2.84550e+01 | 33  0.03107 -5.79649e+00
 34 -0.00044 -2.53394e+01 | 35  0.01324 -1.61478e+01 | 36  0.00928 -1.63586e+01
 37  0.00396 -2.27209e+01 | 38  0.02252 -1.17892e+01 | 39 -0.01306 -1.52177e+01
 40 -0.02535 -1.32941e+01 | 41 -0.01982 -1.64219e+01 | 42 -0.00652 -1.71377e+01
 43  0.00051 -1.72257e+01 | 44 -0.00173 -1.86110e+01 | 45 -0.02111 -2.32937e+01
 46 -0.03049 -2.31159e+01 | 47 -0.02270 -2.23150e+01 | 48 -0.00668 -1.93547e+01
 49  0.00556 -1.91459e+01 | 50 -0.01547 -2.34451e+01 | 51 -0.00941 -2.45722e+01
 52 -0.00928 -2.08889e+01 | 53 -0.00166 -2.32120e+01 | 54 -0.00693 -2.56078e+01
 55 -0.01562 -3.05241e+01 | 56  0.00560  5.10937e+00 | 57 -0.00482 -3.64041e+00
 58  0.00000  0.00000e+00 | 59 -0.78561 -9.02878e+01 | 60  0.20375  5.76758e+02
 61  0.10430  7.62271e+02 | 62  0.18961 -7.97078e+02 | 63  0.00000  9.00571e-12
 64  0.06326  8.46945e+01 | 65  0.17418  4.55520e+02 | 66  0.07530  3.53315e+02
 67  0.16633 -3.50085e+02 | 68  0.00000  3.52137e-03 | 69 -0.17934  1.05217e+01
 70  0.14683  2.19659e+02 | 71  0.07387  3.95127e+01 | 72  0.12880 -3.36038e+02
 73  0.00000  1.33695e-28 | 74  0.03253  9.29976e+01 | 75 -0.06289  1.61654e+02
 76 -0.23700  4.79116e-03 | 77  0.10401 -1.55803e+02 | 78  0.70672  2.21901e+01
 79 -0.14795  4.85810e+01 | 80  0.09393  1.37700e+01 | 81 -0.65136  2.42687e+00

Intermediate statistics: 81 variables; iteration 20; function evaluation 27; phase 3
Function value 2.2802057e+02; maximum gradient component mag 8.9508e+02
Var    Value     Gradient |Var    Value     Gradient |Var    Value     Gradient
  1  0.01603  8.95079e+02 |  2 -0.00727  3.42431e+01 |  3 -0.02524  1.67499e+01
  4 -0.01731  1.96251e+01 |  5 -0.01353  2.01757e+01 |  6 -0.01070  1.70300e+01
  7 -0.00485  1.39260e+01 |  8 -0.00262  1.36376e+01 |  9  0.00088  2.11975e+01
 10 -0.00501  2.73321e+01 | 11 -0.01563  2.38822e+01 | 12 -0.01413  1.87952e+01
 13 -0.01774  1.24646e+01 | 14 -0.02538  1.37441e+01 | 15 -0.00318  2.82825e+01
 16  0.02182  3.93647e+01 | 17  0.01723  3.93082e+01 | 18  0.01846  2.30525e+01
 19  0.00055  5.32153e+00 | 20  0.03619  4.16279e+01 | 21  0.02782  2.14535e+01
 22  0.08476  5.17443e+01 | 23  0.00530  6.40836e+00 | 24  0.01947  2.55307e+00
 25  0.03504  1.38401e+01 | 26  0.03610  1.95478e+01 | 27  0.04210  2.23792e+01
 28  0.00966  1.42810e+01 | 29 -0.01432  5.89679e+00 | 30 -0.00832  1.05553e+01
 31 -0.00244  1.98596e+01 | 32 -0.00406  8.72484e+00 | 33  0.01818  4.15362e+00
 34  0.00864 -1.07307e+01 | 35  0.00401 -1.64531e+01 | 36  0.00045 -1.68600e+01
 37  0.00627 -1.57984e+01 | 38  0.01664 -1.49712e+01 | 39 -0.01095 -7.06161e+00
 40 -0.02593 -3.64969e+00 | 41 -0.01910 -5.54853e+00 | 42 -0.00820 -1.13836e+01
 43 -0.00105 -1.95604e+01 | 44 -0.00397 -2.69617e+01 | 45 -0.02250 -2.39357e+01
 46 -0.03466 -1.74319e+01 | 47 -0.02553 -1.30875e+01 | 48 -0.00807 -1.16391e+01
 49  0.00411 -1.43774e+01 | 50 -0.01699 -1.39313e+01 | 51 -0.01041 -1.20592e+01
 52 -0.01238 -4.62323e+00 | 53 -0.00197  1.03169e+00 | 54 -0.00718  6.21851e-01
 55 -0.01261 -1.97968e+00 | 56 -0.00201  1.93595e-01 | 57 -0.00016 -1.17299e-01
 58  0.00000  0.00000e+00 | 59 -0.79715 -3.74403e+00 | 60  0.14262  1.02049e+02
 61  0.12837  6.24005e+01 | 62  0.17971 -2.31371e+02 | 63  0.00039  1.92402e-06
 64  0.06262  4.89546e+01 | 65  0.17503  2.88236e+02 | 66  0.07537  2.99184e+02
 67  0.17787 -4.06672e+01 | 68  0.00217  1.06997e-05 | 69 -0.18796  1.20253e+01
 70  0.12653  1.45873e+02 | 71  0.08790  5.62498e+01 | 72  0.12307 -2.23196e+02
 73  0.00000  1.11387e-28 | 74  0.02381  2.51815e+01 | 75 -0.07157 -5.69788e+01
 76 -0.23700  6.82657e-04 | 77  0.11211  1.24776e+02 | 78  0.72088  5.79742e+00
 79 -0.15544  2.09691e+01 | 80  0.08457  1.07124e+01 | 81 -0.66908 -6.70589e+00
81 variables; iteration 40; function evaluation 52; phase 3
Function value 2.2563760e+02; maximum gradient component mag 5.5852e+02
Var    Value     Gradient |Var    Value     Gradient |Var    Value     Gradient
  1  0.01715  5.58518e+02 |  2 -0.01662  8.13171e+01 |  3 -0.02306  5.11409e+00
  4 -0.01750  5.37020e+00 |  5 -0.01333  6.22427e+00 |  6 -0.00934  4.44375e+00
  7 -0.00190  1.17721e+00 |  8  0.00047 -1.23496e+00 |  9  0.00064 -3.80059e-01
 10 -0.00721  3.11115e+00 | 11 -0.01574  7.04539e+00 | 12 -0.01220  9.68550e+00
 13 -0.01403  8.44893e+00 | 14 -0.02234  8.35950e+00 | 15 -0.00409  1.40401e+01
 16  0.02128  1.74245e+01 | 17  0.01168  1.48908e+01 | 18  0.01627  9.58759e+00
 19  0.01044  3.83786e+00 | 20  0.02517  1.71709e+01 | 21  0.03221  6.02561e+00
 22  0.07766  1.84216e+01 | 23  0.00774 -5.87062e-01 | 24  0.02559  1.13713e+00
 25  0.03144  3.94940e+00 | 26  0.03744  8.10108e+00 | 27  0.04164  4.27744e+00
 28  0.00772 -2.14273e+00 | 29 -0.01334 -5.00064e+00 | 30 -0.00939 -4.86008e+00
 31 -0.01096 -3.69525e+00 | 32 -0.00253 -4.49595e+00 | 33  0.01322 -8.29281e+00
 34  0.01258 -6.18478e+00 | 35  0.00362 -8.96975e+00 | 36  0.00164 -6.21338e+00
 37  0.00946 -4.45738e+00 | 38  0.01366 -9.39336e+00 | 39 -0.00818  2.12839e-01
 40 -0.02702  4.42507e-02 | 41 -0.02002 -2.41363e-01 | 42 -0.00920 -3.89613e+00
 43 -0.00093 -9.45550e+00 | 44 -0.00284 -1.50952e+01 | 45 -0.02047 -1.41539e+01
 46 -0.03571 -1.30664e+01 | 47 -0.02784 -1.00944e+01 | 48 -0.00710 -3.33669e+00
 49  0.00512 -2.71065e+00 | 50 -0.01482 -3.07710e+00 | 51 -0.01049 -4.27491e+00
 52 -0.01267 -6.61400e-01 | 53 -0.00350  1.17057e+00 | 54 -0.01141 -2.87370e+00
 55 -0.01677 -6.11322e+00 | 56  0.00097  2.62728e+00 | 57 -0.00145 -1.08911e+00
 58  0.00000  0.00000e+00 | 59 -0.79130  9.81959e+01 | 60  0.14615  1.70869e+01
 61  0.12718  8.35622e+00 | 62  0.18488 -3.98575e+00 | 63  0.12585  6.29280e-04
 64  0.04577  1.17958e+01 | 65  0.16882 -3.22133e+00 | 66  0.08191  6.16804e+00
 67  0.17768  3.64519e+01 | 68  0.38365  6.36601e-01 | 69 -0.22761  5.42259e-01
 70  0.12496  6.59287e+00 | 71  0.08844  1.41221e+01 | 72  0.12884  4.14495e+00
 73  0.00000  3.16114e-29 | 74  0.02096 -2.67319e+00 | 75 -0.07490 -4.26865e-01
 76 -0.23728  1.95956e-04 | 77  0.10397  3.53545e+00 | 78  0.71833 -5.93097e-01
 79 -0.16395  3.99302e+00 | 80  0.08195  8.83040e+00 | 81 -0.67335 -7.84337e+00
81 variables; iteration 60; function evaluation 83; phase 3
Function value 2.2505553e+02; maximum gradient component mag 4.9123e+02
Var    Value     Gradient |Var    Value     Gradient |Var    Value     Gradient
  1  0.01720  4.91226e+02 |  2 -0.01524  3.01699e+01 |  3 -0.02542 -3.77024e+00
  4 -0.01869 -3.69718e+00 |  5 -0.01597 -4.55212e+00 |  6 -0.01129 -4.62153e+00
  7 -0.00137 -3.21213e+00 |  8  0.00264 -9.66672e-01 |  9  0.00412  1.00092e+00
 10 -0.00485  1.25866e-01 | 11 -0.01693 -2.37465e+00 | 12 -0.01462 -3.15265e+00
 13 -0.01476 -3.72105e+00 | 14 -0.02151 -2.02785e+00 | 15 -0.00429  1.27161e+00
 16  0.01961  2.54626e+00 | 17  0.00964  4.59096e+00 | 18  0.01934  6.45109e+00
 19  0.01284 -8.47973e-01 | 20  0.02025  4.51614e+00 | 21  0.03417 -2.14789e+00
 22  0.07590  8.19631e+00 | 23  0.01000 -2.69824e+00 | 24  0.02476 -1.44119e+00
 25  0.03595  3.64157e+00 | 26  0.02925 -1.27548e+00 | 27  0.04171  3.63942e+00
 28  0.01127  5.22917e+00 | 29 -0.01205  3.05054e+00 | 30 -0.00847  6.29406e+00
 31 -0.00873  9.96131e+00 | 32 -0.00605  4.90728e+00 | 33  0.01955  8.95071e+00
 34  0.00709 -3.12700e+00 | 35  0.00696 -3.74121e+00 | 36  0.00012 -5.67990e+00
 37  0.00512 -3.80432e+00 | 38  0.01928  1.81874e+00 | 39 -0.01181  6.93889e-01
 40 -0.02713  1.98415e-01 | 41 -0.02197 -2.25839e+00 | 42 -0.01004 -2.21112e+00
 43 -0.00040 -6.21855e-01 | 44  0.00024  6.68105e-01 | 45 -0.01898 -2.00870e+00
 46 -0.03275 -3.56730e+00 | 47 -0.02502 -3.69936e+00 | 48 -0.00947 -4.48095e+00
 49  0.00448 -4.26165e+00 | 50 -0.01611 -5.40232e+00 | 51 -0.00834 -3.82954e+00
 52 -0.01269 -4.08668e+00 | 53 -0.00817 -8.01760e+00 | 54 -0.01267 -8.23038e+00
 55 -0.01437 -6.94187e+00 | 56 -0.00294 -5.51878e-01 | 57 -0.00005 -2.59173e-02
 58  0.00000  0.00000e+00 | 59 -0.79621  3.68266e+01 | 60  0.14193  3.39962e+01
 61  0.12862  8.53014e+01 | 62  0.18317 -2.17151e+01 | 63 -0.00645 -3.18499e-05
 64  0.04217  3.89972e+00 | 65  0.14999  2.08504e+01 | 66  0.09742  3.85845e+01
 67  0.17116  1.72638e+01 | 68  0.35160  2.37180e+00 | 69 -0.22094 -7.50829e-01
 70  0.12422  4.68031e+00 | 71  0.08842  6.41759e+00 | 72  0.12861 -3.85836e-01
 73  0.00000  1.97639e-29 | 74  0.02214  5.93438e+00 | 75 -0.07763  1.58012e+01
 76 -0.23809  7.06872e-04 | 77  0.10142 -1.91924e+01 | 78  0.72892  2.84949e+00
 79 -0.16668  5.95210e+00 | 80  0.08327 -3.80558e+00 | 81 -0.66433  2.55652e+00
Maximum number of function evaluations exceeded

 - final statistics:
81 variables; iteration 73; function evaluation 100
Function value 2.2493e+02; maximum gradient component mag 4.2808e+02
Exit code = 3;  converg criter 1.0000e+00
Var    Value     Gradient |Var    Value     Gradient |Var    Value     Gradient
  1  0.01723  4.28082e+02 |  2 -0.01485  2.28146e+01 |  3 -0.02660 -3.90539e+00
  4 -0.02083 -4.45350e+00 |  5 -0.01580 -2.36301e+00 |  6 -0.00965 -2.08663e-01
  7 -0.00023  1.21092e+00 |  8  0.00290  2.55134e+00 |  9  0.00428  4.00073e+00
 10 -0.00496  2.79660e+00 | 11 -0.01533  2.10333e+00 | 12 -0.01401  5.06219e-01
 13 -0.01424 -1.07906e+00 | 14 -0.02259 -2.04941e+00 | 15 -0.00384  2.41397e+00
 16  0.01999  3.46324e+00 | 17  0.00933  4.05296e+00 | 18  0.01875  4.17770e+00
 19  0.01253 -2.61627e+00 | 20  0.01927  3.26172e+00 | 21  0.03552 -1.28802e+00
 22  0.07500  7.78012e+00 | 23  0.01085 -1.64689e+00 | 24  0.02569 -1.00405e+00
 25  0.03398  2.25385e+00 | 26  0.02994  2.03324e-01 | 27  0.04391  6.09472e+00
 28  0.00950  3.58188e+00 | 29 -0.01155  2.01858e+00 | 30 -0.00978  2.30036e+00
 31 -0.00998  5.62869e+00 | 32 -0.00483  3.33582e+00 | 33  0.01830  6.09566e+00
 34  0.00805 -9.10132e-01 | 35  0.00685 -3.31347e-01 | 36  0.00241 -5.77539e-01
 37  0.00555 -1.99911e+00 | 38  0.01843 -7.05270e-01 | 39 -0.01277 -2.49997e+00
 40 -0.02740 -1.40210e+00 | 41 -0.02116 -2.27215e+00 | 42 -0.01064 -3.59788e+00
 43 -0.00090 -1.66627e+00 | 44  0.00095  1.64522e+00 | 45 -0.01831 -4.42113e-01
 46 -0.03267 -2.58071e+00 | 47 -0.02508 -3.03341e+00 | 48 -0.00977 -4.07878e+00
 49  0.00533 -3.14262e+00 | 50 -0.01539 -4.96963e+00 | 51 -0.00947 -6.21781e+00
 52 -0.01506 -7.18206e+00 | 53 -0.00626 -6.43908e+00 | 54 -0.01324 -7.76033e+00
 55 -0.01513 -6.41687e+00 | 56 -0.00215  5.57488e-02 | 57  0.00042  3.22563e-01
 58  0.00000  0.00000e+00 | 59 -0.79765  2.64581e+01 | 60  0.14116  4.06616e+01
 61  0.12881  1.04401e+02 | 62  0.18285 -3.11099e+01 | 63 -0.07385 -3.66085e-04
 64  0.04211  3.89475e+00 | 65  0.14492  3.27060e+01 | 66  0.10146  6.45094e+01
 67  0.16921  7.08029e+00 | 68  0.31243  2.42935e+00 | 69 -0.21492  3.14404e-02
 70  0.12407  7.14778e+00 | 71  0.08837  5.12521e+00 | 72  0.12839 -7.09738e+00
 73  0.00000  1.74353e-29 | 74  0.02174  4.21929e+00 | 75 -0.07676  9.05746e+00
 76 -0.23866  5.89948e-04 | 77  0.10254 -7.26727e+00 | 78  0.72926  1.33726e+00
 79 -0.16969  2.91877e-01 | 80  0.08320 -3.98773e+00 | 81 -0.66394  3.07669e+00

Initial statistics: 91 variables; iteration 0; function evaluation 0; phase 4
Function value 2.2493478e+02; maximum gradient component mag 4.2808e+02
Var    Value     Gradient |Var    Value     Gradient |Var    Value     Gradient
  1  0.01723  4.28082e+02 |  2 -0.01485  2.28146e+01 |  3  0.00000  2.80412e+01
  4  0.00000  2.47613e+01 |  5  0.00000  1.81862e+01 |  6  0.00000  1.66380e+01
  7  0.00000  1.52246e+01 |  8  0.00000  7.21238e+00 |  9  0.00000  7.34332e+00
 10  0.00000  8.67722e+00 | 11  0.00000  1.46434e+01 | 12  0.00000  2.56287e+01
 13 -0.02659 -3.57908e+00 | 14 -0.02082 -4.12708e+00 | 15 -0.01579 -2.03651e+00
 16 -0.00964  1.17897e-01 | 17 -0.00022  1.53752e+00 | 18  0.00291  2.87794e+00
 19  0.00428  4.32732e+00 | 20 -0.00495  3.12319e+00 | 21 -0.01532  2.42984e+00
 22 -0.01401  8.32738e-01 | 23 -0.01423 -7.52542e-01 | 24 -0.02259 -1.72302e+00
 25 -0.00383  2.74056e+00 | 26  0.02000  3.78968e+00 | 27  0.00933  4.37952e+00
 28  0.01876  4.50415e+00 | 29  0.01254 -2.28974e+00 | 30  0.01928  3.58817e+00
 31  0.03553 -9.61935e-01 | 32  0.07501  8.10444e+00 | 33  0.01085 -1.32034e+00
 34  0.02570 -6.77720e-01 | 35  0.03399  2.57998e+00 | 36  0.02995  5.29561e-01
 37  0.04392  6.42053e+00 | 38  0.00951  3.90844e+00 | 39 -0.01155  2.34513e+00
 40 -0.00977  2.62692e+00 | 41 -0.00997  5.95525e+00 | 42 -0.00482  3.66241e+00
 43  0.01830  6.42212e+00 | 44  0.00806 -5.83560e-01 | 45  0.00686 -4.76793e-03
 46  0.00241 -2.50944e-01 | 47  0.00555 -1.67252e+00 | 48  0.01844 -3.78809e-01
 49 -0.01276 -2.17344e+00 | 50 -0.02739 -1.07581e+00 | 51 -0.02115 -1.94574e+00
 52 -0.01063 -3.27133e+00 | 53 -0.00090 -1.33967e+00 | 54  0.00096  1.97181e+00
 55 -0.01831 -1.15650e-01 | 56 -0.03266 -2.25455e+00 | 57 -0.02508 -2.70707e+00
 58 -0.00976 -3.75222e+00 | 59  0.00533 -2.81603e+00 | 60 -0.01538 -4.64313e+00
 61 -0.00946 -5.89125e+00 | 62 -0.01505 -6.85555e+00 | 63 -0.00625 -6.11250e+00
 64 -0.01323 -7.43380e+00 | 65 -0.01512 -6.09037e+00 | 66 -0.00215  5.57488e-02
 67  0.00042  3.22563e-01 | 68  0.00000  0.00000e+00 | 69 -0.79765  2.64581e+01
 70  0.14116  4.06616e+01 | 71  0.12881  1.04401e+02 | 72  0.18285 -3.11099e+01
 73 -0.07385 -3.66085e-04 | 74  0.04211  3.89475e+00 | 75  0.14492  3.27060e+01
 76  0.10146  6.45094e+01 | 77  0.16921  7.08029e+00 | 78  0.31243  2.42935e+00
 79 -0.21492  3.14404e-02 | 80  0.12407  7.14778e+00 | 81  0.08837  5.12521e+00
 82  0.12839 -7.09738e+00 | 83  0.00000  1.74353e-29 | 84  0.02174  4.21929e+00
 85 -0.07676  9.05746e+00 | 86 -0.23866  5.89948e-04 | 87  0.10254 -7.26727e+00
 88  0.72926  1.33726e+00 | 89 -0.16969  2.91877e-01 | 90  0.08320 -3.98773e+00
 91 -0.66394  3.07669e+00 |

Intermediate statistics: 91 variables; iteration 20; function evaluation 26; phase 4
Function value 2.2369967e+02; maximum gradient component mag 2.2807e+02
Var    Value     Gradient |Var    Value     Gradient |Var    Value     Gradient
  1  0.01760  2.28074e+02 |  2 -0.01413  7.17775e+01 |  3 -0.02775 -1.23924e+00
  4 -0.02346 -9.77943e-01 |  5 -0.01563 -5.30826e-01 |  6 -0.01373 -2.89610e-01
  7 -0.01227 -6.75365e-02 |  8 -0.00144  7.34224e-02 |  9  0.00015  3.67020e-02
 10  0.00105  1.65043e-01 | 11 -0.00364  7.19378e-01 | 12 -0.01552  1.65607e+00
 13 -0.01975  2.56616e+00 | 14 -0.01561  3.64790e+00 | 15 -0.01506  3.64303e+00
 16 -0.01073  3.58589e+00 | 17  0.00008  4.51075e+00 | 18  0.00431  6.16915e+00
 19  0.00629  7.42926e+00 | 20 -0.00226  6.05423e+00 | 21 -0.01469  3.59113e+00
 22 -0.01410  9.42484e-01 | 23 -0.01460 -2.32863e+00 | 24 -0.02238 -4.62759e+00
 25 -0.00624 -6.29251e+00 | 26  0.02133 -7.61478e+00 | 27  0.00831 -6.86511e+00
 28  0.01617 -7.67250e+00 | 29  0.01677 -7.25165e+00 | 30  0.01274 -6.50377e+00
 31  0.04219 -6.84984e+00 | 32  0.07029 -8.21949e+00 | 33  0.01353 -4.52554e+00
 34  0.02751 -5.11390e+00 | 35  0.03016 -5.89601e+00 | 36  0.03165 -5.85522e+00
 37  0.04086 -5.93290e+00 | 38  0.00858 -2.98899e+00 | 39 -0.01174 -4.15883e-01
 40 -0.00880  1.79329e+00 | 41 -0.01228  2.74966e+00 | 42 -0.00358  2.99434e+00
 43  0.01593  2.04112e+00 | 44  0.00897  8.21745e-01 | 45  0.00590  1.28359e+00
 46  0.00205  2.60985e+00 | 47  0.00682  4.14373e+00 | 48  0.01804  5.85614e+00
 49 -0.01285  4.24536e+00 | 50 -0.02942  3.29825e+00 | 51 -0.02236  4.09299e+00
 52 -0.00997  5.52437e+00 | 53 -0.00142  6.32319e+00 | 54 -0.00205  6.57661e+00
 55 -0.01950  5.66536e+00 | 56 -0.03244  5.04540e+00 | 57 -0.02516  5.19799e+00
 58 -0.00973  5.35002e+00 | 59  0.00313  4.76081e+00 | 60 -0.01649  2.75358e+00
 61 -0.00982  2.68847e+00 | 62 -0.01459  2.07392e+00 | 63 -0.00701  1.59458e+00
 64 -0.01176  4.09027e-01 | 65 -0.01421 -6.26465e-01 | 66 -0.00213  5.76067e-02
 67 -0.00002 -6.18315e-03 | 68  0.00000  0.00000e+00 | 69 -0.80044  8.46290e+01
 70  0.14481 -5.61782e+00 | 71  0.12784  2.71861e+01 | 72  0.18376  4.30131e+01
 73 -0.07385 -3.66075e-04 | 74  0.04770  4.20268e+00 | 75  0.13394  3.82910e+01
 76  0.10577  1.64069e+02 | 77  0.16381  3.08792e+01 | 78  0.31475  5.06222e+00
 79 -0.20965  3.92800e+00 | 80  0.12816 -3.21213e+00 | 81  0.08570  1.90592e+00
 82  0.12961  1.39253e+01 | 83 -0.00000  8.94855e-30 | 84  0.02403  6.88805e+00
 85 -0.07560  1.22222e+01 | 86 -0.23866  6.69089e-04 | 87  0.10260 -1.08544e+01
 88  0.72758  2.66405e+00 | 89 -0.16557  3.78836e+00 | 90  0.08443 -8.56137e+00
 91 -0.66350  3.02378e+00 |
91 variables; iteration 40; function evaluation 46; phase 4
Function value 2.2353584e+02; maximum gradient component mag 5.0977e+01
Var    Value     Gradient |Var    Value     Gradient |Var    Value     Gradient
  1  0.01739  4.75830e+01 |  2 -0.01460  4.12134e+01 |  3 -0.02630 -3.04347e-01
  4 -0.02220 -2.68100e-01 |  5 -0.01448 -1.04824e-02 |  6 -0.01290 -1.33666e-01
  7 -0.01270 -1.03751e+00 |  8 -0.00094 -7.70121e-02 |  9  0.00052 -3.11385e-01
 10  0.00083 -1.06919e+00 | 11 -0.00460 -1.67477e+00 | 12 -0.01506  1.02408e-01
 13 -0.02016  1.41914e+00 | 14 -0.01578  2.19687e+00 | 15 -0.01586  1.49994e+00
 16 -0.01178  1.22263e+00 | 17 -0.00034  2.53833e+00 | 18  0.00342  3.32750e+00
 19  0.00553  3.16807e+00 | 20 -0.00338  7.94823e-01 | 21 -0.01677 -1.59015e+00
 22 -0.01552 -1.42771e+00 | 23 -0.01406  4.68871e-01 | 24 -0.02092  1.11717e+00
 25 -0.00455  9.04720e-02 | 26  0.02059 -3.43200e+00 | 27  0.00833 -3.21113e+00
 28  0.01791 -2.26727e+00 | 29  0.01625 -2.33616e+00 | 30  0.01417 -1.38562e-01
 31  0.04336 -4.61716e-01 | 32  0.07050 -3.45165e+00 | 33  0.01419 -2.36043e+00
 34  0.02764 -4.12353e+00 | 35  0.02916 -4.94574e+00 | 36  0.03218 -2.67971e+00
 37  0.04164 -1.70945e+00 | 38  0.00959 -1.40680e-01 | 39 -0.01142 -8.12714e-02
 40 -0.00934 -5.55531e-01 | 41 -0.01255 -9.20379e-02 | 42 -0.00393  2.51201e-01
 43  0.01690  7.50146e-01 | 44  0.00824 -3.32920e-01 | 45  0.00615  3.74863e-01
 46  0.00300  1.40079e+00 | 47  0.00744  1.34845e+00 | 48  0.01744  4.88425e-02
 49 -0.01327  1.02463e-01 | 50 -0.02914  1.16531e+00 | 51 -0.02146  2.24134e+00
 52 -0.01009  1.14944e+00 | 53 -0.00240  3.23214e-01 | 54 -0.00224  2.10787e+00
 55 -0.01880  3.85318e+00 | 56 -0.03208  3.39174e+00 | 57 -0.02621  1.31000e+00
 58 -0.01074  6.97920e-01 | 59  0.00287  1.04193e+00 | 60 -0.01589  1.73876e+00
 61 -0.01012  9.69478e-01 | 62 -0.01472  9.54254e-01 | 63 -0.00745  8.42372e-01
 64 -0.01176  1.25355e+00 | 65 -0.01332  1.62880e+00 | 66 -0.00179  2.78143e-01
 67 -0.00002 -8.95099e-03 | 68  0.00000  0.00000e+00 | 69 -0.80069  5.09767e+01
 70  0.14498 -2.54756e+00 | 71  0.12773  1.79154e+01 | 72  0.18301  1.90788e+01
 73 -0.07356 -3.64650e-04 | 74  0.04809  2.49002e+00 | 75  0.12611 -1.33176e+00
 76  0.10819  4.92520e+01 | 77  0.16060  2.78853e+01 | 78  0.30506  1.51698e+00
 79 -0.20968  1.53410e+00 | 80  0.12890 -1.61900e+00 | 81  0.08367  1.87118e-01
 82  0.12944  7.18238e+00 | 83 -0.00000  2.22133e-30 | 84  0.02352  1.39957e+00
 85 -0.07515  5.24376e-01 | 86 -0.23882  2.06857e-04 | 87  0.10308 -5.50284e-01
 88  0.72664 -4.35398e-01 | 89 -0.16694 -2.58813e+00 | 90  0.08504 -2.63874e+00
 91 -0.66480 -1.17040e-01 |
91 variables; iteration 60; function evaluation 78; phase 4
Function value 2.2348516e+02; maximum gradient component mag 3.6009e+01
Var    Value     Gradient |Var    Value     Gradient |Var    Value     Gradient
  1  0.01722  3.60087e+01 |  2 -0.01416  2.84062e+01 |  3 -0.02619  2.04154e-01
  4 -0.02230  8.48981e-02 |  5 -0.01489  1.32451e-01 |  6 -0.01320  1.76544e-01
  7 -0.01204  2.10876e-01 |  8 -0.00156  3.18442e-01 |  9  0.00009  3.98070e-01
 10  0.00114  3.55247e-01 | 11 -0.00346  1.95009e-01 | 12 -0.01521  2.60996e-01
 13 -0.02068  3.28758e-01 | 14 -0.01695  2.87399e-01 | 15 -0.01631  2.49177e-01
 16 -0.01161  3.50677e-01 | 17 -0.00081  5.75475e-01 | 18  0.00256  4.85790e-01
 19  0.00435  3.78655e-01 | 20 -0.00381  2.31966e-01 | 21 -0.01583  2.36427e-01
 22 -0.01473  4.04702e-01 | 23 -0.01442  5.64202e-01 | 24 -0.02157  4.86333e-01
 25 -0.00538  1.58823e-01 | 26  0.02204  1.80249e-01 | 27  0.00869  3.47472e-02
 28  0.01791  6.95878e-01 | 29  0.01760  2.81863e-01 | 30  0.01337 -3.11911e-01
 31  0.04275 -1.37804e-01 | 32  0.07176 -4.70636e-01 | 33  0.01389 -1.17180e-01
 34  0.02808 -1.93613e-02 | 35  0.03112 -4.95702e-02 | 36  0.03181 -3.41040e-01
 37  0.04153 -5.42546e-01 | 38  0.00956 -5.41413e-02 | 39 -0.01163 -4.79569e-01
 40 -0.00884 -5.11359e-01 | 41 -0.01228 -5.25761e-01 | 42 -0.00370 -7.18649e-01
 43  0.01635 -7.43270e-01 | 44  0.00926 -1.64100e-01 | 45  0.00621 -6.45577e-01
 46  0.00284 -4.50458e-01 | 47  0.00682 -6.39967e-01 | 48  0.01840 -1.56166e-01
 49 -0.01261 -9.90681e-02 | 50 -0.02954 -6.79045e-01 | 51 -0.02237 -4.78027e-01
 52 -0.00975  5.84535e-02 | 53 -0.00145 -1.18622e-01 | 54 -0.00252 -5.79876e-01
 55 -0.02008 -3.23592e-01 | 56 -0.03277  2.11276e-01 | 57 -0.02567  9.86118e-02
 58 -0.01037 -8.04131e-02 | 59  0.00288 -4.83059e-02 | 60 -0.01634  2.26129e-01
 61 -0.00985  2.47999e-02 | 62 -0.01462  1.15073e-01 | 63 -0.00714  2.84878e-01
 64 -0.01194  4.37157e-01 | 65 -0.01405  4.97566e-01 | 66 -0.00202  5.86948e-02
 67  0.00002  2.17099e-02 | 68  0.00000  0.00000e+00 | 69 -0.80070  3.30495e+01
 70  0.14660  1.70905e+00 | 71  0.12724  9.29894e+00 | 72  0.18298 -5.76862e-01
 73 -0.07282 -3.60919e-04 | 74  0.04702  1.46889e-01 | 75  0.12625 -2.29516e+00
 76  0.10797  2.15084e+01 | 77  0.16012  1.32844e+01 | 78  0.30221  7.02394e-01
 79 -0.20662  1.49678e+00 | 80  0.12844 -1.39575e-01 | 81  0.08383  1.44719e-01
 82  0.12878  1.97101e-01 | 83 -0.00000  1.59617e-30 | 84  0.02347 -7.21915e-01
 85 -0.07498 -1.42316e+00 | 86 -0.23921  1.19399e-04 | 87  0.10313  1.11236e+00
 88  0.72485 -2.36900e-01 | 89 -0.16471 -3.87046e-01 | 90  0.08599  1.53990e-01
 91 -0.66354 -2.19013e-01 |
91 variables; iteration 80; function evaluation 108; phase 4
Function value 2.2347621e+02; maximum gradient component mag 3.5621e+01
Var    Value     Gradient |Var    Value     Gradient |Var    Value     Gradient
  1  0.01720  3.56208e+01 |  2 -0.01454  2.22870e+00 |  3 -0.02652  2.23607e-02
  4 -0.02252  3.14765e-02 |  5 -0.01515  7.73684e-02 |  6 -0.01346  1.18009e-01
  7 -0.01248 -3.54199e-03 |  8 -0.00212 -4.88499e-03 |  9 -0.00030  1.69709e-01
 10  0.00062  2.76670e-02 | 11 -0.00345  2.94111e-01 | 12 -0.01540  2.50537e-01
 13 -0.02072 -3.54187e-01 | 14 -0.01700 -3.28055e-01 | 15 -0.01629 -2.93238e-01
 16 -0.01161 -3.37711e-01 | 17 -0.00117 -5.09816e-01 | 18  0.00230 -4.88566e-01
 19  0.00450 -1.59307e-01 | 20 -0.00376 -2.15630e-01 | 21 -0.01582 -2.26785e-01
 22 -0.01485 -1.97097e-01 | 23 -0.01448 -3.10404e-03 | 24 -0.02182 -1.49601e-01
 25 -0.00527  2.00537e-01 | 26  0.02197  5.70172e-01 | 27  0.00921  4.81280e-01
 28  0.01752  2.42397e-01 | 29  0.01767  3.76743e-01 | 30  0.01397  3.24313e-01
 31  0.04242  4.12318e-01 | 32  0.07214  9.27652e-01 | 33  0.01406  2.98509e-01
 34  0.02804  4.05689e-01 | 35  0.03099  4.52725e-01 | 36  0.03185  5.40470e-01
 37  0.04176  8.61565e-01 | 38  0.00907  3.35462e-01 | 39 -0.01136  3.40191e-01
 40 -0.00870  5.01481e-01 | 41 -0.01244  2.77064e-01 | 42 -0.00345  4.89080e-01
 43  0.01659  4.59736e-01 | 44  0.00868  1.39839e-01 | 45  0.00665  2.62589e-01
 46  0.00300  1.91558e-01 | 47  0.00716 -6.55611e-04 | 48  0.01814  7.52399e-02
 49 -0.01280 -9.82075e-02 | 50 -0.02909 -7.48280e-02 | 51 -0.02221 -1.83786e-01
 52 -0.01001 -2.00222e-01 | 53 -0.00164 -2.01643e-01 | 54 -0.00232 -1.49078e-01
 55 -0.01997 -2.73522e-01 | 56 -0.03308 -4.95087e-01 | 57 -0.02561 -2.92974e-01
 58 -0.01035 -3.94527e-01 | 59  0.00292 -3.27032e-01 | 60 -0.01670 -5.52075e-01
 61 -0.00966 -2.93948e-01 | 62 -0.01460 -4.88642e-01 | 63 -0.00719 -5.49335e-01
 64 -0.01209 -5.82517e-01 | 65 -0.01434 -6.50940e-01 | 66 -0.00223 -1.13370e-01
 67  0.00005  4.89866e-02 | 68  0.00000  0.00000e+00 | 69 -0.80058  2.63977e+00
 70  0.14808  1.83787e+00 | 71  0.12666  3.45762e+00 | 72  0.18333 -2.52148e+00
 73 -0.06986 -3.46161e-04 | 74  0.04701  2.38944e-01 | 75  0.12483  1.02612e+00
 76  0.10836  4.42577e+00 | 77  0.15931 -2.70532e-02 | 78  0.29106  1.39412e-01
 79 -0.20508  2.09613e-01 | 80  0.12871  4.18399e-01 | 81  0.08278  5.73470e-02
 82  0.12880 -7.76945e-01 | 83 -0.00000  8.46108e-31 | 84  0.02372  2.36610e-01
 85 -0.07475  7.31531e-01 | 86 -0.24045  1.27888e-04 | 87  0.10317 -6.53104e-01
 88  0.72446  1.63265e-01 | 89 -0.16429  3.92205e-01 | 90  0.08626  2.34138e-01
 91 -0.66319 -1.47244e-01 |
91 variables; iteration 100; function evaluation 147; phase 4
Function value 2.2347358e+02; maximum gradient component mag -2.4624e+00
Var    Value     Gradient |Var    Value     Gradient |Var    Value     Gradient
  1  0.01722 -2.46244e+00 |  2 -0.01447  7.63246e-02 |  3 -0.02638  1.23075e-02
  4 -0.02238 -4.34181e-03 |  5 -0.01501  8.35845e-03 |  6 -0.01338 -1.78244e-02
  7 -0.01223 -2.25552e-04 |  8 -0.00178  3.68546e-02 |  9 -0.00024 -1.24346e-02
 10  0.00093  5.89024e-03 | 11 -0.00348 -7.41594e-03 | 12 -0.01539 -2.35493e-04
 13 -0.02067  1.33763e-02 | 14 -0.01691  5.51936e-02 | 15 -0.01626  3.88210e-02
 16 -0.01162  1.81549e-02 | 17 -0.00096  7.69404e-02 | 18  0.00249  5.99644e-02
 19  0.00435  2.41408e-02 | 20 -0.00367  3.78413e-02 | 21 -0.01577  2.12052e-02
 22 -0.01480  1.63630e-02 | 23 -0.01457  2.22177e-02 | 24 -0.02165  2.16490e-02
 25 -0.00527 -2.04558e-02 | 26  0.02192 -3.09177e-02 | 27  0.00900 -3.80594e-02
 28  0.01762 -1.75624e-02 | 29  0.01756 -2.01500e-02 | 30  0.01381 -2.75399e-02
 31  0.04253 -4.21265e-02 | 32  0.07193 -8.93384e-02 | 33  0.01401 -2.14687e-02
 34  0.02802 -3.80124e-02 | 35  0.03098 -5.08413e-02 | 36  0.03187 -5.43493e-02
 37  0.04163 -7.82144e-02 | 38  0.00926 -2.78234e-02 | 39 -0.01142 -4.94879e-02
 40 -0.00882 -2.89248e-02 | 41 -0.01236 -4.12531e-02 | 42 -0.00361 -4.82500e-02
 43  0.01655 -4.44655e-02 | 44  0.00885 -1.12073e-02 | 45  0.00649 -4.22220e-02
 46  0.00284 -1.32455e-02 | 47  0.00720  5.82232e-03 | 48  0.01809 -2.83045e-02
 49 -0.01273  3.48491e-02 | 50 -0.02920 -2.32238e-02 | 51 -0.02220  7.24189e-03
 52 -0.00998  3.10003e-02 | 53 -0.00160  2.17231e-03 | 54 -0.00233  6.51094e-03
 55 -0.01997  2.88727e-02 | 56 -0.03296  4.06461e-02 | 57 -0.02572  2.05699e-02
 58 -0.01028  3.95295e-02 | 59  0.00287  1.47044e-02 | 60 -0.01650  5.07728e-02
 61 -0.00980  2.64217e-02 | 62 -0.01457  3.23485e-02 | 63 -0.00718  4.00925e-02
 64 -0.01202  7.28997e-02 | 65 -0.01423  2.19458e-02 | 66 -0.00214 -4.47063e-02
 67 -0.00002 -5.97922e-03 | 68  0.00000  0.00000e+00 | 69 -0.80073  8.52881e-02
 70  0.14743 -1.32249e-03 | 71  0.12615  4.92895e-01 | 72  0.18321  2.07170e-01
 73 -0.05845 -2.89273e-04 | 74  0.04698  1.99231e-04 | 75  0.12462  2.88622e-02
 76  0.10817  2.56127e-01 | 77  0.15932  1.02328e-01 | 78  0.26637  1.67124e-03
 79 -0.20521  6.48649e-03 | 80  0.12861 -1.89540e-02 | 81  0.08078  1.34974e-02
 82  0.12882  7.26574e-02 | 83 -0.00000  1.92710e-32 | 84  0.02363 -2.16462e-02
 85 -0.07484 -7.84407e-02 | 86 -0.24378 -4.29727e-05 | 87  0.10317  6.62170e-02
 88  0.72463 -1.72839e-02 | 89 -0.16454 -4.25560e-02 | 90  0.08614 -2.10517e-02
 91 -0.66321  3.19888e-03 |
91 variables; iteration 120; function evaluation 210; phase 4
Function value 2.2338827e+02; maximum gradient component mag 1.8576e+00
Var    Value     Gradient |Var    Value     Gradient |Var    Value     Gradient
  1  0.01725  1.85757e+00 |  2 -0.01442  1.68849e-01 |  3 -0.02628  1.87122e-02
  4 -0.02225  2.37709e-02 |  5 -0.01487  1.62921e-02 |  6 -0.01319  2.56571e-02
  7 -0.01203  2.79889e-02 |  8 -0.00158  3.89193e-02 |  9  0.00001  3.99875e-02
 10  0.00111  3.76783e-02 | 11 -0.00336  3.79329e-02 | 12 -0.01533  3.87259e-02
 13 -0.02054  7.70949e-03 | 14 -0.01685  4.74902e-03 | 15 -0.01615  1.19331e-02
 16 -0.01147  7.58836e-03 | 17 -0.00090  1.88789e-02 | 18  0.00253  1.76446e-02
 19  0.00438  2.15983e-02 | 20 -0.00365  2.62031e-02 | 21 -0.01574  6.06077e-03
 22 -0.01477  2.19755e-02 | 23 -0.01455  2.07452e-02 | 24 -0.02161  1.84153e-02
 25 -0.00524  9.45342e-03 | 26  0.02180  2.00831e-02 | 27  0.00892  2.39423e-04
 28  0.01754  1.03113e-02 | 29  0.01753  1.93413e-02 | 30  0.01376 -2.24083e-04
 31  0.04244  1.19331e-02 | 32  0.07180  2.27574e-02 | 33  0.01399 -3.58384e-03
 34  0.02798  2.72743e-03 | 35  0.03097  8.25219e-03 | 36  0.03190  1.21547e-02
 37  0.04161  1.47922e-02 | 38  0.00925  5.64203e-03 | 39 -0.01139  1.01929e-02
 40 -0.00889  6.68861e-04 | 41 -0.01243 -5.68675e-03 | 42 -0.00364  7.22536e-03
 43  0.01653 -9.24215e-03 | 44  0.00883  1.71964e-03 | 45  0.00647 -1.06929e-02
 46  0.00276 -2.78654e-02 | 47  0.00710 -1.71483e-02 | 48  0.01808 -9.98142e-03
 49 -0.01275 -1.10443e-02 | 50 -0.02916 -2.27857e-02 | 51 -0.02219 -1.50649e-02
 52 -0.01001 -6.71181e-03 | 53 -0.00158 -1.70845e-02 | 54 -0.00228 -2.63139e-02
 55 -0.01995 -1.65373e-02 | 56 -0.03298 -1.67240e-02 | 57 -0.02573 -2.11204e-02
 58 -0.01028 -1.49033e-02 | 59  0.00293 -2.15489e-02 | 60 -0.01647 -1.51857e-02
 61 -0.00979 -2.04785e-02 | 62 -0.01458 -1.63242e-02 | 63 -0.00720 -2.90365e-02
 64 -0.01200 -1.50592e-02 | 65 -0.01413 -1.71136e-02 | 66 -0.00208  1.43422e-02
 67 -0.00001 -4.85410e-04 | 68  0.00000  0.00000e+00 | 69 -0.80090  1.62004e-01
 70  0.14838 -1.84906e-02 | 71  0.12107 -1.98810e-01 | 72  0.18352 -5.34332e-02
 73  0.05437  1.17954e-04 | 74  0.05024  4.51277e-02 | 75  0.12421  1.81919e-01
 76  0.10545  6.96990e-01 | 77  0.15925  8.77573e-02 | 78  0.12971  6.49096e-04
 79 -0.20521  1.27658e-02 | 80  0.12885  1.18114e-01 | 81  0.07274 -1.07826e-01
 82  0.12896 -2.54964e-01 | 83 -0.00000 -6.47500e-31 | 84  0.02366  1.27814e-01
 85 -0.07497 -1.24427e-03 | 86 -0.22245  1.18393e-03 | 87  0.10312  2.53265e-02
 88  0.72487  9.58117e-03 | 89 -0.16478  6.70380e-03 | 90  0.08596 -2.36409e-03
 91 -0.66339  1.08898e-03 |
91 variables; iteration 140; function evaluation 257; phase 4
Function value 2.2314047e+02; maximum gradient component mag 1.2681e+02
Var    Value     Gradient |Var    Value     Gradient |Var    Value     Gradient
  1  0.01725 -4.03165e+01 |  2 -0.01389  9.68866e+00 |  3 -0.02620 -1.66101e-01
  4 -0.02220 -2.25973e-01 |  5 -0.01487 -3.49252e-01 |  6 -0.01317 -3.60364e-01
  7 -0.01199 -3.51315e-01 |  8 -0.00151 -4.31890e-01 |  9  0.00012 -4.74815e-01
 10  0.00118 -5.42025e-01 | 11 -0.00339 -5.79684e-01 | 12 -0.01533 -5.33186e-01
 13 -0.02048  4.11796e-01 | 14 -0.01682  3.62472e-01 | 15 -0.01607  4.12372e-01
 16 -0.01150  3.82556e-01 | 17 -0.00094  4.02752e-01 | 18  0.00268  2.94284e-01
 19  0.00450  1.24014e-01 | 20 -0.00377  1.21789e-01 | 21 -0.01593  8.83022e-02
 22 -0.01468  1.43575e-01 | 23 -0.01430 -1.74793e-02 | 24 -0.02169 -1.08366e-01
 25 -0.00543 -5.90918e-01 | 26  0.02182 -1.15329e+00 | 27  0.00908 -8.18414e-01
 28  0.01745 -7.30125e-01 | 29  0.01737 -5.44861e-01 | 30  0.01371 -4.83546e-01
 31  0.04263 -7.57714e-01 | 32  0.07159 -1.42287e+00 | 33  0.01404 -2.75649e-01
 34  0.02788 -5.29968e-01 | 35  0.03099 -6.11145e-01 | 36  0.03195 -6.99524e-01
 37  0.04168 -1.18886e+00 | 38  0.00916 -6.75920e-01 | 39 -0.01146 -3.51511e-01
 40 -0.00899 -5.61199e-01 | 41 -0.01241 -5.84981e-01 | 42 -0.00346 -4.98330e-01
 43  0.01623 -7.60596e-01 | 44  0.00912 -2.71573e-01 | 45  0.00650 -1.45534e-01
 46  0.00253 -1.20773e-01 | 47  0.00708 -5.07632e-03 | 48  0.01810 -5.23153e-02
 49 -0.01272  2.67532e-01 | 50 -0.02921  3.26574e-01 | 51 -0.02220  3.77645e-01
 52 -0.00998  4.14964e-01 | 53 -0.00155  3.86027e-01 | 54 -0.00231  3.89347e-01
 55 -0.01992  6.13733e-01 | 56 -0.03299  6.78860e-01 | 57 -0.02576  6.77743e-01
 58 -0.01024  7.45769e-01 | 59  0.00291  7.11973e-01 | 60 -0.01640  8.48074e-01
 61 -0.00981  7.96318e-01 | 62 -0.01458  8.97066e-01 | 63 -0.00725  8.40493e-01
 64 -0.01185  1.03009e+00 | 65 -0.01411  1.01564e+00 | 66 -0.00202  9.31485e-02
 67 -0.00001  7.38152e-04 | 68  0.00000  0.00000e+00 | 69 -0.79733  1.17280e+01
 70  0.14866  2.89720e+01 | 71  0.12093  1.26807e+02 | 72  0.18366  4.78849e+00
 73  0.02710 -1.13349e-01 | 74  0.04972 -1.65920e+00 | 75  0.13659 -4.34425e+01
 76  0.09743 -9.70887e+01 | 77  0.16353  4.75901e+00 | 78  0.00214  3.16675e-01
 79 -0.19562  7.40100e-01 | 80  0.12844 -7.42283e-02 | 81  0.07682  8.55589e-02
 82  0.12884  5.16331e-01 | 83  0.00000 -3.83465e-31 | 84  0.02351 -5.85661e-02
 85 -0.07501 -1.10771e+00 | 86 -0.68922 -5.91581e-03 | 87  0.10312  8.28902e-01
 88  0.72487 -2.36597e-01 | 89 -0.16486 -4.46942e-01 | 90  0.08587 -3.32273e-01
 91 -0.66350  3.61370e-02 |
91 variables; iteration 160; function evaluation 278; phase 4
Function value 2.2312975e+02; maximum gradient component mag -5.5608e+00
Var    Value     Gradient |Var    Value     Gradient |Var    Value     Gradient
  1  0.01729  1.13711e+00 |  2 -0.01389  6.87357e-01 |  3 -0.02612 -2.94860e-03
  4 -0.02210 -5.34565e-03 |  5 -0.01469 -5.77497e-03 |  6 -0.01300 -4.63504e-03
  7 -0.01185 -6.34039e-03 |  8 -0.00136 -5.56746e-03 |  9  0.00028 -6.31384e-03
 10  0.00139 -8.32515e-03 | 11 -0.00323 -1.65654e-02 | 12 -0.01531 -9.23874e-03
 13 -0.02040 -7.97860e-03 | 14 -0.01669 -4.03180e-03 | 15 -0.01596 -5.06464e-03
 16 -0.01135 -7.25093e-03 | 17 -0.00092  3.88020e-04 | 18  0.00259 -1.10487e-03
 19  0.00456 -5.88779e-03 | 20 -0.00366 -6.92069e-03 | 21 -0.01583 -1.16296e-02
 22 -0.01485 -1.05283e-02 | 23 -0.01436 -6.58466e-03 | 24 -0.02154 -2.55895e-03
 25 -0.00531 -3.96382e-03 | 26  0.02159 -7.12117e-03 | 27  0.00893 -9.42090e-03
 28  0.01748  2.02200e-03 | 29  0.01731 -7.22899e-03 | 30  0.01374  1.07616e-03
 31  0.04247 -8.31037e-05 | 32  0.07154 -4.15234e-03 | 33  0.01402  6.98756e-04
 34  0.02790 -3.48964e-03 | 35  0.03094 -2.43083e-03 | 36  0.03190 -4.20286e-04
 37  0.04169 -7.41702e-04 | 38  0.00931  8.14848e-03 | 39 -0.01145  3.42977e-03
 40 -0.00904  2.27467e-03 | 41 -0.01250  5.89388e-03 | 42 -0.00368  3.74142e-03
 43  0.01642  6.33019e-03 | 44  0.00896  6.19047e-03 | 45  0.00647  3.14096e-03
 46  0.00260  6.60552e-03 | 47  0.00701  9.50328e-03 | 48  0.01803  5.21179e-03
 49 -0.01272  5.63025e-03 | 50 -0.02913 -2.93993e-07 | 51 -0.02218  3.67491e-03
 52 -0.01003  5.62206e-03 | 53 -0.00154  3.48787e-03 | 54 -0.00222  3.49684e-03
 55 -0.01993  6.93196e-03 | 56 -0.03300  8.59736e-03 | 57 -0.02576  3.07769e-03
 58 -0.01027  3.54429e-03 | 59  0.00296  1.14755e-03 | 60 -0.01640  6.20557e-03
 61 -0.00976 -1.06057e-03 | 62 -0.01462  8.37251e-04 | 63 -0.00722  4.97250e-03
 64 -0.01190  6.76192e-03 | 65 -0.01402  4.71153e-03 | 66 -0.00211  6.36094e-05
 67 -0.00001 -2.63838e-04 | 68  0.00000  0.00000e+00 | 69 -0.79802  8.15377e-01
 70  0.14738  1.23364e-01 | 71  0.12125  5.91393e-01 | 72  0.18332  3.84441e-02
 73  0.04276 -5.19157e-04 | 74  0.04998 -5.12246e-03 | 75  0.13235 -2.49988e+00
 76  0.09916 -5.56077e+00 | 77  0.16191  2.93560e-01 | 78 -0.05854  7.22288e-03
 79 -0.19294  7.08453e-02 | 80  0.12816  7.50887e-02 | 81  0.07693  9.67249e-02
 82  0.12879  1.94339e-02 | 83  0.00000 -3.79829e-31 | 84  0.02341 -2.99827e-04
 85 -0.07511  3.63644e-03 | 86 -0.23651  3.07603e-04 | 87  0.10308 -3.95872e-03
 88  0.72509 -2.00904e-03 | 89 -0.16506 -6.76959e-03 | 90  0.08574  2.98438e-04
 91 -0.66361  1.36592e-03 |
91 variables; iteration 180; function evaluation 311; phase 4
Function value 2.2312756e+02; maximum gradient component mag 2.9238e-01
Var    Value     Gradient |Var    Value     Gradient |Var    Value     Gradient
  1  0.01729 -2.63113e-01 |  2 -0.01388 -7.02750e-02 |  3 -0.02610 -1.11942e-03
  4 -0.02208 -1.24597e-03 |  5 -0.01466 -1.17686e-03 |  6 -0.01296 -1.42963e-03
  7 -0.01181 -1.81946e-03 |  8 -0.00133 -2.14722e-03 |  9  0.00031 -2.39235e-03
 10  0.00142 -2.54180e-03 | 11 -0.00320 -2.49640e-03 | 12 -0.01530 -2.55832e-03
 13 -0.02039 -2.80160e-04 | 14 -0.01668 -4.20852e-04 | 15 -0.01594 -4.67193e-04
 16 -0.01132 -3.29296e-04 | 17 -0.00091 -1.03413e-03 | 18  0.00260 -1.05982e-03
 19  0.00456 -1.21487e-03 | 20 -0.00366 -1.45416e-03 | 21 -0.01582 -6.80621e-04
 22 -0.01484 -1.05958e-03 | 23 -0.01435 -1.07613e-03 | 24 -0.02154 -9.71546e-04
 25 -0.00531 -1.47400e-03 | 26  0.02157 -2.78513e-03 | 27  0.00892 -1.57558e-03
 28  0.01746 -1.65752e-03 | 29  0.01731 -1.26513e-03 | 30  0.01373 -2.35352e-04
 31  0.04245 -1.03245e-03 | 32  0.07153 -1.65909e-03 | 33  0.01401 -1.87261e-04
 34  0.02790 -3.91685e-04 | 35  0.03094 -6.21926e-04 | 36  0.03191 -7.22654e-04
 37  0.04169 -1.21740e-03 | 38  0.00931 -4.78173e-04 | 39 -0.01145 -3.80751e-04
 40 -0.00905 -2.28966e-04 | 41 -0.01251  2.10799e-04 | 42 -0.00368 -4.20680e-04
 43  0.01642  1.35904e-04 | 44  0.00896  2.17440e-05 | 45  0.00646  3.88013e-04
 46  0.00259  1.01696e-03 | 47  0.00700  7.11158e-04 | 48  0.01803  4.09258e-04
 49 -0.01272  7.78157e-04 | 50 -0.02912  1.47298e-03 | 51 -0.02218  1.18094e-03
 52 -0.01004  8.11500e-04 | 53 -0.00154  1.03328e-03 | 54 -0.00221  1.48089e-03
 55 -0.01992  1.21232e-03 | 56 -0.03301  1.46756e-03 | 57 -0.02576  1.57922e-03
 58 -0.01026  1.38050e-03 | 59  0.00297  1.61815e-03 | 60 -0.01639  1.51339e-03
 61 -0.00975  1.73153e-03 | 62 -0.01462  1.63603e-03 | 63 -0.00722  2.08539e-03
 64 -0.01190  1.52839e-03 | 65 -0.01401  1.85751e-03 | 66 -0.00211 -3.36808e-04
 67 -0.00001  2.74157e-05 | 68  0.00000  0.00000e+00 | 69 -0.79805 -8.11331e-02
 70  0.14727  6.53961e-02 | 71  0.12128  2.88046e-01 | 72  0.18330  8.49673e-03
 73  0.04405 -1.52546e-04 | 74  0.04996 -3.91861e-03 | 75  0.13227  1.40859e-01
 76  0.09918  2.92378e-01 | 77  0.16189 -2.67464e-02 | 78 -0.07911 -5.39182e-04
 79 -0.19290 -6.97477e-03 | 80  0.12853 -1.00510e-03 | 81  0.07300  4.38836e-04
 82  0.12892  2.17321e-03 | 83  0.00000 -6.43674e-31 | 84  0.02351 -4.86559e-04
 85 -0.07514 -7.47840e-04 | 86 -0.24343 -1.68663e-05 | 87  0.10307  4.37491e-04
 88  0.72513 -2.00428e-04 | 89 -0.16509 -5.20753e-04 | 90  0.08571 -3.20115e-04
 91 -0.66364  1.49871e-04 |
91 variables; iteration 200; function evaluation 331; phase 4
Function value 2.2312756e+02; maximum gradient component mag -2.7899e+00
Var    Value     Gradient |Var    Value     Gradient |Var    Value     Gradient
  1  0.01729 -3.62815e-01 |  2 -0.01388  2.21675e-02 |  3 -0.02611 -3.87063e-03
  4 -0.02208 -4.14460e-03 |  5 -0.01466 -3.37600e-03 |  6 -0.01296 -4.48829e-03
  7 -0.01181 -6.24566e-03 |  8 -0.00133 -7.41311e-03 |  9  0.00031 -8.86262e-03
 10  0.00142 -9.09873e-03 | 11 -0.00320 -7.74765e-03 | 12 -0.01530 -9.32660e-03
 13 -0.02039 -1.07663e-03 | 14 -0.01668 -2.59176e-03 | 15 -0.01594 -2.49085e-03
 16 -0.01132 -1.24730e-03 | 17 -0.00091 -5.30468e-03 | 18  0.00260 -5.23197e-03
 19  0.00456 -5.16712e-03 | 20 -0.00366 -6.50292e-03 | 21 -0.01582 -2.32552e-03
 22 -0.01484 -3.94083e-03 | 23 -0.01435 -4.52008e-03 | 24 -0.02154 -4.99609e-03
 25 -0.00531 -7.24395e-03 | 26  0.02157 -1.30223e-02 | 27  0.00892 -7.13141e-03
 28  0.01746 -8.58681e-03 | 29  0.01731 -5.17796e-03 | 30  0.01373 -7.14159e-04
 31  0.04245 -3.84622e-03 | 32  0.07153 -4.72396e-03 | 33  0.01401 -4.38206e-04
 34  0.02790 -1.90742e-04 | 35  0.03094 -7.79961e-04 | 36  0.03191 -8.51766e-04
 37  0.04169 -1.29034e-03 | 38  0.00931 -4.91129e-04 | 39 -0.01145 -5.07700e-04
 40 -0.00905  6.55462e-04 | 41 -0.01251  2.15938e-03 | 42 -0.00369 -9.82234e-04
 43  0.01642  1.95873e-03 | 44  0.00895  1.69546e-04 | 45  0.00646  1.98588e-03
 46  0.00259  4.53509e-03 | 47  0.00700  2.56921e-03 | 48  0.01803  1.69412e-03
 49 -0.01272  2.74612e-03 | 50 -0.02912  6.44853e-03 | 51 -0.02218  4.33598e-03
 52 -0.01004  2.40196e-03 | 53 -0.00154  3.76741e-03 | 54 -0.00221  6.29707e-03
 55 -0.01992  3.90269e-03 | 56 -0.03301  4.45812e-03 | 57 -0.02576  5.55924e-03
 58 -0.01026  4.62779e-03 | 59  0.00297  6.32987e-03 | 60 -0.01640  4.83381e-03
 61 -0.00975  6.49718e-03 | 62 -0.01462  5.43404e-03 | 63 -0.00722  6.94572e-03
 64 -0.01190  4.28240e-03 | 65 -0.01401  6.17070e-03 | 66 -0.00212 -1.60705e-03
 67 -0.00001  1.62242e-04 | 68  0.00000  0.00000e+00 | 69 -0.79805  3.31109e-02
 70  0.14726  1.23843e-01 | 71  0.12128  6.28446e-01 | 72  0.18329  3.45727e-02
 73  0.04336 -5.76355e-04 | 74  0.04996 -1.84735e-02 | 75  0.13225 -1.16207e+00
 76  0.09919 -2.78987e+00 | 77  0.16188  1.71311e-02 | 78 -0.07353  1.25224e-03
 79 -0.19290  2.21518e-03 | 80  0.12854  3.36388e-02 | 81  0.07300  9.47835e-03
 82  0.12893 -3.08081e-02 | 83  0.00000 -6.42334e-31 | 84  0.02351  1.82546e-02
 85 -0.07514 -2.82545e-03 | 86 -0.24368 -2.78367e-05 | 87  0.10307  2.85023e-03
 88  0.72513 -1.76650e-04 | 89 -0.16509 -6.71055e-04 | 90  0.08571 -1.32089e-03
 91 -0.66364  5.56134e-04 |
91 variables; iteration 220; function evaluation 355; phase 4
Function value 2.2312756e+02; maximum gradient component mag -6.4984e-01
Var    Value     Gradient |Var    Value     Gradient |Var    Value     Gradient
  1  0.01729  2.04701e-01 |  2 -0.01388  9.44047e-02 |  3 -0.02610  1.53354e-04
  4 -0.02208  1.61843e-04 |  5 -0.01466  1.58285e-04 |  6 -0.01296  1.96885e-04
  7 -0.01181  2.35981e-04 |  8 -0.00133  3.06176e-04 |  9  0.00031  3.46087e-04
 10  0.00142  3.64453e-04 | 11 -0.00320  3.31584e-04 | 12 -0.01530  3.46256e-04
 13 -0.02039  6.58206e-05 | 14 -0.01668  1.03297e-04 | 15 -0.01594  1.11632e-04
 16 -0.01132  6.45737e-05 | 17 -0.00091  1.76773e-04 | 18  0.00260  1.85045e-04
 19  0.00456  2.14707e-04 | 20 -0.00366  2.51897e-04 | 21 -0.01582  8.97375e-05
 22 -0.01484  1.04645e-04 | 23 -0.01435  1.08943e-04 | 24 -0.02154  1.44558e-04
 25 -0.00531  1.77709e-04 | 26  0.02157  3.05020e-04 | 27  0.00892  1.07573e-04
 28  0.01746  1.82702e-04 | 29  0.01731  1.06269e-04 | 30  0.01373  4.62096e-06
 31  0.04245  1.11328e-04 | 32  0.07153  1.70964e-04 | 33  0.01401  3.32146e-06
 34  0.02790 -6.08204e-06 | 35  0.03094  1.83852e-05 | 36  0.03191  4.72763e-05
 37  0.04169  1.35048e-04 | 38  0.00931  1.19530e-04 | 39 -0.01145  7.60848e-05
 40 -0.00905  1.26580e-05 | 41 -0.01251 -6.42247e-05 | 42 -0.00368 -1.80837e-05
 43  0.01642 -6.13449e-05 | 44  0.00896  1.46709e-05 | 45  0.00646 -4.06639e-05
 46  0.00259 -1.05120e-04 | 47  0.00700 -5.41911e-05 | 48  0.01803 -3.34314e-05
 49 -0.01272 -6.53618e-05 | 50 -0.02912 -1.79146e-04 | 51 -0.02218 -1.13022e-04
 52 -0.01004 -5.45518e-05 | 53 -0.00154 -1.14216e-04 | 54 -0.00221 -1.88209e-04
 55 -0.01992 -1.42924e-04 | 56 -0.03301 -1.51746e-04 | 57 -0.02576 -1.96915e-04
 58 -0.01026 -1.68442e-04 | 59  0.00297 -2.13837e-04 | 60 -0.01639 -1.62144e-04
 61 -0.00975 -2.25892e-04 | 62 -0.01462 -1.96891e-04 | 63 -0.00722 -2.42138e-04
 64 -0.01190 -1.86831e-04 | 65 -0.01401 -2.33381e-04 | 66 -0.00211  4.22035e-05
 67 -0.00001 -3.54741e-06 | 68  0.00000  0.00000e+00 | 69 -0.79805  1.11715e-01
 70  0.14727  4.99202e-02 | 71  0.12128  1.96085e-01 | 72  0.18330 -9.25355e-04
 73  0.03930 -2.44789e-05 | 74  0.04996  5.09823e-04 | 75  0.13227 -2.97653e-01
 76  0.09920 -6.49845e-01 | 77  0.16189  3.81019e-02 | 78 -0.05983  7.26366e-04
 79 -0.19290  9.47831e-03 | 80  0.12853 -9.34694e-04 | 81  0.07300 -4.35634e-04
 82  0.12892  6.98643e-04 | 83  0.00000 -6.43773e-31 | 84  0.02351 -4.17698e-04
 85 -0.07514  1.31113e-04 | 86 -0.24299  1.93226e-06 | 87  0.10307 -6.45150e-05
 88  0.72513  2.40373e-05 | 89 -0.16509  4.57280e-05 | 90  0.08571  3.30759e-05
 91 -0.66364 -6.32489e-06 |
91 variables; iteration 240; function evaluation 378; phase 4
Function value 2.2312756e+02; maximum gradient component mag 2.0321e-01
Var    Value     Gradient |Var    Value     Gradient |Var    Value     Gradient
  1  0.01729 -4.11210e-02 |  2 -0.01388 -2.16305e-02 |  3 -0.02610  8.11083e-06
  4 -0.02208  1.79700e-05 |  5 -0.01466  1.98015e-05 |  6 -0.01296  1.81353e-05
  7 -0.01181  2.51171e-05 |  8 -0.00133  1.54904e-05 |  9  0.00031  1.66756e-05
 10  0.00142  2.20750e-05 | 11 -0.00320  4.09118e-05 | 12 -0.01530  2.88588e-05
 13 -0.02039 -9.16753e-06 | 14 -0.01668 -1.57816e-05 | 15 -0.01594 -1.81312e-05
 16 -0.01132 -1.80588e-06 | 17 -0.00091 -1.83892e-05 | 18  0.00260 -1.60745e-05
 19  0.00456 -8.64324e-06 | 20 -0.00366 -1.29457e-05 | 21 -0.01582  1.04635e-05
 22 -0.01484  1.52753e-05 | 23 -0.01435  1.55791e-05 | 24 -0.02154 -3.59623e-06
 25 -0.00531  2.26978e-05 | 26  0.02157  5.17091e-05 | 27  0.00892  6.32004e-05
 28  0.01746  2.67324e-05 | 29  0.01731  3.93078e-05 | 30  0.01373  1.62910e-05
 31  0.04245  2.27536e-05 | 32  0.07153  5.62297e-05 | 33  0.01401  7.47091e-06
 34  0.02790  3.74718e-05 | 35  0.03094  4.06909e-05 | 36  0.03191  3.86627e-05
 37  0.04169  4.79098e-05 | 38  0.00931 -4.39845e-06 | 39 -0.01145  7.94343e-07
 40 -0.00905  2.15994e-05 | 41 -0.01251  2.25975e-05 | 42 -0.00368  3.67119e-05
 43  0.01642  2.96512e-05 | 44  0.00896 -6.04979e-06 | 45  0.00646  1.80300e-06
 46  0.00259 -5.60940e-06 | 47  0.00700 -1.51100e-05 | 48  0.01803 -2.55112e-06
 49 -0.01272 -2.46307e-05 | 50 -0.02912 -1.57007e-05 | 51 -0.02218 -3.21426e-05
 52 -0.01004 -3.92713e-05 | 53 -0.00154 -1.90933e-05 | 54 -0.00221 -1.13822e-05
 55 -0.01992 -2.83129e-05 | 56 -0.03301 -4.29429e-05 | 57 -0.02576 -2.75662e-05
 58 -0.01026 -3.32860e-05 | 59  0.00297 -2.54632e-05 | 60 -0.01639 -4.71876e-05
 61 -0.00975 -2.57527e-05 | 62 -0.01462 -3.72553e-05 | 63 -0.00722 -4.38351e-05
 64 -0.01190 -4.36238e-05 | 65 -0.01401 -3.74196e-05 | 66 -0.00211 -3.13834e-06
 67 -0.00001 -1.07168e-06 | 68  0.00000  0.00000e+00 | 69 -0.79805 -2.57556e-02
 70  0.14727  5.07071e-02 | 71  0.12127  2.03206e-01 | 72  0.18330 -2.08852e-04
 73  0.03712 -3.05910e-05 | 74  0.04996  5.57049e-05 | 75  0.13227  4.11738e-02
 76  0.09920  8.12212e-02 | 77  0.16189 -8.64900e-03 | 78 -0.05902 -1.38589e-04
 79 -0.19290 -2.42600e-03 | 80  0.12853  2.55619e-04 | 81  0.07300 -1.24037e-04
 82  0.12892 -5.00793e-04 | 83  0.00000 -6.43726e-31 | 84  0.02351  2.36007e-04
 85 -0.07514  9.86847e-06 | 86 -0.24299  1.79077e-06 | 87  0.10307 -1.52115e-05
 88  0.72513  8.81515e-06 | 89 -0.16509  2.21300e-05 | 90  0.08571  1.65242e-05
 91 -0.66364 -7.38683e-06 |
91 variables; iteration 260; function evaluation 402; phase 4
Function value 2.2312755e+02; maximum gradient component mag 7.7002e-01
Var    Value     Gradient |Var    Value     Gradient |Var    Value     Gradient
  1  0.01729  3.06966e-01 |  2 -0.01388  1.69849e-01 |  3 -0.02610 -9.90739e-05
  4 -0.02208 -1.47145e-04 |  5 -0.01466 -2.41270e-04 |  6 -0.01296 -2.56013e-04
  7 -0.01181 -2.52061e-04 |  8 -0.00133 -3.24828e-04 |  9  0.00031 -3.48085e-04
 10  0.00142 -3.54738e-04 | 11 -0.00320 -3.56625e-04 | 12 -0.01530 -3.32259e-04
 13 -0.02039  1.36819e-04 | 14 -0.01668  9.83448e-05 | 15 -0.01594  1.25557e-04
 16 -0.01132  1.09607e-04 | 17 -0.00091  6.57561e-05 | 18  0.00260 -2.84679e-05
 19  0.00456 -8.96365e-05 | 20 -0.00366 -4.55608e-05 | 21 -0.01582 -6.06760e-05
 22 -0.01484 -9.12959e-05 | 23 -0.01435 -1.82995e-04 | 24 -0.02154 -2.06386e-04
 25 -0.00531 -4.75626e-04 | 26  0.02157 -8.68851e-04 | 27  0.00892 -6.18146e-04
 28  0.01746 -5.49867e-04 | 29  0.01731 -3.52116e-04 | 30  0.01373 -2.74357e-04
 31  0.04245 -4.15325e-04 | 32  0.07153 -7.03634e-04 | 33  0.01401 -1.23267e-04
 34  0.02790 -2.25774e-04 | 35  0.03094 -2.55363e-04 | 36  0.03191 -2.60360e-04
 37  0.04169 -3.93137e-04 | 38  0.00931 -1.46268e-04 | 39 -0.01145 -1.60089e-05
 40 -0.00905 -1.80212e-04 | 41 -0.01251 -2.87758e-04 | 42 -0.00368 -2.66150e-04
 43  0.01642 -3.83115e-04 | 44  0.00896 -8.02907e-05 | 45  0.00646  7.97162e-05
 46  0.00259  8.69715e-05 | 47  0.00700  1.15937e-04 | 48  0.01803  9.98112e-05
 49 -0.01272  2.21187e-04 | 50 -0.02912  2.45389e-04 | 51 -0.02218  2.51048e-04
 52 -0.01004  2.79319e-04 | 53 -0.00154  2.78588e-04 | 54 -0.00221  2.71833e-04
 55 -0.01992  3.59370e-04 | 56 -0.03301  3.56867e-04 | 57 -0.02576  3.78141e-04
 58 -0.01026  4.06368e-04 | 59  0.00297  4.06125e-04 | 60 -0.01639  4.51085e-04
 61 -0.00975  4.64279e-04 | 62 -0.01462  5.00248e-04 | 63 -0.00722  4.49064e-04
 64 -0.01190  5.74680e-04 | 65 -0.01401  5.42830e-04 | 66 -0.00211  5.51966e-05
 67 -0.00001 -3.92809e-06 | 68  0.00000  0.00000e+00 | 69 -0.79805  2.01570e-01
 70  0.14727  1.55198e-01 | 71  0.12126  6.49644e-01 | 72  0.18330  2.95402e-03
 73  0.01601 -3.61497e-04 | 74  0.04996 -1.83854e-03 | 75  0.13227  2.57116e-01
 76  0.09920  7.70015e-01 | 77  0.16189  6.94494e-02 | 78 -0.05987  3.35971e-04
 79 -0.19290  1.74124e-02 | 80  0.12853  1.20893e-04 | 81  0.07300  1.05737e-04
 82  0.12892  6.71959e-05 | 83  0.00000 -6.43706e-31 | 84  0.02351  4.62799e-05
 85 -0.07514 -5.71341e-04 | 86 -0.24299  1.81721e-06 | 87  0.10307  4.51257e-04
 88  0.72513 -9.83980e-05 | 89 -0.16509 -1.87128e-04 | 90  0.08571 -8.42315e-05
 91 -0.66364 -4.29049e-06 |
91 variables; iteration 280; function evaluation 425; phase 4
Function value 2.2312755e+02; maximum gradient component mag -8.6291e-01
Var    Value     Gradient |Var    Value     Gradient |Var    Value     Gradient
  1  0.01729 -2.47481e-01 |  2 -0.01388 -1.34068e-01 |  3 -0.02610  2.70231e-05
  4 -0.02208  3.28658e-05 |  5 -0.01466  1.28085e-04 |  6 -0.01296  1.30158e-04
  7 -0.01181  7.30257e-05 |  8 -0.00133  2.00645e-04 |  9  0.00031  1.59229e-04
 10  0.00142  1.52009e-04 | 11 -0.00320  1.76727e-04 | 12 -0.01530  8.19701e-05
 13 -0.02039 -1.20267e-04 | 14 -0.01668 -1.51774e-04 | 15 -0.01594 -1.18543e-04
 16 -0.01132 -1.41656e-04 | 17 -0.00091 -1.53109e-04 | 18  0.00260 -6.15694e-05
 19  0.00456  9.77576e-06 | 20 -0.00366 -2.34427e-06 | 21 -0.01582  4.18114e-05
 22 -0.01484  9.90234e-05 | 23 -0.01435  1.25339e-04 | 24 -0.02154  1.86887e-04
 25 -0.00531  2.66236e-04 | 26  0.02157  4.76115e-04 | 27  0.00892  3.00192e-04
 28  0.01746  2.79333e-04 | 29  0.01731  1.90971e-04 | 30  0.01373  2.15884e-04
 31  0.04245  2.98656e-04 | 32  0.07153  5.21154e-04 | 33  0.01401  9.72425e-05
 34  0.02790  1.32923e-04 | 35  0.03094  1.55876e-04 | 36  0.03191  1.44902e-04
 37  0.04169  2.51593e-04 | 38  0.00931  1.07340e-04 | 39 -0.01145 -3.05013e-05
 40 -0.00905  9.54790e-05 | 41 -0.01251  2.35030e-04 | 42 -0.00368  1.42537e-04
 43  0.01642  3.41180e-04 | 44  0.00896  9.97469e-05 | 45  0.00646 -1.04410e-04
 46  0.00259 -9.67496e-05 | 47  0.00700 -1.43183e-04 | 48  0.01803 -1.48680e-04
 49 -0.01272 -1.09321e-04 | 50 -0.02912 -6.82503e-05 | 51 -0.02218 -7.30282e-05
 52 -0.01004 -1.00577e-04 | 53 -0.00154 -2.06572e-04 | 54 -0.00221 -1.96302e-04
 55 -0.01992 -2.90784e-04 | 56 -0.03301 -2.14250e-04 | 57 -0.02576 -2.28792e-04
 58 -0.01026 -2.27859e-04 | 59  0.00297 -2.03625e-04 | 60 -0.01639 -2.18561e-04
 61 -0.00975 -2.65154e-04 | 62 -0.01462 -2.70144e-04 | 63 -0.00722 -2.29623e-04
 64 -0.01190 -3.83095e-04 | 65 -0.01401 -3.50020e-04 | 66 -0.00211 -4.56654e-05
 67 -0.00001  1.15036e-05 | 68  0.00000  0.00000e+00 | 69 -0.79805 -1.58632e-01
 70  0.14727 -2.02627e-01 | 71  0.12125 -8.62906e-01 | 72  0.18330 -2.61705e-03
 73  0.00730  5.39443e-04 | 74  0.04996  2.11712e-03 | 75  0.13227  8.83141e-02
 76  0.09920  1.03653e-01 | 77  0.16189 -5.43361e-02 | 78 -0.05889 -6.49530e-04
 79 -0.19290 -1.41717e-02 | 80  0.12853 -2.02313e-04 | 81  0.07300  1.11885e-04
 82  0.12892  4.48215e-04 | 83  0.00000 -6.43708e-31 | 84  0.02351 -2.77624e-04
 85 -0.07514  4.18533e-04 | 86 -0.24302  6.16950e-07 | 87  0.10307 -1.15021e-04
 88  0.72513  1.13121e-04 | 89 -0.16509  1.98483e-04 | 90  0.08571 -4.23035e-05
 91 -0.66364  3.86670e-05 |
91 variables; iteration 300; function evaluation 446; phase 4
Function value 2.2312755e+02; maximum gradient component mag 7.8266e-02
Var    Value     Gradient |Var    Value     Gradient |Var    Value     Gradient
  1  0.01729 -3.94647e-03 |  2 -0.01388  8.97998e-04 |  3 -0.02610 -2.99151e-05
  4 -0.02208 -3.74744e-05 |  5 -0.01466 -4.59889e-05 |  6 -0.01296 -4.98127e-05
  7 -0.01181 -5.57474e-05 |  8 -0.00133 -6.54142e-05 |  9  0.00031 -7.14135e-05
 10  0.00142 -7.94721e-05 | 11 -0.00320 -8.80124e-05 | 12 -0.01530 -7.91945e-05
 13 -0.02039  1.26655e-05 | 14 -0.01668  1.13254e-05 | 15 -0.01594  1.29814e-05
 16 -0.01132  9.27490e-06 | 17 -0.00091  6.75623e-06 | 18  0.00260 -1.88905e-06
 19  0.00456 -1.74652e-05 | 20 -0.00366 -1.89975e-05 | 21 -0.01582 -1.53925e-05
 22 -0.01484 -1.62386e-05 | 23 -0.01435 -2.26223e-05 | 24 -0.02154 -2.22040e-05
 25 -0.00531 -6.20822e-05 | 26  0.02157 -1.15965e-04 | 27  0.00892 -8.33859e-05
 28  0.01746 -6.83361e-05 | 29  0.01731 -5.62661e-05 | 30  0.01373 -3.29056e-05
 31  0.04245 -6.07548e-05 | 32  0.07153 -1.13830e-04 | 33  0.01401 -1.89282e-05
 34  0.02790 -4.28372e-05 | 35  0.03094 -5.01506e-05 | 36  0.03191 -5.59001e-05
 37  0.04169 -9.47434e-05 | 38  0.00931 -4.33566e-05 | 39 -0.01145 -2.46423e-05
 40 -0.00905 -3.75313e-05 | 41 -0.01251 -3.22073e-05 | 42 -0.00368 -3.44811e-05
 43  0.01642 -4.33860e-05 | 44  0.00896 -1.06897e-05 | 45  0.00646 -3.10231e-07
 46  0.00259  1.00442e-05 | 47  0.00700  1.55747e-05 | 48  0.01803  6.04419e-06
 49 -0.01272  3.40420e-05 | 50 -0.02912  4.23781e-05 | 51 -0.02218  4.59769e-05
 52 -0.01004  4.55470e-05 | 53 -0.00154  4.36734e-05 | 54 -0.00221  4.79014e-05
 55 -0.01992  6.25275e-05 | 56 -0.03301  7.11539e-05 | 57 -0.02576  6.90199e-05
 58 -0.01026  7.18056e-05 | 59  0.00297  7.12318e-05 | 60 -0.01639  8.21901e-05
 61 -0.00975  7.73593e-05 | 62 -0.01462  8.37658e-05 | 63 -0.00722  8.87613e-05
 64 -0.01190  9.40058e-05 | 65 -0.01401  9.25161e-05 | 66 -0.00211  1.55200e-06
 67 -0.00001 -3.98550e-08 | 68  0.00000  0.00000e+00 | 69 -0.79805  1.13699e-03
 70  0.14726  1.85056e-02 | 71  0.12125  7.82663e-02 | 72  0.18330  4.93320e-04
 73 -0.00014 -4.05302e-05 | 74  0.04996 -2.19442e-04 | 75  0.13227 -9.35059e-04
 76  0.09920 -1.37266e-03 | 77  0.16189  4.51066e-04 | 78 -0.05865  4.72296e-06
 79 -0.19290  8.64863e-05 | 80  0.12853 -1.21523e-04 | 81  0.07300 -3.09740e-05
 82  0.12892  1.48734e-04 | 83  0.00000 -6.43728e-31 | 84  0.02351 -5.06348e-05
 85 -0.07514 -7.16968e-05 | 86 -0.24304 -1.79064e-09 | 87  0.10307  5.50530e-05
 88  0.72513 -1.62262e-05 | 89 -0.16509 -3.65288e-05 | 90  0.08571 -2.54219e-05
 91 -0.66364  5.98548e-06 |

 - final statistics:
91 variables; iteration 303; function evaluation 449
Function value 2.2313e+02; maximum gradient component mag 6.9252e-05
Exit code = 1;  converg criter 1.0000e-04
Var    Value     Gradient |Var    Value     Gradient |Var    Value     Gradient
  1  0.01729  4.80649e-05 |  2 -0.01388  1.66187e-05 |  3 -0.02610  1.89021e-07
  4 -0.02208  1.15198e-07 |  5 -0.01466 -6.02525e-09 |  6 -0.01296  1.51955e-07
  7 -0.01181  2.18319e-07 |  8 -0.00133  3.81966e-07 |  9  0.00031  4.72462e-07
 10  0.00142  3.71820e-07 | 11 -0.00320 -8.37149e-08 | 12 -0.01530  3.27642e-07
 13 -0.02039 -1.29120e-07 | 14 -0.01668  1.42323e-07 | 15 -0.01594  1.45364e-07
 16 -0.01132 -9.92241e-08 | 17 -0.00091  5.60364e-07 | 18  0.00260  4.96307e-07
 19  0.00456  3.02751e-07 | 20 -0.00366  4.05066e-07 | 21 -0.01582 -2.16318e-07
 22 -0.01484  1.16877e-08 | 23 -0.01435  1.73183e-07 | 24 -0.02154  3.97369e-07
 25 -0.00531  3.48117e-07 | 26  0.02157  6.40208e-07 | 27  0.00892  4.08555e-09
 28  0.01746  6.44084e-07 | 29  0.01731  8.30229e-08 | 30  0.01373 -1.96363e-08
 31  0.04245  1.97232e-07 | 32  0.07153 -5.29899e-09 | 33  0.01401 -2.78206e-08
 34  0.02790 -2.92010e-07 | 35  0.03094 -2.22021e-07 | 36  0.03191 -1.50543e-07
 37  0.04169 -2.69974e-07 | 38  0.00931  1.70961e-07 | 39 -0.01145  7.82374e-08
 40 -0.00905 -1.38811e-07 | 41 -0.01251 -1.10206e-07 | 42 -0.00368  1.17454e-07
 43  0.01642 -1.19454e-07 | 44  0.00896  2.16426e-07 | 45  0.00646 -1.31852e-07
 46  0.00259 -2.65319e-07 | 47  0.00700  8.73623e-08 | 48  0.01803  4.05114e-09
 49 -0.01272  4.91796e-08 | 50 -0.02912 -4.90654e-07 | 51 -0.02218 -9.80782e-08
 52 -0.01004  1.62985e-07 | 53 -0.00154 -1.07923e-07 | 54 -0.00221 -3.78502e-07
 55 -0.01992  5.71682e-08 | 56 -0.03301  1.24913e-07 | 57 -0.02576 -2.16167e-07
 58 -0.01026 -7.55771e-08 | 59  0.00297 -3.49394e-07 | 60 -0.01639  5.22303e-08
 61 -0.00975 -4.24387e-07 | 62 -0.01462 -2.05452e-07 | 63 -0.00722 -2.05413e-07
 64 -0.01190  1.04015e-07 | 65 -0.01401 -1.61853e-07 | 66 -0.00211  1.97689e-07
 67 -0.00001 -1.81113e-08 | 68  0.00000  0.00000e+00 | 69 -0.79805  1.96602e-05
 70  0.14726  1.66332e-05 | 71  0.12125  6.92523e-05 | 72  0.18330 -2.28765e-07
 73 -0.00010 -3.58689e-08 | 74  0.04996  1.28927e-06 | 75  0.13227 -3.77474e-06
 76  0.09920  8.87419e-06 | 77  0.16189  6.80004e-06 | 78 -0.05865  5.44329e-08
 79 -0.19290  1.50799e-06 | 80  0.12853 -3.90769e-06 | 81  0.07300 -9.13397e-07
 82  0.12892  4.26242e-06 | 83  0.00000 -6.43724e-31 | 84  0.02351 -1.97505e-06
 85 -0.07514  2.84391e-07 | 86 -0.24304 -1.20603e-09 | 87  0.10307 -1.47030e-07
 88  0.72513 -4.35490e-08 | 89 -0.16509 -2.52824e-07 | 90  0.08571 -2.00719e-08
 91 -0.66364  5.18718e-08 |
size of file gradfil1.tmp = 0
size of file gradfil2.tmp = 0
size of file varssave.tmp = 0
size of file cmpdiff.tmp = 0
