
Initial statistics: 6 variables; iteration 0; function evaluation 0; phase 1
Function value 2.8713357e+06; maximum gradient component mag -1.6304e+08
Var    Value     Gradient |Var    Value     Gradient |Var    Value     Gradient
  1 -0.00205 -1.63039e+08 |  2 -0.01346 -1.10900e+06 |  3  0.00000 -7.00014e+00
  4  0.00000  2.11632e+00 |  5  0.00000  0.00000e+00 |  6 -0.80641  4.08873e+04

Intermediate statistics: 6 variables; iteration 20; function evaluation 42; phase 1
Function value 3.7279661e+02; maximum gradient component mag -1.0580e+03
Var    Value     Gradient |Var    Value     Gradient |Var    Value     Gradient
  1  0.01164 -1.05802e+03 |  2 -0.02033  7.69560e+00 |  3 -0.00391 -1.11725e+00
  4 -0.00009  4.40892e-03 |  5  0.00000  0.00000e+00 |  6 -0.82207  2.23065e+01

 - final statistics:
6 variables; iteration 39; function evaluation 61
Function value 3.6935e+02; maximum gradient component mag 8.0043e+00
Exit code = 1;  converg criter 1.0000e+01
Var    Value     Gradient |Var    Value     Gradient |Var    Value     Gradient
  1  0.01969  8.00430e+00 |  2 -0.01761  4.77249e+00 |  3 -0.00200 -3.51996e-02
  4 -0.00009  1.56233e-04 |  5  0.00000  0.00000e+00 |  6 -0.83532  6.21441e+00

Initial statistics: 60 variables; iteration 0; function evaluation 0; phase 2
Function value 3.6935017e+02; maximum gradient component mag -3.2326e+02
Var    Value     Gradient |Var    Value     Gradient |Var    Value     Gradient
  1  0.01969  8.00430e+00 |  2 -0.01761  4.77249e+00 |  3  0.00000  6.80960e+01
  4  0.00000  6.99428e+01 |  5  0.00000  6.89647e+01 |  6  0.00000  6.39387e+01
  7  0.00000  5.91029e+01 |  8  0.00000  5.40682e+01 |  9  0.00000  5.93182e+01
 10  0.00000  6.70523e+01 | 11  0.00000  9.41485e+01 | 12  0.00000  1.06630e+02
 13  0.00000  9.48779e+01 | 14  0.00000  7.54254e+01 | 15  0.00000  3.13126e+01
 16  0.00000 -3.67269e+01 | 17  0.00000 -8.43174e+01 | 18  0.00000 -1.34385e+02
 19  0.00000 -1.85588e+02 | 20  0.00000 -2.18946e+02 | 21  0.00000 -2.71660e+02
 22  0.00000 -3.23255e+02 | 23  0.00000 -3.03457e+02 | 24  0.00000 -2.75400e+02
 25  0.00000 -2.70341e+02 | 26  0.00000 -2.54949e+02 | 27  0.00000 -2.55531e+02
 28  0.00000 -1.91985e+02 | 29  0.00000 -9.88330e+01 | 30  0.00000 -1.42036e+01
 31  0.00000  4.48775e+01 | 32  0.00000  5.16213e+01 | 33  0.00000  1.97605e+01
 34  0.00000 -5.68253e+00 | 35  0.00000 -5.89290e+00 | 36  0.00000  9.10676e+00
 37  0.00000  2.88870e+01 | 38  0.00000  3.75959e+01 | 39  0.00000  7.36792e+01
 40  0.00000  1.39809e+02 | 41  0.00000  1.57778e+02 | 42  0.00000  1.44639e+02
 43  0.00000  1.14231e+02 | 44  0.00000  1.08573e+02 | 45  0.00000  1.16082e+02
 46  0.00000  1.68535e+02 | 47  0.00000  1.68258e+02 | 48  0.00000  1.39106e+02
 49  0.00000  9.90618e+01 | 50  0.00000  9.71016e+01 | 51  0.00000  1.00507e+02
 52  0.00000  9.00752e+01 | 53  0.00000  6.32369e+01 | 54  0.00000  3.17937e+01
 55  0.00000  1.39613e+01 | 56 -0.00200 -3.51996e-02 | 57 -0.00009  1.56233e-04
 58  0.00000  0.00000e+00 | 59 -0.83532  6.21441e+00 | 60  0.07422  1.33072e+02

Intermediate statistics: 60 variables; iteration 20; function evaluation 52; phase 2
Function value 2.8939992e+02; maximum gradient component mag 6.1697e+02
Var    Value     Gradient |Var    Value     Gradient |Var    Value     Gradient
  1 -0.00289  6.16971e+02 |  2 -0.00631 -3.54568e+02 |  3 -0.04758 -4.98197e+01
  4 -0.02872 -3.78951e+01 |  5 -0.01648 -2.15453e+01 |  6 -0.00275  3.29702e-01
  7  0.01050  2.03669e+01 |  8  0.02453  3.72601e+01 |  9  0.02338  4.20033e+01
 10  0.02619  3.98540e+01 | 11  0.00260  1.98842e+01 | 12 -0.00577  1.12659e+01
 13  0.00358  1.03880e+01 | 14 -0.01366 -1.66432e+01 | 15 -0.02247 -4.01397e+01
 16  0.02596 -5.21828e+01 | 17  0.00861 -7.61886e+01 | 18 -0.01961 -8.50880e+01
 19  0.07011 -8.62715e+01 | 20 -0.05477 -9.53107e+01 | 21 -0.00609 -7.12234e+01
 22  0.11273 -6.79157e+01 | 23  0.01816 -6.45235e+01 | 24 -0.04431 -9.21642e+01
 25  0.05307 -7.20078e+01 | 26 -0.00604 -5.61669e+01 | 27  0.07127 -3.11464e+01
 28  0.03744 -2.25942e+01 | 29 -0.00927 -3.98914e+01 | 30 -0.02018 -4.30402e+01
 31 -0.02532 -3.20476e+01 | 32 -0.01189 -9.40068e+00 | 33  0.00031  6.36840e+00
 34  0.01442  2.35612e+01 | 35  0.01443  2.75685e+01 | 36  0.00628  1.94893e+01
 37 -0.00325  1.56268e+01 | 38  0.01277  4.07338e+01 | 39  0.00324  4.93711e+01
 40 -0.02586  4.04913e+01 | 41 -0.02341  4.97745e+01 | 42 -0.02076  4.63307e+01
 43 -0.00182  5.80000e+01 | 44 -0.00015  6.39493e+01 | 45  0.00598  7.76698e+01
 46 -0.02006  6.43276e+01 | 47 -0.01305  7.16227e+01 | 48 -0.00894  6.09949e+01
 49  0.00922  5.77915e+01 | 50 -0.00895  2.70325e+01 | 51 -0.01590  1.43409e+01
 52 -0.01402  7.38963e+00 | 53 -0.01427 -1.01939e+01 | 54 -0.01824 -3.13801e+01
 55 -0.03593 -4.74840e+01 | 56 -0.00904 -3.42546e+00 | 57 -0.00026 -6.59653e-02
 58  0.00000  0.00000e+00 | 59 -0.81127 -4.82291e+02 | 60  0.06132 -5.93447e+01
60 variables; iteration 40; function evaluation 83; phase 2
Function value 2.7058138e+02; maximum gradient component mag -1.2915e+03
Var    Value     Gradient |Var    Value     Gradient |Var    Value     Gradient
  1 -0.00520 -1.29154e+03 |  2  0.00063 -3.29267e+02 |  3 -0.01100  3.96292e+01
  4 -0.01376  3.18051e+01 |  5 -0.01255  3.18929e+01 |  6 -0.00736  3.64785e+01
  7  0.00040  4.21883e+01 |  8  0.00843  4.17265e+01 |  9  0.00493  3.36232e+01
 10  0.00505  2.60133e+01 | 11 -0.00659  3.07619e+01 | 12 -0.01008  3.18709e+01
 13 -0.01473  1.60267e+01 | 14 -0.01645  8.76223e+00 | 15 -0.01277 -4.86987e+00
 16  0.00951 -3.09591e+01 | 17  0.02400 -2.93219e+01 | 18  0.00869 -2.66194e+01
 19  0.04025 -2.88273e+01 | 20  0.02816 -1.72679e+01 | 21 -0.00714 -3.29472e+01
 22  0.09830 -8.28383e+01 | 23 -0.01269 -4.07256e+01 | 24  0.03742 -1.87056e+01
 25  0.04414 -1.83911e+01 | 26  0.01450 -2.50687e+01 | 27  0.04465 -5.97622e+01
 28  0.02670 -3.88427e+01 | 29  0.00919 -1.20674e+01 | 30 -0.00367 -1.68611e+00
 31 -0.01580  2.66363e+00 | 32 -0.01097  3.47708e+00 | 33 -0.00184 -3.24464e+00
 34  0.00097 -1.32958e+01 | 35  0.00628 -9.17857e+00 | 36  0.00756 -3.86550e+00
 37 -0.00074 -3.74407e+00 | 38  0.00070 -9.13140e+00 | 39  0.00095  7.83154e+00
 40 -0.02542  2.43003e+01 | 41 -0.02643  2.52792e+01 | 42 -0.02414  1.00245e+01
 43 -0.01176 -1.32004e+01 | 44 -0.01324 -1.82464e+01 | 45 -0.00736 -1.52862e+01
 46 -0.03760 -2.88055e+00 | 47 -0.03481 -5.01206e+00 | 48 -0.02285 -1.70895e+00
 49 -0.00152 -3.10347e+00 | 50 -0.01132  5.83733e+00 | 51 -0.01542  1.08045e+01
 52 -0.01398  1.53687e+01 | 53 -0.00768  2.60246e+01 | 54 -0.00109  3.48440e+01
 55 -0.00772  2.79662e+01 | 56 -0.00478  2.00925e+00 | 57 -0.00014  3.66390e-02
 58  0.00000  0.00000e+00 | 59 -0.81308 -4.86393e+02 | 60  0.07464  3.58984e+01
Maximum number of function evaluations exceeded

 - final statistics:
60 variables; iteration 51; function evaluation 100
Function value 2.6889e+02; maximum gradient component mag -7.3227e+02
Exit code = 3;  converg criter 1.0000e+01
Var    Value     Gradient |Var    Value     Gradient |Var    Value     Gradient
  1 -0.00569 -7.32274e+02 |  2 -0.00103 -2.79068e+02 |  3 -0.01381  3.06712e+01
  4 -0.01311  2.74609e+01 |  5 -0.00901  3.13648e+01 |  6 -0.00478  3.46033e+01
  7 -0.00101  3.47828e+01 |  8  0.00595  3.33389e+01 |  9  0.00768  3.16455e+01
 10  0.00702  2.28764e+01 | 11 -0.00872  2.15857e+01 | 12 -0.01464  1.92768e+01
 13 -0.01429  1.14883e+01 | 14 -0.01445  1.16646e+01 | 15 -0.01352  1.64996e+00
 16  0.01493 -1.54977e+01 | 17  0.02286 -1.75577e+01 | 18  0.01245 -2.35916e+01
 19  0.04111 -3.10946e+01 | 20  0.01524 -2.12988e+01 | 21 -0.00035 -2.41834e+01
 22  0.10703 -3.96183e+01 | 23 -0.00861 -3.36725e+01 | 24  0.02912 -2.19505e+01
 25  0.03946 -2.26957e+01 | 26  0.00217 -2.12881e+01 | 27  0.06693 -2.92603e+01
 28  0.02051 -2.20014e+01 | 29  0.00391 -1.08728e+01 | 30 -0.00719 -6.82674e+00
 31 -0.01875 -2.36952e+00 | 32 -0.01095  6.18230e+00 | 33 -0.00080  8.24226e+00
 34  0.00484  3.90310e+00 | 35  0.00951  6.23749e+00 | 36  0.00546  4.10210e+00
 37  0.00083  4.75676e+00 | 38  0.00478  1.16516e+00 | 39 -0.00034  1.10668e+01
 40 -0.02842  2.06187e+01 | 41 -0.02842  2.48292e+01 | 42 -0.02213  2.18346e+01
 43 -0.00754  1.09219e+01 | 44 -0.00495  1.01272e+01 | 45 -0.00424  2.34869e+00
 46 -0.03834 -2.10969e+00 | 47 -0.03444 -5.37455e+00 | 48 -0.02020  9.18378e-01
 49 -0.00108 -5.02679e-01 | 50 -0.01183  5.81653e+00 | 51 -0.01493  8.90688e+00
 52 -0.01516  7.70187e+00 | 53 -0.01126  1.11970e+01 | 54 -0.00748  1.62463e+01
 55 -0.01286  1.60187e+01 | 56 -0.00539  1.83772e+00 | 57 -0.00021 -4.87203e-04
 58  0.00000  0.00000e+00 | 59 -0.81093 -4.09179e+02 | 60  0.07166  1.10775e+00

Initial statistics: 81 variables; iteration 0; function evaluation 0; phase 3
Function value 2.6888151e+02; maximum gradient component mag -1.4821e+04
Var    Value     Gradient |Var    Value     Gradient |Var    Value     Gradient
  1 -0.00569 -7.32274e+02 |  2 -0.00103 -2.79068e+02 |  3 -0.01388  2.75968e+01
  4 -0.01318  2.43865e+01 |  5 -0.00908  2.82899e+01 |  6 -0.00485  3.15283e+01
  7 -0.00108  3.17077e+01 |  8  0.00588  3.02640e+01 |  9  0.00761  2.85707e+01
 10  0.00695  1.98016e+01 | 11 -0.00878  1.85109e+01 | 12 -0.01470  1.62025e+01
 13 -0.01435  8.41395e+00 | 14 -0.01452  8.59030e+00 | 15 -0.01359 -1.42442e+00
 16  0.01486 -1.85720e+01 | 17  0.02280 -2.06309e+01 | 18  0.01239 -2.66662e+01
 19  0.04104 -3.41635e+01 | 20  0.01517 -2.43730e+01 | 21 -0.00042 -2.72585e+01
 22  0.10696 -4.26508e+01 | 23 -0.00867 -3.67473e+01 | 24  0.02905 -2.50225e+01
 25  0.03939 -2.57651e+01 | 26  0.00210 -2.43632e+01 | 27  0.06686 -3.23187e+01
 28  0.02044 -2.50749e+01 | 29  0.00384 -1.39479e+01 | 30 -0.00726 -9.90161e+00
 31 -0.01882 -5.44325e+00 | 32 -0.01102  3.10767e+00 | 33 -0.00087  5.16718e+00
 34  0.00477  8.28114e-01 | 35  0.00945  3.16276e+00 | 36  0.00539  1.02714e+00
 37  0.00076  1.68168e+00 | 38  0.00471 -1.90984e+00 | 39 -0.00040  7.99167e+00
 40 -0.02849  1.75466e+01 | 41 -0.02848  2.17571e+01 | 42 -0.02219  1.87613e+01
 43 -0.00761  7.84700e+00 | 44 -0.00502  7.05220e+00 | 45 -0.00431 -7.26321e-01
 46 -0.03841 -5.17916e+00 | 47 -0.03450 -8.44509e+00 | 48 -0.02027 -2.15515e+00
 49 -0.00115 -3.57775e+00 | 50 -0.01190  2.74198e+00 | 51 -0.01500  5.83264e+00
 52 -0.01523  4.62765e+00 | 53 -0.01133  8.12241e+00 | 54 -0.00755  1.31715e+01
 55 -0.01292  1.29442e+01 | 56 -0.00539  1.83772e+00 | 57 -0.00021 -4.87203e-04
 58  0.00000  0.00000e+00 | 59 -0.81093 -4.09179e+02 | 60  0.10837 -2.12140e+02
 61  0.12949 -1.28315e+03 | 62  0.17446 -5.02932e+01 | 63 -0.00021  7.84813e-01
 64  0.03746  1.43552e+01 | 65  0.10697 -4.53316e+03 | 66  0.10811 -1.48210e+04
 67  0.15535 -1.20853e+02 | 68  0.00011 -8.49672e+00 | 69 -0.20224 -3.07213e+01
 70  0.11870 -2.99450e+01 | 71  0.07979 -1.62858e+01 | 72  0.12800  3.30442e+01
 73  0.00000 -3.89021e-30 | 74  0.01597 -3.33905e+00 | 75 -0.08239 -7.31493e+00
 76 -0.24522 -1.91304e-04 | 77  0.09934  6.57537e+00 | 78  0.74016 -1.26324e+00
 79 -0.17933 -2.59166e+00 | 80  0.07166  1.10775e+00 | 81 -0.67734  2.28458e+00

Intermediate statistics: 81 variables; iteration 20; function evaluation 29; phase 3
Function value 2.6707160e+02; maximum gradient component mag 1.1625e+04
Var    Value     Gradient |Var    Value     Gradient |Var    Value     Gradient
  1 -0.00535  1.23816e+03 |  2 -0.01161  6.21956e+01 |  3 -0.02298  7.11909e+00
  4 -0.01654  9.33481e+00 |  5 -0.01291  1.24219e+01 |  6 -0.00941  1.43541e+01
  7 -0.00487  1.58187e+01 |  8  0.00429  1.95061e+01 |  9  0.00553  2.27964e+01
 10  0.00816  2.30004e+01 | 11 -0.01117  1.60093e+01 | 12 -0.01700  1.27425e+01
 13 -0.01353  1.16436e+01 | 14 -0.01770  1.21256e+01 | 15 -0.01565  8.27153e+00
 16  0.01921  1.32192e+01 | 17  0.02116  1.05235e+01 | 18  0.01724 -6.80284e-01
 19  0.04059 -2.46047e+00 | 20  0.01581 -9.69618e+00 | 21  0.01786 -1.09094e+01
 22  0.09431  5.68455e+00 | 23  0.02682 -1.27885e+01 | 24  0.02335 -1.29073e+01
 25  0.03346 -1.51609e+01 | 26  0.01303 -1.71185e+01 | 27  0.05904 -1.23773e+01
 28  0.02570 -1.33029e+01 | 29  0.00081 -1.07566e+01 | 30 -0.00842 -7.04809e+00
 31 -0.01863 -2.82805e+00 | 32 -0.01280  5.52406e+00 | 33 -0.00239  8.55131e+00
 34  0.00525  3.56968e+00 | 35  0.00779  1.14507e+00 | 36  0.00626  2.59755e-01
 37  0.00030 -4.42131e-01 | 38  0.00779  1.43480e+00 | 39 -0.00100  5.83507e+00
 40 -0.03150  4.72830e+00 | 41 -0.03183  6.09933e+00 | 42 -0.02515  4.51030e+00
 43 -0.00603  1.73778e+00 | 44 -0.00742 -1.59270e-01 | 45 -0.00321 -1.79533e+00
 46 -0.03450 -7.81650e+00 | 47 -0.02748 -8.35931e+00 | 48 -0.01912 -7.64085e+00
 49  0.00144 -7.65802e+00 | 50 -0.01271 -8.15043e+00 | 51 -0.01569 -6.22342e+00
 52 -0.01335 -5.51802e+00 | 53 -0.01009 -5.57778e+00 | 54 -0.01007 -8.16987e+00
 55 -0.02057 -1.42891e+01 | 56 -0.00726 -6.35245e-02 | 57 -0.00020  5.93819e-03
 58  0.00000  0.00000e+00 | 59 -0.80434  5.57257e+01 | 60  0.11258  2.11859e+02
 61  0.12873  8.02005e+02 | 62  0.17521 -1.08713e+02 | 63 -0.00008  3.01036e-03
 64  0.03921  3.28867e+01 | 65  0.10661  3.59354e+03 | 66  0.10825  1.16245e+04
 67  0.15727  5.92511e+01 | 68 -0.00059  4.74211e+00 | 69 -0.20113  7.14799e+00
 70  0.12481 -3.72511e+01 | 71  0.07490 -6.20648e+01 | 72  0.12944 -1.21177e+01
 73 -0.00000 -3.00167e-29 | 74  0.01650  2.59755e+00 | 75 -0.07930  6.12934e+01
 76 -0.24522  1.62917e-03 | 77  0.09889 -5.39530e+01 | 78  0.73921  1.07871e+01
 79 -0.17532  1.31220e+01 | 80  0.07332  1.37545e+01 | 81 -0.67715 -9.14890e-01
81 variables; iteration 40; function evaluation 54; phase 3
Function value 2.6629290e+02; maximum gradient component mag 2.7090e+03
Var    Value     Gradient |Var    Value     Gradient |Var    Value     Gradient
  1 -0.00554 -1.29119e+02 |  2 -0.01409  2.33204e+01 |  3 -0.02546  4.07567e+00
  4 -0.01824  3.09685e+00 |  5 -0.01616  2.64840e+00 |  6 -0.01303  3.32816e+00
  7 -0.00709  4.62018e+00 |  8  0.00366  5.56991e+00 |  9  0.00260  5.03400e+00
 10  0.00792  4.39357e+00 | 11 -0.01292  4.12440e+00 | 12 -0.01842  3.84581e+00
 13 -0.01327  2.76926e+00 | 14 -0.01992  1.86760e+00 | 15 -0.01744 -3.21402e-02
 16  0.02007 -6.55386e-01 | 17  0.02168  2.19122e+00 | 18  0.02027  1.08755e+00
 19  0.04247 -1.59568e+00 | 20  0.01619 -1.86410e+00 | 21  0.02247 -6.60216e-02
 22  0.09224  5.84282e-01 | 23  0.03454  1.31777e+00 | 24  0.02350  7.91687e-02
 25  0.03391 -2.71446e+00 | 26  0.01657 -1.39038e+00 | 27  0.05822 -4.96162e+00
 28  0.03019 -1.09414e+00 | 29  0.00219  1.32096e-02 | 30 -0.00882 -1.25871e+00
 31 -0.01785 -1.30784e-02 | 32 -0.01456  4.61154e-01 | 33 -0.00374  1.92837e+00
 34  0.00705  3.22999e+00 | 35  0.00763  1.94078e+00 | 36  0.00628 -4.74090e-01
 37 -0.00099 -2.28895e+00 | 38  0.00884 -3.93146e+00 | 39 -0.00133 -2.72532e+00
 40 -0.03325  3.96764e-01 | 41 -0.03414  6.58039e-01 | 42 -0.02670  1.05959e-01
 43 -0.00468 -1.83221e+00 | 44 -0.00809 -2.62721e+00 | 45 -0.00253 -2.50296e+00
 46 -0.03329 -8.47663e-02 | 47 -0.02543  3.66879e-01 | 48 -0.01878  5.75953e-02
 49  0.00283 -5.73239e-01 | 50 -0.01235  6.16858e-01 | 51 -0.01606  1.75357e+00
 52 -0.01264  3.84703e+00 | 53 -0.00974  5.72348e+00 | 54 -0.01121  5.83473e+00
 55 -0.02172  4.55296e+00 | 56 -0.00777 -1.62220e-01 | 57 -0.00021 -9.26208e-03
 58  0.00000  0.00000e+00 | 59 -0.80028  3.09976e+01 | 60  0.10821  4.14282e+01
 61  0.12957  1.82264e+02 | 62  0.17359 -1.88104e+01 | 63  0.02485  2.48369e-02
 64  0.03857  6.78049e+00 | 65  0.10670  8.31776e+02 | 66  0.10823  2.70898e+03
 67  0.15440  1.71292e+01 | 68 -0.05357  8.30964e-01 | 69 -0.20110  1.87930e+00
 70  0.12680 -3.60405e+01 | 71  0.07342 -4.03729e+01 | 72  0.13050  1.93402e+01
 73 -0.00000 -1.41946e-29 | 74  0.01663 -3.49557e+00 | 75 -0.08092  4.54131e+00
 76 -0.24518  1.97617e-04 | 77  0.09943 -2.92915e+00 | 78  0.74167  1.79491e+00
 79 -0.17703 -1.84127e-01 | 80  0.07298  3.12449e+00 | 81 -0.67874 -6.32380e-01
81 variables; iteration 60; function evaluation 83; phase 3
Function value 2.6621664e+02; maximum gradient component mag 1.6881e+03
Var    Value     Gradient |Var    Value     Gradient |Var    Value     Gradient
  1 -0.00545 -3.57169e+01 |  2 -0.01363  1.10660e+01 |  3 -0.02603  8.06554e-01
  4 -0.01779  8.89570e-01 |  5 -0.01549  5.20184e-01 |  6 -0.01286  3.11963e-01
  7 -0.00804  2.19343e-02 |  8  0.00221  2.69074e-02 |  9  0.00173 -1.66961e-01
 10  0.00743 -5.57422e-02 | 11 -0.01383 -1.82509e-02 | 12 -0.01922  3.60091e-02
 13 -0.01344  6.98682e-02 | 14 -0.02064 -4.14904e-01 | 15 -0.01667 -2.82909e-01
 16  0.02091 -6.97905e-01 | 17  0.02048 -3.09507e-01 | 18  0.02052 -3.16616e-01
 19  0.04226 -6.20093e-01 | 20  0.01832 -1.59609e-02 | 21  0.02375 -1.13325e-01
 22  0.09047 -8.50780e-01 | 23  0.03568 -1.16189e-01 | 24  0.02276 -7.33912e-01
 25  0.03495 -7.19648e-01 | 26  0.01681 -2.56869e-01 | 27  0.05875 -1.41544e+00
 28  0.02933 -3.14844e-01 | 29  0.00188  1.20579e-01 | 30 -0.00793 -9.15276e-02
 31 -0.01816 -2.62783e-01 | 32 -0.01491 -6.42531e-01 | 33 -0.00416 -5.62033e-01
 34  0.00629 -1.74970e-01 | 35  0.00714 -1.12432e-01 | 36  0.00643 -1.28727e-01
 37 -0.00033 -1.87750e-01 | 38  0.00987  6.25187e-02 | 39 -0.00109 -7.27521e-02
 40 -0.03346  1.40603e-01 | 41 -0.03430 -4.39761e-03 | 42 -0.02698 -1.19658e-01
 43 -0.00470 -4.50032e-02 | 44 -0.00719  4.20111e-01 | 45 -0.00180  2.16346e-01
 46 -0.03269  1.45379e-01 | 47 -0.02474  4.84242e-01 | 48 -0.01805  5.02813e-01
 49  0.00327  3.49566e-01 | 50 -0.01213  2.61648e-01 | 51 -0.01585  2.42840e-01
 52 -0.01335  1.95628e-01 | 53 -0.01095  6.32085e-01 | 54 -0.01216  9.49730e-01
 55 -0.02196  1.11181e+00 | 56 -0.00769  7.53994e-02 | 57 -0.00020  6.48184e-03
 58  0.00000  0.00000e+00 | 59 -0.80080  1.41104e+01 | 60  0.10871 -9.02413e+00
 61  0.12947 -3.14096e+01 | 62  0.17413  7.67227e+00 | 63  0.00934 -1.42067e-03
 64  0.03560 -9.91541e-01 | 65  0.10678  5.21888e+02 | 66  0.10820  1.68810e+03
 67  0.15409  3.84155e+00 | 68 -0.05560  5.13051e-01 | 69 -0.19967  1.39785e+00
 70  0.12543 -3.34574e+01 | 71  0.07451 -4.67589e+01 | 72  0.12932  1.27703e+00
 73 -0.00000 -1.69716e-29 | 74  0.01705 -5.43251e-01 | 75 -0.08038 -2.39870e+00
 76 -0.24508 -1.20522e-04 | 77  0.09986  1.86186e+00 | 78  0.73649 -2.79797e-01
 79 -0.17468  2.94872e-02 | 80  0.07293  8.03633e-02 | 81 -0.67836  2.10359e-01
Maximum number of function evaluations exceeded

 - final statistics:
81 variables; iteration 71; function evaluation 100
Function value 2.6621e+02; maximum gradient component mag -2.2257e+02
Exit code = 3;  converg criter 1.0000e+00
Var    Value     Gradient |Var    Value     Gradient |Var    Value     Gradient
  1 -0.00543 -4.65551e+00 |  2 -0.01335 -1.74127e+00 |  3 -0.02683 -9.17714e-01
  4 -0.01865 -1.00054e+00 |  5 -0.01601 -8.70943e-01 |  6 -0.01285 -2.68628e-01
  7 -0.00768 -6.30576e-02 |  8  0.00185 -5.17134e-01 |  9  0.00178 -5.45841e-01
 10  0.00708 -5.87417e-01 | 11 -0.01342  6.15789e-02 | 12 -0.01942 -4.21636e-01
 13 -0.01370 -3.04751e-01 | 14 -0.02036 -1.39334e-01 | 15 -0.01669 -9.88923e-02
 16  0.02138 -9.75206e-02 | 17  0.01970 -8.35396e-01 | 18  0.02095  9.02809e-02
 19  0.04233 -1.30774e-01 | 20  0.01801 -4.01263e-01 | 21  0.02429 -4.68734e-01
 22  0.09001 -1.52388e+00 | 23  0.03556 -5.45686e-01 | 24  0.02316 -1.57483e-02
 25  0.03572  9.73160e-01 | 26  0.01655  1.17190e-01 | 27  0.05888 -5.07246e-01
 28  0.02933 -4.77570e-01 | 29  0.00122 -9.27556e-01 | 30 -0.00804 -5.96474e-01
 31 -0.01832 -3.49828e-01 | 32 -0.01446  1.66430e-01 | 33 -0.00401 -1.72405e-01
 34  0.00561 -7.87245e-01 | 35  0.00746  1.21890e-01 | 36  0.00636  1.22137e-01
 37  0.00032  5.68023e-01 | 38  0.00957  1.92878e-01 | 39 -0.00111  3.51631e-01
 40 -0.03307  8.50387e-01 | 41 -0.03429  4.70647e-01 | 42 -0.02669  6.41968e-01
 43 -0.00464  4.70429e-01 | 44 -0.00740  4.41206e-01 | 45 -0.00176  6.07912e-01
 46 -0.03201  7.09248e-01 | 47 -0.02483  1.00455e-01 | 48 -0.01802  9.11726e-02
 49  0.00326  2.33129e-01 | 50 -0.01194  5.02486e-01 | 51 -0.01554  6.87089e-01
 52 -0.01305  3.69508e-01 | 53 -0.01094  1.49379e-02 | 54 -0.01242 -3.17597e-01
 55 -0.02195 -2.51649e-02 | 56 -0.00771  1.17365e-02 | 57 -0.00022 -4.03759e-03
 58  0.00000  0.00000e+00 | 59 -0.80097 -2.78118e+00 | 60  0.10875  4.68710e-01
 61  0.12946  3.50662e+00 | 62  0.17398 -3.00451e-01 | 63  0.02130  5.00650e-04
 64  0.03533 -7.93927e-01 | 65  0.10685 -7.06718e+01 | 66  0.10818 -2.22574e+02
 67  0.15407 -5.40341e-01 | 68 -0.05577 -6.96789e-02 | 69 -0.19985 -2.89527e-01
 70  0.12341 -2.72726e+01 | 71  0.07618 -3.81941e+01 | 72  0.12827 -4.78382e-01
 73 -0.00000 -1.13613e-29 | 74  0.01723 -3.26739e-01 | 75 -0.07999  1.58701e+00
 76 -0.24483 -5.03339e-06 | 77  0.09997 -1.33026e+00 | 78  0.73662  7.09886e-02
 79 -0.17534 -4.05291e-01 | 80  0.07280 -1.16679e-02 | 81 -0.67928 -5.07041e-01

Initial statistics: 91 variables; iteration 0; function evaluation 0; phase 4
Function value 2.6620726e+02; maximum gradient component mag -2.2257e+02
Var    Value     Gradient |Var    Value     Gradient |Var    Value     Gradient
  1 -0.00543 -4.65551e+00 |  2 -0.01335 -1.74127e+00 |  3  0.00000  2.57490e+01
  4  0.00000  2.67000e+01 |  5  0.00000  2.03041e+01 |  6  0.00000  1.53064e+01
  7  0.00000  1.64214e+01 |  8  0.00000  1.18592e+01 |  9  0.00000  4.27333e+00
 10  0.00000  6.94564e+00 | 11  0.00000  4.95892e+00 | 12  0.00000  1.47407e+01
 13 -0.02683 -8.23890e-01 | 14 -0.01865 -9.06671e-01 | 15 -0.01601 -7.77066e-01
 16 -0.01285 -1.74740e-01 | 17 -0.00767  3.08432e-02 | 18  0.00185 -4.23227e-01
 19  0.00179 -4.51934e-01 | 20  0.00708 -4.93515e-01 | 21 -0.01342  1.55466e-01
 22 -0.01942 -3.27772e-01 | 23 -0.01370 -2.10866e-01 | 24 -0.02036 -4.54745e-02
 25 -0.01668 -5.01697e-03 | 26  0.02138 -3.66597e-03 | 27  0.01970 -7.41533e-01
 28  0.02095  1.84138e-01 | 29  0.04234 -3.70738e-02 | 30  0.01801 -3.07393e-01
 31  0.02430 -3.74895e-01 | 32  0.09001 -1.43090e+00 | 33  0.03556 -4.51924e-01
 34  0.02316  7.80971e-02 | 35  0.03572  1.06692e+00 | 36  0.01655  2.11066e-01
 37  0.05888 -4.13739e-01 | 38  0.02934 -3.83762e-01 | 39  0.00122 -8.33649e-01
 40 -0.00804 -5.02574e-01 | 41 -0.01831 -2.55959e-01 | 42 -0.01446  2.60314e-01
 43 -0.00401 -7.84996e-02 | 44  0.00561 -6.93341e-01 | 45  0.00747  2.15791e-01
 46  0.00636  2.16040e-01 | 47  0.00032  6.61931e-01 | 48  0.00957  2.86775e-01
 49 -0.00111  4.45538e-01 | 50 -0.03307  9.44168e-01 | 51 -0.03428  5.64419e-01
 52 -0.02669  7.35793e-01 | 53 -0.00464  5.64334e-01 | 54 -0.00740  5.35107e-01
 55 -0.00176  7.01819e-01 | 56 -0.03201  8.03037e-01 | 57 -0.02483  1.94291e-01
 58 -0.01802  1.85043e-01 | 59  0.00326  3.27035e-01 | 60 -0.01194  5.96377e-01
 61 -0.01553  7.80969e-01 | 62 -0.01305  4.63395e-01 | 63 -0.01093  1.08832e-01
 64 -0.01242 -2.23708e-01 | 65 -0.02194  6.86869e-02 | 66 -0.00771  1.17365e-02
 67 -0.00022 -4.03759e-03 | 68  0.00000  0.00000e+00 | 69 -0.80097 -2.78118e+00
 70  0.10875  4.68710e-01 | 71  0.12946  3.50662e+00 | 72  0.17398 -3.00451e-01
 73  0.02130  5.00650e-04 | 74  0.03533 -7.93927e-01 | 75  0.10685 -7.06718e+01
 76  0.10818 -2.22574e+02 | 77  0.15407 -5.40341e-01 | 78 -0.05577 -6.96789e-02
 79 -0.19985 -2.89527e-01 | 80  0.12341 -2.72726e+01 | 81  0.07618 -3.81941e+01
 82  0.12827 -4.78382e-01 | 83  0.00000 -1.13613e-29 | 84  0.01723 -3.26739e-01
 85 -0.07999  1.58701e+00 | 86 -0.24483 -5.03339e-06 | 87  0.09997 -1.33026e+00
 88  0.73662  7.09886e-02 | 89 -0.17534 -4.05291e-01 | 90  0.07280 -1.16679e-02
 91 -0.67928 -5.07041e-01 |

Intermediate statistics: 91 variables; iteration 20; function evaluation 34; phase 4
Function value 2.6541862e+02; maximum gradient component mag 1.8814e+03
Var    Value     Gradient |Var    Value     Gradient |Var    Value     Gradient
  1 -0.00504  3.81905e+02 |  2 -0.01310  3.69978e+01 |  3 -0.01351  1.55845e+01
  4 -0.01282  1.72848e+01 |  5 -0.00952  1.47710e+01 |  6 -0.00644  1.31285e+01
  7 -0.00711  1.40319e+01 |  8 -0.00399  1.29898e+01 |  9  0.00333  1.21821e+01
 10  0.00193  1.45344e+01 | 11  0.00430  1.53190e+01 | 12 -0.00291  1.89688e+01
 13 -0.02263  4.56535e+00 | 14 -0.01698  2.97725e+00 | 15 -0.01659  7.75237e-01
 16 -0.01444 -6.55297e-02 | 17 -0.00835  1.29209e+00 | 18  0.00221  3.13511e+00
 19  0.00196  4.21640e+00 | 20  0.00759  5.61407e+00 | 21 -0.01327  3.97380e+00
 22 -0.01908  2.79975e+00 | 23 -0.01395  2.10085e+00 | 24 -0.02083  7.48974e-01
 25 -0.01725  6.84683e-01 | 26  0.02087  3.97577e+00 | 27  0.02017  3.49840e+00
 28  0.02058  2.40865e+00 | 29  0.04191  1.62180e+00 | 30  0.01803 -1.31374e+00
 31  0.02448 -1.71995e+00 | 32  0.08961 -2.78882e-01 | 33  0.03559 -1.94518e+00
 34  0.02303 -2.09797e+00 | 35  0.03452 -1.82993e+00 | 36  0.01660 -3.05131e+00
 37  0.05761 -4.07574e+00 | 38  0.02817 -4.72057e+00 | 39  0.00060 -4.61040e+00
 40 -0.00894 -3.70305e+00 | 41 -0.01881 -2.55484e+00 | 42 -0.01481 -1.26364e+00
 43 -0.00430 -1.41896e+00 | 44  0.00508 -2.50543e+00 | 45  0.00669 -1.50855e+00
 46  0.00691  2.75508e-01 | 47  0.00077  9.37340e-01 | 48  0.00991  1.37666e+00
 49 -0.00141  7.66708e-01 | 50 -0.03348 -1.63207e-01 | 51 -0.03458 -1.79552e-01
 52 -0.02698  4.44442e-01 | 53 -0.00484  1.12191e+00 | 54 -0.00779  3.88503e-01
 55 -0.00175  9.54590e-01 | 56 -0.03106  5.35399e-01 | 57 -0.02326  7.61618e-01
 58 -0.01731  1.24818e-01 | 59  0.00303 -5.48031e-01 | 60 -0.01216 -1.41032e+00
 61 -0.01538 -6.75715e-01 | 62 -0.01242 -2.47615e-01 | 63 -0.01027 -6.20559e-01
 64 -0.01163 -1.75551e+00 | 65 -0.02089 -3.01516e+00 | 66 -0.00748  2.99500e-01
 67 -0.00021  1.50643e-02 | 68  0.00000  0.00000e+00 | 69 -0.80183  3.72090e+01
 70  0.11512  7.15234e+01 | 71  0.12827  3.50090e+02 | 72  0.17634  7.02592e+00
 73  0.02118  3.56264e-04 | 74  0.03767  9.09864e+00 | 75  0.10621  5.68398e+02
 76  0.10838  1.88135e+03 | 77  0.15377  1.85643e+01 | 78 -0.05574  5.87905e-01
 79 -0.19958  3.28574e+00 | 80  0.12558 -2.01142e+01 | 81  0.07468 -9.80966e+00
 82  0.13008  3.57567e+01 | 83 -0.00000 -2.76906e-30 | 84  0.01884  6.52129e+00
 85 -0.07960 -1.47556e+00 | 86 -0.24483  1.79463e-05 | 87  0.10051  5.10545e+00
 88  0.73592  7.11438e-01 | 89 -0.17370  1.65460e+00 | 90  0.07397  2.57691e+00
 91 -0.67644  5.95169e-01 |
91 variables; iteration 40; function evaluation 58; phase 4
Function value 2.6499609e+02; maximum gradient component mag -2.2203e+03
Var    Value     Gradient |Var    Value     Gradient |Var    Value     Gradient
  1 -0.00459 -9.16636e+02 |  2 -0.01329 -2.68836e+01 |  3 -0.02286 -2.67589e+00
  4 -0.02148 -2.34211e+00 |  5 -0.01618 -5.08376e+00 |  6 -0.01091 -6.70971e+00
  7 -0.01247 -7.45690e+00 |  8 -0.00820 -9.55075e+00 |  9  0.00368 -1.11805e+01
 10 -0.00129 -1.33688e+01 | 11  0.00205 -1.61325e+01 | 12 -0.01054 -1.57099e+01
 13 -0.02271 -1.55616e+00 | 14 -0.01637 -2.16173e+00 | 15 -0.01478 -1.15158e+00
 16 -0.01242 -8.73395e-01 | 17 -0.00774 -3.11632e+00 | 18  0.00195 -7.00678e+00
 19  0.00138 -8.54361e+00 | 20  0.00846 -1.06395e+01 | 21 -0.01257 -6.11763e+00
 22 -0.01935 -5.82980e+00 | 23 -0.01492 -7.33944e+00 | 24 -0.02058 -4.41879e+00
 25 -0.01599 -3.83437e+00 | 26  0.02138 -1.32164e+01 | 27  0.02013 -1.29245e+01
 28  0.01980 -9.51541e+00 | 29  0.04190 -1.01368e+01 | 30  0.01831 -1.28584e+00
 31  0.02432 -1.66691e-01 | 32  0.09031 -1.38426e+01 | 33  0.03458 -2.54106e+00
 34  0.02348 -8.83100e-01 | 35  0.03254 -3.80342e+00 | 36  0.01747  6.55663e-01
 37  0.05654 -1.00577e+01 | 38  0.02869 -5.00054e+00 | 39  0.00070 -1.83681e+00
 40 -0.00911 -1.86032e+00 | 41 -0.01897 -8.53972e-01 | 42 -0.01525 -1.27670e+00
 43 -0.00478 -1.68672e+00 | 44  0.00504 -1.06864e+00 | 45  0.00622  3.68850e-01
 46  0.00652  1.44873e+00 | 47 -0.00011  2.79965e+00 | 48  0.00959  2.15647e+00
 49 -0.00113  3.61910e+00 | 50 -0.03351  6.75427e+00 | 51 -0.03459  7.04999e+00
 52 -0.02698  7.56114e+00 | 53 -0.00442  7.83662e+00 | 54 -0.00699  8.84396e+00
 55 -0.00152  7.52178e+00 | 56 -0.03210  7.99008e+00 | 57 -0.02419  8.01643e+00
 58 -0.01712  9.70461e+00 | 59  0.00366  9.84691e+00 | 60 -0.01247  9.35674e+00
 61 -0.01649  8.21280e+00 | 62 -0.01273  9.13758e+00 | 63 -0.00989  1.09027e+01
 64 -0.01152  1.22919e+01 | 65 -0.02125  1.33231e+01 | 66 -0.00766  5.96244e-02
 67 -0.00024 -1.46056e-02 | 68  0.00000  0.00000e+00 | 69 -0.80249 -2.17208e+01
 70  0.11639 -2.75899e+01 | 71  0.12801 -5.27677e+01 | 72  0.17601  3.65253e+01
 73  0.00320  8.33115e-06 | 74  0.03910 -6.91057e+00 | 75  0.10627 -6.92926e+02
 76  0.10836 -2.22030e+03 | 77  0.15287  2.00580e+00 | 78 -0.05048 -7.19663e-01
 79 -0.19703 -1.99219e+00 | 80  0.12627 -1.86695e+01 | 81  0.07419 -1.32460e+01
 82  0.12920  2.13597e+01 | 83 -0.00000 -3.31065e-30 | 84  0.01903 -2.92747e-01
 85 -0.07802 -5.82984e+00 | 86 -0.24478 -3.41417e-04 | 87  0.10097  5.06368e+00
 88  0.73124 -2.66940e+00 | 89 -0.17318 -4.94933e+00 | 90  0.07497 -5.78771e-01
 91 -0.67456  1.72835e+00 |
91 variables; iteration 60; function evaluation 87; phase 4
Function value 2.6490032e+02; maximum gradient component mag 5.6536e+03
Var    Value     Gradient |Var    Value     Gradient |Var    Value     Gradient
  1 -0.00433 -3.84926e+02 |  2 -0.01341  5.32635e+01 |  3 -0.02643 -3.31553e+00
  4 -0.02687 -4.34920e+00 |  5 -0.01945 -4.57227e+00 |  6 -0.01367 -5.18105e+00
  7 -0.01536 -5.71229e+00 |  8 -0.00980 -6.28016e+00 |  9  0.00154 -7.42803e+00
 10 -0.00097 -7.55627e+00 | 11  0.00183 -9.41269e+00 | 12 -0.01134 -9.38485e+00
 13 -0.02129  3.25637e-01 | 14 -0.01583 -4.02134e-01 | 15 -0.01561 -6.69133e-01
 16 -0.01362 -8.32321e-01 | 17 -0.00819 -1.81000e+00 | 18  0.00317 -2.61795e+00
 19  0.00310 -2.88217e+00 | 20  0.00838 -4.83858e+00 | 21 -0.01308 -3.01006e+00
 22 -0.01887 -2.49275e+00 | 23 -0.01348 -2.72851e+00 | 24 -0.02054 -2.10096e+00
 25 -0.01734 -2.98610e+00 | 26  0.02094 -7.91133e+00 | 27  0.02011 -6.63789e+00
 28  0.02113 -3.36466e+00 | 29  0.04166 -4.45871e+00 | 30  0.01788 -5.05750e-01
 31  0.02518  2.85564e-01 | 32  0.08935 -7.62246e+00 | 33  0.03647 -4.41835e-01
 34  0.02242 -1.40899e-01 | 35  0.03296 -1.70567e+00 | 36  0.01628  5.58249e-01
 37  0.05727 -4.99766e+00 | 38  0.02735 -2.99684e+00 | 39  0.00072 -8.48560e-01
 40 -0.00950 -1.19915e+00 | 41 -0.01905 -4.02563e-01 | 42 -0.01531 -7.44420e-01
 43 -0.00511 -1.46932e+00 | 44  0.00482 -9.68026e-01 | 45  0.00616  2.07987e-01
 46  0.00683  1.06835e+00 | 47  0.00012  1.42674e+00 | 48  0.00970  6.80768e-01
 49 -0.00149  1.19715e+00 | 50 -0.03364  3.19110e+00 | 51 -0.03465  3.03907e+00
 52 -0.02753  2.19113e+00 | 53 -0.00532  1.44353e+00 | 54 -0.00777  2.83751e+00
 55 -0.00181  2.97761e+00 | 56 -0.03169  4.05458e+00 | 57 -0.02366  3.95357e+00
 58 -0.01731  4.47002e+00 | 59  0.00321  4.52921e+00 | 60 -0.01226  5.17621e+00
 61 -0.01565  5.11048e+00 | 62 -0.01250  5.21346e+00 | 63 -0.01017  5.71688e+00
 64 -0.01146  6.61047e+00 | 65 -0.02108  7.46071e+00 | 66 -0.00761  9.05317e-03
 67 -0.00022 -3.63689e-03 | 68  0.00000  0.00000e+00 | 69 -0.80262  7.08592e+01
 70  0.11704 -2.80411e+01 | 71  0.12787 -9.64893e+01 | 72  0.17592  1.68719e+01
 73 -0.02916 -1.44004e-04 | 74  0.03795 -6.16340e+00 | 75  0.10693  1.74313e+03
 76  0.10815  5.65359e+03 | 77  0.15279  2.38763e+01 | 78 -0.01969  2.33962e+00
 79 -0.19894  6.15388e+00 | 80  0.12487 -9.19355e+00 | 81  0.07540 -9.10118e+00
 82  0.12793  3.48439e+00 | 83 -0.00000 -2.37400e-30 | 84  0.01901 -1.48052e+00
 85 -0.07918 -4.08079e+00 | 86 -0.24467 -1.96355e-04 | 87  0.10023  3.03109e+00
 88  0.73488 -8.56237e-01 | 89 -0.17283 -1.60662e+00 | 90  0.07440 -1.22235e+00
 91 -0.67719 -1.35711e-01 |
91 variables; iteration 80; function evaluation 119; phase 4
Function value 2.6487033e+02; maximum gradient component mag 1.6350e+03
Var    Value     Gradient |Var    Value     Gradient |Var    Value     Gradient
  1 -0.00413 -3.40028e+01 |  2 -0.01382  1.83732e+01 |  3 -0.02718 -6.92533e-01
  4 -0.02721 -8.04535e-01 |  5 -0.02034 -6.91614e-01 |  6 -0.01483 -8.06579e-01
  7 -0.01653 -1.05766e+00 |  8 -0.01111 -1.02714e+00 |  9 -0.00039 -1.49471e+00
 10 -0.00286 -1.30326e+00 | 11  0.00155 -8.66406e-01 | 12 -0.01145 -1.46474e+00
 13 -0.02217  3.48696e-01 | 14 -0.01672 -4.08598e-02 | 15 -0.01637 -1.20710e-01
 16 -0.01442 -1.50788e-01 | 17 -0.00765  3.69714e-01 | 18  0.00280 -2.05319e-01
 19  0.00258 -4.16977e-01 | 20  0.00831 -6.52411e-01 | 21 -0.01343 -5.88039e-01
 22 -0.01838  1.62191e-01 | 23 -0.01357 -1.32903e-01 | 24 -0.02087 -3.30068e-01
 25 -0.01749 -4.78518e-01 | 26  0.02111 -9.21913e-01 | 27  0.02077 -7.25837e-01
 28  0.02031 -6.03053e-01 | 29  0.04212 -5.45993e-01 | 30  0.01821 -1.67428e-03
 31  0.02455  4.01208e-02 | 32  0.09061 -9.68444e-01 | 33  0.03512 -2.48624e-01
 34  0.02268  1.80424e-01 | 35  0.03380  1.78659e-01 | 36  0.01533 -1.95963e-01
 37  0.05685 -8.27940e-01 | 38  0.02743 -4.99223e-01 | 39  0.00030 -1.28405e-01
 40 -0.00928 -6.74129e-02 | 41 -0.01918  4.45850e-02 | 42 -0.01549 -1.10575e-01
 43 -0.00511 -4.24192e-01 | 44  0.00467 -2.43156e-01 | 45  0.00641  1.51234e-01
 46  0.00662 -9.26819e-02 | 47  0.00086  2.44991e-01 | 48  0.00986 -2.39578e-01
 49 -0.00131  3.96156e-02 | 50 -0.03375  3.27335e-01 | 51 -0.03500 -5.23026e-02
 52 -0.02729  1.14354e-01 | 53 -0.00483  1.37837e-01 | 54 -0.00803 -1.00005e-02
 55 -0.00178  7.26635e-02 | 56 -0.03080  7.56146e-01 | 57 -0.02239  9.67395e-01
 58 -0.01683  7.29108e-01 | 59  0.00305  2.88200e-01 | 60 -0.01227  5.34720e-01
 61 -0.01525  8.08745e-01 | 62 -0.01215  7.11112e-01 | 63 -0.00989  7.31262e-01
 64 -0.01121  9.92423e-01 | 65 -0.02105  1.11453e+00 | 66 -0.00750  2.51112e-02
 67 -0.00021  1.79794e-03 | 68  0.00000  0.00000e+00 | 69 -0.80228  2.28957e+01
 70  0.11960 -3.37418e+00 | 71  0.12736 -1.21583e+01 | 72  0.17651  2.05795e+00
 73 -0.07716 -3.82676e-04 | 74  0.03841 -1.07482e+00 | 75  0.10769  5.03886e+02
 76  0.10791  1.63497e+03 | 77  0.15283  6.78353e+00 | 78 -0.03931  5.74128e-01
 79 -0.19977  1.86030e+00 | 80  0.12509 -1.15994e+00 | 81  0.07540 -1.33184e+00
 82  0.12774 -6.67169e-01 | 83  0.00000 -1.14127e-30 | 84  0.01925 -5.07347e-01
 85 -0.07884 -2.51989e-01 | 86 -0.24430 -5.77073e-05 | 87  0.10029  2.29332e-01
 88  0.73523 -5.26469e-02 | 89 -0.17276 -4.88161e-01 | 90  0.07499 -2.49384e-01
 91 -0.67635 -5.62880e-02 |
91 variables; iteration 100; function evaluation 154; phase 4
Function value 2.6486672e+02; maximum gradient component mag 1.1558e+03
Var    Value     Gradient |Var    Value     Gradient |Var    Value     Gradient
  1 -0.00407  7.23582e+01 |  2 -0.01408  1.22632e+01 |  3 -0.02715  3.41784e-01
  4 -0.02709  4.69070e-01 |  5 -0.02053  5.22394e-01 |  6 -0.01516  5.12386e-01
  7 -0.01663  5.86722e-01 |  8 -0.01135  7.60654e-01 |  9 -0.00051  7.63236e-01
 10 -0.00311  8.08322e-01 | 11  0.00057  8.40063e-01 | 12 -0.01114  1.01485e+00
 13 -0.02282 -1.71431e-02 | 14 -0.01703  2.21690e-02 | 15 -0.01643  1.73291e-01
 16 -0.01441  8.94987e-02 | 17 -0.00824  1.26437e-01 | 18  0.00268  2.22399e-01
 19  0.00253  3.20961e-01 | 20  0.00815  4.96236e-01 | 21 -0.01315  3.61188e-01
 22 -0.01884  1.60772e-01 | 23 -0.01368  2.45917e-01 | 24 -0.02084  2.04444e-01
 25 -0.01737  3.33884e-01 | 26  0.02106  7.69361e-01 | 27  0.02075  6.34530e-01
 28  0.02051  3.95717e-01 | 29  0.04210  4.34557e-01 | 30  0.01830  4.28022e-02
 31  0.02472  2.33399e-02 | 32  0.09058  6.69419e-01 | 33  0.03559  9.36539e-02
 34  0.02258 -2.30721e-02 | 35  0.03338  3.45355e-02 | 36  0.01576 -9.57193e-04
 37  0.05670  5.36387e-01 | 38  0.02746  2.94840e-01 | 39  0.00019  4.73165e-02
 40 -0.00934  6.26017e-02 | 41 -0.01927  4.22765e-02 | 42 -0.01555  8.77119e-02
 43 -0.00503  7.21647e-02 | 44  0.00471  8.04293e-02 | 45  0.00623 -4.57668e-02
 46  0.00693 -7.75740e-02 | 47  0.00083 -1.37596e-01 | 48  0.01022 -3.77405e-02
 49 -0.00138 -1.27669e-01 | 50 -0.03376 -2.23459e-01 | 51 -0.03472 -2.37429e-01
 52 -0.02718 -2.28828e-01 | 53 -0.00494 -1.86600e-01 | 54 -0.00783 -1.37006e-01
 55 -0.00159 -3.02054e-01 | 56 -0.03068 -4.33374e-01 | 57 -0.02247 -5.37095e-01
 58 -0.01673 -4.06340e-01 | 59  0.00329 -4.03265e-01 | 60 -0.01223 -5.15428e-01
 61 -0.01533 -5.16346e-01 | 62 -0.01195 -4.79110e-01 | 63 -0.00973 -6.07420e-01
 64 -0.01116 -6.18269e-01 | 65 -0.02118 -7.64385e-01 | 66 -0.00756 -4.18810e-02
 67 -0.00024 -1.81996e-02 | 68  0.00000  0.00000e+00 | 69 -0.80210  1.43004e+01
 70  0.12012  2.51926e+00 | 71  0.12726  8.65828e+00 | 72  0.17660 -1.49936e+00
 73 -0.09055 -4.49875e-04 | 74  0.03874  6.24807e-01 | 75  0.10811  3.57025e+02
 76  0.10778  1.15584e+03 | 77  0.15293  3.81511e+00 | 78 -0.04516  3.81983e-01
 79 -0.19980  1.31009e+00 | 80  0.12551  7.33873e-01 | 81  0.07515  6.99070e-01
 82  0.12791 -4.82872e-02 | 83  0.00000 -8.75613e-31 | 84  0.01937  1.84927e-01
 85 -0.07868  3.73122e-01 | 86 -0.24382 -3.05758e-05 | 87  0.10035 -2.94563e-01
 88  0.73456  6.17233e-02 | 89 -0.17219  1.74556e-01 | 90  0.07522  1.15691e-01
 91 -0.67597  1.68600e-02 |
91 variables; iteration 120; function evaluation 180; phase 4
Function value 2.6484973e+02; maximum gradient component mag 1.9840e+03
Var    Value     Gradient |Var    Value     Gradient |Var    Value     Gradient
  1 -0.00409  3.03006e+01 |  2 -0.01400  1.94895e+01 |  3 -0.02716 -6.62864e-02
  4 -0.02716 -6.25953e-02 |  5 -0.02056 -8.71369e-02 |  6 -0.01506 -7.88415e-02
  7 -0.01657 -7.33068e-02 |  8 -0.01139 -8.54827e-02 |  9 -0.00032 -5.65188e-02
 10 -0.00303 -9.63842e-02 | 11  0.00069 -1.17490e-01 | 12 -0.01133 -1.43002e-01
 13 -0.02270  3.71215e-02 | 14 -0.01687  3.65512e-02 | 15 -0.01648  2.43656e-02
 16 -0.01440  1.11017e-02 | 17 -0.00829 -2.78453e-02 | 18  0.00281  3.91804e-03
 19  0.00266 -3.26268e-02 | 20  0.00805 -4.56552e-02 | 21 -0.01328 -2.03284e-02
 22 -0.01879 -3.26944e-02 | 23 -0.01349 -5.10909e-02 | 24 -0.02085 -4.83265e-03
 25 -0.01753 -6.06092e-02 | 26  0.02106 -1.40692e-01 | 27  0.02091 -1.37965e-01
 28  0.02056 -7.00916e-02 | 29  0.04199 -7.30769e-02 | 30  0.01831 -5.15269e-03
 31  0.02467 -1.58697e-02 | 32  0.09063 -1.26867e-01 | 33  0.03549  1.83216e-03
 34  0.02250  2.76747e-03 | 35  0.03347 -2.22895e-02 | 36  0.01570  2.99625e-03
 37  0.05679 -1.06258e-01 | 38  0.02735 -5.52450e-02 | 39  0.00013  1.23926e-02
 40 -0.00940 -3.18638e-02 | 41 -0.01920 -3.69947e-02 | 42 -0.01547 -5.14687e-02
 43 -0.00500 -4.12577e-02 | 44  0.00467 -2.97340e-02 | 45  0.00638 -1.67114e-02
 46  0.00680  1.55472e-03 | 47  0.00078  2.36365e-02 | 48  0.01021  1.80685e-02
 49 -0.00137 -1.69885e-03 | 50 -0.03383  2.03937e-02 | 51 -0.03474  4.49790e-02
 52 -0.02718  4.83905e-02 | 53 -0.00492 -1.42585e-02 | 54 -0.00794  7.20390e-03
 55 -0.00155  4.83188e-02 | 56 -0.03073  8.14113e-02 | 57 -0.02244  5.02316e-02
 58 -0.01680  5.10011e-02 | 59  0.00329  6.92819e-02 | 60 -0.01221  8.87810e-02
 61 -0.01532  8.61939e-02 | 62 -0.01205  7.99319e-02 | 63 -0.00969  1.06346e-01
 64 -0.01117  1.12365e-01 | 65 -0.02116  1.38028e-01 | 66 -0.00756 -6.07663e-04
 67 -0.00021  9.94054e-04 | 68  0.00000  0.00000e+00 | 69 -0.80142  2.36620e+01
 70  0.12012 -9.45607e-01 | 71  0.12725 -4.12629e+00 | 72  0.17661  3.49483e-01
 73  0.03823 -5.77828e-03 | 74  0.03868 -1.60148e-01 | 75  0.11275  6.47083e+02
 76  0.10629  1.98399e+03 | 77  0.15491  7.01990e+00 | 78 -0.05024  6.54577e-01
 79 -0.20001  2.06354e+00 | 80  0.12545 -9.06997e-01 | 81  0.07513 -1.07485e+00
 82  0.12787  3.51587e-02 | 83  0.00000 -1.09694e-30 | 84  0.01936 -6.38937e-02
 85 -0.07872 -7.23261e-02 | 86 -0.24360 -3.32345e-05 | 87  0.10033  3.00463e-02
 88  0.73466 -6.64432e-03 | 89 -0.17223 -1.08965e-02 | 90  0.07518 -2.72505e-02
 91 -0.67605  2.10160e-03 |
91 variables; iteration 140; function evaluation 201; phase 4
Function value 2.6484314e+02; maximum gradient component mag 7.0150e+02
Var    Value     Gradient |Var    Value     Gradient |Var    Value     Gradient
  1 -0.00407  1.55905e+01 |  2 -0.01402  7.79162e+00 |  3 -0.02722  4.98149e-03
  4 -0.02725 -1.42180e-02 |  5 -0.02063  1.32543e-04 |  6 -0.01517 -9.06287e-03
  7 -0.01673 -3.10846e-02 |  8 -0.01152 -1.61845e-02 |  9 -0.00055 -5.50698e-02
 10 -0.00318 -2.27668e-02 | 11  0.00052 -9.05707e-03 | 12 -0.01140  4.90331e-03
 13 -0.02280 -1.13112e-02 | 14 -0.01697 -2.85427e-02 | 15 -0.01659 -2.29615e-02
 16 -0.01449 -4.06016e-03 | 17 -0.00830  1.94495e-02 | 18  0.00274 -2.93435e-02
 19  0.00274 -1.09224e-02 | 20  0.00793 -1.20633e-02 | 21 -0.01337 -1.36816e-02
 22 -0.01879 -1.34888e-04 | 23 -0.01335 -4.19955e-03 | 24 -0.02096 -2.69272e-02
 25 -0.01760  1.32823e-03 | 26  0.02107 -7.91319e-03 | 27  0.02108 -2.06287e-03
 28  0.02060 -1.08255e-02 | 29  0.04192 -1.74272e-02 | 30  0.01833 -6.77012e-03
 31  0.02476  9.07050e-03 | 32  0.09069 -6.65414e-06 | 33  0.03543 -1.50599e-02
 34  0.02248  1.39993e-02 | 35  0.03347  1.29772e-02 | 36  0.01564 -9.08837e-03
 37  0.05682  1.52328e-02 | 38  0.02728  2.20208e-02 | 39 -0.00003  2.83626e-03
 40 -0.00943  2.22811e-02 | 41 -0.01914  2.47844e-02 | 42 -0.01540  6.32951e-03
 43 -0.00503 -8.21393e-03 | 44  0.00463 -2.79508e-03 | 45  0.00649  1.08324e-02
 46  0.00677  1.11752e-02 | 47  0.00081  5.51367e-03 | 48  0.01024 -4.09639e-03
 49 -0.00134  1.78584e-02 | 50 -0.03381  1.07831e-02 | 51 -0.03475 -6.54217e-03
 52 -0.02719 -2.78158e-03 | 53 -0.00488  2.89524e-02 | 54 -0.00793  1.81509e-02
 55 -0.00155 -1.11133e-02 | 56 -0.03067  4.18012e-04 | 57 -0.02231  2.30335e-02
 58 -0.01673  1.04284e-02 | 59  0.00330 -3.21785e-03 | 60 -0.01221 -6.48853e-03
 61 -0.01528  6.75858e-03 | 62 -0.01200  5.45943e-03 | 63 -0.00966 -6.94110e-03
 64 -0.01111 -4.23057e-03 | 65 -0.02118  3.70308e-03 | 66 -0.00758 -1.66154e-03
 67 -0.00021  2.25592e-03 | 68  0.00000  0.00000e+00 | 69 -0.80090  9.41733e+00
 70  0.12026  1.09518e+00 | 71  0.12723  5.88961e+00 | 72  0.17662  2.95963e-02
 73 -0.02955 -1.45927e-04 | 74  0.03871  8.16693e-03 | 75  0.11607  2.36201e+02
 76  0.10516  7.01499e+02 | 77  0.15626  2.79213e+00 | 78 -0.04602  2.53974e-01
 79 -0.20020  8.00903e-01 | 80  0.12548 -1.01394e-02 | 81  0.07515  2.07328e-02
 82  0.12786 -1.01053e-02 | 83  0.00000 -9.57373e-31 | 84  0.01940 -9.39061e-03
 85 -0.07865  2.84398e-02 | 86 -0.23586  3.33781e-04 | 87  0.10036 -6.70238e-03
 88  0.73458  1.07035e-03 | 89 -0.17217 -2.15738e-02 | 90  0.07525  3.87559e-03
 91 -0.67596  9.43203e-03 |
91 variables; iteration 160; function evaluation 224; phase 4
Function value 2.6484175e+02; maximum gradient component mag 1.1992e+02
Var    Value     Gradient |Var    Value     Gradient |Var    Value     Gradient
  1 -0.00406  3.81968e+00 |  2 -0.01403  1.29667e+00 |  3 -0.02727  1.11918e-02
  4 -0.02728  1.62300e-02 |  5 -0.02067  1.92661e-02 |  6 -0.01521  2.09588e-02
  7 -0.01676  2.28752e-02 |  8 -0.01157  2.86407e-02 |  9 -0.00056  3.24670e-02
 10 -0.00323  3.29684e-02 | 11  0.00044  3.80470e-02 | 12 -0.01146  3.48944e-02
 13 -0.02283  1.33268e-02 | 14 -0.01698  1.37522e-02 | 15 -0.01661  1.42858e-02
 16 -0.01454  1.18602e-02 | 17 -0.00837  1.58015e-02 | 18  0.00277  1.60954e-02
 19  0.00277  1.75025e-02 | 20  0.00786  2.23438e-02 | 21 -0.01341  1.72649e-02
 22 -0.01881  1.00079e-02 | 23 -0.01328  1.38793e-02 | 24 -0.02098  8.66686e-03
 25 -0.01767  1.07711e-02 | 26  0.02107  2.06781e-02 | 27  0.02116  1.60308e-02
 28  0.02062  9.31556e-03 | 29  0.04189  1.08276e-02 | 30  0.01835  3.50821e-04
 31  0.02477 -1.26172e-03 | 32  0.09072  1.27852e-02 | 33  0.03545  7.86904e-04
 34  0.02244 -1.60327e-03 | 35  0.03346 -2.00135e-03 | 36  0.01565 -3.24829e-03
 37  0.05684  8.13767e-03 | 38  0.02722  1.78517e-03 | 39 -0.00009 -4.49046e-03
 40 -0.00947 -2.13704e-04 | 41 -0.01912 -4.69104e-03 | 42 -0.01535 -2.71836e-03
 43 -0.00504 -3.56547e-03 | 44  0.00461 -2.35029e-03 | 45  0.00655 -4.85610e-03
 46  0.00674 -6.99044e-03 | 47  0.00082 -8.27966e-03 | 48  0.01028 -5.88147e-03
 49 -0.00135 -9.22163e-03 | 50 -0.03382 -8.47362e-03 | 51 -0.03474 -1.01809e-02
 52 -0.02718 -1.09622e-02 | 53 -0.00488 -9.45207e-03 | 54 -0.00794 -1.11127e-02
 55 -0.00152 -1.19845e-02 | 56 -0.03064 -1.19472e-02 | 57 -0.02229 -1.51588e-02
 58 -0.01671 -1.18409e-02 | 59  0.00332 -1.42492e-02 | 60 -0.01220 -1.59784e-02
 61 -0.01527 -1.27440e-02 | 62 -0.01199 -1.43544e-02 | 63 -0.00963 -1.56884e-02
 64 -0.01107 -1.47656e-02 | 65 -0.02121 -1.86285e-02 | 66 -0.00759 -1.41767e-04
 67 -0.00022 -1.26426e-03 | 68  0.00000  0.00000e+00 | 69 -0.80057  1.53560e+00
 70  0.12048 -1.13926e-01 | 71  0.12718 -7.14739e-01 | 72  0.17668 -3.54356e-02
 73 -0.12014 -6.00034e-04 | 74  0.03875  1.01606e-02 | 75  0.11820  4.13614e+01
 76  0.10443  1.19921e+02 | 77  0.15713  4.60604e-01 | 78 -0.05602  4.01237e-02
 79 -0.20021  1.37033e-01 | 80  0.12553  4.63613e-02 | 81  0.07512  5.33309e-02
 82  0.12787 -7.23542e-03 | 83  0.00000 -9.52301e-31 | 84  0.01941  4.09258e-03
 85 -0.07864  3.24274e-03 | 86 -0.25760 -5.32261e-04 | 87  0.10036 -2.83150e-03
 88  0.73454  7.29041e-04 | 89 -0.17211  2.13712e-03 | 90  0.07527  6.26947e-04
 91 -0.67595  2.88954e-04 |
91 variables; iteration 180; function evaluation 245; phase 4
Function value 2.6484171e+02; maximum gradient component mag -3.4669e+01
Var    Value     Gradient |Var    Value     Gradient |Var    Value     Gradient
  1 -0.00406 -8.88181e-01 |  2 -0.01403 -3.50371e-01 |  3 -0.02728 -8.38646e-03
  4 -0.02729 -9.55364e-03 |  5 -0.02068 -4.83730e-03 |  6 -0.01523 -1.15830e-02
  7 -0.01678 -1.88848e-02 |  8 -0.01159 -9.53476e-03 |  9 -0.00059 -2.73217e-02
 10 -0.00325 -1.75281e-02 | 11  0.00043 -9.94718e-03 | 12 -0.01146 -4.64496e-03
 13 -0.02284 -9.51057e-03 | 14 -0.01699 -1.60343e-02 | 15 -0.01662 -1.02768e-02
 16 -0.01454 -7.39358e-03 | 17 -0.00836  8.17696e-03 | 18  0.00276 -1.69562e-02
 19  0.00278 -9.11326e-03 | 20  0.00786 -9.88106e-03 | 21 -0.01342 -5.67351e-03
 22 -0.01881 -5.53003e-03 | 23 -0.01327  1.69651e-03 | 24 -0.02099 -1.06486e-02
 25 -0.01767  1.31894e-03 | 26  0.02107 -3.56089e-03 | 27  0.02118  9.01790e-04
 28  0.02062 -1.82458e-03 | 29  0.04188 -1.29108e-03 | 30  0.01835 -1.00338e-03
 31  0.02478  5.20122e-03 | 32  0.09072 -2.35210e-04 | 33  0.03544 -1.35889e-03
 34  0.02244  7.50671e-03 | 35  0.03346  4.42838e-03 | 36  0.01564 -1.76232e-03
 37  0.05684  9.38951e-03 | 38  0.02722  5.51886e-03 | 39 -0.00010 -5.76738e-03
 40 -0.00947  1.34851e-02 | 41 -0.01912  9.71840e-03 | 42 -0.01535  6.64038e-03
 43 -0.00505 -2.14327e-03 | 44  0.00461  3.12933e-03 | 45  0.00656  5.67520e-03
 46  0.00674  3.14388e-03 | 47  0.00083  1.51483e-03 | 48  0.01028  3.28101e-04
 49 -0.00134  3.08979e-03 | 50 -0.03381  6.88599e-03 | 51 -0.03474 -4.01118e-03
 52 -0.02718 -4.78466e-03 | 53 -0.00488  8.80304e-03 | 54 -0.00794  4.60664e-03
 55 -0.00152 -4.61834e-03 | 56 -0.03064  5.64854e-03 | 57 -0.02228  7.12259e-03
 58 -0.01670  9.57979e-03 | 59  0.00332 -1.61893e-03 | 60 -0.01220 -3.81083e-03
 61 -0.01527  6.36726e-03 | 62 -0.01199  3.28161e-03 | 63 -0.00963 -2.46059e-03
 64 -0.01107  3.68166e-03 | 65 -0.02121  7.75766e-06 | 66 -0.00759  1.68260e-05
 67 -0.00022 -1.79620e-03 | 68  0.00000  0.00000e+00 | 69 -0.80054 -4.14519e-01
 70  0.12049  5.69632e-02 | 71  0.12718  3.54503e-01 | 72  0.17668  1.44355e-02
 73 -0.06419 -3.17828e-04 | 74  0.03875 -1.15607e-02 | 75  0.11842 -1.20752e+01
 76  0.10436 -3.46692e+01 | 77  0.15722 -1.25394e-01 | 78 -0.05493 -1.21341e-02
 79 -0.20022 -4.16801e-02 | 80  0.12552  3.78820e-01 | 81  0.07514  4.49344e-01
 82  0.12786 -3.86086e-02 | 83  0.00000 -9.05236e-31 | 84  0.01941  1.27935e-02
 85 -0.07863  7.51783e-03 | 86 -0.24075  9.30596e-05 | 87  0.10036  5.93285e-04
 88  0.73454 -4.69267e-04 | 89 -0.17211 -9.15806e-03 | 90  0.07528 -7.10925e-05
 91 -0.67594  2.27835e-03 |
91 variables; iteration 200; function evaluation 266; phase 4
Function value 2.6484169e+02; maximum gradient component mag 2.5307e+01
Var    Value     Gradient |Var    Value     Gradient |Var    Value     Gradient
  1 -0.00406  8.92142e-01 |  2 -0.01403  3.14168e-01 |  3 -0.02727  3.37178e-03
  4 -0.02729  3.40294e-03 |  5 -0.02068  4.40690e-03 |  6 -0.01522  5.57844e-03
  7 -0.01677  5.53086e-03 |  8 -0.01158  6.31458e-03 |  9 -0.00057  7.77481e-03
 10 -0.00324  7.94690e-03 | 11  0.00043  9.18520e-03 | 12 -0.01147  7.78487e-03
 13 -0.02283  4.17320e-03 | 14 -0.01698  4.26996e-03 | 15 -0.01662  3.64556e-03
 16 -0.01454  3.78922e-03 | 17 -0.00838  3.92822e-03 | 18  0.00277  4.91041e-03
 19  0.00278  5.02177e-03 | 20  0.00785  5.81287e-03 | 21 -0.01342  3.69664e-03
 22 -0.01881  3.48796e-03 | 23 -0.01327  3.06599e-03 | 24 -0.02099  2.16452e-03
 25 -0.01768  2.05184e-03 | 26  0.02107  4.60515e-03 | 27  0.02118  3.85787e-03
 28  0.02062  2.14075e-03 | 29  0.04188  1.78249e-03 | 30  0.01835 -4.34436e-05
 31  0.02477 -3.00557e-04 | 32  0.09072  2.89938e-03 | 33  0.03545 -4.46984e-04
 34  0.02244 -4.35389e-04 | 35  0.03346  1.68525e-04 | 36  0.01565 -1.41987e-03
 37  0.05684  9.62468e-04 | 38  0.02722  9.80548e-05 | 39 -0.00009 -1.08445e-04
 40 -0.00947 -9.38155e-04 | 41 -0.01912 -8.74233e-04 | 42 -0.01535 -1.26310e-03
 43 -0.00504 -1.11889e-03 | 44  0.00461 -1.37479e-03 | 45  0.00656 -1.62486e-03
 46  0.00674 -1.88448e-03 | 47  0.00083 -2.12291e-03 | 48  0.01028 -2.10781e-03
 49 -0.00134 -1.87188e-03 | 50 -0.03382 -2.76615e-03 | 51 -0.03474 -2.67341e-03
 52 -0.02718 -2.47089e-03 | 53 -0.00488 -2.52208e-03 | 54 -0.00794 -2.86560e-03
 55 -0.00152 -2.95429e-03 | 56 -0.03064 -3.24023e-03 | 57 -0.02228 -2.74752e-03
 58 -0.01670 -3.45461e-03 | 59  0.00332 -3.27098e-03 | 60 -0.01220 -2.97511e-03
 61 -0.01527 -3.27314e-03 | 62 -0.01199 -3.18946e-03 | 63 -0.00963 -3.34715e-03
 64 -0.01107 -3.61634e-03 | 65 -0.02121 -3.20974e-03 | 66 -0.00759  2.26256e-05
 67 -0.00022  1.83965e-04 | 68  0.00000  0.00000e+00 | 69 -0.80053  3.71235e-01
 70  0.12049  5.27965e-02 | 71  0.12718  2.38540e-01 | 72  0.17668 -9.26910e-03
 73  0.00007  5.46988e-07 | 74  0.03875  4.73966e-03 | 75  0.11851  8.77601e+00
 76  0.10432  2.53070e+01 | 77  0.15725  1.08852e-01 | 78 -0.04471  9.42465e-03
 79 -0.20021  3.29914e-02 | 80  0.12553  6.30612e-03 | 81  0.07511  6.77655e-03
 82  0.12787 -2.67498e-03 | 83  0.00000 -9.57783e-31 | 84  0.01942  4.73140e-04
 85 -0.07864  1.18124e-03 | 86 -0.24194  3.93283e-05 | 87  0.10036 -9.61586e-04
 88  0.73454  3.24055e-04 | 89 -0.17210  4.88593e-04 | 90  0.07527  2.33764e-04
 91 -0.67595 -1.40582e-05 |
91 variables; iteration 220; function evaluation 291; phase 4
Function value 2.6484168e+02; maximum gradient component mag 1.1079e+01
Var    Value     Gradient |Var    Value     Gradient |Var    Value     Gradient
  1 -0.00406  4.68063e-01 |  2 -0.01403  1.50335e-01 |  3 -0.02727  1.64097e-03
  4 -0.02729  1.90008e-03 |  5 -0.02068  2.32008e-03 |  6 -0.01522  2.70264e-03
  7 -0.01677  2.84342e-03 |  8 -0.01159  3.23104e-03 |  9 -0.00057  3.85889e-03
 10 -0.00324  3.95856e-03 | 11  0.00043  4.48895e-03 | 12 -0.01147  4.14015e-03
 13 -0.02284  1.34815e-03 | 14 -0.01698  1.55912e-03 | 15 -0.01662  1.46229e-03
 16 -0.01454  1.35796e-03 | 17 -0.00838  1.48535e-03 | 18  0.00277  1.95975e-03
 19  0.00278  2.15509e-03 | 20  0.00785  2.78101e-03 | 21 -0.01342  1.81803e-03
 22 -0.01881  1.39605e-03 | 23 -0.01327  1.42869e-03 | 24 -0.02099  1.06098e-03
 25 -0.01768  1.19687e-03 | 26  0.02107  2.81608e-03 | 27  0.02118  2.32780e-03
 28  0.02062  1.37693e-03 | 29  0.04188  1.42692e-03 | 30  0.01835  2.58998e-05
 31  0.02477 -1.71700e-04 | 32  0.09072  2.02475e-03 | 33  0.03545  9.76924e-06
 34  0.02244 -2.31319e-04 | 35  0.03346  6.98883e-05 | 36  0.01565 -4.29301e-04
 37  0.05684  1.18692e-03 | 38  0.02722  5.40534e-04 | 39 -0.00009  1.11228e-05
 40 -0.00947 -7.71101e-05 | 41 -0.01912 -2.73681e-04 | 42 -0.01535 -2.61340e-04
 43 -0.00504 -2.43650e-04 | 44  0.00461 -3.57743e-04 | 45  0.00656 -5.68353e-04
 46  0.00674 -7.03767e-04 | 47  0.00083 -9.16065e-04 | 48  0.01028 -7.34363e-04
 49 -0.00134 -8.18622e-04 | 50 -0.03382 -1.27846e-03 | 51 -0.03474 -1.31307e-03
 52 -0.02718 -1.26742e-03 | 53 -0.00488 -1.10719e-03 | 54 -0.00794 -1.30664e-03
 55 -0.00152 -1.39752e-03 | 56 -0.03064 -1.77412e-03 | 57 -0.02228 -1.77788e-03
 58 -0.01670 -1.80421e-03 | 59  0.00332 -1.74452e-03 | 60 -0.01220 -1.87809e-03
 61 -0.01527 -1.89475e-03 | 62 -0.01199 -1.91734e-03 | 63 -0.00963 -2.02729e-03
 64 -0.01107 -2.21282e-03 | 65 -0.02121 -2.36619e-03 | 66 -0.00759 -9.37741e-06
 67 -0.00022  4.49553e-06 | 68  0.00000  0.00000e+00 | 69 -0.80053  1.77747e-01
 70  0.12049  1.21678e-02 | 71  0.12718  4.60589e-02 | 72  0.17668 -5.42564e-03
 73  0.00004  2.30000e-07 | 74  0.03875  2.21634e-03 | 75  0.11850  3.83795e+00
 76  0.10431  1.10793e+01 | 77  0.15725  5.29231e-02 | 78 -0.02652  4.96535e-03
 79 -0.20021  1.59319e-02 | 80  0.12553  9.02460e-04 | 81  0.07511  4.38813e-04
 82  0.12787 -9.16527e-04 | 83  0.00000 -9.58530e-31 | 84  0.01942  4.17374e-04
 85 -0.07864  8.09344e-04 | 86 -0.24280  1.56342e-06 | 87  0.10036 -5.86812e-04
 88  0.73453  1.82507e-04 | 89 -0.17210  4.62085e-04 | 90  0.07527  2.59499e-04
 91 -0.67595 -2.93718e-05 |
91 variables; iteration 240; function evaluation 316; phase 4
Function value 2.6484168e+02; maximum gradient component mag 9.3515e+00
Var    Value     Gradient |Var    Value     Gradient |Var    Value     Gradient
  1 -0.00406  4.25806e-01 |  2 -0.01403  1.40024e-01 |  3 -0.02727  1.39852e-03
  4 -0.02729  1.61983e-03 |  5 -0.02068  1.94392e-03 |  6 -0.01522  2.23777e-03
  7 -0.01677  2.40956e-03 |  8 -0.01159  2.68846e-03 |  9 -0.00057  3.21261e-03
 10 -0.00324  3.30166e-03 | 11  0.00043  3.68223e-03 | 12 -0.01147  3.46222e-03
 13 -0.02284  9.65193e-04 | 14 -0.01698  1.20827e-03 | 15 -0.01662  1.15117e-03
 16 -0.01454  1.03726e-03 | 17 -0.00838  1.09413e-03 | 18  0.00277  1.56884e-03
 19  0.00278  1.73241e-03 | 20  0.00785  2.28413e-03 | 21 -0.01342  1.48796e-03
 22 -0.01881  1.10628e-03 | 23 -0.01327  1.14004e-03 | 24 -0.02099  9.04715e-04
 25 -0.01768  1.01083e-03 | 26  0.02107  2.42521e-03 | 27  0.02118  1.96512e-03
 28  0.02062  1.18559e-03 | 29  0.04188  1.27177e-03 | 30  0.01835  3.22688e-05
 31  0.02477 -1.44452e-04 | 32  0.09072  1.75874e-03 | 33  0.03545  6.97362e-05
 34  0.02244 -2.28843e-04 | 35  0.03346  6.95237e-05 | 36  0.01565 -2.85991e-04
 37  0.05684  1.10638e-03 | 38  0.02722  5.45398e-04 | 39 -0.00009  7.19666e-05
 40 -0.00947 -2.39766e-05 | 41 -0.01912 -2.07326e-04 | 42 -0.01535 -1.61781e-04
 43 -0.00504 -1.27051e-04 | 44  0.00461 -2.39365e-04 | 45  0.00656 -4.28283e-04
 46  0.00674 -5.24835e-04 | 47  0.00083 -7.21843e-04 | 48  0.01028 -5.42239e-04
 49 -0.00134 -6.44169e-04 | 50 -0.03382 -1.06009e-03 | 51 -0.03474 -1.06310e-03
 52 -0.02718 -1.02267e-03 | 53 -0.00488 -8.93389e-04 | 54 -0.00794 -1.05985e-03
 55 -0.00152 -1.11578e-03 | 56 -0.03064 -1.51149e-03 | 57 -0.02228 -1.54385e-03
 58 -0.01670 -1.53426e-03 | 59  0.00332 -1.45340e-03 | 60 -0.01220 -1.61327e-03
 61 -0.01527 -1.64710e-03 | 62 -0.01199 -1.66152e-03 | 63 -0.00963 -1.73042e-03
 64 -0.01107 -1.91591e-03 | 65 -0.02121 -2.09646e-03 | 66 -0.00759 -1.28140e-05
 67 -0.00022 -1.09163e-06 | 68  0.00000  0.00000e+00 | 69 -0.80053  1.65979e-01
 70  0.12049  8.71691e-03 | 71  0.12718  3.16267e-02 | 72  0.17668 -4.54849e-03
 73 -0.00008 -3.49633e-07 | 74  0.03875  1.85197e-03 | 75  0.11850  3.23572e+00
 76  0.10431  9.35151e+00 | 77  0.15725  4.97394e-02 | 78 -0.01132  4.96519e-03
 79 -0.20021  1.48918e-02 | 80  0.12553  9.19920e-04 | 81  0.07511  6.07316e-04
 82  0.12787 -6.17640e-04 | 83  0.00000 -9.58508e-31 | 84  0.01942  4.16348e-04
 85 -0.07864  6.85156e-04 | 86 -0.24292 -3.50122e-06 | 87  0.10036 -5.03072e-04
 88  0.73453  1.52106e-04 | 89 -0.17210  4.42695e-04 | 90  0.07527  2.51080e-04
 91 -0.67595 -2.90383e-05 |
91 variables; iteration 260; function evaluation 342; phase 4
Function value 2.6484168e+02; maximum gradient component mag 9.4830e-01
Var    Value     Gradient |Var    Value     Gradient |Var    Value     Gradient
  1 -0.00406  4.60704e-02 |  2 -0.01403  1.51546e-02 |  3 -0.02727  1.52562e-04
  4 -0.02729  1.73899e-04 |  5 -0.02068  2.09896e-04 |  6 -0.01522  2.42983e-04
  7 -0.01677  2.61394e-04 |  8 -0.01159  2.96635e-04 |  9 -0.00057  3.47098e-04
 10 -0.00324  3.66836e-04 | 11  0.00043  4.06978e-04 | 12 -0.01147  3.79157e-04
 13 -0.02284  1.07503e-04 | 14 -0.01698  1.34013e-04 | 15 -0.01662  1.27634e-04
 16 -0.01454  1.18044e-04 | 17 -0.00838  1.28629e-04 | 18  0.00277  1.78492e-04
 19  0.00278  1.93344e-04 | 20  0.00785  2.48369e-04 | 21 -0.01342  1.64214e-04
 22 -0.01881  1.25369e-04 | 23 -0.01327  1.29090e-04 | 24 -0.02099  1.03209e-04
 25 -0.01768  1.12421e-04 | 26  0.02107  2.60931e-04 | 27  0.02118  2.02927e-04
 28  0.02062  1.25474e-04 | 29  0.04188  1.34680e-04 | 30  0.01835  3.32251e-06
 31  0.02477 -9.94628e-06 | 32  0.09072  1.76189e-04 | 33  0.03545  1.30508e-05
 34  0.02244 -2.98050e-05 | 35  0.03346  1.59721e-05 | 36  0.01565 -3.75646e-05
 37  0.05684  1.23354e-04 | 38  0.02722  5.00220e-05 | 39 -0.00009  5.81764e-06
 40 -0.00947 -8.51662e-06 | 41 -0.01912 -2.54047e-05 | 42 -0.01535 -1.89343e-05
 43 -0.00504 -1.24895e-05 | 44  0.00461 -2.31658e-05 | 45  0.00656 -4.73332e-05
 46  0.00674 -5.88630e-05 | 47  0.00083 -8.18868e-05 | 48  0.01028 -6.31042e-05
 49 -0.00134 -7.40337e-05 | 50 -0.03382 -1.17310e-04 | 51 -0.03474 -1.15774e-04
 52 -0.02718 -1.08923e-04 | 53 -0.00488 -9.83950e-05 | 54 -0.00794 -1.20013e-04
 55 -0.00152 -1.24842e-04 | 56 -0.03064 -1.61887e-04 | 57 -0.02228 -1.62900e-04
 58 -0.01670 -1.65890e-04 | 59  0.00332 -1.60924e-04 | 60 -0.01220 -1.76316e-04
 61 -0.01527 -1.79395e-04 | 62 -0.01199 -1.79598e-04 | 63 -0.00963 -1.87230e-04
 64 -0.01107 -2.06395e-04 | 65 -0.02121 -2.25529e-04 | 66 -0.00759 -1.17389e-06
 67 -0.00022  1.80740e-07 | 68  0.00000  0.00000e+00 | 69 -0.80053  1.79605e-02
 70  0.12049  1.07268e-03 | 71  0.12718  4.03223e-03 | 72  0.17668 -4.88523e-04
 73 -0.00000 -1.59156e-08 | 74  0.03875  2.10553e-04 | 75  0.11850  3.27879e-01
 76  0.10430  9.48304e-01 | 77  0.15725  5.36696e-03 | 78 -0.00170  5.52065e-04
 79 -0.20021  1.60621e-03 | 80  0.12553  5.75914e-05 | 81  0.07511  3.64201e-05
 82  0.12787 -5.85608e-05 | 83  0.00000 -9.58583e-31 | 84  0.01942  3.82171e-05
 85 -0.07864  7.60820e-05 | 86 -0.24284 -1.79703e-07 | 87  0.10036 -6.04659e-05
 88  0.73453  1.67214e-05 | 89 -0.17210  4.48645e-05 | 90  0.07527  2.64601e-05
 91 -0.67595  1.15850e-07 |
  ic > imax  in fminim is answer attained ?
Var    Value     Gradient |Var    Value     Gradient |Var    Value     Gradient
  1 -0.00406  3.67875e-06 |  2 -0.01403  4.68132e-06 |  3 -0.02727 -6.83937e-08
  4 -0.02729 -8.83800e-08 |  5 -0.02068 -1.26819e-07 |  6 -0.01522 -1.64487e-07
  7 -0.01677 -1.35142e-07 |  8 -0.01159 -1.95986e-07 |  9 -0.00057 -2.18425e-07
 10 -0.00324 -2.35060e-07 | 11  0.00043 -3.03056e-07 | 12 -0.01147 -2.40139e-07
 13 -0.02284 -1.83973e-07 | 14 -0.01698 -1.46143e-07 | 15 -0.01662 -1.24789e-07
 16 -0.01454 -1.40461e-07 | 17 -0.00838 -1.89431e-07 | 18  0.00277 -1.56085e-07
 19  0.00278 -1.67892e-07 | 20  0.00785 -1.82404e-07 | 21 -0.01342 -1.30150e-07
 22 -0.01881 -1.19757e-07 | 23 -0.01327 -1.21257e-07 | 24 -0.02099 -4.51168e-08
 25 -0.01768 -6.49723e-08 | 26  0.02107 -1.15266e-07 | 27  0.02118 -1.15537e-07
 28  0.02062 -5.38599e-08 | 29  0.04188 -2.59693e-08 | 30  0.01835  3.04181e-09
 31  0.02477  1.66842e-09 | 32  0.09072 -6.68372e-08 | 33  0.03545  3.74420e-08
 34  0.02244 -8.79683e-09 | 35  0.03346 -4.02338e-09 | 36  0.01565  8.25047e-08
 37  0.05684 -1.21162e-08 | 38  0.02722  4.33609e-08 | 39 -0.00009  4.53380e-08
 40 -0.00947  3.50352e-08 | 41 -0.01912  3.22259e-08 | 42 -0.01535  4.70756e-08
 43 -0.00504  5.87560e-08 | 44  0.00461  5.26796e-08 | 45  0.00656  6.29542e-08
 46  0.00674  8.45745e-08 | 47  0.00083  8.43102e-08 | 48  0.01028  8.97360e-08
 49 -0.00134  7.71306e-08 | 50 -0.03382  7.49452e-08 | 51 -0.03474  9.52642e-08
 52 -0.02718  9.81709e-08 | 53 -0.00488  8.29406e-08 | 54 -0.00794  9.49620e-08
 55 -0.00152  1.19799e-07 | 56 -0.03064  8.31771e-08 | 57 -0.02228  6.31237e-08
 58 -0.01670  8.26641e-08 | 59  0.00332  1.05705e-07 | 60 -0.01220  8.14135e-08
 61 -0.01527  6.18009e-08 | 62 -0.01199  6.74335e-08 | 63 -0.00963  9.42176e-08
 64 -0.01107  8.31774e-08 | 65 -0.02121  5.86977e-08 | 66 -0.00759 -2.17189e-09
 67 -0.00022 -1.97022e-09 | 68  0.00000  0.00000e+00 | 69 -0.80053  5.89924e-06
 70  0.12049 -1.53764e-06 | 71  0.12718 -6.49499e-06 | 72  0.17668  3.03520e-07
 73  0.00000 -3.89070e-10 | 74  0.03875 -1.23309e-07 | 75  0.11850  1.32248e-04
 76  0.10430  3.81988e-04 | 77  0.15725  2.02455e-06 | 78  0.00011  2.27233e-07
 79 -0.20021  5.42062e-07 | 80  0.12553  1.55464e-07 | 81  0.07511  2.41596e-07
 82  0.12787  1.41722e-07 | 83  0.00000 -9.58588e-31 | 84  0.01942  3.07974e-08
 85 -0.07864 -4.84298e-08 | 86 -0.24284 -3.58997e-09 | 87  0.10036  3.25376e-08
 88  0.73453 -1.14441e-08 | 89 -0.17210  1.60047e-08 | 90  0.07527  8.92448e-09
 91 -0.67595 -4.22915e-09 |
Function minimizer not making progress ... is minimum attained?
Minimprove criterion = 0.0000e+00

 - final statistics:
91 variables; iteration 272; function evaluation 384
Function value 2.6484e+02; maximum gradient component mag 3.8199e-04
Exit code = 1;  converg criter 1.0000e-04
Var    Value     Gradient |Var    Value     Gradient |Var    Value     Gradient
  1 -0.00406  3.67875e-06 |  2 -0.01403  4.68132e-06 |  3 -0.02727 -6.83937e-08
  4 -0.02729 -8.83800e-08 |  5 -0.02068 -1.26819e-07 |  6 -0.01522 -1.64487e-07
  7 -0.01677 -1.35142e-07 |  8 -0.01159 -1.95986e-07 |  9 -0.00057 -2.18425e-07
 10 -0.00324 -2.35060e-07 | 11  0.00043 -3.03056e-07 | 12 -0.01147 -2.40139e-07
 13 -0.02284 -1.83973e-07 | 14 -0.01698 -1.46143e-07 | 15 -0.01662 -1.24789e-07
 16 -0.01454 -1.40461e-07 | 17 -0.00838 -1.89431e-07 | 18  0.00277 -1.56085e-07
 19  0.00278 -1.67892e-07 | 20  0.00785 -1.82404e-07 | 21 -0.01342 -1.30150e-07
 22 -0.01881 -1.19757e-07 | 23 -0.01327 -1.21257e-07 | 24 -0.02099 -4.51168e-08
 25 -0.01768 -6.49723e-08 | 26  0.02107 -1.15266e-07 | 27  0.02118 -1.15537e-07
 28  0.02062 -5.38599e-08 | 29  0.04188 -2.59693e-08 | 30  0.01835  3.04181e-09
 31  0.02477  1.66842e-09 | 32  0.09072 -6.68372e-08 | 33  0.03545  3.74420e-08
 34  0.02244 -8.79683e-09 | 35  0.03346 -4.02338e-09 | 36  0.01565  8.25047e-08
 37  0.05684 -1.21162e-08 | 38  0.02722  4.33609e-08 | 39 -0.00009  4.53380e-08
 40 -0.00947  3.50352e-08 | 41 -0.01912  3.22259e-08 | 42 -0.01535  4.70756e-08
 43 -0.00504  5.87560e-08 | 44  0.00461  5.26796e-08 | 45  0.00656  6.29542e-08
 46  0.00674  8.45745e-08 | 47  0.00083  8.43102e-08 | 48  0.01028  8.97360e-08
 49 -0.00134  7.71306e-08 | 50 -0.03382  7.49452e-08 | 51 -0.03474  9.52642e-08
 52 -0.02718  9.81709e-08 | 53 -0.00488  8.29406e-08 | 54 -0.00794  9.49620e-08
 55 -0.00152  1.19799e-07 | 56 -0.03064  8.31771e-08 | 57 -0.02228  6.31237e-08
 58 -0.01670  8.26641e-08 | 59  0.00332  1.05705e-07 | 60 -0.01220  8.14135e-08
 61 -0.01527  6.18009e-08 | 62 -0.01199  6.74335e-08 | 63 -0.00963  9.42176e-08
 64 -0.01107  8.31774e-08 | 65 -0.02121  5.86977e-08 | 66 -0.00759 -2.17189e-09
 67 -0.00022 -1.97022e-09 | 68  0.00000  0.00000e+00 | 69 -0.80053  5.89924e-06
 70  0.12049 -1.53764e-06 | 71  0.12718 -6.49499e-06 | 72  0.17668  3.03520e-07
 73  0.00000 -3.89070e-10 | 74  0.03875 -1.23309e-07 | 75  0.11850  1.32248e-04
 76  0.10430  3.81988e-04 | 77  0.15725  2.02455e-06 | 78  0.00011  2.27233e-07
 79 -0.20021  5.42062e-07 | 80  0.12553  1.55464e-07 | 81  0.07511  2.41596e-07
 82  0.12787  1.41722e-07 | 83  0.00000 -9.58588e-31 | 84  0.01942  3.07974e-08
 85 -0.07864 -4.84298e-08 | 86 -0.24284 -3.58997e-09 | 87  0.10036  3.25376e-08
 88  0.73453 -1.14441e-08 | 89 -0.17210  1.60047e-08 | 90  0.07527  8.92448e-09
 91 -0.67595 -4.22915e-09 |
size of file gradfil1.tmp = 0
size of file gradfil2.tmp = 0
size of file varssave.tmp = 0
size of file cmpdiff.tmp = 0
