
Initial statistics: 6 variables; iteration 0; function evaluation 0; phase 1
Function value 3.0191751e+06; maximum gradient component mag -1.9245e+08
Var    Value     Gradient |Var    Value     Gradient |Var    Value     Gradient
  1  0.06208 -1.92453e+08 |  2 -0.01119 -6.23137e+05 |  3  0.00000 -3.32685e+02
  4  0.00000 -1.19405e+00 |  5  0.00000  0.00000e+00 |  6 -0.75232  1.39512e+04

Intermediate statistics: 6 variables; iteration 20; function evaluation 44; phase 1
Function value 2.9439312e+02; maximum gradient component mag 3.7772e+02
Var    Value     Gradient |Var    Value     Gradient |Var    Value     Gradient
  1  0.09818  3.77717e+02 |  2 -0.01205 -6.31623e+01 |  3 -0.00185  2.01926e-01
  4 -0.00047 -2.38349e-01 |  5  0.00000  0.00000e+00 |  6 -0.81491 -1.08542e+02
6 variables; iteration 40; function evaluation 64; phase 1
Function value 2.9337949e+02; maximum gradient component mag 3.8682e+02
Var    Value     Gradient |Var    Value     Gradient |Var    Value     Gradient
  1  0.09331  3.86822e+02 |  2 -0.07557 -9.27134e+01 |  3  0.00002  1.91444e+00
  4 -0.00295 -2.10978e+00 |  5  0.00000  0.00000e+00 |  6 -0.75011 -2.92449e+01

 - final statistics:
6 variables; iteration 58; function evaluation 88
Function value 2.8895e+02; maximum gradient component mag -6.8190e+00
Exit code = 1;  converg criter 1.0000e+01
Var    Value     Gradient |Var    Value     Gradient |Var    Value     Gradient
  1  0.08353 -6.81899e+00 |  2 -0.02289 -2.71599e+00 |  3 -0.00286  6.09227e-02
  4 -0.00026 -6.54864e-02 |  5  0.00000  0.00000e+00 |  6 -0.78203 -2.76161e+00

Initial statistics: 60 variables; iteration 0; function evaluation 0; phase 2
Function value 2.8894957e+02; maximum gradient component mag -2.3236e+02
Var    Value     Gradient |Var    Value     Gradient |Var    Value     Gradient
  1  0.08353 -6.81899e+00 |  2 -0.02289 -2.71599e+00 |  3  0.00000  7.85423e+01
  4  0.00000  8.30576e+01 |  5  0.00000  8.77062e+01 |  6  0.00000  9.13642e+01
  7  0.00000  9.74245e+01 |  8  0.00000  1.00937e+02 |  9  0.00000  1.02340e+02
 10  0.00000  8.69038e+01 | 11  0.00000  1.10066e+02 | 12  0.00000  1.49685e+02
 13  0.00000  1.56970e+02 | 14  0.00000  1.36603e+02 | 15  0.00000  1.03453e+02
 16  0.00000  6.83463e+01 | 17  0.00000  5.39471e+01 | 18  0.00000  1.60809e+01
 19  0.00000 -4.58376e+01 | 20  0.00000 -8.90798e+01 | 21  0.00000 -1.42173e+02
 22  0.00000 -2.00593e+02 | 23  0.00000 -2.00646e+02 | 24  0.00000 -2.00566e+02
 25  0.00000 -2.17715e+02 | 26  0.00000 -2.14318e+02 | 27  0.00000 -2.32363e+02
 28  0.00000 -1.88032e+02 | 29  0.00000 -1.15993e+02 | 30  0.00000 -3.73420e+01
 31  0.00000  9.37158e+00 | 32  0.00000 -1.45155e+01 | 33  0.00000 -8.38648e+01
 34  0.00000 -1.18581e+02 | 35  0.00000 -9.86517e+01 | 36  0.00000 -6.27340e+01
 37  0.00000 -3.53613e+01 | 38  0.00000 -3.98081e+01 | 39  0.00000 -2.52686e+01
 40  0.00000  4.66753e+01 | 41  0.00000  8.15424e+01 | 42  0.00000  7.41506e+01
 43  0.00000  4.04951e+01 | 44  0.00000  3.45452e+01 | 45  0.00000  3.85727e+01
 46  0.00000  1.00411e+02 | 47  0.00000  1.06164e+02 | 48  0.00000  7.87035e+01
 49  0.00000  3.19110e+01 | 50  0.00000  2.52866e+01 | 51  0.00000  3.86181e+01
 52  0.00000  4.79755e+01 | 53  0.00000  4.44292e+01 | 54  0.00000  2.61093e+01
 55  0.00000  1.50556e+01 | 56 -0.00286  6.09227e-02 | 57 -0.00026 -6.54864e-02
 58  0.00000  0.00000e+00 | 59 -0.78203 -2.76161e+00 | 60  0.09811  1.24433e+02

Intermediate statistics: 60 variables; iteration 20; function evaluation 34; phase 2
Function value 2.5044835e+02; maximum gradient component mag -1.0050e+03
Var    Value     Gradient |Var    Value     Gradient |Var    Value     Gradient
  1  0.06637 -8.34574e+02 |  2  0.01810 -8.21085e+02 |  3 -0.04411 -1.40724e+01
  4 -0.01998  2.94909e+00 |  5 -0.01676  8.27119e+00 |  6 -0.01930  7.97580e+00
  7 -0.01471  1.30508e+01 |  8 -0.00594  1.91767e+01 |  9 -0.00617  2.29322e+01
 10  0.02779  4.60023e+01 | 11  0.01282  4.70398e+01 | 12 -0.00603  4.94353e+01
 13 -0.00816  4.91319e+01 | 14 -0.00719  4.21478e+01 | 15 -0.00367  3.98318e+01
 16  0.00990  4.71901e+01 | 17  0.00312  4.01659e+01 | 18 -0.00754  7.98527e+00
 19  0.02395 -2.67245e+00 | 20  0.00174 -2.22239e+01 | 21 -0.01154 -2.33175e+01
 22  0.07535  2.26951e+01 | 23  0.02275 -1.53977e+01 | 24 -0.02979 -6.03188e+01
 25  0.04182 -5.84089e+01 | 26 -0.04694 -5.94651e+01 | 27  0.06461 -2.21011e-01
 28  0.01828  1.11500e+01 | 29  0.00895  3.05720e+01 | 30  0.00321  5.70949e+01
 31  0.00189  7.66821e+01 | 32 -0.00865  4.68393e+01 | 33  0.00814  2.18565e+01
 34  0.02906  1.67072e+00 | 35  0.00128 -2.55464e+01 | 36  0.00611 -1.87941e+01
 37  0.00125 -1.08738e+01 | 38  0.01303 -1.04564e+01 | 39  0.01846 -9.60655e+00
 40 -0.01879 -3.84665e+00 | 41 -0.01172  1.44208e+01 | 42 -0.00978  1.09434e+01
 43  0.00507 -1.31694e+00 | 44 -0.00715 -1.31162e+01 | 45  0.00703 -5.48254e+00
 46 -0.01773  1.62703e+01 | 47 -0.00979  2.53442e+01 | 48 -0.01588  4.79524e+00
 49  0.00732 -5.78966e+00 | 50  0.00247 -1.01304e+01 | 51 -0.00529 -7.70576e+00
 52 -0.00317 -2.26813e+00 | 53 -0.00557 -8.38367e+00 | 54 -0.01191 -2.25965e+01
 55 -0.03448 -3.10097e+01 | 56 -0.00936 -4.83904e+00 | 57 -0.00036 -9.37424e-02
 58  0.00000  0.00000e+00 | 59 -0.78959 -1.00503e+03 | 60  0.09368  7.29964e+00
60 variables; iteration 40; function evaluation 60; phase 2
Function value 2.4184302e+02; maximum gradient component mag -9.2021e+02
Var    Value     Gradient |Var    Value     Gradient |Var    Value     Gradient
  1  0.06356 -9.20212e+02 |  2  0.01551 -1.84236e+02 |  3 -0.02612  1.08932e+01
  4 -0.01802  8.71434e+00 |  5 -0.01475  1.03115e+01 |  6 -0.01611  1.14180e+01
  7 -0.01108  1.70170e+01 |  8 -0.00456  1.91924e+01 |  9 -0.01090  1.14086e+01
 10  0.01381  5.68523e+00 | 11  0.00794  1.48271e+01 | 12 -0.01508  1.93089e+01
 13 -0.02402  9.80875e+00 | 14 -0.01303  1.05174e+01 | 15 -0.00144  7.61135e+00
 16  0.00559 -7.15804e+00 | 17  0.00347 -3.45279e+00 | 18 -0.00129 -3.33216e+00
 19  0.02388 -1.78557e+01 | 20  0.01019 -2.57244e+01 | 21 -0.00535 -3.08549e+01
 22  0.07805 -5.30839e+01 | 23 -0.00592 -4.65780e+01 | 24  0.00219 -4.31110e+01
 25  0.05522 -2.27673e+01 | 26 -0.00866 -2.59970e+01 | 27  0.04870 -4.15341e+01
 28  0.02087 -2.96819e+01 | 29  0.01336 -1.46519e+01 | 30 -0.00450 -6.86901e+00
 31 -0.01908 -3.82994e+00 | 32 -0.01928 -1.15025e+01 | 33  0.01445 -1.94131e+01
 34  0.01811 -2.35347e+01 | 35  0.02056 -4.36160e+00 | 36  0.01802 -3.09886e-01
 37 -0.00742 -1.13853e+01 | 38  0.02186 -5.32495e+00 | 39  0.00730 -1.50746e+01
 40 -0.01207  8.39259e+00 | 41 -0.02073  1.10650e+01 | 42 -0.01956  1.02376e+01
 43  0.00273  2.08137e+01 | 44 -0.00151  2.89580e+01 | 45  0.01363  3.29119e+01
 46 -0.03205  1.17944e+01 | 47 -0.02570  1.24833e+01 | 48 -0.01937  1.79062e+01
 49  0.00944  2.83866e+01 | 50  0.00347  2.08379e+01 | 51 -0.01368  3.40374e+00
 52 -0.01463  1.42710e+00 | 53 -0.00840  9.36114e+00 | 54 -0.00836  8.60952e+00
 55 -0.01148  1.20370e+01 | 56 -0.00207  2.78865e+00 | 57 -0.00014  8.51672e-02
 58  0.00000  0.00000e+00 | 59 -0.78128 -2.47456e+02 | 60  0.09737  1.69683e+00
60 variables; iteration 60; function evaluation 91; phase 2
Function value 2.3929541e+02; maximum gradient component mag -1.2870e+02
Var    Value     Gradient |Var    Value     Gradient |Var    Value     Gradient
  1  0.06431 -3.16297e+01 |  2 -0.00141 -1.05787e+02 |  3 -0.02379  6.04166e+00
  4 -0.02143 -1.82813e-01 |  5 -0.00961  8.62961e+00 |  6 -0.01738  4.57041e-01
  7 -0.01464  1.13938e+00 |  8 -0.01456 -5.81568e-01 |  9 -0.00348  1.24652e+01
 10  0.01237  2.10485e+00 | 11  0.00372  5.03826e+00 | 12 -0.01848  6.32441e+00
 13 -0.02636 -1.59403e+00 | 14 -0.01429  4.81330e+00 | 15 -0.00765  4.33453e+00
 16  0.00925  4.89123e+00 | 17 -0.00530 -1.55331e+00 | 18 -0.00230  4.50789e-01
 19  0.02252 -6.61646e-01 | 20  0.01490 -3.81950e+00 | 21  0.01107 -1.07425e+01
 22  0.06320 -8.86600e+00 | 23  0.02092 -1.04863e+01 | 24  0.02300 -6.37776e+00
 25  0.03411 -5.91380e+00 | 26  0.00968 -8.59503e+00 | 27  0.04808 -9.00957e+00
 28  0.02346 -1.01506e+01 | 29  0.00994 -7.43938e+00 | 30 -0.01335 -1.19992e+01
 31 -0.02248 -5.54465e+00 | 32 -0.01681 -2.61921e+00 | 33  0.00947 -3.42064e+00
 34  0.02487 -1.23908e+00 | 35  0.01866  2.28247e+00 | 36  0.01364 -7.34338e-01
 37  0.00553 -1.86639e+00 | 38  0.01468 -4.42331e-01 | 39  0.02091  4.67590e+00
 40 -0.01873  4.42731e-01 | 41 -0.02322 -1.47617e+00 | 42 -0.01747 -2.16967e+00
 43 -0.00035 -3.85047e+00 | 44 -0.00434 -1.10688e+00 | 45  0.00550 -3.09575e+00
 46 -0.03221 -5.77979e+00 | 47 -0.02088  1.80092e+00 | 48 -0.02176 -4.95419e+00
 49  0.00458 -6.05401e+00 | 50 -0.00566 -1.00804e+01 | 51 -0.00365 -9.94676e-03
 52 -0.01404 -5.56794e+00 | 53 -0.00727  4.09827e-01 | 54 -0.01066 -6.69096e+00
 55 -0.01400 -4.14338e+00 | 56  0.00118  5.49047e+00 | 57  0.00678  5.33686e+00
 58  0.00000  0.00000e+00 | 59 -0.76674 -1.28697e+02 | 60  0.09713  6.67430e-01
Maximum number of function evaluations exceeded

 - final statistics:
60 variables; iteration 66; function evaluation 100
Function value 2.3893e+02; maximum gradient component mag -1.2409e+02
Exit code = 3;  converg criter 1.0000e+01
Var    Value     Gradient |Var    Value     Gradient |Var    Value     Gradient
  1  0.06401 -1.24093e+02 |  2 -0.00446 -8.31398e+01 |  3 -0.02770  1.83442e+00
  4 -0.01840  1.38393e+00 |  5 -0.01262  4.04510e+00 |  6 -0.01798 -1.15393e+00
  7 -0.01413  1.00548e+00 |  8 -0.01234  2.21652e-01 |  9 -0.00954  4.96385e+00
 10  0.01586  1.89761e+00 | 11  0.00355  2.52773e+00 | 12 -0.02108  2.06157e+00
 13 -0.02506 -1.57962e+00 | 14 -0.01478  2.30900e+00 | 15 -0.00832  9.19673e-01
 16  0.00893  3.57064e-01 | 17 -0.00501 -4.30042e+00 | 18 -0.00211 -1.68659e+00
 19  0.02245 -2.30797e+00 | 20  0.01516 -1.46355e+00 | 21  0.01612 -3.55859e+00
 22  0.06269 -4.68468e+00 | 23  0.02470 -5.32731e+00 | 24  0.02285 -4.32961e+00
 25  0.03245 -4.67953e+00 | 26  0.01331 -2.35088e+00 | 27  0.04743 -3.94597e+00
 28  0.02531 -4.56090e+00 | 29  0.00934 -4.13592e+00 | 30 -0.01123 -7.42416e+00
 31 -0.02274 -3.44363e+00 | 32 -0.01712 -7.07801e-01 | 33  0.00913 -1.41427e+00
 34  0.02610  6.26183e-01 | 35  0.01668  3.55455e-01 | 36  0.01311 -9.97497e-01
 37  0.00766  1.65073e+00 | 38  0.01568  1.73073e+00 | 39  0.01806  2.57556e+00
 40 -0.01700  3.95540e+00 | 41 -0.02317  8.65008e-01 | 42 -0.01909 -1.54841e+00
 43  0.00033 -9.87479e-01 | 44 -0.00599  3.49176e-01 | 45  0.00623  3.23221e-01
 46 -0.03277 -3.57990e+00 | 47 -0.02278  2.51950e+00 | 48 -0.02012  1.73580e-01
 49  0.00265 -2.68663e+00 | 50 -0.00319 -3.55327e+00 | 51 -0.00745  1.17967e+00
 52 -0.00991  1.79085e+00 | 53 -0.01185  6.31582e-03 | 54 -0.00844 -8.73095e-01
 55 -0.01456 -5.87009e-01 | 56 -0.00477  5.52172e-01 | 57  0.00177  1.54046e+00
 58  0.00000  0.00000e+00 | 59 -0.76314 -9.88688e+01 | 60  0.09754 -4.55949e-01

Initial statistics: 81 variables; iteration 0; function evaluation 0; phase 3
Function value 2.3892875e+02; maximum gradient component mag -1.5125e+03
Var    Value     Gradient |Var    Value     Gradient |Var    Value     Gradient
  1  0.06401 -1.24093e+02 |  2 -0.00446 -8.31398e+01 |  3 -0.02768  2.51855e+00
  4 -0.01839  2.06842e+00 |  5 -0.01260  4.72975e+00 |  6 -0.01797 -4.69433e-01
  7 -0.01411  1.69009e+00 |  8 -0.01233  9.06299e-01 |  9 -0.00952  5.64855e+00
 10  0.01587  2.58218e+00 | 11  0.00356  3.21250e+00 | 12 -0.02106  2.74597e+00
 13 -0.02505 -8.95373e-01 | 14 -0.01476  2.99359e+00 | 15 -0.00831  1.60439e+00
 16  0.00895  1.04177e+00 | 17 -0.00500 -3.61566e+00 | 18 -0.00209 -1.00182e+00
 19  0.02247 -1.62362e+00 | 20  0.01517 -7.78971e-01 | 21  0.01614 -2.87403e+00
 22  0.06271 -4.00321e+00 | 23  0.02471 -4.64304e+00 | 24  0.02286 -3.64527e+00
 25  0.03247 -3.99564e+00 | 26  0.01332 -1.66626e+00 | 27  0.04744 -3.26309e+00
 28  0.02533 -3.87666e+00 | 29  0.00935 -3.45122e+00 | 30 -0.01121 -6.73950e+00
 31 -0.02272 -2.75929e+00 | 32 -0.01710 -2.32732e-02 | 33  0.00915 -7.29562e-01
 34  0.02612  1.31038e+00 | 35  0.01670  1.03999e+00 | 36  0.01312 -3.12867e-01
 37  0.00768  2.33546e+00 | 38  0.01570  2.41529e+00 | 39  0.01808  3.26006e+00
 40 -0.01699  4.63993e+00 | 41 -0.02315  1.54933e+00 | 42 -0.01907 -8.63946e-01
 43  0.00034 -3.02703e-01 | 44 -0.00597  1.03392e+00 | 45  0.00625  1.00796e+00
 46 -0.03276 -2.89603e+00 | 47 -0.02277  3.20384e+00 | 48 -0.02011  8.58014e-01
 49  0.00266 -2.00186e+00 | 50 -0.00317 -2.86850e+00 | 51 -0.00743  1.86440e+00
 52 -0.00990  2.47555e+00 | 53 -0.01184  6.90973e-01 | 54 -0.00842 -1.88379e-01
 55 -0.01454  9.75877e-02 | 56 -0.00477  5.52172e-01 | 57  0.00177  1.54046e+00
 58  0.00000  0.00000e+00 | 59 -0.76314 -9.88688e+01 | 60  0.20200 -5.27494e+02
 61  0.10477 -1.51253e+03 | 62  0.18514 -1.55952e+02 | 63 -0.00007  9.60613e-01
 64  0.05980  1.54943e+01 | 65  0.17893 -1.94375e+01 | 66  0.07109 -9.53925e+01
 67  0.16329 -1.16828e+02 | 68  0.00000 -3.95223e-05 | 69 -0.17583 -6.89372e+00
 70  0.14913  1.60666e+01 | 71  0.07222  5.13679e+00 | 72  0.12692 -1.55295e+01
 73  0.00000  1.49426e-29 | 74  0.03197  9.45539e+00 | 75 -0.06120  3.18655e+01
 76 -0.23449  1.12937e-03 | 77  0.10019 -2.63180e+01 | 78  0.71326  5.07990e+00
 79 -0.14853  1.22150e+01 | 80  0.09754 -4.55949e-01 | 81 -0.65458  6.60143e-01

Intermediate statistics: 81 variables; iteration 20; function evaluation 29; phase 3
Function value 2.3841081e+02; maximum gradient component mag 7.3768e+01
Var    Value     Gradient |Var    Value     Gradient |Var    Value     Gradient
  1  0.06453  1.73655e+01 |  2 -0.01356  1.20819e+00 |  3 -0.02684 -4.49043e-01
  4 -0.01756 -1.15389e+00 |  5 -0.01452 -9.42412e-01 |  6 -0.01591 -1.87697e+00
  7 -0.01433 -1.64151e+00 |  8 -0.01057 -1.59449e+00 |  9 -0.01210 -9.16789e-01
 10  0.01688 -2.44570e+00 | 11  0.00371 -1.75319e+00 | 12 -0.02148 -8.31239e-01
 13 -0.02343 -1.04820e+00 | 14 -0.01614  8.25943e-01 | 15 -0.00762  1.82539e+00
 16  0.00790  2.38765e+00 | 17 -0.00407  1.24278e+00 | 18 -0.00350  1.52449e+00
 19  0.02196  1.97126e+00 | 20  0.01389  1.86442e+00 | 21  0.01724  1.65390e+00
 22  0.06041  1.96399e+00 | 23  0.02583  1.41597e+00 | 24  0.02183  1.57084e+00
 25  0.03350  2.63990e+00 | 26  0.01315  2.42777e+00 | 27  0.04767  3.24936e+00
 28  0.02602  1.73650e+00 | 29  0.00786  7.71990e-02 | 30 -0.00934 -1.61117e+00
 31 -0.02326 -1.60359e+00 | 32 -0.01875 -1.37180e+00 | 33  0.00875 -1.28736e+00
 34  0.02562 -1.98558e-01 | 35  0.01577  1.14847e-01 | 36  0.01282 -6.83845e-01
 37  0.00557 -6.12126e-01 | 38  0.01534 -1.10594e+00 | 39  0.01865 -9.31815e-01
 40 -0.01789  3.22625e-01 | 41 -0.02271 -2.59916e-01 | 42 -0.01821 -9.88380e-01
 43  0.00062 -8.03880e-01 | 44 -0.00557 -1.28489e-01 | 45  0.00651 -3.54765e-01
 46 -0.03002 -8.36172e-01 | 47 -0.02465  9.79536e-01 | 48 -0.02004  9.14726e-01
 49  0.00376  5.10982e-01 | 50 -0.00092  7.18508e-01 | 51 -0.00780  2.45724e+00
 52 -0.00987  3.04968e+00 | 53 -0.01112  2.58507e+00 | 54 -0.00784  1.75015e+00
 55 -0.01477  6.39959e-01 | 56 -0.00568  2.14470e-01 | 57 -0.00005  1.65268e-01
 58  0.00000  0.00000e+00 | 59 -0.75546  3.16027e-01 | 60  0.19055  4.40973e+01
 61  0.10919  7.00540e+01 | 62  0.18331 -5.11033e+01 | 63  0.00053  2.61005e-06
 64  0.05418  3.60324e+00 | 65  0.17768  7.37684e+01 | 66  0.07224  6.64680e+01
 67  0.16412 -1.56570e+01 | 68 -0.00126  7.31233e-05 | 69 -0.18112  1.25181e-01
 70  0.14528 -5.31387e-01 | 71  0.07554  3.44850e-01 | 72  0.12572  2.86730e-01
 73  0.00000 -4.44786e-31 | 74  0.03010 -2.64206e+00 | 75 -0.06357 -1.16826e+01
 76 -0.23449  1.65004e-04 | 77  0.10069  2.47870e+01 | 78  0.71939  7.24169e-01
 79 -0.15324  2.57890e+00 | 80  0.09609  6.54462e-01 | 81 -0.65696 -9.77480e-01
81 variables; iteration 40; function evaluation 54; phase 3
Function value 2.3834681e+02; maximum gradient component mag 1.0110e+02
Var    Value     Gradient |Var    Value     Gradient |Var    Value     Gradient
  1  0.06479  3.77077e+01 |  2 -0.01392  4.80798e+01 |  3 -0.02635  2.67339e-01
  4 -0.01686  7.91119e-02 |  5 -0.01449 -3.42112e-01 |  6 -0.01527 -6.85282e-01
  7 -0.01404 -3.55161e-01 |  8 -0.00964  6.44899e-01 |  9 -0.01152  1.24691e+00
 10  0.01759 -7.25662e-01 | 11  0.00380 -1.98931e+00 | 12 -0.02208 -1.99593e+00
 13 -0.02262 -9.35921e-01 | 14 -0.01661 -1.10940e+00 | 15 -0.00810 -1.83770e+00
 16  0.00702 -2.72445e+00 | 17 -0.00388 -1.61715e+00 | 18 -0.00401 -5.40176e-01
 19  0.02166  2.79054e-01 | 20  0.01399  6.32882e-01 | 21  0.01636 -6.77953e-01
 22  0.05976 -2.58721e+00 | 23  0.02426 -1.97320e+00 | 24  0.02214 -1.34583e-01
 25  0.03310  1.62128e-01 | 26  0.01260  2.68848e-01 | 27  0.04725 -4.45992e-01
 28  0.02545 -9.41263e-01 | 29  0.00804 -9.99876e-01 | 30 -0.00889 -1.54541e+00
 31 -0.02355 -1.52294e+00 | 32 -0.01919 -7.16176e-01 | 33  0.00939  7.34188e-01
 34  0.02556  5.84599e-01 | 35  0.01537 -1.85191e-01 | 36  0.01224 -7.40715e-01
 37  0.00536 -6.82814e-03 | 38  0.01557 -4.37599e-01 | 39  0.01855 -1.47169e+00
 40 -0.01882 -5.20327e-01 | 41 -0.02241  1.54765e+00 | 42 -0.01638  3.72470e+00
 43  0.00147  2.60447e+00 | 44 -0.00615  3.72989e-01 | 45  0.00654  6.82069e-01
 46 -0.02814  2.31207e+00 | 47 -0.02498  1.60663e+00 | 48 -0.02066  7.43289e-01
 49  0.00423  1.41805e+00 | 50 -0.00005  2.02067e+00 | 51 -0.00818  2.02969e+00
 52 -0.01019  2.32435e+00 | 53 -0.01083  2.59129e+00 | 54 -0.00807  1.72927e+00
 55 -0.01516  1.08838e+00 | 56 -0.00596  1.61424e-03 | 57 -0.00005  1.75377e-01
 58  0.00000  0.00000e+00 | 59 -0.75593  4.74984e+01 | 60  0.18783  2.62038e+01
 61  0.11027  6.44639e+01 | 62  0.18326 -2.20657e+00 | 63  0.07526  3.73190e-04
 64  0.05044 -1.64036e+00 | 65  0.17599  7.15291e+01 | 66  0.07357  1.01101e+02
 67  0.16411  3.41638e+01 | 68 -0.12351 -6.17296e-04 | 69 -0.18022  3.72852e+00
 70  0.14579  8.80516e-01 | 71  0.07484  1.62931e-01 | 72  0.12612  7.95609e-02
 73  0.00000 -8.41018e-31 | 74  0.02999 -1.11428e+00 | 75 -0.06450 -8.93238e-01
 76 -0.23459  1.44110e-04 | 77  0.09931  2.93706e+00 | 78  0.72145  1.37501e-01
 79 -0.15547  1.42107e-01 | 80  0.09536 -1.40033e+00 | 81 -0.65752 -3.81890e-01
81 variables; iteration 60; function evaluation 86; phase 3
Function value 2.3832283e+02; maximum gradient component mag 1.0346e+02
Var    Value     Gradient |Var    Value     Gradient |Var    Value     Gradient
  1  0.06488  8.02869e+01 |  2 -0.01483  3.69549e+01 |  3 -0.02609  4.62454e-01
  4 -0.01670  6.46820e-01 |  5 -0.01437  4.25802e-01 |  6 -0.01491  6.15109e-02
  7 -0.01397 -4.20789e-01 |  8 -0.01006 -4.09932e-01 |  9 -0.01254 -2.57748e-01
 10  0.01768  1.69928e-01 | 11  0.00444  2.98641e-01 | 12 -0.02130  1.51659e-01
 13 -0.02264  4.20599e-01 | 14 -0.01627  7.84682e-01 | 15 -0.00756  8.23830e-01
 16  0.00732  3.36695e-01 | 17 -0.00449 -4.58079e-01 | 18 -0.00439 -5.05577e-01
 19  0.02142 -1.99523e-02 | 20  0.01334 -3.73122e-02 | 21  0.01601 -4.97235e-01
 22  0.05973 -7.33692e-03 | 23  0.02497  2.53437e-02 | 24  0.02169  4.40958e-01
 25  0.03302  2.94962e-01 | 26  0.01243 -1.74165e-01 | 27  0.04712 -1.39741e-01
 28  0.02534 -3.38170e-01 | 29  0.00780 -2.05395e-02 | 30 -0.00864  1.46412e-01
 31 -0.02307  1.53531e-01 | 32 -0.01901  5.42563e-02 | 33  0.00896  1.31962e-01
 34  0.02535  3.56356e-02 | 35  0.01532 -8.41643e-03 | 36  0.01273  8.52463e-02
 37  0.00493 -1.16467e-01 | 38  0.01533  1.70922e-02 | 39  0.01931  4.02199e-01
 40 -0.01782  3.43698e-01 | 41 -0.02251 -2.77094e-01 | 42 -0.01780 -5.11301e-01
 43  0.00111 -1.00240e-01 | 44 -0.00503  4.15100e-01 | 45  0.00706  1.21413e-01
 46 -0.02932 -7.00667e-01 | 47 -0.02519 -6.54561e-01 | 48 -0.02000 -4.40613e-01
 49  0.00442 -3.35197e-01 | 50 -0.00013 -1.65021e-01 | 51 -0.00808 -2.35605e-01
 52 -0.01030 -2.75760e-01 | 53 -0.01117 -1.02757e-01 | 54 -0.00806 -2.26286e-01
 55 -0.01525 -3.17324e-01 | 56 -0.00601 -5.47297e-02 | 57 -0.00028 -5.78602e-03
 58  0.00000  0.00000e+00 | 59 -0.75589  3.71876e+01 | 60  0.18677  2.87898e+01
 61  0.11062  7.53735e+01 | 62  0.18308  5.78665e-01 | 63 -0.03432 -1.69511e-04
 64  0.05134  4.10726e-01 | 65  0.17479  7.70833e+01 | 66  0.07463  1.03464e+02
 67  0.16379  2.38443e+01 | 68 -0.16509 -8.33481e-04 | 69 -0.17738  4.54319e+00
 70  0.14458 -5.20028e-02 | 71  0.07588  1.09341e-01 | 72  0.12566 -1.97421e-01
 73  0.00000 -9.84565e-31 | 74  0.03025  3.80014e-01 | 75 -0.06483  2.51368e-01
 76 -0.23502  1.01514e-04 | 77  0.09902 -1.27568e-01 | 78  0.72164 -3.06025e-02
 79 -0.15587 -1.54996e-01 | 80  0.09549  9.60262e-02 | 81 -0.65702 -2.27288e-01
Maximum number of function evaluations exceeded

 - final statistics:
81 variables; iteration 68; function evaluation 100
Function value 2.3831e+02; maximum gradient component mag 1.3005e+02
Exit code = 3;  converg criter 1.0000e+00
Var    Value     Gradient |Var    Value     Gradient |Var    Value     Gradient
  1  0.06495  1.30054e+02 |  2 -0.01417  4.47209e+01 |  3 -0.02605  5.17969e-02
  4 -0.01633  5.13374e-01 |  5 -0.01512 -7.17814e-01 |  6 -0.01437  1.08280e-01
  7 -0.01411 -8.01973e-01 |  8 -0.00981 -2.94566e-01 |  9 -0.01247 -2.86151e-01
 10  0.01747 -1.19950e-01 | 11  0.00454 -1.24358e-01 | 12 -0.02149 -6.46651e-01
 13 -0.02297 -2.81567e-01 | 14 -0.01687  5.18590e-01 | 15 -0.00673  2.72620e+00
 16  0.00726  1.94758e+00 | 17 -0.00488  1.08832e-01 | 18 -0.00474 -2.20325e-01
 19  0.02164  1.52390e+00 | 20  0.01351  1.58816e+00 | 21  0.01622  9.69013e-01
 22  0.05966  1.77870e+00 | 23  0.02469  5.01815e-01 | 24  0.02203  9.72715e-01
 25  0.03244  2.30903e-01 | 26  0.01246  5.97282e-02 | 27  0.04719  9.03102e-01
 28  0.02506  2.54639e-01 | 29  0.00816  8.39943e-01 | 30 -0.00929  1.38002e-01
 31 -0.02272  1.16042e+00 | 32 -0.01867  1.05664e+00 | 33  0.00857  2.84059e-01
 34  0.02542  4.14441e-01 | 35  0.01523  3.89206e-01 | 36  0.01292  6.68419e-01
 37  0.00473 -4.65060e-02 | 38  0.01560  1.94670e-01 | 39  0.01924 -8.58829e-02
 40 -0.01780 -4.03898e-01 | 41 -0.02270 -1.29511e+00 | 42 -0.01747 -1.19906e+00
 43  0.00077 -1.84453e+00 | 44 -0.00535 -1.34520e+00 | 45  0.00726 -9.77301e-01
 46 -0.02948 -1.68045e+00 | 47 -0.02493 -1.05045e+00 | 48 -0.02013 -1.11887e+00
 49  0.00476 -5.74910e-01 | 50  0.00000 -8.12612e-01 | 51 -0.00851 -1.47891e+00
 52 -0.00977 -6.36644e-01 | 53 -0.01140 -1.05762e+00 | 54 -0.00819 -9.70574e-01
 55 -0.01439 -1.81272e-01 | 56 -0.00623 -2.37648e-01 | 57 -0.00019  6.14986e-02
 58  0.00000  0.00000e+00 | 59 -0.75731  4.41331e+01 | 60  0.18622  2.03842e+01
 61  0.11067  5.16747e+01 | 62  0.18295  1.26833e+00 | 63 -0.35037 -1.92770e-03
 64  0.05188  1.92698e-01 | 65  0.17292  8.85417e+01 | 66  0.07620  1.27501e+02
 67  0.16323  2.86761e+01 | 68 -0.24634 -1.28022e-03 | 69 -0.17697  5.50751e+00
 70  0.14414 -1.43979e-01 | 71  0.07617 -1.26741e-01 | 72  0.12550 -1.10858e+00
 73  0.00000 -1.66181e-30 | 74  0.03035  1.16566e+00 | 75 -0.06483 -3.04907e-01
 76 -0.23619  6.71391e-05 | 77  0.09911  1.39261e+00 | 78  0.72178  1.00297e-01
 79 -0.15584  1.67412e-01 | 80  0.09542  3.61336e-01 | 81 -0.65699 -1.71860e-01

Initial statistics: 91 variables; iteration 0; function evaluation 0; phase 4
Function value 2.3830696e+02; maximum gradient component mag 1.3005e+02
Var    Value     Gradient |Var    Value     Gradient |Var    Value     Gradient
  1  0.06495  1.30054e+02 |  2 -0.01417  4.47209e+01 |  3  0.00000  2.18853e+01
  4  0.00000  2.56893e+01 |  5  0.00000  2.04344e+01 |  6  0.00000  1.48937e+01
  7  0.00000  1.78692e+01 |  8  0.00000  1.51607e+01 |  9  0.00000  5.34311e+00
 10  0.00000  9.53145e+00 | 11  0.00000  7.10015e+00 | 12  0.00000  1.65765e+01
 13 -0.02605  5.82144e-02 | 14 -0.01633  5.19795e-01 | 15 -0.01512 -7.11393e-01
 16 -0.01437  1.14701e-01 | 17 -0.01411 -7.95551e-01 | 18 -0.00981 -2.88144e-01
 19 -0.01247 -2.79730e-01 | 20  0.01747 -1.13529e-01 | 21  0.00454 -1.17936e-01
 22 -0.02148 -6.40231e-01 | 23 -0.02297 -2.75148e-01 | 24 -0.01687  5.25011e-01
 25 -0.00673  2.73262e+00 | 26  0.00726  1.95400e+00 | 27 -0.00488  1.15254e-01
 28 -0.00474 -2.13902e-01 | 29  0.02164  1.53032e+00 | 30  0.01351  1.59458e+00
 31  0.01622  9.75433e-01 | 32  0.05966  1.78510e+00 | 33  0.02469  5.08233e-01
 34  0.02203  9.79134e-01 | 35  0.03244  2.37317e-01 | 36  0.01246  6.61499e-02
 37  0.04719  9.09507e-01 | 38  0.02506  2.61057e-01 | 39  0.00816  8.46365e-01
 40 -0.00929  1.44425e-01 | 41 -0.02272  1.16684e+00 | 42 -0.01867  1.06306e+00
 43  0.00857  2.90481e-01 | 44  0.02542  4.20859e-01 | 45  0.01523  3.95627e-01
 46  0.01292  6.74840e-01 | 47  0.00473 -4.00833e-02 | 48  0.01560  2.01091e-01
 49  0.01924 -7.94630e-02 | 50 -0.01780 -3.97478e-01 | 51 -0.02270 -1.28869e+00
 52 -0.01747 -1.19264e+00 | 53  0.00077 -1.83811e+00 | 54 -0.00535 -1.33877e+00
 55  0.00726 -9.70879e-01 | 56 -0.02948 -1.67404e+00 | 57 -0.02493 -1.04403e+00
 58 -0.02013 -1.11245e+00 | 59  0.00476 -5.68487e-01 | 60  0.00000 -8.06189e-01
 61 -0.00851 -1.47248e+00 | 62 -0.00977 -6.30221e-01 | 63 -0.01140 -1.05120e+00
 64 -0.00819 -9.64151e-01 | 65 -0.01439 -1.74850e-01 | 66 -0.00623 -2.37648e-01
 67 -0.00019  6.14986e-02 | 68  0.00000  0.00000e+00 | 69 -0.75731  4.41331e+01
 70  0.18622  2.03842e+01 | 71  0.11067  5.16747e+01 | 72  0.18295  1.26833e+00
 73 -0.35037 -1.92770e-03 | 74  0.05188  1.92698e-01 | 75  0.17292  8.85417e+01
 76  0.07620  1.27501e+02 | 77  0.16323  2.86761e+01 | 78 -0.24634 -1.28022e-03
 79 -0.17697  5.50751e+00 | 80  0.14414 -1.43979e-01 | 81  0.07617 -1.26741e-01
 82  0.12550 -1.10858e+00 | 83  0.00000 -1.66181e-30 | 84  0.03035  1.16566e+00
 85 -0.06483 -3.04907e-01 | 86 -0.23619  6.71391e-05 | 87  0.09911  1.39261e+00
 88  0.72178  1.00297e-01 | 89 -0.15584  1.67412e-01 | 90  0.09542  3.61336e-01
 91 -0.65699 -1.71860e-01 |

Intermediate statistics: 91 variables; iteration 20; function evaluation 28; phase 4
Function value 2.3753575e+02; maximum gradient component mag 1.0099e+02
Var    Value     Gradient |Var    Value     Gradient |Var    Value     Gradient
  1  0.06462 -2.89525e+01 |  2 -0.01428  1.60126e+00 |  3 -0.01182  1.27305e+01
  4 -0.01264  1.54954e+01 |  5 -0.01047  1.28054e+01 |  6 -0.00764  1.01025e+01
  7 -0.00869  1.20413e+01 |  8 -0.00667  1.10471e+01 |  9  0.00102  7.03300e+00
 10 -0.00015  1.00805e+01 | 11  0.00227  1.01240e+01 | 12 -0.00266  1.61220e+01
 13 -0.02312  8.09192e+00 | 14 -0.01546  8.02568e+00 | 15 -0.01512  6.19328e+00
 16 -0.01594  5.51933e+00 | 17 -0.01456  5.64027e+00 | 18 -0.00936  7.38204e+00
 19 -0.01157  8.62073e+00 | 20  0.02008  1.31799e+01 | 21  0.00716  1.22701e+01
 22 -0.01968  8.38114e+00 | 23 -0.02158  6.71262e+00 | 24 -0.01540  5.82195e+00
 25 -0.00683  5.39264e+00 | 26  0.00719  2.91906e+00 | 27 -0.00464  7.19626e-02
 28 -0.00455 -7.92473e-01 | 29  0.02175  5.06240e-01 | 30  0.01362  1.86641e+00
 31  0.01694  1.67531e+00 | 32  0.06023  2.34294e-01 | 33  0.02547  1.86929e-01
 34  0.02193  2.36874e-01 | 35  0.03228 -6.44600e-01 | 36  0.01259  3.84772e-01
 37  0.04677  3.96115e-02 | 38  0.02565  7.89963e-01 | 39  0.00823  1.76378e+00
 40 -0.00895  1.95824e+00 | 41 -0.02280  2.79400e+00 | 42 -0.01854  3.14343e+00
 43  0.00939  3.70285e+00 | 44  0.02553  3.40884e+00 | 45  0.01544  2.59335e+00
 46  0.01372  2.31409e+00 | 47  0.00557  1.30848e+00 | 48  0.01552 -6.37848e-01
 49  0.01835 -3.49632e+00 | 50 -0.01865 -3.21821e+00 | 51 -0.02347 -4.55452e+00
 52 -0.01847 -5.81867e+00 | 53 -0.00033 -8.75391e+00 | 54 -0.00669 -8.46649e+00
 55  0.00535 -9.58261e+00 | 56 -0.03016 -5.61094e+00 | 57 -0.02585 -5.28154e+00
 58 -0.02116 -5.70919e+00 | 59  0.00291 -7.74367e+00 | 60 -0.00161 -7.12278e+00
 61 -0.00957 -6.15575e+00 | 62 -0.01111 -4.60662e+00 | 63 -0.01225 -2.90917e+00
 64 -0.00871 -6.25149e-01 | 65 -0.01442  2.22530e+00 | 66 -0.00603  1.86146e-01
 67 -0.00023  5.98185e-02 | 68  0.00000  0.00000e+00 | 69 -0.75640  2.58854e-01
 70  0.18974 -2.12059e+01 | 71  0.10947  1.34259e+01 | 72  0.18453  1.00987e+02
 73 -0.35036 -1.92763e-03 | 74  0.05412 -5.75055e-01 | 75  0.17174  4.42895e+01
 76  0.07726  4.09810e+01 | 77  0.16161 -2.26086e+01 | 78 -0.24634 -1.28019e-03
 79 -0.17701  1.14761e+00 | 80  0.14732  6.86559e+00 | 81  0.07362  1.89672e+00
 82  0.12632 -6.58139e+00 | 83 -0.00000  5.01656e-30 | 84  0.03225  9.09120e+00
 85 -0.06472 -9.95393e+00 | 86 -0.23619 -1.86057e-04 | 87  0.09934  1.17868e+01
 88  0.72139 -9.18425e-01 | 89 -0.15502 -1.68429e+00 | 90  0.09674  1.29727e+00
 91 -0.65521  4.11085e-01 |
91 variables; iteration 40; function evaluation 52; phase 4
Function value 2.3707806e+02; maximum gradient component mag -2.3710e+02
Var    Value     Gradient |Var    Value     Gradient |Var    Value     Gradient
  1  0.06496 -2.37098e+02 |  2 -0.01603  5.18365e+01 |  3 -0.02306 -1.78793e+00
  4 -0.02400 -7.26655e-01 |  5 -0.02115 -3.97715e+00 |  6 -0.01534 -4.96498e+00
  7 -0.01700 -3.73007e+00 |  8 -0.01347 -4.16673e+00 |  9  0.00165 -5.14854e+00
 10 -0.00298 -6.05305e+00 | 11  0.00220 -6.83112e+00 | 12 -0.00853 -5.65131e+00
 13 -0.02089 -3.85122e-01 | 14 -0.01445 -1.10671e+00 | 15 -0.01394 -1.81586e+00
 16 -0.01650 -2.49201e+00 | 17 -0.01484 -2.72204e+00 | 18 -0.00929 -2.41237e+00
 19 -0.01097 -1.84775e+00 | 20  0.02047 -7.04695e+00 | 21  0.00675 -7.16590e+00
 22 -0.01939 -3.39650e+00 | 23 -0.01997 -1.44342e+00 | 24 -0.01412 -3.52535e+00
 25 -0.00794 -8.93353e+00 | 26  0.00662 -1.48612e+01 | 27 -0.00382 -1.23652e+01
 28 -0.00365 -8.17209e+00 | 29  0.02201 -8.01465e+00 | 30  0.01394 -4.78411e+00
 31  0.01589 -5.09124e+00 | 32  0.06189 -1.02925e+01 | 33  0.02377 -7.24845e+00
 34  0.02215 -5.43109e+00 | 35  0.03159 -5.39236e+00 | 36  0.01220 -7.97365e-01
 37  0.04739 -1.60388e+00 | 38  0.02602 -1.13657e+00 | 39  0.00758 -2.22449e+00
 40 -0.00987 -2.85340e+00 | 41 -0.02351 -7.45020e-01 | 42 -0.01945  4.56513e-01
 43  0.00856  5.08554e-01 | 44  0.02472  2.70276e-01 | 45  0.01502  8.28716e-01
 46  0.01314  1.44251e+00 | 47  0.00576  3.48267e+00 | 48  0.01553  5.33038e+00
 49  0.01796  6.19038e+00 | 50 -0.01948  5.60565e+00 | 51 -0.02413  5.84051e+00
 52 -0.01826  7.87190e+00 | 53  0.00037  8.91594e+00 | 54 -0.00708  7.39639e+00
 55  0.00470  7.21636e+00 | 56 -0.03001  7.23934e+00 | 57 -0.02567  8.72426e+00
 58 -0.02029  1.04778e+01 | 59  0.00336  1.07422e+01 | 60 -0.00238  7.48463e+00
 61 -0.01068  5.67084e+00 | 62 -0.01159  7.29005e+00 | 63 -0.01145  9.16016e+00
 64 -0.00841  8.19843e+00 | 65 -0.01506  5.77260e+00 | 66 -0.00595 -6.00069e-03
 67 -0.00025  1.59134e-02 | 68  0.00000  0.00000e+00 | 69 -0.75590  5.53640e+01
 70  0.18897 -1.80695e+01 | 71  0.10976 -2.68331e+01 | 72  0.18297  2.44693e+01
 73 -0.34847 -1.91486e-03 | 74  0.05240 -6.20500e+00 | 75  0.17051  1.08386e+02
 76  0.07823  1.75469e+02 | 77  0.16117  4.11314e+01 | 78 -0.24509 -1.27299e-03
 79 -0.17370  8.24515e+00 | 80  0.14689  1.01209e+01 | 81  0.07494  1.77400e+01
 82  0.12579  7.61244e+00 | 83  0.00000  5.13070e-29 | 84  0.03173 -9.48885e-01
 85 -0.06253 -5.31319e-01 | 86 -0.23622 -2.02932e-05 | 87  0.10018  3.84186e+00
 88  0.71503 -5.52756e-01 | 89 -0.15327 -2.95926e-01 | 90  0.09714 -4.72092e+00
 91 -0.65504  1.55339e+00 |
91 variables; iteration 60; function evaluation 81; phase 4
Function value 2.3701799e+02; maximum gradient component mag 3.4170e+01
Var    Value     Gradient |Var    Value     Gradient |Var    Value     Gradient
  1  0.06504 -1.22955e+01 |  2 -0.01445  1.08575e+01 |  3 -0.02342  6.58347e-02
  4 -0.02603  2.46812e-02 |  5 -0.02119 -6.59675e-01 |  6 -0.01487 -5.93807e-01
  7 -0.01752 -1.31788e-01 |  8 -0.01440 -5.69333e-01 |  9  0.00157  2.14767e-01
 10 -0.00290 -5.87556e-01 | 11  0.00146 -1.06657e+00 | 12 -0.00896  2.23234e-01
 13 -0.02060  5.96259e-01 | 14 -0.01473  1.47542e-01 | 15 -0.01458 -3.77758e-01
 16 -0.01654 -7.15171e-01 | 17 -0.01368 -1.47174e-02 | 18 -0.00906 -4.93244e-01
 19 -0.01160 -7.96890e-01 | 20  0.02026 -1.42580e+00 | 21  0.00791 -9.04355e-01
 22 -0.01854 -2.44515e-01 | 23 -0.02129 -1.11940e+00 | 24 -0.01490 -1.12973e+00
 25 -0.00734 -1.29927e+00 | 26  0.00748 -1.69467e+00 | 27 -0.00406 -1.80298e+00
 28 -0.00373 -1.12616e+00 | 29  0.02178 -1.19449e+00 | 30  0.01379 -6.57208e-01
 31  0.01730 -7.58481e-01 | 32  0.06067 -1.65412e+00 | 33  0.02582 -1.31948e+00
 34  0.02140 -1.38432e+00 | 35  0.03266 -7.59051e-01 | 36  0.01174 -8.31781e-01
 37  0.04677 -9.84058e-02 | 38  0.02517 -4.81367e-01 | 39  0.00753 -3.89684e-01
 40 -0.00909 -1.94864e-02 | 41 -0.02321  4.02439e-01 | 42 -0.01981 -3.90066e-01
 43  0.00819 -4.30849e-01 | 44  0.02498  4.09690e-01 | 45  0.01494  4.72417e-02
 46  0.01289 -3.55829e-01 | 47  0.00569  4.30583e-01 | 48  0.01548  1.09595e+00
 49  0.01764  7.87915e-01 | 50 -0.01966  2.39221e-01 | 51 -0.02366  1.07341e+00
 52 -0.01806  2.17752e+00 | 53 -0.00032  1.57230e+00 | 54 -0.00710  1.15206e+00
 55  0.00519  1.86041e+00 | 56 -0.02984  1.42492e+00 | 57 -0.02609  1.13490e+00
 58 -0.02128  1.12775e+00 | 59  0.00234  1.17118e+00 | 60 -0.00200  1.29698e+00
 61 -0.00929  1.64144e+00 | 62 -0.01167  1.25458e+00 | 63 -0.01239  1.23861e+00
 64 -0.00890  8.91382e-01 | 65 -0.01448  7.08939e-01 | 66 -0.00567  1.92931e-01
 67 -0.00012  1.06544e-01 | 68  0.00000  0.00000e+00 | 69 -0.75730  1.12673e+01
 70  0.18884 -2.05665e+00 | 71  0.10976 -1.92202e+00 | 72  0.18274  2.06668e+00
 73 -0.34600 -1.89812e-03 | 74  0.05428 -1.52270e+00 | 75  0.17080  2.25249e+01
 76  0.07802  3.41699e+01 | 77  0.16128  8.74391e+00 | 78 -0.24344 -1.26353e-03
 79 -0.17775  1.14153e+00 | 80  0.14799  1.67390e+01 | 81  0.07398  1.94032e+01
 82  0.12620  9.89389e-01 | 83  0.00000  5.63528e-29 | 84  0.03158  5.28069e-02
 85 -0.06390  8.71743e-02 | 86 -0.23625  4.21023e-05 | 87  0.09934  8.10714e-01
 88  0.72064  2.57074e-02 | 89 -0.15463 -1.57180e-01 | 90  0.09727 -8.66163e-01
 91 -0.65525  2.03912e-01 |
91 variables; iteration 80; function evaluation 114; phase 4
Function value 2.3700622e+02; maximum gradient component mag 2.6076e+01
Var    Value     Gradient |Var    Value     Gradient |Var    Value     Gradient
  1  0.06498  1.87293e+01 |  2 -0.01424  7.85608e+00 |  3 -0.02390 -1.20513e-02
  4 -0.02659 -5.65890e-02 |  5 -0.02108  2.16667e-02 |  6 -0.01494 -1.41504e-02
  7 -0.01799  8.40651e-02 |  8 -0.01441  1.00009e-01 |  9  0.00019 -4.95900e-02
 10 -0.00314  1.21869e-01 | 11  0.00158 -4.08338e-02 | 12 -0.00985  9.18091e-02
 13 -0.02119 -3.57403e-02 | 14 -0.01499  1.45859e-02 | 15 -0.01455  6.65677e-02
 16 -0.01622  8.13080e-02 | 17 -0.01416 -1.68919e-02 | 18 -0.00899  4.83749e-02
 19 -0.01142 -9.36263e-03 | 20  0.02074  1.07465e-01 | 21  0.00802  1.24985e-01
 22 -0.01878  9.76234e-02 | 23 -0.02077  9.09868e-02 | 24 -0.01469  1.90975e-02
 25 -0.00723  1.34323e-01 | 26  0.00736  1.38355e-01 | 27 -0.00369  2.23897e-01
 28 -0.00375  1.08792e-01 | 29  0.02198  7.14696e-02 | 30  0.01380  4.29331e-02
 31  0.01760  7.21733e-02 | 32  0.06102  1.63720e-01 | 33  0.02614  3.97192e-02
 34  0.02194  3.85431e-02 | 35  0.03241  8.86206e-02 | 36  0.01254  7.56045e-05
 37  0.04615  2.34481e-02 | 38  0.02550  6.19146e-02 | 39  0.00773  3.56260e-02
 40 -0.00914  8.23063e-03 | 41 -0.02365 -3.84684e-02 | 42 -0.01950  1.53982e-02
 43  0.00859  4.75629e-02 | 44  0.02446 -4.72960e-02 | 45  0.01503  2.80342e-02
 46  0.01362  3.05954e-02 | 47  0.00581  5.42604e-03 | 48  0.01505 -1.10528e-01
 49  0.01751 -1.01702e-01 | 50 -0.01928 -3.97631e-02 | 51 -0.02383 -1.28711e-01
 52 -0.01886 -9.82352e-02 | 53 -0.00044 -1.09517e-01 | 54 -0.00700 -8.98086e-02
 55  0.00473 -1.40717e-01 | 56 -0.03013 -1.30269e-01 | 57 -0.02618 -1.64502e-01
 58 -0.02140 -4.47714e-02 | 59  0.00218 -1.15084e-01 | 60 -0.00222 -1.51615e-01
 61 -0.00970 -5.32873e-02 | 62 -0.01175 -1.04764e-01 | 63 -0.01267 -1.35564e-01
 64 -0.00903 -1.37916e-01 | 65 -0.01459 -3.28929e-02 | 66 -0.00584  3.60514e-02
 67 -0.00029 -2.20440e-02 | 68  0.00000  0.00000e+00 | 69 -0.75753  7.67602e+00
 70  0.19046  2.82007e-01 | 71  0.10919  5.50162e-01 | 72  0.18307 -2.51792e-01
 73 -0.33577 -1.82988e-03 | 74  0.05552  1.36126e-01 | 75  0.17012  1.77185e+01
 76  0.07855  2.60762e+01 | 77  0.16088  4.79251e+00 | 78 -0.23662 -1.22459e-03
 79 -0.17739  9.17299e-01 | 80  0.14827  2.99142e+00 | 81  0.07337  3.32611e+00
 82  0.12614 -3.80023e-01 | 83  0.00000  8.04985e-30 | 84  0.03190  1.00566e-01
 85 -0.06396  4.55612e-03 | 86 -0.23634  1.41645e-05 | 87  0.09921 -2.36380e-02
 88  0.72052  8.99287e-03 | 89 -0.15425  1.25071e-02 | 90  0.09760  5.70789e-02
 91 -0.65498 -4.63406e-02 |
91 variables; iteration 100; function evaluation 153; phase 4
Function value 2.3700406e+02; maximum gradient component mag 1.9919e+01
Var    Value     Gradient |Var    Value     Gradient |Var    Value     Gradient
  1  0.06499  1.26573e+01 |  2 -0.01439  6.12574e+00 |  3 -0.02379  2.40513e-02
  4 -0.02646  1.69625e-03 |  5 -0.02099  2.15962e-02 |  6 -0.01482 -2.20589e-03
  7 -0.01795  7.61774e-03 |  8 -0.01442 -1.02799e-02 |  9  0.00039  9.05984e-03
 10 -0.00316  2.43438e-02 | 11  0.00181  3.81227e-02 | 12 -0.00989 -2.42148e-02
 13 -0.02111  2.02512e-02 | 14 -0.01496  1.39248e-02 | 15 -0.01456 -5.57857e-03
 16 -0.01622  1.93126e-02 | 17 -0.01408  1.90140e-02 | 18 -0.00906 -1.25386e-02
 19 -0.01141  1.83820e-02 | 20  0.02072  1.74916e-02 | 21  0.00801  8.18520e-03
 22 -0.01880  1.43974e-02 | 23 -0.02089 -6.18590e-03 | 24 -0.01465  6.08772e-03
 25 -0.00725  6.77675e-03 | 26  0.00738  8.59848e-03 | 27 -0.00383 -1.42228e-03
 28 -0.00380 -1.25509e-02 | 29  0.02199  1.48947e-02 | 30  0.01376  1.02152e-03
 31  0.01752  4.78651e-03 | 32  0.06092  2.87049e-02 | 33  0.02615  9.18254e-03
 34  0.02192 -1.74386e-02 | 35  0.03236  6.14257e-03 | 36  0.01257  3.59432e-03
 37  0.04613 -1.47032e-02 | 38  0.02547  1.39474e-03 | 39  0.00776  1.20896e-02
 40 -0.00913 -6.44207e-03 | 41 -0.02364  2.15650e-03 | 42 -0.01955 -7.39955e-03
 43  0.00855 -5.59919e-03 | 44  0.02453 -1.62857e-02 | 45  0.01493 -4.97854e-03
 46  0.01359 -4.87848e-03 | 47  0.00573 -1.20362e-02 | 48  0.01510  1.54319e-03
 49  0.01754 -5.93875e-03 | 50 -0.01928  2.59040e-03 | 51 -0.02376 -7.15428e-03
 52 -0.01885 -2.54447e-02 | 53 -0.00039 -6.08713e-03 | 54 -0.00698 -1.84512e-02
 55  0.00479  6.62250e-03 | 56 -0.03009 -6.53251e-03 | 57 -0.02612 -8.86737e-03
 58 -0.02143 -1.57813e-02 | 59  0.00225  8.10325e-03 | 60 -0.00212 -1.32524e-02
 61 -0.00972 -2.44201e-02 | 62 -0.01170 -6.25439e-03 | 63 -0.01262 -1.90274e-03
 64 -0.00898  2.02835e-03 | 65 -0.01461 -7.58020e-03 | 66 -0.00584  2.81102e-02
 67 -0.00026  2.13266e-03 | 68  0.00000  0.00000e+00 | 69 -0.75794  6.09598e+00
 70  0.19024  1.39018e-02 | 71  0.10926 -5.50535e-02 | 72  0.18304 -6.47333e-02
 73 -0.28236 -1.49258e-03 | 74  0.05538 -3.96807e-03 | 75  0.16831  1.23824e+01
 76  0.07992  1.99192e+01 | 77  0.16029  3.90608e+00 | 78 -0.20077 -1.02497e-03
 79 -0.17739  6.98487e-01 | 80  0.14880 -1.09918e+00 | 81  0.07212 -1.26530e+00
 82  0.12636  7.11071e-02 | 83  0.00000 -5.70597e-30 | 84  0.03193 -2.23121e-02
 85 -0.06399 -7.14699e-03 | 86 -0.23669 -5.63776e-07 | 87  0.09921 -4.39149e-03
 88  0.72055  2.63038e-03 | 89 -0.15431  7.24763e-03 | 90  0.09754 -1.39299e-04
 91 -0.65502 -1.49090e-02 |
91 variables; iteration 120; function evaluation 179; phase 4
Function value 2.3700265e+02; maximum gradient component mag -3.6105e+00
Var    Value     Gradient |Var    Value     Gradient |Var    Value     Gradient
  1  0.06500 -2.20393e+00 |  2 -0.01446 -1.07224e+00 |  3 -0.02379 -1.95328e-03
  4 -0.02643 -6.73209e-04 |  5 -0.02098 -2.71887e-03 |  6 -0.01479 -3.48020e-03
  7 -0.01792 -1.96948e-03 |  8 -0.01437 -2.80059e-03 |  9  0.00042 -2.46848e-03
 10 -0.00314 -2.50829e-03 | 11  0.00182 -4.30775e-03 | 12 -0.00982  3.01994e-04
 13 -0.02112 -7.33249e-04 | 14 -0.01497 -2.00423e-03 | 15 -0.01453 -3.39652e-04
 16 -0.01622 -1.90301e-03 | 17 -0.01407 -3.76131e-04 | 18 -0.00904 -1.02307e-03
 19 -0.01146 -5.20974e-04 | 20  0.02074 -3.17795e-03 | 21  0.00803 -1.95692e-03
 22 -0.01881 -1.88251e-03 | 23 -0.02093 -4.71593e-04 | 24 -0.01464  5.90986e-04
 25 -0.00722 -3.22827e-03 | 26  0.00737  6.42118e-04 | 27 -0.00388 -3.16407e-03
 28 -0.00381  2.14546e-05 | 29  0.02199  1.07154e-04 | 30  0.01374  2.11378e-03
 31  0.01750  1.86941e-03 | 32  0.06087 -1.01050e-03 | 33  0.02613 -4.30979e-04
 34  0.02194  6.08386e-04 | 35  0.03234 -7.54075e-04 | 36  0.01256  2.17981e-03
 37  0.04612  2.93539e-03 | 38  0.02547  3.49718e-04 | 39  0.00778  1.43125e-03
 40 -0.00911  1.48423e-03 | 41 -0.02366  2.43872e-03 | 42 -0.01957  8.68437e-04
 43  0.00854  3.24875e-04 | 44  0.02455  3.04749e-03 | 45  0.01487  1.15090e-03
 46  0.01360 -1.03797e-03 | 47  0.00573  1.11179e-04 | 48  0.01509  1.63123e-03
 49  0.01756  8.17490e-04 | 50 -0.01928 -2.37866e-03 | 51 -0.02375 -2.78882e-04
 52 -0.01882  2.78725e-03 | 53 -0.00039 -1.27003e-03 | 54 -0.00695 -1.50192e-03
 55  0.00480 -1.52629e-04 | 56 -0.03008  6.18924e-04 | 57 -0.02611  1.15815e-03
 58 -0.02141  3.92784e-05 | 59  0.00225 -1.59801e-03 | 60 -0.00210  1.90030e-04
 61 -0.00969  1.78615e-04 | 62 -0.01169 -6.49333e-04 | 63 -0.01261  7.17366e-04
 64 -0.00898  2.82476e-03 | 65 -0.01459  2.16014e-03 | 66 -0.00586  1.42245e-04
 67 -0.00026 -5.39752e-04 | 68  0.00000  0.00000e+00 | 69 -0.75834 -1.06548e+00
 70  0.19014 -2.15481e-02 | 71  0.10930 -6.19245e-02 | 72  0.18302  3.90283e-03
 73 -0.02472 -1.22049e-04 | 74  0.05536 -5.26937e-03 | 75  0.16676 -1.98977e+00
 76  0.08104 -3.61046e+00 | 77  0.15977 -6.73892e-01 | 78 -0.01807 -8.92047e-05
 79 -0.17740 -1.17760e-01 | 80  0.14845 -2.32657e-02 | 81  0.07293 -2.69148e-02
 82  0.12624  1.00870e-03 | 83  0.00000 -1.27156e-30 | 84  0.03188 -4.01789e-03
 85 -0.06400  1.42909e-03 | 86 -0.23662  2.69421e-06 | 87  0.09921  1.25179e-03
 88  0.72056 -1.14958e-04 | 89 -0.15434 -1.61584e-03 | 90  0.09752 -8.56694e-04
 91 -0.65503  3.17305e-04 |

 - final statistics:
91 variables; iteration 127; function evaluation 186
Function value 2.3700e+02; maximum gradient component mag 9.2975e-05
Exit code = 1;  converg criter 1.0000e-04
Var    Value     Gradient |Var    Value     Gradient |Var    Value     Gradient
  1  0.06500  9.29745e-05 |  2 -0.01446  6.14627e-07 |  3 -0.02379 -2.77623e-07
  4 -0.02642  1.18043e-06 |  5 -0.02098 -8.02744e-07 |  6 -0.01478 -1.34765e-06
  7 -0.01792  5.04687e-09 |  8 -0.01436 -6.54533e-07 |  9  0.00042  7.13376e-07
 10 -0.00313  7.71444e-07 | 11  0.00183 -3.90906e-07 | 12 -0.00982  4.42485e-06
 13 -0.02112  6.60868e-07 | 14 -0.01497  1.28335e-07 | 15 -0.01453  1.94775e-06
 16 -0.01621  2.52273e-07 | 17 -0.01407  1.47904e-06 | 18 -0.00904  1.99955e-07
 19 -0.01146  1.40022e-06 | 20  0.02075  8.11163e-07 | 21  0.00803  1.49935e-06
 22 -0.01881 -2.44994e-07 | 23 -0.02094  4.75349e-07 | 24 -0.01464  2.32638e-06
 25 -0.00722 -3.53248e-07 | 26  0.00737  5.02121e-06 | 27 -0.00389 -1.05374e-06
 28 -0.00381  1.58195e-06 | 29  0.02199  2.49745e-06 | 30  0.01374  4.48406e-06
 31  0.01749  3.89261e-06 | 32  0.06087  2.59150e-06 | 33  0.02613  6.25539e-07
 34  0.02194  1.17984e-06 | 35  0.03234 -3.00294e-07 | 36  0.01256  2.23937e-06
 37  0.04612  5.23099e-06 | 38  0.02547  2.72055e-06 | 39  0.00778  4.06769e-06
 40 -0.00911  3.57643e-06 | 41 -0.02366  3.48964e-06 | 42 -0.01957  3.26262e-07
 43  0.00854 -2.55064e-07 | 44  0.02455  2.90673e-06 | 45  0.01487  9.45868e-07
 46  0.01360 -1.59155e-06 | 47  0.00573 -1.12248e-06 | 48  0.01509  5.80422e-07
 49  0.01756 -1.40136e-06 | 50 -0.01927 -5.42220e-06 | 51 -0.02375 -2.98658e-06
 52 -0.01882  1.62502e-07 | 53 -0.00039 -4.50050e-06 | 54 -0.00695 -5.22889e-06
 55  0.00481 -2.94911e-06 | 56 -0.03008 -1.91569e-06 | 57 -0.02611 -1.89987e-06
 58 -0.02140 -3.55411e-06 | 59  0.00226 -5.47341e-06 | 60 -0.00210 -3.82204e-06
 61 -0.00969 -3.68021e-06 | 62 -0.01169 -4.49083e-06 | 63 -0.01261 -2.26471e-06
 64 -0.00899  5.39886e-07 | 65 -0.01459 -3.72493e-07 | 66 -0.00586 -1.28683e-07
 67 -0.00026 -5.43874e-07 | 68  0.00000  0.00000e+00 | 69 -0.75837  5.66480e-06
 70  0.19013 -2.06693e-05 | 71  0.10930 -6.17014e-05 | 72  0.18302  1.81855e-06
 73  0.00023  1.11394e-06 | 74  0.05536 -5.59522e-06 | 75  0.16663  5.87492e-05
 76  0.08114  6.77615e-05 | 77  0.15973 -5.02575e-06 | 78 -0.00031 -1.52637e-06
 79 -0.17740  2.53075e-06 | 80  0.14844  1.73271e-05 | 81  0.07294  5.99137e-06
 82  0.12624 -1.35820e-05 | 83  0.00000 -1.19256e-30 | 84  0.03187  1.17240e-06
 85 -0.06400  1.87046e-06 | 86 -0.23666  1.17249e-06 | 87  0.09921  1.50136e-06
 88  0.72057  1.71081e-07 | 89 -0.15434 -1.44895e-06 | 90  0.09751  4.56691e-08
 91 -0.65503  6.23542e-07 |
size of file gradfil1.tmp = 0
size of file gradfil2.tmp = 0
size of file varssave.tmp = 0
size of file cmpdiff.tmp = 0
