
Initial statistics: 6 variables; iteration 0; function evaluation 0; phase 1
Function value 2.8376110e+06; maximum gradient component mag -2.1194e+08
Var    Value     Gradient |Var    Value     Gradient |Var    Value     Gradient
  1  0.09048 -2.11940e+08 |  2 -0.00695 -6.65844e+05 |  3  0.00000 -5.88954e+01
  4  0.00000 -2.92644e-01 |  5  0.00000  0.00000e+00 |  6 -0.72906  1.16493e+04

Intermediate statistics: 6 variables; iteration 20; function evaluation 40; phase 1
Function value 3.0598383e+02; maximum gradient component mag -4.3810e+03
Var    Value     Gradient |Var    Value     Gradient |Var    Value     Gradient
  1  0.10145 -4.38101e+03 |  2  0.00533 -1.44275e+02 |  3  0.00060  1.81488e+00
  4  0.00290  2.20221e+00 |  5  0.00000  0.00000e+00 |  6 -0.76509 -1.79072e+02
6 variables; iteration 40; function evaluation 60; phase 1
Function value 2.9275135e+02; maximum gradient component mag -2.6574e+02
Var    Value     Gradient |Var    Value     Gradient |Var    Value     Gradient
  1  0.11070 -2.65741e+02 |  2 -0.00848 -8.57078e+01 |  3 -0.00155 -1.38941e-01
  4 -0.00024 -1.71768e-01 |  5  0.00000  0.00000e+00 |  6 -0.76923 -1.04977e+02

 - final statistics:
6 variables; iteration 44; function evaluation 65
Function value 2.9264e+02; maximum gradient component mag -5.4437e+00
Exit code = 1;  converg criter 1.0000e+01
Var    Value     Gradient |Var    Value     Gradient |Var    Value     Gradient
  1  0.11126 -5.44371e+00 |  2 -0.01978 -3.81732e+00 |  3 -0.00136  3.67432e-03
  4 -0.00001  4.41200e-03 |  5  0.00000  0.00000e+00 |  6 -0.75910 -4.08516e+00

Initial statistics: 60 variables; iteration 0; function evaluation 0; phase 2
Function value 2.9264187e+02; maximum gradient component mag -2.5039e+02
Var    Value     Gradient |Var    Value     Gradient |Var    Value     Gradient
  1  0.11126 -5.44371e+00 |  2 -0.01978 -3.81732e+00 |  3  0.00000  9.41356e+01
  4  0.00000  9.90451e+01 |  5  0.00000  1.06534e+02 |  6  0.00000  1.11782e+02
  7  0.00000  1.15943e+02 |  8  0.00000  1.19517e+02 |  9  0.00000  1.13447e+02
 10  0.00000  1.16373e+02 | 11  0.00000  1.51773e+02 | 12  0.00000  1.75341e+02
 13  0.00000  1.59921e+02 | 14  0.00000  1.29482e+02 | 15  0.00000  8.91127e+01
 16  0.00000  4.92959e+01 | 17  0.00000  2.14489e+01 | 18  0.00000 -3.42974e+01
 19  0.00000 -9.01871e+01 | 20  0.00000 -1.37252e+02 | 21  0.00000 -1.96579e+02
 22  0.00000 -2.39098e+02 | 23  0.00000 -2.25354e+02 | 24  0.00000 -2.39643e+02
 25  0.00000 -2.50387e+02 | 26  0.00000 -2.48980e+02 | 27  0.00000 -2.37753e+02
 28  0.00000 -1.75460e+02 | 29  0.00000 -8.57578e+01 | 30  0.00000 -2.76676e+01
 31  0.00000 -1.53599e+01 | 32  0.00000 -6.97470e+01 | 33  0.00000 -1.24914e+02
 34  0.00000 -1.14875e+02 | 35  0.00000 -8.07646e+01 | 36  0.00000 -4.26493e+01
 37  0.00000 -2.77064e+01 | 38  0.00000 -2.90302e+01 | 39  0.00000  2.35894e+01
 40  0.00000  8.59935e+01 | 41  0.00000  9.46726e+01 | 42  0.00000  7.37955e+01
 43  0.00000  5.18093e+01 | 44  0.00000  5.43360e+01 | 45  0.00000  8.65921e+01
 46  0.00000  1.24154e+02 | 47  0.00000  1.08928e+02 | 48  0.00000  6.92264e+01
 49  0.00000  3.61660e+01 | 50  0.00000  4.90956e+01 | 51  0.00000  5.19085e+01
 52  0.00000  5.72296e+01 | 53  0.00000  3.73201e+01 | 54  0.00000  2.19939e+01
 55  0.00000  1.35019e+01 | 56 -0.00136  3.67432e-03 | 57 -0.00001  4.41200e-03
 58  0.00000  0.00000e+00 | 59 -0.75910 -4.08516e+00 | 60  0.11347  1.38326e+02

Intermediate statistics: 60 variables; iteration 20; function evaluation 30; phase 2
Function value 2.5240607e+02; maximum gradient component mag -1.3412e+03
Var    Value     Gradient |Var    Value     Gradient |Var    Value     Gradient
  1  0.09211 -1.34123e+03 |  2  0.03011 -1.14602e+03 |  3 -0.05002 -3.65461e+01
  4 -0.02195 -2.02003e+01 |  5 -0.02511 -1.97524e+01 |  6 -0.02323 -1.53201e+01
  7 -0.01143 -1.65450e+00 |  8 -0.00507  1.34709e+01 |  9  0.01951  4.31108e+01
 10  0.03616  5.98896e+01 | 11  0.00138  3.61533e+01 | 12 -0.01352  2.63891e+01
 13 -0.00821  2.91212e+01 | 14 -0.00226  4.09059e+01 | 15  0.00895  5.73747e+01
 16  0.02023  5.56118e+01 | 17 -0.00309  5.87854e+00 | 18  0.00155 -2.17828e+01
 19  0.03216 -2.88769e+01 | 20 -0.02134 -5.07339e+01 | 21  0.01766 -2.29764e+01
 22  0.08546 -1.06560e+01 | 23 -0.03180 -6.74122e+01 | 24 -0.04148 -8.92304e+01
 25  0.05675 -5.58892e+01 | 26 -0.01388 -4.12168e+01 | 27  0.05435  3.31553e+01
 28  0.02520  5.04243e+01 | 29  0.00568  5.28017e+01 | 30 -0.00011  6.40245e+01
 31 -0.01043  5.73684e+01 | 32  0.00141  5.90860e+01 | 33  0.03824  7.74014e+01
 34  0.01635  2.47224e+01 | 35  0.00531 -4.34023e+00 | 36  0.00385 -4.27507e+00
 37  0.00588  1.35669e+00 | 38  0.03374  1.19439e+01 | 39 -0.00506 -1.08900e+01
 40 -0.02629 -1.57572e+01 | 41 -0.01489 -8.02390e+00 | 42 -0.00220 -1.25479e+00
 43  0.00787  1.06672e+00 | 44  0.00584 -4.81519e+00 | 45 -0.00979 -1.00779e+01
 46 -0.02018 -4.28814e+00 | 47 -0.01667 -8.51682e+00 | 48 -0.01196 -1.56211e+01
 49  0.02731 -1.32086e+00 | 50 -0.01489 -2.44869e+01 | 51  0.00360 -2.53375e+01
 52 -0.01928 -4.19848e+01 | 53 -0.00209 -4.65487e+01 | 54 -0.04000 -5.77564e+01
 55 -0.04829 -4.95346e+01 | 56 -0.00461 -2.14287e+00 | 57 -0.00004 -1.64171e-02
 58  0.00000  0.00000e+00 | 59 -0.77304 -1.28673e+03 | 60  0.11132  2.61814e+01
60 variables; iteration 40; function evaluation 58; phase 2
Function value 2.4129782e+02; maximum gradient component mag -9.7625e+02
Var    Value     Gradient |Var    Value     Gradient |Var    Value     Gradient
  1  0.09146 -9.76247e+02 |  2  0.02666 -4.48310e+02 |  3 -0.03654 -8.66111e+00
  4 -0.02052 -2.98738e+00 |  5 -0.02076  2.44657e-01 |  6 -0.01545  7.83684e+00
  7 -0.01086  1.18120e+01 |  8 -0.01202  1.37989e+01 |  9  0.00970  2.90404e+01
 10  0.02921  3.91967e+01 | 11 -0.00950  2.14568e+01 | 12 -0.02683  1.33922e+01
 13 -0.00806  2.85137e+01 | 14 -0.00376  2.71093e+01 | 15 -0.00749  1.31263e+01
 16  0.02460  2.55723e+01 | 17 -0.01497 -1.27844e+01 | 18  0.02027 -1.70520e+00
 19  0.01422 -2.69345e+01 | 20  0.01322 -2.72935e+01 | 21  0.00259 -3.67066e+01
 22  0.08115 -4.63607e+01 | 23 -0.04262 -5.48457e+01 | 24  0.02627 -4.38560e+01
 25  0.04169 -3.28397e+01 | 26 -0.00613 -3.68007e+01 | 27  0.05107 -2.48610e+01
 28  0.02387 -8.68804e+00 | 29 -0.00954 -8.81402e+00 | 30 -0.00439  1.60711e+00
 31 -0.02343 -5.77243e+00 | 32  0.00001 -1.08289e+00 | 33  0.02897 -7.75406e+00
 34  0.01200 -1.14375e+01 | 35  0.01633 -8.59478e+00 | 36  0.00501 -7.54125e+00
 37  0.00501 -1.42000e+00 | 38  0.02852  8.58148e+00 | 39 -0.00106  7.97130e+00
 40 -0.02354  5.90650e+00 | 41 -0.01807  4.38501e+00 | 42 -0.00710  4.59649e+00
 43  0.00108  8.96984e+00 | 44  0.00340  1.80467e+01 | 45 -0.00386  2.23369e+01
 46 -0.03037  4.46992e+00 | 47 -0.02585 -3.65920e+00 | 48 -0.01480 -6.27756e+00
 49  0.01150  5.83712e+00 | 50 -0.00611  1.82944e+01 | 51  0.00477  2.85015e+01
 52 -0.02051  7.10998e+00 | 53  0.00592  1.99301e+01 | 54 -0.01618 -7.80540e-01
 55 -0.02058 -4.47202e+00 | 56 -0.00348 -1.06310e+00 | 57 -0.00004 -1.68505e-02
 58  0.00000  0.00000e+00 | 59 -0.76724 -5.18568e+02 | 60  0.11093 -1.35921e+01
60 variables; iteration 60; function evaluation 91; phase 2
Function value 2.3697951e+02; maximum gradient component mag -4.2206e+02
Var    Value     Gradient |Var    Value     Gradient |Var    Value     Gradient
  1  0.09206 -4.22059e+02 |  2  0.00792 -1.10801e+02 |  3 -0.02183  1.30715e+01
  4 -0.01497  1.20149e+01 |  5 -0.01289  1.48873e+01 |  6 -0.01599  1.11512e+01
  7 -0.00951  1.24329e+01 |  8 -0.01486  4.71904e+00 |  9  0.00088  4.62981e+00
 10  0.01660  4.36571e+00 | 11 -0.01765  1.41790e+00 | 12 -0.02454  8.29478e+00
 13 -0.01744  6.77236e+00 | 14 -0.01646 -1.09820e+00 | 15  0.00070 -9.55946e-01
 16  0.00607 -8.29018e+00 | 17  0.00235 -2.74957e+00 | 18  0.00788 -5.07887e+00
 19  0.02240 -7.88757e+00 | 20  0.01129 -1.11162e+01 | 21  0.02253 -1.75986e+01
 22  0.06483 -1.86417e+01 | 23  0.00372 -1.21957e+01 | 24  0.03130 -5.95725e+00
 25  0.02720 -8.57696e+00 | 26  0.02150 -1.22015e+01 | 27  0.04054 -2.11718e+01
 28  0.01846 -1.76859e+01 | 29 -0.00596 -1.20574e+01 | 30 -0.01648 -1.28089e+01
 31 -0.02052 -4.79226e+00 | 32 -0.00214 -2.48580e+00 | 33  0.02621 -5.30635e+00
 34  0.01315 -5.61885e-01 | 35  0.01890  5.37398e+00 | 36  0.00626  1.82802e+00
 37  0.01013  4.87314e+00 | 38  0.02111 -1.66816e+00 | 39 -0.00302  3.99958e+00
 40 -0.02112  1.14069e+01 | 41 -0.02183  5.48018e+00 | 42 -0.00830  6.51430e+00
 43 -0.00043  4.80155e+00 | 44  0.00081  4.59307e+00 | 45 -0.01441  2.06087e+00
 46 -0.03377  5.28703e-01 | 47 -0.01875  1.06104e+01 | 48 -0.01030  5.82858e+00
 49  0.00658 -4.11904e-01 | 50 -0.01096  9.04491e-01 | 51 -0.00771 -5.27631e-01
 52 -0.01301  3.27490e+00 | 53 -0.00889  2.01038e+00 | 54 -0.00770  9.31332e+00
 55 -0.00993  9.31639e+00 | 56 -0.00606 -2.87465e+00 | 57 -0.00090 -6.62702e-01
 58  0.00000  0.00000e+00 | 59 -0.74895 -1.30126e+02 | 60  0.11416  6.74207e+00
Maximum number of function evaluations exceeded

 - final statistics:
60 variables; iteration 66; function evaluation 100
Function value 2.3670e+02; maximum gradient component mag -2.9732e+02
Exit code = 3;  converg criter 1.0000e+01
Var    Value     Gradient |Var    Value     Gradient |Var    Value     Gradient
  1  0.09203 -2.97323e+02 |  2  0.00501 -9.33565e+01 |  3 -0.02288  9.10646e+00
  4 -0.01425  8.67128e+00 |  5 -0.01600  7.43784e+00 |  6 -0.01650  6.35393e+00
  7 -0.01097  7.60123e+00 |  8 -0.01265  4.10044e+00 |  9  0.00130  2.40903e+00
 10  0.01477  2.64427e-01 | 11 -0.01523  1.25172e+00 | 12 -0.02315  7.22797e+00
 13 -0.02111  8.50153e-01 | 14 -0.01467 -8.02564e-01 | 15 -0.00023 -1.39830e+00
 16  0.00628 -7.30992e+00 | 17  0.00166 -2.33674e+00 | 18  0.00783 -4.09278e+00
 19  0.02228 -3.79500e+00 | 20  0.01288 -4.97099e+00 | 21  0.02599 -1.09591e+01
 22  0.06234 -1.19936e+01 | 23  0.00893 -6.62698e+00 | 24  0.02915 -3.07607e+00
 25  0.02735 -4.58886e+00 | 26  0.02301 -7.37634e+00 | 27  0.03992 -1.46176e+01
 28  0.01859 -1.21467e+01 | 29 -0.00572 -6.70444e+00 | 30 -0.01398 -6.00144e+00
 31 -0.02068 -2.06624e+00 | 32 -0.00468 -2.51549e+00 | 33  0.02824 -2.09788e+00
 34  0.01126 -1.49428e+00 | 35  0.01869  5.05516e+00 | 36  0.00749  2.21274e+00
 37  0.00762  2.70566e+00 | 38  0.02342 -3.02389e-01 | 39 -0.00358  1.67990e+00
 40 -0.02425  5.47056e+00 | 41 -0.02042  4.76096e+00 | 42 -0.00774  5.57411e+00
 43 -0.00099  2.55276e+00 | 44 -0.00026  2.15801e+00 | 45 -0.01315  2.15691e+00
 46 -0.03242  3.67958e-01 | 47 -0.02073  6.41356e+00 | 48 -0.01070  3.36907e+00
 49  0.00721 -9.22426e-01 | 50 -0.01093  3.08110e-01 | 51 -0.00699 -1.06584e+00
 52 -0.01422  2.98789e-01 | 53 -0.00884 -2.50724e-01 | 54 -0.00792  7.16652e+00
 55 -0.01032  7.32102e+00 | 56 -0.00452 -1.65847e+00 | 57  0.00083  6.37656e-01
 58  0.00000  0.00000e+00 | 59 -0.74580 -1.08368e+02 | 60  0.11407  4.63156e+00

Initial statistics: 81 variables; iteration 0; function evaluation 0; phase 3
Function value 2.3670246e+02; maximum gradient component mag -3.9342e+02
Var    Value     Gradient |Var    Value     Gradient |Var    Value     Gradient
  1  0.09203 -2.97323e+02 |  2  0.00501 -9.33565e+01 |  3 -0.02288  9.19610e+00
  4 -0.01425  8.76096e+00 |  5 -0.01600  7.52751e+00 |  6 -0.01650  6.44360e+00
  7 -0.01097  7.69091e+00 |  8 -0.01265  4.19011e+00 |  9  0.00130  2.49872e+00
 10  0.01477  3.54100e-01 | 11 -0.01523  1.34139e+00 | 12 -0.02315  7.31761e+00
 13 -0.02111  9.39801e-01 | 14 -0.01467 -7.12891e-01 | 15 -0.00022 -1.30861e+00
 16  0.00629 -7.22022e+00 | 17  0.00166 -2.24704e+00 | 18  0.00783 -4.00309e+00
 19  0.02228 -3.70535e+00 | 20  0.01288 -4.88131e+00 | 21  0.02599 -1.08694e+01
 22  0.06234 -1.19043e+01 | 23  0.00893 -6.53729e+00 | 24  0.02915 -2.98647e+00
 25  0.02735 -4.49924e+00 | 26  0.02302 -7.28670e+00 | 27  0.03992 -1.45281e+01
 28  0.01859 -1.20571e+01 | 29 -0.00572 -6.61474e+00 | 30 -0.01398 -5.91176e+00
 31 -0.02068 -1.97659e+00 | 32 -0.00468 -2.42580e+00 | 33  0.02824 -2.00827e+00
 34  0.01126 -1.40460e+00 | 35  0.01869  5.14482e+00 | 36  0.00749  2.30243e+00
 37  0.00762  2.79535e+00 | 38  0.02342 -2.12753e-01 | 39 -0.00358  1.76959e+00
 40 -0.02424  5.56020e+00 | 41 -0.02041  4.85061e+00 | 42 -0.00774  5.66380e+00
 43 -0.00098  2.64246e+00 | 44 -0.00026  2.24770e+00 | 45 -0.01314  2.24659e+00
 46 -0.03242  4.57539e-01 | 47 -0.02073  6.50321e+00 | 48 -0.01070  3.45876e+00
 49  0.00721 -8.32734e-01 | 50 -0.01093  3.97794e-01 | 51 -0.00698 -9.76151e-01
 52 -0.01422  3.88464e-01 | 53 -0.00884 -1.61036e-01 | 54 -0.00792  7.25621e+00
 55 -0.01032  7.41070e+00 | 56 -0.00452 -1.65847e+00 | 57  0.00083  6.37656e-01
 58  0.00000  0.00000e+00 | 59 -0.74580 -1.08368e+02 | 60  0.25640 -3.64045e+02
 61  0.07174 -3.93417e+02 | 62  0.19318 -1.47605e+02 | 63 -0.00011  6.11865e-01
 64  0.07597  1.08237e+01 | 65  0.21046 -4.35728e+01 | 66 -0.01458 -9.20994e+00
 67  0.16818 -1.44190e+02 | 68  0.00000 -3.93640e-09 | 69 -0.16648 -9.48214e+00
 70  0.16600  6.09184e+00 | 71  0.05303  2.56426e+00 | 72  0.12915  1.95990e+00
 73  0.00000  1.25911e-29 | 74  0.04032  5.53118e+00 | 75 -0.05058  2.44236e+01
 76 -0.23125  8.24867e-04 | 77  0.10454 -2.18645e+01 | 78  0.68300  3.10668e+00
 79 -0.13143  1.02425e+01 | 80  0.11407  4.63156e+00 | 81 -0.64175 -2.02894e+00

Intermediate statistics: 81 variables; iteration 20; function evaluation 27; phase 3
Function value 2.3620578e+02; maximum gradient component mag -2.7357e+02
Var    Value     Gradient |Var    Value     Gradient |Var    Value     Gradient
  1  0.09254 -2.73572e+02 |  2 -0.00509 -6.73056e+01 |  3 -0.02486  2.65162e+00
  4 -0.01576  1.91795e+00 |  5 -0.01643  2.06536e+00 |  6 -0.01604  2.46192e+00
  7 -0.01175  2.79851e+00 |  8 -0.01152  1.75823e+00 |  9  0.00164  1.90728e-01
 10  0.01716 -1.03570e+00 | 11 -0.01268  1.04789e-01 | 12 -0.02561  8.84593e-01
 13 -0.01941 -1.10497e+00 | 14 -0.01358 -2.35835e+00 | 15 -0.00219 -4.57666e+00
 16  0.00838 -7.18291e+00 | 17 -0.00227 -6.99018e+00 | 18  0.00913 -6.33140e+00
 19  0.02085 -6.38058e+00 | 20  0.01043 -4.89925e+00 | 21  0.03108 -5.23625e+00
 22  0.05798 -8.23392e+00 | 23  0.01319 -1.80152e+00 | 24  0.02736 -1.88915e+00
 25  0.02760 -2.29421e+00 | 26  0.02334 -3.81362e+00 | 27  0.04035 -7.96316e+00
 28  0.01976 -5.80225e+00 | 29 -0.00630 -2.97195e+00 | 30 -0.01287 -2.44545e+00
 31 -0.02168 -2.69135e+00 | 32 -0.00544 -5.04167e+00 | 33  0.02601 -7.19394e+00
 34  0.01447 -2.30375e+00 | 35  0.01445 -3.12384e-02 | 36  0.00796  9.85988e-01
 37  0.00609  1.18976e+00 | 38  0.02460  1.01513e+00 | 39 -0.00255  2.69999e+00
 40 -0.02495  4.34088e+00 | 41 -0.01978  5.13830e+00 | 42 -0.00837  5.88781e+00
 43  0.00035  5.75801e+00 | 44  0.00063  5.86859e+00 | 45 -0.01262  5.71940e+00
 46 -0.03026  5.02497e+00 | 47 -0.02284  6.65579e+00 | 48 -0.01025  7.28373e+00
 49  0.01004  7.90770e+00 | 50 -0.01056  6.86062e+00 | 51 -0.00561  6.26560e+00
 52 -0.01379  5.27666e+00 | 53 -0.00663  4.06831e+00 | 54 -0.01148  4.07594e+00
 55 -0.01447  3.76436e+00 | 56 -0.00288 -2.49169e-01 | 57  0.00008  7.60049e-02
 58  0.00000  0.00000e+00 | 59 -0.73664 -6.80596e+01 | 60  0.24807  2.77977e+01
 61  0.08035  1.60771e+01 | 62  0.19255 -3.82458e+01 | 63 -0.00007 -3.44548e-07
 64  0.06674  4.87657e-01 | 65  0.21065  6.31953e+01 | 66 -0.00876  3.68820e-01
 67  0.16914 -9.51642e+01 | 68 -0.00000 -1.67866e-09 | 69 -0.17552 -5.94462e+00
 70  0.16311  3.00821e+01 | 71  0.05607 -1.67940e-02 | 72  0.12688 -7.11220e+01
 73  0.00000 -6.34024e-31 | 74  0.03940  4.47969e+00 | 75 -0.05267 -7.14272e-01
 76 -0.23125  9.47192e-05 | 77  0.10429  4.42875e+00 | 78  0.68844 -9.17803e-02
 79 -0.13604  5.86153e-01 | 80  0.11129 -1.13798e+01 | 81 -0.64285  4.07833e+00
81 variables; iteration 40; function evaluation 47; phase 3
Function value 2.3606856e+02; maximum gradient component mag -1.3294e+02
Var    Value     Gradient |Var    Value     Gradient |Var    Value     Gradient
  1  0.09279 -1.32942e+02 |  2 -0.00966 -5.10080e+01 |  3 -0.02485  1.54837e-01
  4 -0.01578 -2.23937e-01 |  5 -0.01648  4.93211e-04 |  6 -0.01598  5.14061e-01
  7 -0.01182  7.20101e-01 |  8 -0.01101  6.99151e-01 |  9  0.00169 -1.89513e-01
 10  0.01754 -6.50723e-01 | 11 -0.01176  3.67635e-01 | 12 -0.02634  2.26378e-01
 13 -0.01849  1.66555e+00 | 14 -0.01372  6.72590e-01 | 15 -0.00135  3.00124e-01
 16  0.00670 -2.17973e+00 | 17 -0.00105  8.12249e-01 | 18  0.00812  5.28471e-01
 19  0.02266  1.47198e+00 | 20  0.00851 -2.26896e+00 | 21  0.03113 -5.62788e-01
 22  0.05805 -1.47913e+00 | 23  0.01362  7.65140e-01 | 24  0.02566 -1.60158e+00
 25  0.02704 -1.18379e+00 | 26  0.02356 -6.09927e-01 | 27  0.04110 -1.20560e+00
 28  0.02017 -1.22127e+00 | 29 -0.00707 -1.95135e+00 | 30 -0.01364 -1.83827e+00
 31 -0.02143  2.09091e-01 | 32 -0.00571  1.14483e+00 | 33  0.02818  3.10093e+00
 34  0.01213 -1.14581e+00 | 35  0.01604  1.11667e+00 | 36  0.00648 -8.24374e-01
 37  0.00690  3.55255e-01 | 38  0.02448 -1.14885e+00 | 39 -0.00241 -5.60913e-01
 40 -0.02515  1.19644e-01 | 41 -0.01970  4.66627e-01 | 42 -0.00849  3.92224e-01
 43  0.00025 -3.69816e-01 | 44  0.00085 -1.16525e-01 | 45 -0.01238  3.11853e-01
 46 -0.03062 -1.65364e-01 | 47 -0.02230  2.08926e+00 | 48 -0.00972  1.27310e+00
 49  0.00906 -1.51169e+00 | 50 -0.01138 -1.09910e+00 | 51 -0.00468  4.18148e-01
 52 -0.01480 -6.59825e-01 | 53 -0.00619  7.01088e-01 | 54 -0.01079  2.31150e+00
 55 -0.01471  1.40595e+00 | 56 -0.00295 -2.55613e-01 | 57  0.00018  1.55928e-01
 58  0.00000  0.00000e+00 | 59 -0.73283 -4.68577e+01 | 60  0.24429  8.09436e+00
 61  0.08428  7.44212e+00 | 62  0.19241  1.18913e+01 | 63  0.02534  1.25099e-04
 64  0.06594  8.20343e-01 | 65  0.21070  2.39853e+01 | 66 -0.01369 -4.41109e-01
 67  0.17049 -2.07061e+01 | 68 -0.00005 -2.27575e-07 | 69 -0.17433 -4.88564e+00
 70  0.16089  2.91289e+01 | 71  0.06093  1.43853e+01 | 72  0.12713 -2.49197e+01
 73  0.00000  6.99631e-29 | 74  0.03982  6.55637e+00 | 75 -0.05461  3.75635e+00
 76 -0.23135  1.43875e-04 | 77  0.10292 -7.01851e+00 | 78  0.69320  5.85789e-01
 79 -0.13610  2.96042e+00 | 80  0.11118  1.11536e+00 | 81 -0.64450 -2.04599e+00
81 variables; iteration 60; function evaluation 77; phase 3
Function value 2.3597901e+02; maximum gradient component mag -1.5628e+02
Var    Value     Gradient |Var    Value     Gradient |Var    Value     Gradient
  1  0.09319 -1.56278e+02 |  2 -0.00874 -5.56585e+01 |  3 -0.02277  1.80271e+00
  4 -0.01524 -1.52253e-01 |  5 -0.01695 -1.41456e+00 |  6 -0.01589 -7.74531e-01
  7 -0.01189 -6.49425e-01 |  8 -0.01003  5.59677e-01 |  9  0.00165 -1.14616e+00
 10  0.01710 -2.49057e+00 | 11 -0.01179 -1.16562e+00 | 12 -0.02561 -3.22762e-01
 13 -0.01891 -4.08458e-04 | 14 -0.01375 -6.67423e-01 | 15 -0.00274 -1.25805e+00
 16  0.00823 -3.24358e-01 | 17 -0.00249  7.85375e-03 | 18  0.00884  2.19481e-01
 19  0.01919 -1.09293e+00 | 20  0.01236  1.29881e+00 | 21  0.02937 -7.12987e-02
 22  0.05781 -6.49319e-01 | 23  0.01142 -1.35334e-01 | 24  0.02683  2.17907e-01
 25  0.02686  2.70503e-01 | 26  0.02378  7.96770e-01 | 27  0.04115  2.68720e-01
 28  0.01917 -4.77335e-01 | 29 -0.00632  1.51172e-01 | 30 -0.01401 -4.68927e-01
 31 -0.02108  1.50323e+00 | 32 -0.00536  1.10789e+00 | 33  0.02595  3.86603e-01
 34  0.01476  7.30002e-01 | 35  0.01426  8.08608e-01 | 36  0.00684 -1.69665e-01
 37  0.00560 -3.52675e-01 | 38  0.02496 -2.36746e-01 | 39 -0.00114  7.35411e-01
 40 -0.02592 -1.03742e+00 | 41 -0.01958 -1.07216e-01 | 42 -0.00830  1.32238e-01
 43  0.00065 -4.58316e-01 | 44  0.00066 -6.81742e-01 | 45 -0.01135  8.11530e-01
 46 -0.02965  1.25564e-01 | 47 -0.02401 -7.32745e-01 | 48 -0.01021  8.04346e-02
 49  0.01076  4.83719e-01 | 50 -0.01047  2.80939e-01 | 51 -0.00558 -1.57100e-01
 52 -0.01404  4.29579e-02 | 53 -0.00558  1.12084e+00 | 54 -0.01221  6.40711e-01
 55 -0.01526  6.21794e-01 | 56 -0.00276 -1.06477e-01 | 57 -0.00005 -1.94129e-02
 58  0.00000  0.00000e+00 | 59 -0.73429 -5.17557e+01 | 60  0.23519 -2.20217e+00
 61  0.09376  5.43007e-02 | 62  0.19052  1.57733e+01 | 63  0.06972  3.45446e-04
 64  0.06482 -8.59993e-01 | 65  0.21063 -7.70212e+01 | 66 -0.02005 -6.64913e+00
 67  0.17064 -2.54297e+01 | 68 -0.00005 -3.01066e-03 | 69 -0.17027 -6.25671e+00
 70  0.16185 -2.17877e+00 | 71  0.05911  8.71398e-02 | 72  0.12829  6.73245e+00
 73  0.00000 -3.83747e-31 | 74  0.03825 -1.18076e+00 | 75 -0.05433 -4.51189e+00
 76 -0.23162  4.04964e-07 | 77  0.10368  6.83067e+00 | 78  0.69435 -5.43382e-01
 79 -0.13892 -1.59071e+00 | 80  0.11118  1.76851e+00 | 81 -0.64308  3.25187e-02
Maximum number of function evaluations exceeded

 - final statistics:
81 variables; iteration 75; function evaluation 100
Function value 2.3595e+02; maximum gradient component mag -2.4986e+01
Exit code = 3;  converg criter 1.0000e+00
Var    Value     Gradient |Var    Value     Gradient |Var    Value     Gradient
  1  0.09336 -2.49861e+01 |  2 -0.00908 -8.30430e+00 |  3 -0.02447 -2.34819e-01
  4 -0.01481  1.66694e-01 |  5 -0.01621 -3.47715e-01 |  6 -0.01578 -2.95575e-01
  7 -0.01152 -3.12103e-01 |  8 -0.01110 -3.73432e-01 |  9  0.00249 -4.93895e-04
 10  0.01754 -8.67171e-01 | 11 -0.01165 -3.33272e-01 | 12 -0.02578 -2.97360e-01
 13 -0.01891 -5.19243e-02 | 14 -0.01353 -2.53405e-01 | 15 -0.00247 -2.80017e-01
 16  0.00795  2.54605e-01 | 17 -0.00283 -1.04388e-01 | 18  0.00811 -1.65999e-01
 19  0.02058  1.93175e-01 | 20  0.01047 -5.02955e-02 | 21  0.02949  8.78794e-02
 22  0.05787  3.74305e-01 | 23  0.01130  7.67158e-02 | 24  0.02619  2.59352e-02
 25  0.02767  7.71596e-01 | 26  0.02288  4.78672e-02 | 27  0.04133  5.59813e-01
 28  0.01922  6.03706e-02 | 29 -0.00687  1.87967e-01 | 30 -0.01318  5.49865e-01
 31 -0.02224  1.81117e-02 | 32 -0.00566  1.68537e-01 | 33  0.02648  1.90708e-01
 34  0.01463  1.18505e-01 | 35  0.01331 -1.69894e-01 | 36  0.00741  4.16647e-01
 37  0.00584  1.46638e-01 | 38  0.02513 -8.09913e-02 | 39 -0.00201 -2.53674e-01
 40 -0.02464  7.91709e-02 | 41 -0.01953 -5.70336e-02 | 42 -0.00868 -3.03268e-01
 43  0.00092 -1.68683e-01 | 44  0.00134 -1.09261e-01 | 45 -0.01186  8.48279e-02
 46 -0.02952 -3.78181e-02 | 47 -0.02340 -3.87429e-01 | 48 -0.01038 -3.94430e-01
 49  0.01095  3.45225e-01 | 50 -0.01024  2.06437e-01 | 51 -0.00535 -1.70954e-01
 52 -0.01377 -8.51434e-02 | 53 -0.00595  2.79501e-01 | 54 -0.01174  3.33033e-01
 55 -0.01490  1.94233e-01 | 56 -0.00242  1.13296e-01 | 57  0.00012  1.03192e-01
 58  0.00000  0.00000e+00 | 59 -0.73364 -8.73526e+00 | 60  0.23186 -8.60516e-01
 61  0.09722  1.17011e-02 | 62  0.18972  5.30277e+00 | 63  0.06912  3.42440e-04
 64  0.06498 -5.09870e-01 | 65  0.21075 -1.41166e+00 | 66 -0.02416 -6.66008e-01
 67  0.17036 -3.27036e+00 | 68 -0.01222 -2.07621e-02 | 69 -0.16992 -1.20771e+00
 70  0.16133 -2.39185e+00 | 71  0.05954 -1.16747e+00 | 72  0.12809  2.60439e+00
 73  0.00000 -5.63127e-30 | 74  0.03823 -7.18854e-01 | 75 -0.05478 -2.44972e+00
 76 -0.23194  4.14735e-05 | 77  0.10337  3.47846e+00 | 78  0.69546 -2.42916e-01
 79 -0.13907 -6.68788e-01 | 80  0.11076  4.21050e-01 | 81 -0.64319  7.02068e-01

Initial statistics: 91 variables; iteration 0; function evaluation 0; phase 4
Function value 2.3595434e+02; maximum gradient component mag 2.5975e+01
Var    Value     Gradient |Var    Value     Gradient |Var    Value     Gradient
  1  0.09336 -2.49861e+01 |  2 -0.00908 -8.30430e+00 |  3  0.00000  2.59746e+01
  4  0.00000  2.51717e+01 |  5  0.00000  1.87749e+01 |  6  0.00000  1.80186e+01
  7  0.00000  1.93310e+01 |  8  0.00000  1.02317e+01 |  9  0.00000  8.08276e+00
 10  0.00000  9.17651e+00 | 11  0.00000  1.21875e+01 | 12  0.00000  2.21775e+01
 13 -0.02447 -2.30191e-01 | 14 -0.01481  1.71324e-01 | 15 -0.01621 -3.43085e-01
 16 -0.01578 -2.90945e-01 | 17 -0.01152 -3.07472e-01 | 18 -0.01110 -3.68802e-01
 19  0.00249  4.13766e-03 | 20  0.01754 -8.62541e-01 | 21 -0.01165 -3.28641e-01
 22 -0.02578 -2.92732e-01 | 23 -0.01891 -4.72948e-02 | 24 -0.01353 -2.48775e-01
 25 -0.00247 -2.75385e-01 | 26  0.00795  2.59236e-01 | 27 -0.00283 -9.97564e-02
 28  0.00811 -1.61368e-01 | 29  0.02058  1.97804e-01 | 30  0.01047 -4.56645e-02
 31  0.02949  9.25061e-02 | 32  0.05787  3.78918e-01 | 33  0.01130  8.13466e-02
 34  0.02619  3.05629e-02 | 35  0.02767  7.76223e-01 | 36  0.02288  5.24958e-02
 37  0.04133  5.64435e-01 | 38  0.01922  6.50001e-02 | 39 -0.00687  1.92599e-01
 40 -0.01318  5.54496e-01 | 41 -0.02224  2.27404e-02 | 42 -0.00566  1.73169e-01
 43  0.02648  1.95335e-01 | 44  0.01463  1.23135e-01 | 45  0.01331 -1.65263e-01
 46  0.00741  4.21278e-01 | 47  0.00584  1.51269e-01 | 48  0.02513 -7.63633e-02
 49 -0.00201 -2.49043e-01 | 50 -0.02464  8.37990e-02 | 51 -0.01953 -5.24042e-02
 52 -0.00868 -2.98637e-01 | 53  0.00092 -1.64051e-01 | 54  0.00134 -1.04629e-01
 55 -0.01186  8.94587e-02 | 56 -0.02952 -3.31914e-02 | 57 -0.02340 -3.82801e-01
 58 -0.01038 -3.89799e-01 | 59  0.01095  3.49856e-01 | 60 -0.01024  2.11068e-01
 61 -0.00535 -1.66323e-01 | 62 -0.01377 -8.05129e-02 | 63 -0.00595  2.84132e-01
 64 -0.01174  3.37664e-01 | 65 -0.01490  1.98863e-01 | 66 -0.00242  1.13296e-01
 67  0.00012  1.03192e-01 | 68  0.00000  0.00000e+00 | 69 -0.73364 -8.73526e+00
 70  0.23186 -8.60516e-01 | 71  0.09722  1.17011e-02 | 72  0.18972  5.30277e+00
 73  0.06912  3.42440e-04 | 74  0.06498 -5.09870e-01 | 75  0.21075 -1.41166e+00
 76 -0.02416 -6.66008e-01 | 77  0.17036 -3.27036e+00 | 78 -0.01222 -2.07621e-02
 79 -0.16992 -1.20771e+00 | 80  0.16133 -2.39185e+00 | 81  0.05954 -1.16747e+00
 82  0.12809  2.60439e+00 | 83  0.00000 -5.63127e-30 | 84  0.03823 -7.18854e-01
 85 -0.05478 -2.44972e+00 | 86 -0.23194  4.14735e-05 | 87  0.10337  3.47846e+00
 88  0.69546 -2.42916e-01 | 89 -0.13907 -6.68788e-01 | 90  0.11076  4.21050e-01
 91 -0.64319  7.02068e-01 |

Intermediate statistics: 91 variables; iteration 20; function evaluation 30; phase 4
Function value 2.3478090e+02; maximum gradient component mag -1.8262e+02
Var    Value     Gradient |Var    Value     Gradient |Var    Value     Gradient
  1  0.09277 -1.82621e+02 |  2 -0.01046  7.14956e+01 |  3 -0.02038  7.28944e+00
  4 -0.01894  7.65280e+00 |  5 -0.01353  6.67478e+00 |  6 -0.01269  6.64696e+00
  7 -0.01382  6.79923e+00 |  8 -0.00484  4.84270e+00 |  9 -0.00041  5.01168e+00
 10  0.00086  6.97993e+00 | 11  0.00082  9.98780e+00 | 12 -0.00751  1.29036e+01
 13 -0.01778  1.27947e+01 | 14 -0.01312  1.00192e+01 | 15 -0.01853  6.31747e+00
 16 -0.01892  5.37437e+00 | 17 -0.01240  7.41733e+00 | 18 -0.00978  1.00334e+01
 19  0.00442  1.17347e+01 | 20  0.02198  1.17266e+01 | 21 -0.00943  9.13680e+00
 22 -0.02370  7.85684e+00 | 23 -0.01671  6.38336e+00 | 24 -0.01207  2.51856e+00
 25 -0.00236 -3.75254e+00 | 26  0.00751 -9.45882e+00 | 27 -0.00204 -8.29300e+00
 28  0.00874 -7.14797e+00 | 29  0.02026 -7.35156e+00 | 30  0.01078 -5.14016e+00
 31  0.03028 -7.96785e+00 | 32  0.05800 -1.51127e+01 | 33  0.01220 -6.99206e+00
 34  0.02599 -8.92899e+00 | 35  0.02631 -7.55094e+00 | 36  0.02338 -5.82693e+00
 37  0.04037 -1.12481e+01 | 38  0.01980 -9.56681e+00 | 39 -0.00707 -7.67387e+00
 40 -0.01397 -7.74666e+00 | 41 -0.02224 -4.70536e+00 | 42 -0.00519 -3.04909e+00
 43  0.02646 -4.10149e+00 | 44  0.01355 -2.61859e+00 | 45  0.01381 -2.24952e+00
 46  0.00786 -3.52573e-01 | 47  0.00640  1.47374e+00 | 48  0.02431  1.52691e+00
 49 -0.00298  3.46477e+00 | 50 -0.02564  4.47751e+00 | 51 -0.02043  4.21970e+00
 52 -0.00936  3.62198e+00 | 53 -0.00048  3.16639e+00 | 54 -0.00059  3.38427e+00
 55 -0.01358  4.55612e+00 | 56 -0.03031  5.52018e+00 | 57 -0.02408  5.37764e+00
 58 -0.01165  4.90891e+00 | 59  0.00852  4.29111e+00 | 60 -0.01173  5.08247e+00
 61 -0.00672  5.01759e+00 | 62 -0.01476  5.76523e+00 | 63 -0.00686  6.57016e+00
 64 -0.01170  7.54060e+00 | 65 -0.01375  7.93521e+00 | 66 -0.00249  4.27684e-02
 67  0.00001  2.06651e-02 | 68  0.00000  0.00000e+00 | 69 -0.72988  6.30167e+01
 70  0.24139 -3.76727e+00 | 71  0.09659  8.61617e-02 | 72  0.19087  9.10189e+00
 73  0.06912  3.42427e-04 | 74  0.06798 -1.95097e+00 | 75  0.21044 -4.70454e+01
 76 -0.01935 -5.85579e-01 | 77  0.16908  6.99366e+01 | 78 -0.01231  3.11403e-01
 79 -0.16794  7.84422e+00 | 80  0.16589  1.36525e+01 | 81  0.04276 -1.90603e-02
 82  0.12801 -3.44407e+01 | 83 -0.00000 -1.88858e-30 | 84  0.04062  2.42369e+00
 85 -0.05439 -1.13815e+01 | 86 -0.23194 -3.32112e-04 | 87  0.10332  9.74554e+00
 88  0.69436 -1.56655e+00 | 89 -0.13771 -4.30471e+00 | 90  0.11286 -2.95333e+00
 91 -0.64198  1.23549e+00 |
91 variables; iteration 40; function evaluation 59; phase 4
Function value 2.3454954e+02; maximum gradient component mag -1.9699e+02
Var    Value     Gradient |Var    Value     Gradient |Var    Value     Gradient
  1  0.09293 -1.96988e+02 |  2 -0.00672  1.42793e+01 |  3 -0.02559 -2.55875e-02
  4 -0.02401 -3.93762e-01 |  5 -0.01687 -5.80189e-01 |  6 -0.01612 -8.97254e-01
  7 -0.01761 -9.30291e-01 |  8 -0.00659 -1.78189e+00 |  9 -0.00295 -3.20545e+00
 10 -0.00126 -2.48192e+00 | 11 -0.00139 -2.08267e+00 | 12 -0.01363 -2.72932e+00
 13 -0.01720  1.13466e+00 | 14 -0.01316 -1.95079e-01 | 15 -0.01792 -5.53404e-01
 16 -0.01786 -2.73263e-01 | 17 -0.01236 -8.52108e-01 | 18 -0.01023 -7.04956e-01
 19  0.00433 -1.11864e+00 | 20  0.02185 -3.23858e+00 | 21 -0.00859 -6.89077e-01
 22 -0.02381 -4.20820e-01 | 23 -0.01684 -6.16689e-01 | 24 -0.01207 -2.05065e+00
 25 -0.00213 -5.65652e+00 | 26  0.00773 -9.74210e+00 | 27 -0.00207 -8.80784e+00
 28  0.00859 -6.55607e+00 | 29  0.02102 -4.26532e+00 | 30  0.01179 -2.39800e+00
 31  0.03020 -5.09146e+00 | 32  0.05929 -9.51610e+00 | 33  0.01150 -5.38659e+00
 34  0.02622 -5.08672e+00 | 35  0.02641 -3.36448e+00 | 36  0.02232 -2.52476e+00
 37  0.04097 -3.98762e+00 | 38  0.01914 -3.67642e+00 | 39 -0.00665 -1.87019e+00
 40 -0.01349 -1.04556e+00 | 41 -0.02174  6.77322e-01 | 42 -0.00541  7.00998e-01
 43  0.02556 -8.84240e-01 | 44  0.01337 -5.30241e-01 | 45  0.01380 -5.17205e-01
 46  0.00802  4.90991e-01 | 47  0.00624  1.46721e+00 | 48  0.02359  2.19082e+00
 49 -0.00347  3.81932e+00 | 50 -0.02591  4.73088e+00 | 51 -0.02067  5.23448e+00
 52 -0.00967  5.60884e+00 | 53 -0.00055  6.61327e+00 | 54 -0.00088  6.84962e+00
 55 -0.01369  6.48605e+00 | 56 -0.03066  5.45263e+00 | 57 -0.02426  5.62849e+00
 58 -0.01179  6.26397e+00 | 59  0.00848  7.00139e+00 | 60 -0.01223  5.54104e+00
 61 -0.00699  5.28002e+00 | 62 -0.01490  4.91179e+00 | 63 -0.00717  4.67439e+00
 64 -0.01189  4.39145e+00 | 65 -0.01389  3.89348e+00 | 66 -0.00263 -7.68019e-02
 67  0.00002  3.26008e-02 | 68  0.00000  0.00000e+00 | 69 -0.73462  1.00986e+01
 70  0.24500 -4.89983e+00 | 71  0.08279  1.20429e+00 | 72  0.19147  1.76051e+01
 73  0.06884  3.41063e-04 | 74  0.06855 -3.04840e+00 | 75  0.21020 -3.02884e+00
 76 -0.01482  1.72352e-01 | 77  0.16855  1.90208e+01 | 78  0.01219  3.17130e-02
 79 -0.16640  1.84211e+00 | 80  0.16900  2.79621e+00 | 81  0.03810 -4.44464e-02
 82  0.12936 -6.00101e+00 | 83  0.00000 -2.83746e-30 | 84  0.04048 -7.91930e-01
 85 -0.05445 -3.12023e-01 | 86 -0.23198  2.34216e-04 | 87  0.10305  1.00135e+00
 88  0.70098  1.04527e+00 | 89 -0.13772  6.75094e-01 | 90  0.11327 -4.43786e+00
 91 -0.64209  1.01880e+00 |
91 variables; iteration 60; function evaluation 88; phase 4
Function value 2.3450780e+02; maximum gradient component mag -4.1054e+01
Var    Value     Gradient |Var    Value     Gradient |Var    Value     Gradient
  1  0.09291 -4.10542e+01 |  2 -0.00982 -4.48306e+00 |  3 -0.02678 -1.29343e-01
  4 -0.02504 -1.37975e-01 |  5 -0.01794 -1.41682e-01 |  6 -0.01717 -3.32361e-01
  7 -0.01877 -2.74487e-01 |  8 -0.00734 -3.28412e-01 |  9 -0.00224 -4.80321e-01
 10 -0.00160 -6.86126e-01 | 11 -0.00216 -6.62306e-01 | 12 -0.01416 -1.22336e+00
 13 -0.01742 -3.65539e-02 | 14 -0.01285 -5.84895e-02 | 15 -0.01775 -1.41993e-01
 16 -0.01804 -3.36353e-01 | 17 -0.01206 -6.71285e-01 | 18 -0.00978 -4.70451e-01
 19  0.00386 -8.19908e-01 | 20  0.02271 -6.02061e-01 | 21 -0.00926 -3.82245e-01
 22 -0.02358 -2.50838e-01 | 23 -0.01691 -4.22309e-01 | 24 -0.01223 -3.91570e-01
 25 -0.00218 -5.85473e-01 | 26  0.00798 -1.34940e+00 | 27 -0.00155 -1.44216e+00
 28  0.00902 -1.23258e+00 | 29  0.02068 -8.43207e-01 | 30  0.01153 -2.21786e-01
 31  0.03116 -4.03747e-01 | 32  0.05949 -9.28307e-01 | 33  0.01286 -3.90824e-01
 34  0.02651 -5.84280e-01 | 35  0.02602 -8.22845e-01 | 36  0.02297 -4.93982e-01
 37  0.04006 -8.60254e-01 | 38  0.01978 -3.89347e-01 | 39 -0.00665 -1.54922e-02
 40 -0.01366  8.81872e-03 | 41 -0.02220  2.48832e-01 | 42 -0.00554  3.33984e-01
 43  0.02574  1.35464e-01 | 44  0.01310 -2.00815e-01 | 45  0.01420 -2.64329e-01
 46  0.00833 -2.85367e-01 | 47  0.00636 -2.71212e-01 | 48  0.02361 -1.09633e-01
 49 -0.00366  5.17616e-01 | 50 -0.02620  8.51636e-01 | 51 -0.02093  9.59688e-01
 52 -0.00988  8.84408e-01 | 53 -0.00100  1.23250e+00 | 54 -0.00120  1.40273e+00
 55 -0.01415  1.21484e+00 | 56 -0.03078  8.36155e-01 | 57 -0.02444  8.49943e-01
 58 -0.01213  9.90193e-01 | 59  0.00795  1.23895e+00 | 60 -0.01230  8.30724e-01
 61 -0.00712  7.61188e-01 | 62 -0.01503  6.93133e-01 | 63 -0.00730  5.63527e-01
 64 -0.01211  5.20539e-01 | 65 -0.01392  4.00537e-01 | 66 -0.00248  2.98918e-02
 67 -0.00004 -1.75679e-02 | 68  0.00000  0.00000e+00 | 69 -0.73087 -3.98279e+00
 70  0.24610 -7.65890e-01 | 71  0.08174  1.50773e+00 | 72  0.19155  5.39816e+00
 73  0.06819  3.37864e-04 | 74  0.07011 -1.16584e+00 | 75  0.21009 -3.90151e+00
 76 -0.01250 -7.48873e-01 | 77  0.16818 -2.59993e+00 | 78  0.02605 -2.92370e-02
 79 -0.16748 -4.69659e-01 | 80  0.16863 -1.83455e-01 | 81  0.03828 -3.95639e-02
 82  0.12920 -1.36865e-01 | 83  0.00000 -2.85419e-30 | 84  0.04099 -2.60483e-02
 85 -0.05264  4.70382e-01 | 86 -0.23207  5.05766e-05 | 87  0.10389  1.89565e-01
 88  0.69005  8.98277e-03 | 89 -0.13563  2.19569e-01 | 90  0.11395 -7.14576e-01
 91 -0.64154  6.00157e-02 |
91 variables; iteration 80; function evaluation 119; phase 4
Function value 2.3450456e+02; maximum gradient component mag 1.0367e+01
Var    Value     Gradient |Var    Value     Gradient |Var    Value     Gradient
  1  0.09285  1.03668e+01 |  2 -0.01020  3.19534e+00 |  3 -0.02704 -1.56581e-02
  4 -0.02537 -2.03628e-02 |  5 -0.01836 -6.13030e-03 |  6 -0.01744 -1.77096e-02
  7 -0.01914 -2.29055e-02 |  8 -0.00765  3.78001e-02 |  9 -0.00243  2.19849e-02
 10 -0.00165  1.64049e-02 | 11 -0.00246 -3.10268e-02 | 12 -0.01373 -5.29179e-02
 13 -0.01761 -3.40693e-03 | 14 -0.01293  9.10939e-02 | 15 -0.01783  7.51388e-02
 16 -0.01809  4.29303e-03 | 17 -0.01184  3.25388e-02 | 18 -0.00989 -1.99457e-02
 19  0.00427  6.22292e-02 | 20  0.02253 -4.92899e-02 | 21 -0.00919  1.25810e-02
 22 -0.02359  1.25341e-03 | 23 -0.01679  4.17177e-02 | 24 -0.01226  1.00899e-01
 25 -0.00230  2.67606e-01 | 26  0.00810  2.00112e-01 | 27 -0.00125  1.45853e-01
 28  0.00909  1.59343e-02 | 29  0.02083  1.53742e-01 | 30  0.01148  1.70675e-01
 31  0.03122  2.19176e-01 | 32  0.05981  3.60275e-01 | 33  0.01288  1.63916e-01
 34  0.02651  1.73519e-01 | 35  0.02626  6.57216e-02 | 36  0.02290  6.48604e-02
 37  0.04018  3.64559e-02 | 38  0.01982  1.19772e-01 | 39 -0.00670  1.18898e-01
 40 -0.01363  8.39018e-02 | 41 -0.02227  3.21646e-02 | 42 -0.00561  4.05062e-02
 43  0.02569  8.19628e-02 | 44  0.01313 -1.72392e-02 | 45  0.01434 -2.74824e-02
 46  0.00852 -1.27593e-01 | 47  0.00659 -1.56272e-01 | 48  0.02372 -1.73619e-01
 49 -0.00377 -1.46303e-01 | 50 -0.02642 -1.74826e-01 | 51 -0.02115 -1.89653e-01
 52 -0.00982 -8.86537e-02 | 53 -0.00120 -1.55471e-01 | 54 -0.00146 -1.66456e-01
 55 -0.01439 -1.76279e-01 | 56 -0.03079 -1.38128e-01 | 57 -0.02445 -8.95970e-02
 58 -0.01221 -1.10704e-01 | 59  0.00765 -2.35460e-01 | 60 -0.01237 -2.39488e-01
 61 -0.00718 -2.11284e-01 | 62 -0.01512 -1.68374e-01 | 63 -0.00730 -1.27328e-01
 64 -0.01215 -7.88547e-02 | 65 -0.01386 -7.45177e-02 | 66 -0.00251  9.22630e-03
 67  0.00002  2.66699e-02 | 68  0.00000  0.00000e+00 | 69 -0.73031  2.97509e+00
 70  0.24745  1.76910e-01 | 71  0.08054  2.93636e-01 | 72  0.19176 -1.08034e-02
 73  0.06658  3.30725e-04 | 74  0.07140 -1.48757e-01 | 75  0.20998  8.90584e+00
 76 -0.01041  5.78276e-01 | 77  0.16805  2.26156e+00 | 78  0.03829  1.14027e-02
 79 -0.16814  4.21369e-01 | 80  0.16916 -2.49742e-01 | 81  0.03717 -4.03085e-02
 82  0.12935  4.52812e-01 | 83  0.00000 -2.86112e-30 | 84  0.04106 -7.61710e-03
 85 -0.05272  7.11774e-02 | 86 -0.23225  2.37517e-05 | 87  0.10380 -1.67559e-02
 88  0.69047 -2.61712e-02 | 89 -0.13557  6.27595e-02 | 90  0.11428  1.29732e-01
 91 -0.64126 -9.05696e-02 |
91 variables; iteration 100; function evaluation 153; phase 4
Function value 2.3450419e+02; maximum gradient component mag 1.0427e+01
Var    Value     Gradient |Var    Value     Gradient |Var    Value     Gradient
  1  0.09285  1.01526e+01 |  2 -0.01000  4.01486e+00 |  3 -0.02701  1.30696e-02
  4 -0.02532  3.91255e-02 |  5 -0.01835  2.28970e-02 |  6 -0.01740  4.01694e-02
  7 -0.01905  6.37219e-02 |  8 -0.00767  1.88791e-02 |  9 -0.00240  5.84530e-02
 10 -0.00173 -3.95066e-03 | 11 -0.00238  1.17051e-01 | 12 -0.01358  1.53742e-01
 13 -0.01768 -2.61841e-02 | 14 -0.01301 -6.04876e-03 | 15 -0.01791 -4.40345e-02
 16 -0.01803  5.23778e-02 | 17 -0.01188  4.03460e-02 | 18 -0.00981  9.29460e-02
 19  0.00416  3.83060e-02 | 20  0.02266  1.14543e-01 | 21 -0.00924  3.96896e-02
 22 -0.02354  8.19282e-02 | 23 -0.01683 -1.62284e-02 | 24 -0.01223 -1.22142e-02
 25 -0.00242 -4.76520e-02 | 26  0.00819  1.00585e-01 | 27 -0.00131  7.54329e-02
 28  0.00920  1.50073e-01 | 29  0.02083  7.53627e-02 | 30  0.01139 -8.24279e-02
 31  0.03117 -8.46330e-02 | 32  0.05977 -3.21634e-02 | 33  0.01284 -3.91026e-02
 34  0.02646 -3.99078e-03 | 35  0.02633  5.86134e-02 | 36  0.02285  5.62471e-02
 37  0.04030  9.11288e-02 | 38  0.01979  3.33962e-02 | 39 -0.00675 -3.18824e-02
 40 -0.01367 -5.52506e-02 | 41 -0.02225 -7.60667e-03 | 42 -0.00562 -3.22628e-02
 43  0.02564 -5.75958e-02 | 44  0.01320  4.18472e-02 | 45  0.01431  6.77989e-02
 46  0.00859  9.55296e-02 | 47  0.00667  1.08779e-01 | 48  0.02375  8.92041e-02
 49 -0.00377  1.42743e-02 | 50 -0.02639 -1.70497e-02 | 51 -0.02107 -2.00027e-03
 52 -0.00991 -1.02534e-01 | 53 -0.00117 -7.73522e-02 | 54 -0.00146 -9.33612e-02
 55 -0.01436 -6.11651e-02 | 56 -0.03079 -6.07964e-02 | 57 -0.02446 -5.78178e-02
 58 -0.01227 -1.11254e-01 | 59  0.00771 -4.30955e-02 | 60 -0.01230 -7.60356e-04
 61 -0.00718 -1.99869e-02 | 62 -0.01505  2.87946e-02 | 63 -0.00731 -4.65392e-02
 64 -0.01215 -4.24805e-02 | 65 -0.01384 -1.60932e-02 | 66 -0.00250  1.58775e-02
 67  0.00004  4.15925e-02 | 68  0.00000  0.00000e+00 | 69 -0.73056  3.48421e+00
 70  0.24763 -1.99794e-01 | 71  0.08034 -5.88581e-01 | 72  0.19180 -6.56687e-01
 73  0.06294  3.07057e-04 | 74  0.07190  2.05024e-01 | 75  0.20989  1.04265e+01
 76 -0.00928  7.69417e-01 | 77  0.16804  3.08720e+00 | 78  0.02724  3.29058e-03
 79 -0.16815  4.67229e-01 | 80  0.16921 -1.03591e-01 | 81  0.03760 -4.76263e-02
 82  0.12938  1.97152e-01 | 83  0.00000 -2.99946e-30 | 84  0.04104 -1.83416e-02
 85 -0.05289 -1.01920e-01 | 86 -0.23255  1.77628e-05 | 87  0.10372  5.96724e-03
 88  0.69143  1.42113e-02 | 89 -0.13581 -4.83835e-02 | 90  0.11429  4.48979e-02
 91 -0.64118  4.05550e-02 |
91 variables; iteration 120; function evaluation 183; phase 4
Function value 2.3449440e+02; maximum gradient component mag 2.7464e+01
Var    Value     Gradient |Var    Value     Gradient |Var    Value     Gradient
  1  0.09286  2.74641e+01 |  2 -0.01002  1.10734e+01 |  3 -0.02703  9.10859e-04
  4 -0.02530  7.35889e-02 |  5 -0.01836  3.68612e-02 |  6 -0.01732  1.42984e-01
  7 -0.01901  1.16627e-01 |  8 -0.00764  6.71152e-02 |  9 -0.00235  1.33476e-01
 10 -0.00165  1.29466e-01 | 11 -0.00228  3.14677e-01 | 12 -0.01355  2.74581e-01
 13 -0.01771 -5.12981e-02 | 14 -0.01297 -1.84431e-02 | 15 -0.01793 -1.62919e-01
 16 -0.01807 -1.04964e-01 | 17 -0.01191 -9.18385e-02 | 18 -0.00981  2.72862e-02
 19  0.00406 -1.01643e-01 | 20  0.02277  1.25136e-01 | 21 -0.00933 -9.35561e-02
 22 -0.02351  6.33795e-02 | 23 -0.01691 -1.48297e-01 | 24 -0.01213 -3.67192e-02
 25 -0.00243 -1.83743e-01 | 26  0.00813 -2.18533e-02 | 27 -0.00133  2.77220e-02
 28  0.00920  7.41094e-02 | 29  0.02083 -1.01103e-02 | 30  0.01138 -1.41926e-01
 31  0.03114 -1.73188e-01 | 32  0.05971 -1.43597e-01 | 33  0.01287 -8.84204e-02
 34  0.02644 -9.22316e-02 | 35  0.02630 -2.64546e-02 | 36  0.02284  3.61700e-02
 37  0.04033  1.45638e-01 | 38  0.01977  2.17498e-02 | 39 -0.00673 -3.85076e-02
 40 -0.01365 -2.96966e-02 | 41 -0.02233 -3.77951e-02 | 42 -0.00558  4.30098e-02
 43  0.02564 -5.28720e-02 | 44  0.01319  6.52865e-02 | 45  0.01429  7.10081e-02
 46  0.00857  1.13936e-01 | 47  0.00669  1.83766e-01 | 48  0.02377  2.10933e-01
 49 -0.00378  9.93658e-02 | 50 -0.02633  1.16098e-01 | 51 -0.02105  9.43570e-02
 52 -0.00992 -2.15975e-02 | 53 -0.00113  1.00063e-01 | 54 -0.00144  9.44452e-02
 55 -0.01429  1.52850e-01 | 56 -0.03082 -1.06591e-02 | 57 -0.02439  6.90301e-02
 58 -0.01233 -9.48113e-02 | 59  0.00780  1.76416e-01 | 60 -0.01225  1.67533e-01
 61 -0.00720  6.27513e-02 | 62 -0.01497  1.23141e-01 | 63 -0.00737 -1.02087e-01
 64 -0.01209 -3.49301e-02 | 65 -0.01387 -1.15222e-01 | 66 -0.00247  3.15946e-02
 67  0.00008  7.36957e-02 | 68  0.00000  0.00000e+00 | 69 -0.73119  9.64700e+00
 70  0.24762  3.10620e-01 | 71  0.08034 -4.39525e-01 | 72  0.19181 -1.80888e+00
 73 -0.05654 -2.79749e-04 | 74  0.07190  2.87367e-01 | 75  0.20833  2.49047e+01
 76  0.00532  3.72940e+00 | 77  0.16760  8.27994e+00 | 78 -0.25148 -1.30990e-03
 79 -0.16801  1.39971e+00 | 80  0.16749  2.41461e+00 | 81  0.05075  5.62948e-01
 82  0.12871 -3.46064e+00 | 83  0.00000  2.57495e-30 | 84  0.04094  4.35222e-01
 85 -0.05294  2.32300e-01 | 86 -0.23487 -6.75117e-05 | 87  0.10368 -4.61566e-01
 88  0.69167  5.42891e-02 | 89 -0.13588  1.83175e-03 | 90  0.11426 -9.54952e-02
 91 -0.64116  1.43947e-01 |
91 variables; iteration 140; function evaluation 205; phase 4
Function value 2.3448996e+02; maximum gradient component mag 2.7742e+00
Var    Value     Gradient |Var    Value     Gradient |Var    Value     Gradient
  1  0.09289 -2.15437e+00 |  2 -0.01024 -1.13293e+00 |  3 -0.02692 -4.97732e-03
  4 -0.02525 -6.02792e-03 |  5 -0.01825 -3.48977e-03 |  6 -0.01730 -4.32009e-03
  7 -0.01896 -3.98448e-03 |  8 -0.00752 -1.98076e-03 |  9 -0.00231 -3.36774e-03
 10 -0.00154 -1.59575e-03 | 11 -0.00234 -2.48382e-03 | 12 -0.01364 -5.58459e-03
 13 -0.01761 -2.75911e-03 | 14 -0.01298 -7.32553e-03 | 15 -0.01782 -8.86485e-03
 16 -0.01802 -8.45126e-03 | 17 -0.01184 -7.13858e-03 | 18 -0.00991 -7.60959e-03
 19  0.00417 -7.65527e-03 | 20  0.02266 -1.40166e-02 | 21 -0.00920 -6.05700e-03
 22 -0.02366 -5.65792e-03 | 23 -0.01687 -2.16918e-03 | 24 -0.01217 -2.30984e-03
 25 -0.00232 -6.09807e-04 | 26  0.00803 -7.75788e-04 | 27 -0.00141 -1.00914e-03
 28  0.00915 -1.15833e-03 | 29  0.02079  1.34421e-03 | 30  0.01136  1.78864e-03
 31  0.03114  3.39640e-03 | 32  0.05966  3.53154e-03 | 33  0.01284  9.26521e-04
 34  0.02646  1.27239e-03 | 35  0.02629  3.59632e-03 | 36  0.02284  3.09818e-03
 37  0.04023  4.58233e-03 | 38  0.01981  4.41051e-03 | 39 -0.00669  2.62217e-03
 40 -0.01366  3.94455e-03 | 41 -0.02233  4.86897e-03 | 42 -0.00568  4.49706e-03
 43  0.02573  6.90132e-03 | 44  0.01311  3.84588e-03 | 45  0.01426  1.47895e-03
 46  0.00853  1.80962e-04 | 47  0.00659  3.41765e-06 | 48  0.02376  1.94623e-03
 49 -0.00373  1.87441e-03 | 50 -0.02635  1.12021e-03 | 51 -0.02107  2.28595e-03
 52 -0.00984  4.08467e-03 | 53 -0.00114  3.84813e-03 | 54 -0.00137  3.50254e-03
 55 -0.01432  2.63624e-03 | 56 -0.03076  2.41317e-03 | 57 -0.02445  1.37910e-03
 58 -0.01218  3.77310e-03 | 59  0.00776  2.71159e-03 | 60 -0.01227  5.84075e-04
 61 -0.00712  1.10682e-03 | 62 -0.01506 -1.00352e-03 | 63 -0.00729 -6.44556e-04
 64 -0.01213 -2.56316e-03 | 65 -0.01380 -1.93815e-03 | 66 -0.00251 -7.63848e-04
 67 -0.00002 -5.90907e-04 | 68  0.00000  0.00000e+00 | 69 -0.73185 -1.00594e+00
 70  0.24701  1.10500e-02 | 71  0.08086 -1.19193e-02 | 72  0.19171 -7.51277e-02
 73 -0.20126 -1.02766e-03 | 74  0.07151 -1.18721e-04 | 75  0.20613  2.77415e+00
 76  0.01860 -5.97306e-02 | 77  0.16698 -8.66877e-01 | 78 -0.79192 -9.26616e-03
 79 -0.16821 -1.39879e-01 | 80  0.16747  8.77919e-02 | 81  0.05072  2.70124e-02
 82  0.12878 -1.07977e-01 | 83  0.00000 -4.34937e-31 | 84  0.04085  3.20395e-03
 85 -0.05288  2.17330e-02 | 86 -0.23148  6.44932e-05 | 87  0.10374 -2.55128e-02
 88  0.69119  1.91634e-03 | 89 -0.13583  3.56323e-03 | 90  0.11415 -3.49450e-03
 91 -0.64131 -1.64425e-03 |
91 variables; iteration 160; function evaluation 231; phase 4
Function value 2.3448941e+02; maximum gradient component mag 4.7285e+00
Var    Value     Gradient |Var    Value     Gradient |Var    Value     Gradient
  1  0.09289 -1.67108e+00 |  2 -0.01023 -3.38469e-01 |  3 -0.02690  4.72270e-03
  4 -0.02522  1.09666e-02 |  5 -0.01821  1.40204e-02 |  6 -0.01728  4.07931e-04
  7 -0.01893  4.49229e-03 |  8 -0.00751 -4.49149e-03 |  9 -0.00231 -1.42059e-02
 10 -0.00152 -1.90786e-03 | 11 -0.00233 -1.05569e-02 | 12 -0.01364 -8.84443e-03
 13 -0.01761  8.80489e-03 | 14 -0.01298  7.58059e-03 | 15 -0.01781  1.67306e-02
 16 -0.01801  1.26435e-02 | 17 -0.01184  5.24668e-04 | 18 -0.00990  1.39525e-02
 19  0.00415 -9.21369e-04 | 20  0.02268  1.17264e-02 | 21 -0.00920  1.01259e-03
 22 -0.02367 -3.82675e-03 | 23 -0.01687  1.90021e-03 | 24 -0.01217 -1.36063e-02
 25 -0.00232 -3.59012e-02 | 26  0.00801 -5.73490e-02 | 27 -0.00142 -3.84372e-02
 28  0.00915 -2.99728e-02 | 29  0.02078 -4.12027e-02 | 30  0.01135 -2.93614e-02
 31  0.03113 -4.03120e-02 | 32  0.05963 -6.75850e-02 | 33  0.01284 -2.81077e-02
 34  0.02646 -3.49466e-02 | 35  0.02629 -2.84883e-02 | 36  0.02283 -2.85367e-02
 37  0.04023 -2.74559e-02 | 38  0.01980 -2.65717e-02 | 39 -0.00670 -1.81748e-02
 40 -0.01366 -1.65887e-02 | 41 -0.02233 -1.47621e-02 | 42 -0.00568 -1.01493e-02
 43  0.02574 -1.33563e-02 | 44  0.01311 -5.06913e-03 | 45  0.01425 -1.00194e-02
 46  0.00852  1.22690e-03 | 47  0.00659  9.78577e-03 | 48  0.02376  1.53270e-02
 49 -0.00372  2.57278e-02 | 50 -0.02633  3.34015e-02 | 51 -0.02107  2.76651e-02
 52 -0.00984  3.22779e-02 | 53 -0.00113  3.82931e-02 | 54 -0.00136  4.11607e-02
 55 -0.01430  3.59657e-02 | 56 -0.03076  2.55049e-02 | 57 -0.02445  2.28728e-02
 58 -0.01217  3.04624e-02 | 59  0.00777  4.22495e-02 | 60 -0.01226  3.81528e-02
 61 -0.00711  3.40106e-02 | 62 -0.01505  2.60058e-02 | 63 -0.00729  2.25988e-02
 64 -0.01212  2.59229e-02 | 65 -0.01380  1.63579e-02 | 66 -0.00251 -6.16162e-04
 67 -0.00002  1.72411e-04 | 68  0.00000  0.00000e+00 | 69 -0.73196 -3.20216e-01
 70  0.24696 -5.07321e-01 | 71  0.08066 -6.08526e-01 | 72  0.19170  1.74802e-01
 73  0.11526  6.98371e-03 | 74  0.07145  9.11576e-03 | 75  0.20592  4.72853e+00
 76  0.01965  4.51957e-01 | 77  0.16693 -2.41312e-01 | 78 -0.78931 -9.14270e-03
 79 -0.16820 -2.93940e-02 | 80  0.16750 -1.81198e-01 | 81  0.05064 -5.65237e-02
 82  0.12881  2.92838e-01 | 83  0.00000 -8.99215e-31 | 84  0.04084 -3.67795e-03
 85 -0.05289 -2.60929e-02 | 86 -0.19521  2.77309e-03 | 87  0.10374  4.16926e-02
 88  0.69120 -1.99438e-03 | 89 -0.13585 -5.10089e-03 | 90  0.11413 -3.20213e-02
 91 -0.64133  1.08446e-03 |
91 variables; iteration 180; function evaluation 261; phase 4
Function value 2.3448679e+02; maximum gradient component mag 2.0087e+01
Var    Value     Gradient |Var    Value     Gradient |Var    Value     Gradient
  1  0.09290  5.64638e+00 |  2 -0.01027  4.26718e+00 |  3 -0.02689 -1.99117e-02
  4 -0.02521 -2.53944e-02 |  5 -0.01822 -4.09771e-02 |  6 -0.01724 -2.04090e-02
  7 -0.01891 -3.29575e-02 |  8 -0.00748 -4.56255e-02 |  9 -0.00228 -5.96718e-02
 10 -0.00150 -5.06004e-02 | 11 -0.00230 -5.27566e-02 | 12 -0.01362 -4.46021e-02
 13 -0.01763 -3.33321e-02 | 14 -0.01298 -2.30010e-02 | 15 -0.01781 -2.05180e-02
 16 -0.01800 -8.34347e-03 | 17 -0.01183 -1.44108e-02 | 18 -0.00993 -1.94010e-02
 19  0.00415 -2.30409e-02 | 20  0.02269 -2.88520e-02 | 21 -0.00920 -9.78038e-03
 22 -0.02367  4.47349e-03 | 23 -0.01691 -3.18027e-02 | 24 -0.01214 -3.21250e-02
 25 -0.00233 -7.96985e-02 | 26  0.00800 -6.66898e-02 | 27 -0.00145 -3.47353e-02
 28  0.00915 -2.47417e-02 | 29  0.02079 -3.31866e-02 | 30  0.01132 -3.61406e-02
 31  0.03111 -4.23078e-02 | 32  0.05962 -7.77711e-02 | 33  0.01283 -2.83830e-02
 34  0.02644 -3.22108e-02 | 35  0.02630  5.22416e-03 | 36  0.02283 -1.87486e-03
 37  0.04023 -1.13570e-02 | 38  0.01981 -2.47886e-02 | 39 -0.00669 -1.61201e-02
 40 -0.01366 -6.69260e-03 | 41 -0.02235 -3.02455e-04 | 42 -0.00569 -8.38474e-04
 43  0.02574 -2.76815e-02 | 44  0.01310  1.40404e-02 | 45  0.01425  1.99453e-02
 46  0.00852  3.21199e-02 | 47  0.00659  4.18107e-02 | 48  0.02376  2.94171e-02
 49 -0.00371  3.23258e-02 | 50 -0.02633  4.62488e-02 | 51 -0.02105  4.39005e-02
 52 -0.00984  2.36041e-02 | 53 -0.00112  2.38850e-02 | 54 -0.00135  2.11717e-02
 55 -0.01429  4.59526e-02 | 56 -0.03076  3.58822e-02 | 57 -0.02444  4.31354e-02
 58 -0.01218  1.86079e-02 | 59  0.00779  5.30613e-02 | 60 -0.01225  5.43624e-02
 61 -0.00711  4.78654e-02 | 62 -0.01502  7.57770e-02 | 63 -0.00730  4.25299e-02
 64 -0.01212  5.20052e-02 | 65 -0.01379  3.98125e-02 | 66 -0.00250 -5.48260e-05
 67 -0.00001  1.04041e-02 | 68  0.00000  0.00000e+00 | 69 -0.73227  3.80135e+00
 70  0.24685  1.59881e+01 | 71  0.08035  2.00868e+01 | 72  0.19169  2.46453e-01
 73 -0.09961 -6.06460e-03 | 74  0.07141 -9.92722e-02 | 75  0.20493  8.06058e+00
 76  0.02395  2.01186e+00 | 77  0.16664  3.32300e+00 | 78 -0.70342 -6.24817e-03
 79 -0.16801  4.85988e-01 | 80  0.16727  2.60956e-01 | 81  0.05113  2.90940e-01
 82  0.12873  3.91011e-01 | 83  0.00000  1.02239e-30 | 84  0.04082 -1.08677e-01
 85 -0.05292 -4.25186e-02 | 86 -0.40218 -2.28906e-03 | 87  0.10372  3.21315e-02
 88  0.69136  1.98300e-03 | 89 -0.13590 -1.87997e-02 | 90  0.11411 -8.06717e-03
 91 -0.64134  4.13621e-03 |
91 variables; iteration 200; function evaluation 289; phase 4
Function value 2.3448291e+02; maximum gradient component mag 2.1683e+03
Var    Value     Gradient |Var    Value     Gradient |Var    Value     Gradient
  1  0.09294  4.49411e+00 |  2 -0.01035  3.26122e+00 |  3 -0.02680  8.12179e-03
  4 -0.02513 -9.25974e-03 |  5 -0.01813 -1.54259e-02 |  6 -0.01714  1.24822e-02
  7 -0.01880 -9.50493e-03 |  8 -0.00736 -1.22678e-02 |  9 -0.00213 -1.79611e-04
 10 -0.00137 -1.73744e-02 | 11 -0.00220 -1.37979e-02 | 12 -0.01365 -5.42352e-02
 13 -0.01759  1.35657e-02 | 14 -0.01293  2.88148e-02 | 15 -0.01776  1.77923e-02
 16 -0.01797  3.33094e-03 | 17 -0.01179  6.67886e-03 | 18 -0.00993 -6.94302e-03
 19  0.00412 -6.04279e-03 | 20  0.02269 -6.11283e-03 | 21 -0.00921 -3.51161e-02
 22 -0.02370 -7.02268e-03 | 23 -0.01697 -3.53534e-02 | 24 -0.01212 -5.79282e-03
 25 -0.00230 -2.60511e-02 | 26  0.00792 -6.88587e-02 | 27 -0.00157 -9.58283e-02
 28  0.00910 -8.19177e-02 | 29  0.02075 -3.76412e-02 | 30  0.01127 -4.56488e-04
 31  0.03104 -6.92631e-03 | 32  0.05949 -3.35083e-02 | 33  0.01279 -1.22376e-02
 34  0.02645 -3.47978e-02 | 35  0.02625 -5.14270e-02 | 36  0.02284 -3.43204e-02
 37  0.04016 -6.94815e-02 | 38  0.01980 -3.67903e-02 | 39 -0.00668  9.44763e-03
 40 -0.01370  4.32470e-03 | 41 -0.02239  8.81494e-03 | 42 -0.00573  1.55833e-02
 43  0.02579 -3.23559e-03 | 44  0.01307 -1.52872e-02 | 45  0.01420 -6.80175e-03
 46  0.00844 -1.70823e-02 | 47  0.00653 -2.09668e-02 | 48  0.02378 -8.37324e-03
 49 -0.00366  1.05730e-02 | 50 -0.02628  1.87344e-02 | 51 -0.02101  3.09422e-02
 52 -0.00981  2.46469e-02 | 53 -0.00106  5.25167e-02 | 54 -0.00126  6.42353e-02
 55 -0.01423  5.54533e-02 | 56 -0.03072  4.49864e-02 | 57 -0.02440  5.62989e-02
 58 -0.01211  3.69460e-02 | 59  0.00787  6.19127e-02 | 60 -0.01219  4.06677e-02
 61 -0.00705  3.47250e-02 | 62 -0.01501  3.05305e-02 | 63 -0.00728  3.03742e-02
 64 -0.01209  3.93552e-02 | 65 -0.01374  3.22250e-02 | 66 -0.00249 -2.01782e-04
 67 -0.00002  2.55351e-03 | 68  0.00000  0.00000e+00 | 69 -0.73293  2.90679e+00
 70  0.24529  1.67278e+03 | 71  0.08155  2.16828e+03 | 72  0.19137  4.99013e-01
 73 -0.31900 -4.34427e-02 | 74  0.07140 -3.47840e-01 | 75  0.20334  6.92515e+00
 76  0.02999  2.04990e+00 | 77  0.16621  2.43128e+00 | 78 -0.18094 -9.17754e-04
 79 -0.16789  4.37580e-01 | 80  0.16727  9.08866e-01 | 81  0.05108  2.80303e-01
 82  0.12876 -7.33601e-01 | 83  0.00000  9.58132e-31 | 84  0.04078  1.96518e-01
 85 -0.05297  6.10687e-02 | 86 -0.27747 -1.13922e-03 | 87  0.10372 -1.89560e-02
 88  0.69136  6.19541e-04 | 89 -0.13600  2.09675e-02 | 90  0.11396 -3.48054e-02
 91 -0.64144  1.47454e-02 |
91 variables; iteration 220; function evaluation 316; phase 4
Function value 2.3448041e+02; maximum gradient component mag -1.2416e+03
Var    Value     Gradient |Var    Value     Gradient |Var    Value     Gradient
  1  0.09295  1.42282e+01 |  2 -0.01049  7.44709e+00 |  3 -0.02679 -2.72762e-03
  4 -0.02510 -2.21592e-03 |  5 -0.01808  5.18823e-03 |  6 -0.01715 -3.39296e-02
  7 -0.01876 -1.19363e-02 |  8 -0.00731 -8.82413e-03 |  9 -0.00212 -1.90599e-02
 10 -0.00133 -9.75114e-03 | 11 -0.00219 -2.99473e-02 | 12 -0.01360 -6.05701e-03
 13 -0.01759  2.34993e-03 | 14 -0.01296 -2.02881e-02 | 15 -0.01774  1.74136e-03
 16 -0.01795  6.56667e-04 | 17 -0.01179 -3.69915e-03 | 18 -0.00995 -2.51445e-03
 19  0.00412 -5.45220e-03 | 20  0.02270 -1.70109e-02 | 21 -0.00915  1.17047e-02
 22 -0.02376 -2.09951e-02 | 23 -0.01696  2.06371e-02 | 24 -0.01211 -1.60318e-02
 25 -0.00227  8.58819e-04 | 26  0.00787 -2.17474e-02 | 27 -0.00161 -6.14351e-03
 28  0.00911 -1.04912e-03 | 29  0.02075 -1.07664e-02 | 30  0.01123  2.16819e-03
 31  0.03101  1.80364e-03 | 32  0.05946 -3.39541e-03 | 33  0.01278  2.93872e-03
 34  0.02645  1.09058e-02 | 35  0.02626  3.00015e-03 | 36  0.02282 -1.69746e-03
 37  0.04016  2.97026e-03 | 38  0.01983  1.24286e-02 | 39 -0.00667  3.75001e-03
 40 -0.01371 -3.82406e-03 | 41 -0.02241 -5.83520e-03 | 42 -0.00578 -2.68222e-02
 43  0.02582 -8.40674e-03 | 44  0.01304 -7.19421e-03 | 45  0.01417 -3.04136e-03
 46  0.00846  9.88395e-03 | 47  0.00654  4.20821e-03 | 48  0.02379 -3.65951e-03
 49 -0.00364  2.24870e-03 | 50 -0.02627 -7.48525e-04 | 51 -0.02102 -6.54266e-03
 52 -0.00979  1.53878e-02 | 53 -0.00106 -4.42908e-03 | 54 -0.00124 -2.78686e-03
 55 -0.01422 -1.06995e-02 | 56 -0.03071  6.29794e-03 | 57 -0.02443 -1.09961e-02
 58 -0.01206  2.84767e-02 | 59  0.00786 -1.26775e-02 | 60 -0.01217  1.48289e-03
 61 -0.00702  1.13801e-02 | 62 -0.01500 -7.74006e-03 | 63 -0.00726  1.85588e-02
 64 -0.01210  8.06456e-04 | 65 -0.01371  1.39408e-02 | 66 -0.00249 -2.91316e-03
 67 -0.00004 -1.26780e-02 | 68  0.00000  0.00000e+00 | 69 -0.73356  6.70467e+00
 70  0.24511 -9.54918e+02 | 71  0.08169 -1.24157e+03 | 72  0.19134  1.81910e-01
 73 -0.38909  7.91185e-03 | 74  0.07142  7.40436e-03 | 75  0.20135  1.54011e+01
 76  0.03632  6.51669e+00 | 77  0.16563  5.47273e+00 | 78 -0.00532 -2.62520e-05
 79 -0.16812  8.98724e-01 | 80  0.16718 -2.59020e-01 | 81  0.05118 -1.33669e-01
 82  0.12874  1.15050e-01 | 83  0.00000 -1.31992e-30 | 84  0.04075 -6.58655e-03
 85 -0.05302 -3.51368e-02 | 86 -0.23359 -2.25008e-05 | 87  0.10369  1.29699e-02
 88  0.69156 -2.52113e-03 | 89 -0.13607 -8.47595e-03 | 90  0.11392  1.09961e-02
 91 -0.64147 -8.42181e-03 |
91 variables; iteration 240; function evaluation 339; phase 4
Function value 2.3447877e+02; maximum gradient component mag -7.3319e+02
Var    Value     Gradient |Var    Value     Gradient |Var    Value     Gradient
  1  0.09296 -3.50468e+00 |  2 -0.01060 -1.67712e+00 |  3 -0.02675 -6.78052e-03
  4 -0.02506 -1.64973e-03 |  5 -0.01804  7.10211e-04 |  6 -0.01709 -1.14958e-02
  7 -0.01871 -4.96863e-03 |  8 -0.00727 -5.77110e-03 |  9 -0.00207 -5.80437e-03
 10 -0.00129 -4.99823e-03 | 11 -0.00212 -5.86917e-03 | 12 -0.01359 -5.28876e-04
 13 -0.01759  1.42357e-03 | 14 -0.01295 -6.55030e-03 | 15 -0.01773 -6.08001e-03
 16 -0.01793 -3.93556e-03 | 17 -0.01178 -3.95550e-03 | 18 -0.00998  4.12639e-03
 19  0.00409 -3.95639e-03 | 20  0.02276 -1.04708e-02 | 21 -0.00916 -2.70353e-03
 22 -0.02379 -4.97498e-03 | 23 -0.01703  6.11460e-03 | 24 -0.01205 -4.00256e-03
 25 -0.00225 -2.79767e-03 | 26  0.00781 -7.56672e-03 | 27 -0.00168 -1.77515e-03
 28  0.00912 -1.69321e-04 | 29  0.02077 -4.33169e-03 | 30  0.01117 -4.75858e-03
 31  0.03097 -7.11475e-03 | 32  0.05944 -6.14716e-03 | 33  0.01277 -1.26449e-03
 34  0.02645 -3.04320e-04 | 35  0.02624 -4.44688e-03 | 36  0.02281 -2.36434e-03
 37  0.04014 -1.54302e-03 | 38  0.01987  5.18488e-04 | 39 -0.00663 -7.14128e-03
 40 -0.01371 -7.88908e-03 | 41 -0.02245 -7.61795e-03 | 42 -0.00580 -6.09792e-03
 43  0.02586 -4.81537e-04 | 44  0.01299 -5.09297e-05 | 45  0.01417 -2.13237e-03
 46  0.00845  4.85691e-04 | 47  0.00652  3.38636e-03 | 48  0.02380  5.92445e-03
 49 -0.00362  5.40169e-03 | 50 -0.02625  3.23427e-03 | 51 -0.02100  1.73341e-03
 52 -0.00979  9.06475e-03 | 53 -0.00103  7.42163e-03 | 54 -0.00121  6.14786e-03
 55 -0.01420  1.24754e-03 | 56 -0.03071  3.85851e-03 | 57 -0.02441  2.23475e-03
 58 -0.01206  1.23362e-02 | 59  0.00790  4.26291e-03 | 60 -0.01216  5.59238e-03
 61 -0.00700  8.29757e-03 | 62 -0.01497  7.53712e-04 | 63 -0.00727  6.85099e-03
 64 -0.01208  2.87411e-03 | 65 -0.01369  3.79781e-03 | 66 -0.00248  1.02937e-03
 67 -0.00002 -1.82909e-03 | 68  0.00000  0.00000e+00 | 69 -0.73448 -1.49974e+00
 70  0.24540 -5.67728e+02 | 71  0.08146 -7.33187e+02 | 72  0.19143 -1.42187e-02
 73 -0.38464  4.24886e-03 | 74  0.07138  3.37470e-02 | 75  0.19863 -1.85244e+00
 76  0.04320 -1.22941e+00 | 77  0.16483 -1.24868e+00 | 78  0.05462 -3.11665e-04
 79 -0.16801 -1.94550e-01 | 80  0.16707 -2.66334e-01 | 81  0.05139 -1.25722e-01
 82  0.12871  6.52909e-02 | 83  0.00000 -1.27452e-30 | 84  0.04074 -2.16464e-02
 85 -0.05304 -1.26412e-02 | 86 -0.24692 -4.86815e-04 | 87  0.10369  1.26961e-03
 88  0.69159 -2.78269e-03 | 89 -0.13610 -3.89376e-03 | 90  0.11388 -2.05185e-03
 91 -0.64149 -3.46479e-04 |
91 variables; iteration 260; function evaluation 361; phase 4
Function value 2.3447868e+02; maximum gradient component mag -4.2728e+02
Var    Value     Gradient |Var    Value     Gradient |Var    Value     Gradient
  1  0.09296 -1.09297e+00 |  2 -0.01063 -5.37679e-01 |  3 -0.02675 -2.28995e-03
  4 -0.02506 -2.96126e-07 |  5 -0.01805  1.43775e-03 |  6 -0.01708 -4.30521e-03
  7 -0.01871 -1.08482e-03 |  8 -0.00728 -1.53532e-03 |  9 -0.00208 -1.57737e-03
 10 -0.00129 -1.24968e-03 | 11 -0.00212 -1.26670e-03 | 12 -0.01359  8.61760e-04
 13 -0.01760  1.44690e-03 | 14 -0.01295 -1.96423e-03 | 15 -0.01773 -1.90139e-03
 16 -0.01792 -6.99821e-04 | 17 -0.01178 -1.05669e-03 | 18 -0.00999  2.89136e-03
 19  0.00409 -7.25093e-04 | 20  0.02277 -3.74855e-03 | 21 -0.00916 -6.84857e-04
 22 -0.02380 -2.04283e-03 | 23 -0.01704  3.59209e-03 | 24 -0.01204 -6.11660e-04
 25 -0.00225  3.18025e-04 | 26  0.00781 -2.35781e-03 | 27 -0.00169 -1.21078e-03
 28  0.00912  2.31582e-04 | 29  0.02078 -8.63676e-04 | 30  0.01117 -1.56719e-03
 31  0.03097 -2.55104e-03 | 32  0.05945 -1.82347e-03 | 33  0.01278 -5.33149e-04
 34  0.02645 -1.73273e-05 | 35  0.02624 -1.81853e-03 | 36  0.02281 -1.17959e-03
 37  0.04014 -2.94928e-05 | 38  0.01987  1.18868e-03 | 39 -0.00662 -2.47364e-03
 40 -0.01371 -2.88784e-03 | 41 -0.02245 -2.88775e-03 | 42 -0.00581 -2.68019e-03
 43  0.02586  2.78061e-04 | 44  0.01298  1.62445e-04 | 45  0.01417 -1.26713e-03
 46  0.00846 -3.58587e-04 | 47  0.00652  6.67929e-04 | 48  0.02380  2.07501e-03
 49 -0.00362  2.06525e-03 | 50 -0.02626  8.72564e-04 | 51 -0.02100  2.56933e-04
 52 -0.00979  3.45146e-03 | 53 -0.00103  2.91992e-03 | 54 -0.00121  2.22664e-03
 55 -0.01420 -5.47721e-04 | 56 -0.03071  7.81757e-04 | 57 -0.02441 -2.61403e-04
 58 -0.01207  4.50418e-03 | 59  0.00790  7.14368e-04 | 60 -0.01216  9.77421e-04
 61 -0.00701  2.32611e-03 | 62 -0.01496 -1.45441e-03 | 63 -0.00728  1.75347e-03
 64 -0.01209  1.21297e-04 | 65 -0.01369  1.13313e-03 | 66 -0.00248  4.22788e-04
 67 -0.00002 -7.73847e-04 | 68  0.00000  0.00000e+00 | 69 -0.73462 -4.76907e-01
 70  0.24558 -3.32215e+02 | 71  0.08133 -4.27280e+02 | 72  0.19147 -1.13097e-02
 73 -0.34739  3.81370e-03 | 74  0.07134  1.53556e-02 | 75  0.19817 -1.82811e-01
 76  0.04425 -1.63232e-01 | 77  0.16469 -4.14544e-01 | 78 -0.11197 -5.58339e-04
 79 -0.16802 -6.29034e-02 | 80  0.16708 -1.20763e-01 | 81  0.05137 -5.89946e-02
 82  0.12872  3.07203e-02 | 83  0.00000 -9.12417e-31 | 84  0.04074 -7.57652e-03
 85 -0.05304  3.23685e-04 | 86 -0.22776  2.38472e-04 | 87  0.10369 -1.81113e-03
 88  0.69158 -3.74364e-05 | 89 -0.13610  3.42032e-04 | 90  0.11389 -7.44714e-04
 91 -0.64149 -8.62348e-04 |
91 variables; iteration 280; function evaluation 381; phase 4
Function value 2.3447846e+02; maximum gradient component mag -2.3431e+02
Var    Value     Gradient |Var    Value     Gradient |Var    Value     Gradient
  1  0.09296 -3.20557e+00 |  2 -0.01060 -2.18147e+00 |  3 -0.02676  8.05126e-03
  4 -0.02507  9.27673e-03 |  5 -0.01806  1.08734e-02 |  6 -0.01709  1.46841e-02
  7 -0.01873  1.39863e-02 |  8 -0.00729  1.72918e-02 |  9 -0.00209  1.97269e-02
 10 -0.00131  1.95903e-02 | 11 -0.00213  2.24404e-02 | 12 -0.01359  2.06204e-02
 13 -0.01760  3.40911e-03 | 14 -0.01295  7.32111e-03 | 15 -0.01773  5.12917e-03
 16 -0.01793  3.11819e-03 | 17 -0.01178  3.97952e-03 | 18 -0.00999  2.66044e-03
 19  0.00410  7.92522e-03 | 20  0.02277  1.65281e-02 | 21 -0.00916  7.60556e-03
 22 -0.02379  5.97054e-03 | 23 -0.01704  5.37876e-03 | 24 -0.01204  1.19917e-02
 25 -0.00225  2.20418e-02 | 26  0.00782  3.27501e-02 | 27 -0.00167  2.48115e-02
 28  0.00912  1.86212e-02 | 29  0.02078  1.66866e-02 | 30  0.01118  9.58530e-03
 31  0.03098  1.34618e-02 | 32  0.05947  2.41258e-02 | 33  0.01278  7.51207e-03
 34  0.02645  9.89846e-03 | 35  0.02625  8.72020e-03 | 36  0.02281  6.95740e-03
 37  0.04014  1.37222e-02 | 38  0.01987  8.25064e-03 | 39 -0.00662  4.77021e-03
 40 -0.01371  5.68248e-03 | 41 -0.02245  3.73172e-03 | 42 -0.00580  5.31455e-03
 43  0.02585  7.60832e-03 | 44  0.01298  5.81649e-04 | 45  0.01418 -1.53874e-03
 46  0.00846 -5.34315e-03 | 47  0.00652 -7.95020e-03 | 48  0.02379 -8.15759e-03
 49 -0.00363 -1.21246e-02 | 50 -0.02626 -1.38815e-02 | 51 -0.02101 -1.37376e-02
 52 -0.00980 -1.58514e-02 | 53 -0.00104 -1.67834e-02 | 54 -0.00122 -1.77661e-02
 55 -0.01421 -1.69924e-02 | 56 -0.03072 -1.73421e-02 | 57 -0.02441 -1.70680e-02
 58 -0.01208 -2.08706e-02 | 59  0.00789 -2.06485e-02 | 60 -0.01217 -2.04853e-02
 61 -0.00702 -2.11774e-02 | 62 -0.01497 -1.95836e-02 | 63 -0.00728 -2.06668e-02
 64 -0.01209 -1.90307e-02 | 65 -0.01370 -1.82544e-02 | 66 -0.00248 -8.62997e-05
 67 -0.00002  4.78491e-04 | 68  0.00000  0.00000e+00 | 69 -0.73448 -1.97068e+00
 70  0.24577 -1.82980e+02 | 71  0.08118 -2.34313e+02 | 72  0.19151 -1.53178e-01
 73 -0.26818  6.52156e-03 | 74  0.07136  5.64396e-02 | 75  0.19856 -3.84750e+00
 76  0.04336 -2.21222e+00 | 77  0.16480 -1.60352e+00 | 78  0.02945  1.37489e-04
 79 -0.16794 -2.57582e-01 | 80  0.16711  3.84107e-02 | 81  0.05134  1.10545e-02
 82  0.12872 -3.81133e-02 | 83  0.00000 -5.30662e-31 | 84  0.04075  8.86756e-03
 85 -0.05303  4.91987e-03 | 86 -0.23521 -8.63405e-05 | 87  0.10370 -3.93369e-03
 88  0.69155  5.40456e-04 | 89 -0.13608  2.28219e-03 | 90  0.11391  5.65335e-03
 91 -0.64147 -1.12300e-03 |
91 variables; iteration 300; function evaluation 404; phase 4
Function value 2.3447830e+02; maximum gradient component mag -1.8714e+01
Var    Value     Gradient |Var    Value     Gradient |Var    Value     Gradient
  1  0.09294 -9.66317e-02 |  2 -0.01060 -2.20121e-01 |  3 -0.02678  2.28885e-03
  4 -0.02510  3.20585e-03 |  5 -0.01809  3.80074e-03 |  6 -0.01712  4.81537e-03
  7 -0.01876  5.11820e-03 |  8 -0.00733  5.80101e-03 |  9 -0.00213  7.00126e-03
 10 -0.00135  5.61079e-03 | 11 -0.00215  7.46847e-03 | 12 -0.01359  7.37309e-03
 13 -0.01760  1.40053e-03 | 14 -0.01295  3.00303e-03 | 15 -0.01774  1.84509e-03
 16 -0.01794  2.35108e-03 | 17 -0.01180  2.32156e-03 | 18 -0.01000  2.30594e-03
 19  0.00410  3.84931e-03 | 20  0.02278  5.88409e-03 | 21 -0.00917  3.45029e-03
 22 -0.02378  2.69060e-03 | 23 -0.01703  1.56697e-03 | 24 -0.01205  3.54745e-03
 25 -0.00225  6.40244e-03 | 26  0.00784  1.01871e-02 | 27 -0.00164  7.11593e-03
 28  0.00914  5.57088e-03 | 29  0.02080  5.27194e-03 | 30  0.01120  1.87735e-03
 31  0.03100  3.07805e-03 | 32  0.05951  6.92426e-03 | 33  0.01280  2.02282e-03
 34  0.02645  2.91186e-03 | 35  0.02625  2.63009e-03 | 36  0.02281  2.02482e-03
 37  0.04015  3.61206e-03 | 38  0.01988  2.69573e-03 | 39 -0.00661  6.80122e-04
 40 -0.01369  9.44650e-04 | 41 -0.02244  3.85115e-04 | 42 -0.00579  4.02509e-04
 43  0.02585  8.93801e-04 | 44  0.01298  1.24174e-04 | 45  0.01420 -2.24975e-04
 46  0.00848 -1.53969e-03 | 47  0.00654 -1.74716e-03 | 48  0.02379 -1.74919e-03
 49 -0.00365 -3.86531e-03 | 50 -0.02628 -4.76229e-03 | 51 -0.02102 -4.59112e-03
 52 -0.00980 -5.38941e-03 | 53 -0.00106 -5.41454e-03 | 54 -0.00125 -6.03990e-03
 55 -0.01423 -5.70991e-03 | 56 -0.03073 -5.54594e-03 | 57 -0.02442 -5.26778e-03
 58 -0.01210 -6.35884e-03 | 59  0.00787 -6.50669e-03 | 60 -0.01219 -6.12154e-03
 61 -0.00704 -6.39417e-03 | 62 -0.01498 -5.49400e-03 | 63 -0.00728 -5.92291e-03
 64 -0.01210 -5.81052e-03 | 65 -0.01372 -5.24352e-03 | 66 -0.00248  2.50075e-04
 67 -0.00002  4.86063e-04 | 68  0.00000  0.00000e+00 | 69 -0.73437 -2.00721e-01
 70  0.24634 -1.47139e+01 | 71  0.08074 -1.87139e+01 | 72  0.19163 -3.60630e-02
 73 -0.15003  1.96883e-03 | 74  0.07134  1.64213e-02 | 75  0.19874 -4.46211e-01
 76  0.04295 -2.62906e-01 | 77  0.16484 -1.62760e-01 | 78  0.00312  1.54023e-05
 79 -0.16795 -2.58379e-02 | 80  0.16718 -2.55509e-04 | 81  0.05120 -6.93003e-03
 82  0.12874 -1.22346e-02 | 83  0.00000 -6.27533e-31 | 84  0.04077  8.14280e-03
 85 -0.05300 -8.89952e-04 | 86 -0.23333 -1.13852e-05 | 87  0.10370  9.93048e-04
 88  0.69148 -8.69153e-05 | 89 -0.13603 -1.42846e-05 | 90  0.11396  2.04461e-03
 91 -0.64144 -3.19876e-05 |
91 variables; iteration 320; function evaluation 424; phase 4
Function value 2.3447830e+02; maximum gradient component mag -4.0284e+00
Var    Value     Gradient |Var    Value     Gradient |Var    Value     Gradient
  1  0.09294 -1.11111e-01 |  2 -0.01061  2.26401e-02 |  3 -0.02678 -1.32195e-03
  4 -0.02510 -1.65993e-03 |  5 -0.01809 -1.70599e-03 |  6 -0.01713 -3.06638e-03
  7 -0.01876 -2.96084e-03 |  8 -0.00733 -3.09257e-03 |  9 -0.00214 -3.90260e-03
 10 -0.00135 -2.42590e-03 | 11 -0.00216 -3.88099e-03 | 12 -0.01359 -3.77661e-03
 13 -0.01760 -5.19180e-04 | 14 -0.01296 -2.11506e-03 | 15 -0.01774 -1.27769e-03
 16 -0.01794 -2.02478e-03 | 17 -0.01180 -1.91168e-03 | 18 -0.01000 -1.58080e-03
 19  0.00410 -2.69549e-03 | 20  0.02278 -3.71952e-03 | 21 -0.00917 -2.22791e-03
 22 -0.02379 -2.17701e-03 | 23 -0.01703 -2.09015e-04 | 24 -0.01204 -1.79348e-03
 25 -0.00225 -2.81259e-03 | 26  0.00784 -5.42090e-03 | 27 -0.00164 -3.38931e-03
 28  0.00914 -2.70070e-03 | 29  0.02080 -2.86083e-03 | 30  0.01120 -5.97056e-04
 31  0.03100 -1.26153e-03 | 32  0.05952 -3.16041e-03 | 33  0.01280 -7.95253e-04
 34  0.02645 -1.21313e-03 | 35  0.02625 -1.49032e-03 | 36  0.02281 -1.05867e-03
 37  0.04015 -1.26794e-03 | 38  0.01989 -8.99339e-04 | 39 -0.00661 -3.56121e-05
 40 -0.01369 -2.98603e-04 | 41 -0.02244 -2.35060e-04 | 42 -0.00579 -1.01684e-04
 43  0.02585  2.80304e-04 | 44  0.01298 -8.07607e-05 | 45  0.01420 -1.91550e-04
 46  0.00849  6.36027e-04 | 47  0.00654  5.86853e-04 | 48  0.02379  8.00104e-04
 49 -0.00365  2.22360e-03 | 50 -0.02628  2.61412e-03 | 51 -0.02102  2.35892e-03
 52 -0.00980  3.43518e-03 | 53 -0.00106  3.18819e-03 | 54 -0.00125  3.55340e-03
 55 -0.01423  2.88614e-03 | 56 -0.03073  2.84989e-03 | 57 -0.02442  2.41469e-03
 58 -0.01210  3.75010e-03 | 59  0.00787  3.21853e-03 | 60 -0.01219  2.92888e-03
 61 -0.00704  3.30854e-03 | 62 -0.01498  2.02798e-03 | 63 -0.00728  2.80029e-03
 64 -0.01210  2.62206e-03 | 65 -0.01372  2.33893e-03 | 66 -0.00248 -2.11736e-04
 67 -0.00002 -5.79387e-04 | 68  0.00000  0.00000e+00 | 69 -0.73440  2.21742e-02
 70  0.24639 -3.09619e+00 | 71  0.08070 -4.02843e+00 | 72  0.19164  9.26144e-03
 73 -0.14231 -6.67722e-05 | 74  0.07132 -4.59171e-03 | 75  0.19866  1.84966e-01
 76  0.04316  8.24259e-02 | 77  0.16481  1.46158e-02 | 78 -0.00345 -1.70325e-05
 79 -0.16797  3.00354e-03 | 80  0.16717 -1.07972e-02 | 81  0.05123 -5.43032e-05
 82  0.12873  8.85981e-03 | 83  0.00000 -5.90322e-31 | 84  0.04077 -7.89294e-03
 85 -0.05300  1.85119e-03 | 86 -0.23260  1.93044e-05 | 87  0.10370 -2.23109e-03
 88  0.69148  1.40831e-04 | 89 -0.13603  3.93444e-04 | 90  0.11396 -1.28487e-03
 91 -0.64144 -2.68698e-04 |
91 variables; iteration 340; function evaluation 449; phase 4
Function value 2.3447826e+02; maximum gradient component mag -5.3394e+00
Var    Value     Gradient |Var    Value     Gradient |Var    Value     Gradient
  1  0.09295 -5.73343e-01 |  2 -0.01061 -3.75508e-01 |  3 -0.02677  1.07729e-03
  4 -0.02509  1.41241e-03 |  5 -0.01808  1.67357e-03 |  6 -0.01711  2.21296e-03
  7 -0.01875  2.27525e-03 |  8 -0.00732  2.70975e-03 |  9 -0.00212  3.18268e-03
 10 -0.00134  2.73511e-03 | 11 -0.00215  3.45994e-03 | 12 -0.01359  3.36223e-03
 13 -0.01760  4.62859e-04 | 14 -0.01295  1.17497e-03 | 15 -0.01774  6.91881e-04
 16 -0.01794  7.75541e-04 | 17 -0.01179  8.66323e-04 | 18 -0.01000  7.74726e-04
 19  0.00410  1.53587e-03 | 20  0.02278  2.50879e-03 | 21 -0.00916  1.43079e-03
 22 -0.02379  1.17202e-03 | 23 -0.01703  8.48376e-04 | 24 -0.01204  1.88174e-03
 25 -0.00225  3.43048e-03 | 26  0.00783  5.37518e-03 | 27 -0.00165  3.91151e-03
 28  0.00913  3.05081e-03 | 29  0.02080  2.88166e-03 | 30  0.01119  1.33433e-03
 31  0.03099  1.96965e-03 | 32  0.05950  3.78433e-03 | 33  0.01280  1.15137e-03
 34  0.02645  1.60145e-03 | 35  0.02625  1.52213e-03 | 36  0.02281  1.19369e-03
 37  0.04014  2.06017e-03 | 38  0.01988  1.34344e-03 | 39 -0.00661  4.43412e-04
 40 -0.01370  6.40593e-04 | 41 -0.02244  4.62079e-04 | 42 -0.00579  5.83106e-04
 43  0.02585  9.34137e-04 | 44  0.01298  1.96602e-04 | 45  0.01419 -1.37597e-04
 46  0.00848 -8.02997e-04 | 47  0.00653 -1.04666e-03 | 48  0.02379 -1.11213e-03
 49 -0.00364 -1.99525e-03 | 50 -0.02627 -2.36666e-03 | 51 -0.02102 -2.31911e-03
 52 -0.00980 -2.70285e-03 | 53 -0.00105 -2.80975e-03 | 54 -0.00124 -3.09485e-03
 55 -0.01422 -2.90034e-03 | 56 -0.03072 -2.83071e-03 | 57 -0.02442 -2.71811e-03
 58 -0.01209 -3.27912e-03 | 59  0.00787 -3.37841e-03 | 60 -0.01218 -3.20590e-03
 61 -0.00703 -3.35617e-03 | 62 -0.01497 -2.93158e-03 | 63 -0.00728 -3.11513e-03
 64 -0.01210 -2.97304e-03 | 65 -0.01371 -2.71026e-03 | 66 -0.00248  7.01282e-05
 67 -0.00002  1.82229e-04 | 68  0.00000  0.00000e+00 | 69 -0.73444 -3.38588e-01
 70  0.24623 -4.17018e+00 | 71  0.08084 -5.33943e+00 | 72  0.19160 -2.14865e-02
 73 -0.08972  1.20602e-03 | 74  0.07134  8.69503e-03 | 75  0.19856 -6.51916e-01
 76  0.04336 -3.68771e-01 | 77  0.16479 -2.76388e-01 | 78  0.00124  6.10012e-06
 79 -0.16796 -4.47304e-02 | 80  0.16716  3.56592e-03 | 81  0.05124 -8.53868e-04
 82  0.12873 -6.54886e-03 | 83  0.00000 -5.94757e-31 | 84  0.04076  3.13592e-03
 85 -0.05301  1.05964e-04 | 86 -0.23316 -4.00761e-06 | 87  0.10370 -2.15184e-05
 88  0.69150  4.28220e-05 | 89 -0.13604  1.91140e-04 | 90  0.11394  1.13837e-03
 91 -0.64145 -1.27182e-04 |
91 variables; iteration 360; function evaluation 473; phase 4
Function value 2.3447824e+02; maximum gradient component mag -1.6627e+00
Var    Value     Gradient |Var    Value     Gradient |Var    Value     Gradient
  1  0.09295  3.48870e-02 |  2 -0.01061 -7.13091e-03 |  3 -0.02677  2.44298e-04
  4 -0.02509  4.64980e-04 |  5 -0.01808  7.13492e-04 |  6 -0.01711  1.63758e-04
  7 -0.01875  4.64820e-04 |  8 -0.00732  6.20769e-04 |  9 -0.00212  5.90747e-04
 10 -0.00133  9.62447e-04 | 11 -0.00215  8.39047e-04 | 12 -0.01359  9.85816e-04
 13 -0.01760  3.40381e-04 | 14 -0.01295 -5.80417e-07 | 15 -0.01774  1.16555e-04
 16 -0.01794 -7.89317e-05 | 17 -0.01179 -1.00840e-04 | 18 -0.01000  1.76238e-04
 19  0.00410  8.01232e-05 | 20  0.02278  4.13834e-04 | 21 -0.00916  2.47829e-04
 22 -0.02379 -1.81737e-04 | 23 -0.01703  6.62256e-04 | 24 -0.01204  3.71017e-04
 25 -0.00225  9.33395e-04 | 26  0.00783  8.65992e-04 | 27 -0.00165  8.87487e-04
 28  0.00913  7.39465e-04 | 29  0.02080  3.91047e-04 | 30  0.01119  3.03364e-04
 31  0.03099  3.67874e-04 | 32  0.05950  7.90559e-04 | 33  0.01280  2.75889e-04
 34  0.02645  4.36359e-04 | 35  0.02625  1.62337e-04 | 36  0.02281  1.35243e-04
 37  0.04014  7.64570e-04 | 38  0.01988  5.98794e-04 | 39 -0.00661  2.24885e-04
 40 -0.01370  1.47237e-04 | 41 -0.02244 -6.93704e-05 | 42 -0.00579 -5.79883e-05
 43  0.02585  4.12103e-04 | 44  0.01298 -3.58473e-05 | 45  0.01419 -2.26457e-04
 46  0.00848 -1.67541e-04 | 47  0.00653 -2.89515e-04 | 48  0.02379 -1.87161e-04
 49 -0.00364 -2.12074e-04 | 50 -0.02627 -3.54029e-04 | 51 -0.02101 -4.67617e-04
 52 -0.00980 -1.19463e-04 | 53 -0.00105 -3.52324e-04 | 54 -0.00124 -3.97563e-04
 55 -0.01422 -6.93415e-04 | 56 -0.03072 -6.16212e-04 | 57 -0.02442 -8.31495e-04
 58 -0.01209 -3.65522e-04 | 59  0.00787 -8.08194e-04 | 60 -0.01218 -7.76299e-04
 61 -0.00703 -6.39771e-04 | 62 -0.01497 -1.09827e-03 | 63 -0.00728 -7.75453e-04
 64 -0.01210 -8.67037e-04 | 65 -0.01371 -7.63861e-04 | 66 -0.00248 -2.30901e-05
 67 -0.00002 -1.67258e-04 | 68  0.00000  0.00000e+00 | 69 -0.73443 -6.28079e-03
 70  0.24617 -1.30186e+00 | 71  0.08092 -1.66266e+00 | 72  0.19159 -9.18180e-03
 73 -0.03037  9.55244e-04 | 74  0.07134  4.93234e-03 | 75  0.19860  4.15484e-02
 76  0.04327  1.57090e-02 | 77  0.16480 -7.77848e-03 | 78 -0.00170 -8.39872e-06
 79 -0.16797 -6.80556e-04 | 80  0.16715 -7.19443e-03 | 81  0.05126 -2.79478e-03
 82  0.12873  2.52445e-03 | 83  0.00000 -6.05583e-31 | 84  0.04076 -1.60630e-03
 85 -0.05301  3.37507e-04 | 86 -0.23300  2.92530e-06 | 87  0.10370 -5.70370e-04
 88  0.69151  2.56192e-05 | 89 -0.13605  1.33215e-04 | 90  0.11394  4.38396e-05
 91 -0.64145 -1.90401e-04 |
91 variables; iteration 380; function evaluation 496; phase 4
Function value 2.3447824e+02; maximum gradient component mag -1.1549e-02
Var    Value     Gradient |Var    Value     Gradient |Var    Value     Gradient
  1  0.09295  1.83034e-04 |  2 -0.01061 -6.61615e-05 |  3 -0.02677  3.90747e-06
  4 -0.02509  6.66338e-06 |  5 -0.01808  9.10939e-06 |  6 -0.01711  1.88207e-06
  7 -0.01875  5.25046e-06 |  8 -0.00732  4.92197e-06 |  9 -0.00212  2.26505e-06
 10 -0.00133  8.79815e-06 | 11 -0.00215  5.56885e-06 | 12 -0.01359  7.87718e-06
 13 -0.01760  4.08470e-06 | 14 -0.01295  1.13725e-06 | 15 -0.01774  4.79601e-06
 16 -0.01794  1.81242e-06 | 17 -0.01179 -8.80895e-07 | 18 -0.01000  3.69402e-06
 19  0.00410  7.47612e-07 | 20  0.02278  7.37878e-06 | 21 -0.00916  3.27332e-06
 22 -0.02379 -1.97061e-06 | 23 -0.01703  7.66949e-06 | 24 -0.01204  2.75013e-06
 25 -0.00225  4.53721e-06 | 26  0.00783  3.51884e-07 | 27 -0.00165  3.88996e-06
 28  0.00913  4.00259e-06 | 29  0.02080 -1.39189e-06 | 30  0.01119  5.43817e-08
 31  0.03099 -1.09577e-06 | 32  0.05950 -1.80561e-06 | 33  0.01280 -1.01577e-06
 34  0.02645 -4.59340e-07 | 35  0.02625 -1.65361e-06 | 36  0.02281 -2.41531e-06
 37  0.04014  4.87871e-06 | 38  0.01988  2.25835e-06 | 39 -0.00661  6.83091e-07
 40 -0.01370  3.20953e-07 | 41 -0.02244 -1.80955e-06 | 42 -0.00579 -1.03584e-06
 43  0.02585  2.83181e-06 | 44  0.01298 -7.77874e-07 | 45  0.01419 -3.66535e-06
 46  0.00848 -1.34204e-06 | 47  0.00653 -1.82955e-06 | 48  0.02379 -9.89925e-07
 49 -0.00364  1.18677e-06 | 50 -0.02627  1.77009e-06 | 51 -0.02101 -6.31132e-07
 52 -0.00980  2.64830e-06 | 53 -0.00105  5.97605e-07 | 54 -0.00124  7.03227e-07
 55 -0.01422 -2.36128e-06 | 56 -0.03072 -3.36237e-06 | 57 -0.02441 -6.26905e-06
 58 -0.01209 -1.08556e-06 | 59  0.00787 -3.45108e-06 | 60 -0.01218 -3.48210e-06
 61 -0.00703 -2.86641e-06 | 62 -0.01497 -7.88578e-06 | 63 -0.00728 -5.30595e-06
 64 -0.01210 -4.62160e-06 | 65 -0.01371 -5.07874e-06 | 66 -0.00248 -4.78837e-07
 67 -0.00002 -1.66956e-06 | 68  0.00000  0.00000e+00 | 69 -0.73443 -6.15098e-05
 70  0.24616 -9.02547e-03 | 71  0.08095 -1.15487e-02 | 72  0.19159 -6.45273e-05
 73 -0.00007  1.16202e-05 | 74  0.07134  5.46689e-05 | 75  0.19860  4.64696e-04
 76  0.04328  1.79397e-04 | 77  0.16480 -6.60856e-05 | 78 -0.00002 -8.82738e-08
 79 -0.16797 -5.34255e-06 | 80  0.16715 -1.03103e-04 | 81  0.05126 -2.88251e-05
 82  0.12873  1.03585e-04 | 83  0.00000 -5.90454e-31 | 84  0.04076 -2.35265e-05
 85 -0.05301 -3.50047e-06 | 86 -0.23307  1.86190e-08 | 87  0.10370  5.58016e-06
 88  0.69151  1.00955e-07 | 89 -0.13605  3.19078e-07 | 90  0.11394 -2.77469e-06
 91 -0.64145 -2.77602e-06 |

 - final statistics:
91 variables; iteration 383; function evaluation 499
Function value 2.3448e+02; maximum gradient component mag -5.7902e-05
Exit code = 1;  converg criter 1.0000e-04
Var    Value     Gradient |Var    Value     Gradient |Var    Value     Gradient
  1  0.09295 -9.82326e-06 |  2 -0.01061 -5.88563e-07 |  3 -0.02677  7.08980e-09
  4 -0.02509 -2.35169e-09 |  5 -0.01808 -1.23361e-08 |  6 -0.01711 -6.86822e-08
  7 -0.01875 -7.47659e-08 |  8 -0.00732 -1.21435e-07 |  9 -0.00212 -2.08709e-07
 10 -0.00133 -8.06051e-08 | 11 -0.00215 -1.80531e-07 | 12 -0.01359 -1.69531e-07
 13 -0.01760 -1.16132e-08 | 14 -0.01295 -3.54322e-08 | 15 -0.01774  5.27629e-08
 16 -0.01794 -7.75260e-09 | 17 -0.01179 -6.23682e-08 | 18 -0.01000 -2.50699e-08
 19  0.00410 -9.43130e-08 | 20  0.02278 -2.56024e-08 | 21 -0.00916 -5.58512e-08
 22 -0.02379 -6.82745e-08 | 23 -0.01703  4.97322e-09 | 24 -0.01204 -7.10145e-08
 25 -0.00225 -2.03562e-07 | 26  0.00783 -3.60034e-07 | 27 -0.00165 -2.17021e-07
 28  0.00913 -1.62640e-07 | 29  0.02080 -2.11044e-07 | 30  0.01119 -7.80298e-08
 31  0.03099 -1.38443e-07 | 32  0.05950 -3.26103e-07 | 33  0.01280 -1.14836e-07
 34  0.02645 -1.56111e-07 | 35  0.02625 -1.14347e-07 | 36  0.02281 -1.17517e-07
 37  0.04014 -9.27563e-08 | 38  0.01988 -1.20293e-07 | 39 -0.00661 -2.16512e-08
 40 -0.01370 -1.46695e-08 | 41 -0.02244 -1.42747e-08 | 42 -0.00579  1.02854e-08
 43  0.02585 -9.74873e-09 | 44  0.01298 -7.71573e-09 | 45  0.01419 -3.55188e-08
 46  0.00848  3.04951e-08 | 47  0.00653  3.88316e-08 | 48  0.02379  3.60200e-08
 49 -0.00364  1.45434e-07 | 50 -0.02627  2.15316e-07 | 51 -0.02101  1.77713e-07
 52 -0.00980  1.92412e-07 | 53 -0.00105  1.91120e-07 | 54 -0.00124  2.17110e-07
 55 -0.01422  2.06048e-07 | 56 -0.03072  1.51160e-07 | 57 -0.02441  1.23431e-07
 58 -0.01209  1.53131e-07 | 59  0.00787  2.10980e-07 | 60 -0.01218  1.86313e-07
 61 -0.00703  1.73277e-07 | 62 -0.01497  1.37538e-07 | 63 -0.00728  1.26944e-07
 64 -0.01210  1.74063e-07 | 65 -0.01371  1.21018e-07 | 66 -0.00248 -1.60048e-08
 67 -0.00002 -1.48682e-08 | 68  0.00000  0.00000e+00 | 69 -0.73443 -5.66946e-07
 70  0.24616 -4.54684e-05 | 71  0.08095 -5.79020e-05 | 72  0.19159  7.66170e-07
 73 -0.00008  5.85684e-08 | 74  0.07134  8.77696e-09 | 75  0.19860  3.71795e-06
 76  0.04328  1.44655e-06 | 77  0.16480 -2.72586e-07 | 78 -0.00000 -3.55096e-10
 79 -0.16797 -4.94569e-08 | 80  0.16715 -4.95938e-07 | 81  0.05126  3.27482e-07
 82  0.12873  2.12359e-06 | 83  0.00000 -5.90294e-31 | 84  0.04076 -4.77248e-07
 85 -0.05301 -8.45839e-08 | 86 -0.23307 -1.59521e-10 | 87  0.10370  1.89494e-07
 88  0.69151  5.54682e-09 | 89 -0.13605 -6.92957e-09 | 90  0.11394 -1.22697e-07
 91 -0.64145 -2.89725e-08 |
size of file gradfil1.tmp = 0
size of file gradfil2.tmp = 0
size of file varssave.tmp = 0
size of file cmpdiff.tmp = 0
