
Initial statistics: 6 variables; iteration 0; function evaluation 0; phase 1
Function value 2.2454176e+06; maximum gradient component mag -1.7309e+08
Var    Value     Gradient |Var    Value     Gradient |Var    Value     Gradient
  1  0.08523 -1.73090e+08 |  2 -0.00979 -7.36707e+05 |  3  0.00000 -9.55165e+00
  4  0.00000 -2.08904e-01 |  5  0.00000  0.00000e+00 |  6 -0.73077  1.32639e+04

Intermediate statistics: 6 variables; iteration 20; function evaluation 43; phase 1
Function value 3.4246972e+02; maximum gradient component mag -1.0653e+04
Var    Value     Gradient |Var    Value     Gradient |Var    Value     Gradient
  1  0.09329 -1.06530e+04 |  2 -0.09145 -5.68548e+02 |  3 332.0007  7.97713e-01
  4 -188.0033 -2.52924e+00 |  5  0.00000  0.00000e+00 |  6 -0.64350 -2.77333e+02
6 variables; iteration 40; function evaluation 65; phase 1
Function value 3.3219890e+02; maximum gradient component mag -6.0279e+03
Var    Value     Gradient |Var    Value     Gradient |Var    Value     Gradient
  1  0.09457 -6.02795e+03 |  2  0.04514  3.69440e+02 |  3 331.9997  6.96304e-02
  4 -187.9999  4.84802e-02 |  5  0.00000  0.00000e+00 |  6 -0.80139  2.87173e+02
6 variables; iteration 60; function evaluation 89; phase 1
Function value 3.0584959e+02; maximum gradient component mag -3.0545e+01
Var    Value     Gradient |Var    Value     Gradient |Var    Value     Gradient
  1  0.10476 -3.05449e+01 |  2 -0.02178 -7.90646e+00 |  3 331.9997  3.89651e-04
  4 -188.0000  1.82365e-04 |  5  0.00000  0.00000e+00 |  6 -0.75939 -1.10888e+01

 - final statistics:
6 variables; iteration 63; function evaluation 92
Function value 3.0585e+02; maximum gradient component mag -1.7159e+00
Exit code = 1;  converg criter 1.0000e+01
Var    Value     Gradient |Var    Value     Gradient |Var    Value     Gradient
  1  0.10480 -1.71588e+00 |  2 -0.02347 -9.81115e-01 |  3 331.9997  6.49568e-06
  4 -188.0000 -4.82791e-05 |  5  0.00000  0.00000e+00 |  6 -0.75774 -9.58732e-01

Initial statistics: 60 variables; iteration 0; function evaluation 0; phase 2
Function value 3.0584653e+02; maximum gradient component mag -2.9911e+02
Var    Value     Gradient |Var    Value     Gradient |Var    Value     Gradient
  1  0.10480 -1.71588e+00 |  2 -0.02347 -9.81115e-01 |  3  0.00000  1.29939e+02
  4  0.00000  1.38510e+02 |  5  0.00000  1.43851e+02 |  6  0.00000  1.48488e+02
  7  0.00000  1.51716e+02 |  8  0.00000  1.55927e+02 |  9  0.00000  1.58005e+02
 10  0.00000  1.78892e+02 | 11  0.00000  1.94437e+02 | 12  0.00000  1.81304e+02
 13  0.00000  1.50096e+02 | 14  0.00000  1.01636e+02 | 15  0.00000  4.53572e+01
 16  0.00000 -3.28453e+00 | 17  0.00000 -5.83979e+01 | 18  0.00000 -1.19907e+02
 19  0.00000 -1.68423e+02 | 20  0.00000 -2.22447e+02 | 21  0.00000 -2.69743e+02
 22  0.00000 -2.74251e+02 | 23  0.00000 -2.84264e+02 | 24  0.00000 -2.99111e+02
 25  0.00000 -2.90713e+02 | 26  0.00000 -2.74020e+02 | 27  0.00000 -2.10527e+02
 28  0.00000 -1.33140e+02 | 29  0.00000 -7.66866e+01 | 30  0.00000 -6.23955e+01
 31  0.00000 -9.65219e+01 | 32  0.00000 -1.35705e+02 | 33  0.00000 -1.32014e+02
 34  0.00000 -8.92730e+01 | 35  0.00000 -4.02004e+01 | 36  0.00000 -1.07591e+01
 37  0.00000 -4.93304e-01 | 38  0.00000  3.18164e+01 | 39  0.00000  9.36505e+01
 40  0.00000  1.13326e+02 | 41  0.00000  1.02627e+02 | 42  0.00000  8.36068e+01
 43  0.00000  8.45529e+01 | 44  0.00000  9.82690e+01 | 45  0.00000  1.38859e+02
 46  0.00000  1.33700e+02 | 47  0.00000  1.02642e+02 | 48  0.00000  6.89195e+01
 49  0.00000  6.74518e+01 | 50  0.00000  6.98329e+01 | 51  0.00000  6.54175e+01
 52  0.00000  5.06260e+01 | 53  0.00000  3.18758e+01 | 54  0.00000  2.04595e+01
 55  0.00000  1.64861e+01 | 56 -0.00028  6.49568e-06 | 57 -0.00000 -4.82791e-05
 58  0.00000  0.00000e+00 | 59 -0.75774 -9.58732e-01 | 60  0.12482  1.48766e+02

Intermediate statistics: 60 variables; iteration 20; function evaluation 31; phase 2
Function value 2.5001223e+02; maximum gradient component mag -1.4143e+03
Var    Value     Gradient |Var    Value     Gradient |Var    Value     Gradient
  1  0.08659 -1.41433e+03 |  2  0.01042 -1.06607e+03 |  3 -0.04725 -3.29757e+01
  4 -0.03335 -2.37544e+01 |  5 -0.02024 -1.10714e+01 |  6 -0.01022  3.58494e+00
  7  0.00063  1.97429e+01 |  8  0.01088  3.54363e+01 |  9  0.02698  4.75142e+01
 10  0.00687  3.75170e+01 | 11 -0.01680  1.79211e+01 | 12 -0.01991  9.26591e+00
 13 -0.01697  1.14755e+01 | 14 -0.00056  2.78427e+01 | 15  0.02084  4.40831e+01
 16  0.01155  2.52092e+01 | 17  0.00802  5.14569e+00 | 18  0.03243 -4.18526e+00
 19 -0.00525 -3.00522e+01 | 20  0.00129 -2.66029e+01 | 21  0.08533 -2.22353e+01
 22 -0.00666 -5.09840e+01 | 23 -0.03670 -6.94568e+01 | 24  0.05592 -3.86888e+01
 25  0.00507 -2.30678e+01 | 26  0.06864  8.41522e-01 | 27  0.02874 -2.71376e+01
 28 -0.03341 -6.63239e+01 | 29 -0.03227 -7.70476e+01 | 30 -0.04212 -7.11399e+01
 31 -0.00012 -3.11121e+01 | 32  0.03795  2.05680e+01 | 33  0.03521  2.93577e+01
 34  0.00891  4.17767e+00 | 35 -0.00499 -6.38666e+00 | 36  0.00567  1.09250e+01
 37  0.03339  4.58377e+01 | 38  0.02118  4.32439e+01 | 39 -0.02791  5.24562e+00
 40 -0.02589  4.45256e+00 | 41 -0.00560  2.50459e+01 | 42  0.01422  4.74693e+01
 43  0.00946  4.33176e+01 | 44  0.00479  2.86222e+01 | 45 -0.03618 -4.77541e+00
 46 -0.03075 -4.80566e+00 | 47 -0.01037  9.15232e+00 | 48  0.02174  2.79750e+01
 49  0.00657  1.70277e+01 | 50 -0.00470  2.56827e-01 | 51 -0.00901 -1.43018e+01
 52 -0.00958 -2.47071e+01 | 53 -0.01686 -3.04738e+01 | 54 -0.03044 -3.18871e+01
 55 -0.03011 -2.79465e+01 | 56 -0.00054 -1.06344e-01 | 57  0.00000  3.49150e-04
 58  0.00000  0.00000e+00 | 59 -0.75781 -1.10303e+03 | 60  0.12230  2.00287e+01
60 variables; iteration 40; function evaluation 61; phase 2
Function value 2.3810400e+02; maximum gradient component mag -1.1162e+03
Var    Value     Gradient |Var    Value     Gradient |Var    Value     Gradient
  1  0.08525 -1.11620e+03 |  2  0.00020 -2.82908e+02 |  3 -0.02759  9.60301e+00
  4 -0.01944  1.60733e+01 |  5 -0.01156  2.22194e+01 |  6 -0.00938  2.09268e+01
  7 -0.00732  1.56470e+01 |  8 -0.00513  9.66108e+00 |  9  0.01464  1.04278e+01
 10 -0.00674  9.59157e+00 | 11 -0.02431  7.04270e+00 | 12 -0.02263  4.06398e+00
 13 -0.02211 -1.13144e+00 | 14 -0.00656 -5.28998e-01 | 15  0.01799 -3.64974e+00
 16  0.00271 -1.25088e+01 | 17  0.00999 -9.69619e+00 | 18  0.03143 -1.40927e+01
 19  0.00340 -1.74311e+01 | 20  0.01349 -1.51962e+01 | 21  0.06945 -2.47856e+01
 22  0.00646 -2.06273e+01 | 23  0.01325 -2.05470e+01 | 24  0.04741 -1.70231e+01
 25  0.00316 -2.10838e+01 | 26  0.05425 -3.11428e+01 | 27  0.00610 -2.64110e+01
 28  0.00720 -1.41316e+01 | 29 -0.01227 -1.74069e+01 | 30 -0.02190 -1.96158e+01
 31  0.00306 -1.64108e+01 | 32  0.02050 -2.09102e+01 | 33  0.02501 -6.13872e+00
 34  0.01405  4.44717e+00 | 35  0.00149  2.48163e+00 | 36 -0.00462 -2.05033e+00
 37  0.02444  3.86673e+00 | 38  0.00684 -1.38741e+00 | 39 -0.02374  3.04329e+00
 40 -0.02477  4.75884e+00 | 41 -0.01023  1.18571e+01 | 42  0.00457  1.74156e+01
 43  0.00047  1.92418e+01 | 44 -0.00318  1.61895e+01 | 45 -0.03434  8.78783e+00
 46 -0.02855  9.54395e+00 | 47 -0.01423  1.09815e+01 | 48  0.00676  8.00056e+00
 49 -0.00265  9.27430e+00 | 50 -0.00940  8.68288e+00 | 51 -0.00957  9.11192e+00
 52 -0.00815  9.56716e+00 | 53 -0.00981  1.04971e+01 | 54 -0.01496  1.06303e+01
 55 -0.01318  1.01218e+01 | 56 -0.00044  3.99517e-02 | 57  0.00000  3.22801e-05
 58  0.00000  0.00000e+00 | 59 -0.74262 -2.86860e+02 | 60  0.12540 -1.25018e+01
60 variables; iteration 60; function evaluation 95; phase 2
Function value 2.3707729e+02; maximum gradient component mag -7.0412e+01
Var    Value     Gradient |Var    Value     Gradient |Var    Value     Gradient
  1  0.08573 -7.04125e+01 |  2 -0.01588 -2.10757e+01 |  3 -0.02468  2.60115e+00
  4 -0.02113  1.77447e+00 |  5 -0.01879 -1.40987e-01 |  6 -0.01511 -4.64792e-01
  7 -0.00905 -3.37933e-02 |  8 -0.00146  1.17334e+00 |  9  0.01479  1.07534e+00
 10 -0.00883  6.31358e-01 | 11 -0.02473  1.40987e+00 | 12 -0.02172  2.92299e+00
 13 -0.01784  2.42956e+00 | 14 -0.00685  2.96600e-01 | 15  0.00995 -1.54039e+00
 16  0.00937  9.26428e-03 | 17  0.00934 -1.56583e+00 | 18  0.02604 -3.79473e-01
 19  0.01259  3.77772e-01 | 20  0.01588 -1.45416e+00 | 21  0.05995  4.23859e-01
 22  0.02147 -7.48680e-02 | 23  0.01917 -1.68889e+00 | 24  0.03373 -1.69843e+00
 25  0.01947 -1.11879e+00 | 26  0.04611 -1.85498e+00 | 27  0.01855 -2.27920e+00
 28 -0.00138 -2.53365e+00 | 29 -0.01230 -3.10038e+00 | 30 -0.01464 -1.13837e+00
 31 -0.00358 -3.52043e+00 | 32  0.02737 -2.81302e+00 | 33  0.01848 -5.75991e+00
 34  0.01091 -2.16332e-01 | 35  0.00264  8.25526e-01 | 36  0.00082 -8.42762e-01
 37  0.01750 -9.85767e-01 | 38  0.00956  4.63919e-01 | 39 -0.02153  3.90826e+00
 40 -0.02312  2.37114e+00 | 41 -0.01107  2.07416e+00 | 42  0.00148 -5.05912e-01
 43 -0.00348 -3.70059e-01 | 44 -0.00448  2.34392e+00 | 45 -0.03198  3.35047e+00
 46 -0.02727  4.34387e+00 | 47 -0.01702  2.29241e+00 | 48  0.00929  3.50633e+00
 49 -0.00451  1.35092e+00 | 50 -0.00891  2.51540e+00 | 51 -0.00942  3.00640e+00
 52 -0.00783  3.30714e+00 | 53 -0.01006  2.92632e+00 | 54 -0.01625  1.57055e+00
 55 -0.01489  7.56355e-01 | 56 -0.00051 -1.87190e-02 | 57 -0.00000 -1.82713e-05
 58  0.00000  0.00000e+00 | 59 -0.72490 -1.60892e+01 | 60  0.12618 -3.96701e-01
Maximum number of function evaluations exceeded

 - final statistics:
60 variables; iteration 63; function evaluation 100
Function value 2.3705e+02; maximum gradient component mag 6.1406e+01
Exit code = 3;  converg criter 1.0000e+01
Var    Value     Gradient |Var    Value     Gradient |Var    Value     Gradient
  1  0.08566  5.89127e+01 |  2 -0.01561  6.14057e+01 |  3 -0.02555  1.24825e+00
  4 -0.02135  1.17674e+00 |  5 -0.01823  2.19341e-01 |  6 -0.01508 -3.64160e-01
  7 -0.00854  4.03115e-01 |  8 -0.00176  8.47932e-01 |  9  0.01480  7.13171e-01
 10 -0.00814  7.11100e-01 | 11 -0.02495  5.45857e-01 | 12 -0.02222  1.47022e+00
 13 -0.01810  1.20039e+00 | 14 -0.00684 -5.73746e-01 | 15  0.01062 -2.09104e+00
 16  0.00862 -1.21434e+00 | 17  0.01020 -1.45709e+00 | 18  0.02573 -1.05850e+00
 19  0.01247 -1.42872e-01 | 20  0.01724 -1.54844e+00 | 21  0.05892 -1.85987e+00
 22  0.02080 -1.26925e+00 | 23  0.02059 -8.99705e-01 | 24  0.03357 -1.32050e+00
 25  0.01952 -8.62205e-01 | 26  0.04579 -1.66175e+00 | 27  0.01888 -1.44684e+00
 28 -0.00096 -1.39222e+00 | 29 -0.01178 -1.81610e+00 | 30 -0.01522 -7.86953e-01
 31 -0.00249 -2.02546e+00 | 32  0.02581 -2.49337e+00 | 33  0.02089 -3.52401e+00
 34  0.00971 -8.51718e-01 | 35  0.00176 -6.35436e-02 | 36  0.00141 -3.30070e-01
 37  0.01790 -3.18309e-01 | 38  0.01001  4.46591e-01 | 39 -0.02263  1.98975e+00
 40 -0.02338  9.96728e-01 | 41 -0.01161  1.09632e+00 | 42  0.00233  5.78047e-01
 43 -0.00317  4.74971e-01 | 44 -0.00439  2.14751e+00 | 45 -0.03268  1.80196e+00
 46 -0.02812  2.48120e+00 | 47 -0.01680  1.77779e+00 | 48  0.00923  3.19312e+00
 49 -0.00407  1.68701e+00 | 50 -0.00894  2.25707e+00 | 51 -0.00966  2.20254e+00
 52 -0.00807  2.39658e+00 | 53 -0.01050  2.22977e+00 | 54 -0.01626  1.71049e+00
 55 -0.01503  9.44075e-01 | 56 -0.00051 -1.34660e-02 | 57 -0.00000 -1.85645e-05
 58  0.00000  0.00000e+00 | 59 -0.72487  5.40368e+01 | 60  0.12602 -3.08385e+00

Initial statistics: 81 variables; iteration 0; function evaluation 0; phase 3
Function value 2.3705365e+02; maximum gradient component mag -8.4118e+01
Var    Value     Gradient |Var    Value     Gradient |Var    Value     Gradient
  1  0.08566  5.89127e+01 |  2 -0.01561  6.14057e+01 |  3 -0.02555  1.10561e+00
  4 -0.02135  1.03407e+00 |  5 -0.01823  7.66449e-02 |  6 -0.01508 -5.06875e-01
  7 -0.00854  2.60372e-01 |  8 -0.00176  7.05178e-01 |  9  0.01480  5.70455e-01
 10 -0.00814  5.68357e-01 | 11 -0.02495  4.03212e-01 | 12 -0.02222  1.32755e+00
 13 -0.01811  1.05769e+00 | 14 -0.00685 -7.16493e-01 | 15  0.01062 -2.23378e+00
 16  0.00861 -1.35708e+00 | 17  0.01020 -1.59982e+00 | 18  0.02573 -1.20113e+00
 19  0.01246 -2.85600e-01 | 20  0.01724 -1.69114e+00 | 21  0.05892 -2.00201e+00
 22  0.02080 -1.41193e+00 | 23  0.02059 -1.04239e+00 | 24  0.03357 -1.46306e+00
 25  0.01952 -1.00489e+00 | 26  0.04578 -1.80413e+00 | 27  0.01888 -1.58953e+00
 28 -0.00096 -1.53497e+00 | 29 -0.01179 -1.95883e+00 | 30 -0.01522 -9.29667e-01
 31 -0.00249 -2.16821e+00 | 32  0.02581 -2.63601e+00 | 33  0.02088 -3.66669e+00
 34  0.00971 -9.94456e-01 | 35  0.00175 -2.06298e-01 | 36  0.00140 -4.72825e-01
 37  0.01789 -4.61007e-01 | 38  0.01000  3.03854e-01 | 39 -0.02263  1.84708e+00
 40 -0.02339  8.54069e-01 | 41 -0.01162  9.53592e-01 | 42  0.00233  4.35293e-01
 43 -0.00317  3.32218e-01 | 44 -0.00439  2.00476e+00 | 45 -0.03268  1.65939e+00
 46 -0.02812  2.33859e+00 | 47 -0.01680  1.63509e+00 | 48  0.00923  3.05038e+00
 49 -0.00408  1.54426e+00 | 50 -0.00894  2.11432e+00 | 51 -0.00966  2.05980e+00
 52 -0.00807  2.25384e+00 | 53 -0.01051  2.08703e+00 | 54 -0.01626  1.56778e+00
 55 -0.01503  8.01360e-01 | 56 -0.00051 -1.34660e-02 | 57 -0.00000 -1.85645e-05
 58  0.00000  0.00000e+00 | 59 -0.72487  5.40368e+01 | 60  0.30485  2.19761e+01
 61 -0.05755  2.90674e-04 | 62  0.20351 -8.41182e+01 | 63  0.00000  1.34875e-30
 64  0.08598  5.56572e+00 | 65  0.22266 -1.88920e+01 | 66 -0.05607  5.01764e-04
 67  0.17264  1.81858e+01 | 68 -0.00001 -3.24300e-08 | 69 -0.17158  7.58602e+00
 70  0.18064 -1.56915e+01 | 71  0.00681 -2.82685e-01 | 72  0.13427  3.52453e+01
 73  0.00000 -6.77864e-30 | 74  0.04548 -2.15756e+00 | 75 -0.04995  1.03159e+01
 76 -0.22492  4.17175e-04 | 77  0.10702 -8.88157e+00 | 78  0.66981  1.27601e+00
 79 -0.12276  5.55839e+00 | 80  0.12602 -3.08385e+00 | 81 -0.63224  4.41117e-01

Intermediate statistics: 81 variables; iteration 20; function evaluation 28; phase 3
Function value 2.3677101e+02; maximum gradient component mag -2.4100e+02
Var    Value     Gradient |Var    Value     Gradient |Var    Value     Gradient
  1  0.08696 -2.40997e+02 |  2 -0.01335 -5.92419e+01 |  3 -0.02475  1.54374e+00
  4 -0.02103  1.35649e+00 |  5 -0.01694  1.55158e+00 |  6 -0.01304  1.78726e+00
  7 -0.00766  1.63859e+00 |  8 -0.00198  1.28415e+00 |  9  0.01422  9.45458e-01
 10 -0.00704  1.59842e+00 | 11 -0.02386  1.71451e+00 | 12 -0.02289  1.21962e+00
 13 -0.01893  7.20769e-01 | 14 -0.00621  1.16534e-01 | 15  0.01043 -1.54192e+00
 16  0.00593 -2.24791e+00 | 17  0.00975 -1.55170e+00 | 18  0.02422 -1.94115e+00
 19  0.01151 -8.65418e-01 | 20  0.01930 -5.85335e-01 | 21  0.05517 -3.36404e+00
 22  0.02150 -1.14770e+00 | 23  0.01939 -1.46451e+00 | 24  0.03365 -1.63290e+00
 25  0.02047 -1.30589e+00 | 26  0.04457 -3.90623e+00 | 27  0.01831 -3.28802e+00
 28 -0.00138 -2.59768e+00 | 29 -0.01198 -2.29603e+00 | 30 -0.01676 -2.20097e+00
 31 -0.00275 -2.62271e+00 | 32  0.02296 -4.67825e+00 | 33  0.02379 -3.34123e+00
 34  0.00838 -3.06637e+00 | 35  0.00063 -1.84058e+00 | 36  0.00141 -7.92744e-01
 37  0.01775 -5.55648e-01 | 38  0.01080  4.04185e-01 | 39 -0.02282  9.14334e-01
 40 -0.02263  7.42299e-01 | 41 -0.01203 -5.33646e-02 | 42  0.00240 -2.95776e-01
 43 -0.00118  7.31229e-01 | 44 -0.00425  8.62322e-01 | 45 -0.03195  1.25486e+00
 46 -0.02855  9.80642e-01 | 47 -0.01554  1.20196e+00 | 48  0.00848  7.61656e-01
 49 -0.00275  1.21878e+00 | 50 -0.00904  1.02220e+00 | 51 -0.00971  1.14210e+00
 52 -0.00867  1.29867e+00 | 53 -0.01057  1.80427e+00 | 54 -0.01548  2.16579e+00
 55 -0.01289  2.39261e+00 | 56 -0.00052 -3.32006e-03 | 57 -0.00000 -3.29164e-05
 58  0.00000  0.00000e+00 | 59 -0.73344 -5.24734e+01 | 60  0.28790 -8.79160e+00
 61 -0.05705 -5.13268e-02 | 62  0.20205  3.07727e+01 | 63  0.00000 -2.99558e-29
 64  0.07634 -3.39802e+00 | 65  0.21475  3.39815e+01 | 66 -0.05546 -8.87532e-03
 67  0.17188 -4.84895e+01 | 68 -0.00001 -3.24282e-08 | 69 -0.18306 -6.47494e+00
 70  0.17777  6.65752e+00 | 71  0.00822 -1.33799e-02 | 72  0.13322 -1.50069e+01
 73  0.00000 -1.30554e-30 | 74  0.04445  1.35134e+00 | 75 -0.05186  1.04105e+01
 76 -0.22492  4.03143e-04 | 77  0.10633 -1.11690e+01 | 78  0.67695  7.37591e-01
 79 -0.12732  1.93868e+00 | 80  0.12276 -8.61662e+00 | 81 -0.63359  3.11858e+00
81 variables; iteration 40; function evaluation 61; phase 3
Function value 2.3674117e+02; maximum gradient component mag -1.6003e+02
Var    Value     Gradient |Var    Value     Gradient |Var    Value     Gradient
  1  0.08710 -1.60026e+02 |  2 -0.01422 -3.83720e+01 |  3 -0.02456  6.01390e-01
  4 -0.02054  8.62186e-01 |  5 -0.01645  1.03083e+00 |  6 -0.01282  7.93750e-01
  7 -0.00767  2.25514e-01 |  8 -0.00217 -3.82242e-01 |  9  0.01432 -7.27745e-01
 10 -0.00733 -5.61764e-01 | 11 -0.02385 -2.23265e-01 | 12 -0.02301 -7.64520e-01
 13 -0.01906 -1.24529e+00 | 14 -0.00644 -1.86737e+00 | 15  0.01038 -2.97601e+00
 16  0.00616 -3.24292e+00 | 17  0.00909 -3.35510e+00 | 18  0.02413 -3.54465e+00
 19  0.01140 -2.38358e+00 | 20  0.01914 -1.78496e+00 | 21  0.05484 -3.77320e+00
 22  0.02174 -1.28310e+00 | 23  0.01922 -1.66085e+00 | 24  0.03364 -1.54267e+00
 25  0.02055 -1.18269e+00 | 26  0.04451 -2.87396e+00 | 27  0.01832 -2.40649e+00
 28 -0.00146 -2.00158e+00 | 29 -0.01191 -1.67271e+00 | 30 -0.01661 -1.68028e+00
 31 -0.00323 -2.31799e+00 | 32  0.02348 -3.54072e+00 | 33  0.02307 -3.38855e+00
 34  0.00885 -2.68942e+00 | 35  0.00082 -1.81594e+00 | 36  0.00108 -1.37185e+00
 37  0.01784 -9.00260e-01 | 38  0.01071 -2.19788e-01 | 39 -0.02273  8.73817e-02
 40 -0.02270 -2.25460e-01 | 41 -0.01213 -9.32016e-01 | 42  0.00246 -1.04494e+00
 43 -0.00151 -4.11395e-01 | 44 -0.00390  5.40699e-01 | 45 -0.03167  1.10755e+00
 46 -0.02801  1.33948e+00 | 47 -0.01559  1.17678e+00 | 48  0.00904  1.37575e+00
 49 -0.00289  8.96182e-01 | 50 -0.00877  7.51365e-01 | 51 -0.00974  4.84072e-01
 52 -0.00859  5.03783e-01 | 53 -0.01063  5.53010e-01 | 54 -0.01589  4.00869e-01
 55 -0.01394  1.12824e-01 | 56 -0.00053 -6.83871e-03 | 57 -0.00000 -2.65762e-05
 58  0.00000  0.00000e+00 | 59 -0.73356 -3.24545e+01 | 60  0.28695  3.03765e+00
 61 -0.01895  3.19692e-01 | 62  0.20195  1.98550e+01 | 63  0.00000  6.02864e-30
 64  0.07768 -1.14748e+00 | 65  0.21391  2.35714e+01 | 66 -0.01531  8.39410e-02
 67  0.17189 -2.90368e+01 | 68 -0.00001 -3.23339e-08 | 69 -0.17962 -4.13546e+00
 70  0.17537  3.05524e+00 | 71  0.03180  2.65795e-01 | 72  0.13266 -4.83502e+00
 73  0.00000  2.27164e-30 | 74  0.04468  1.93411e+00 | 75 -0.05338  4.03308e+00
 76 -0.22497  3.37123e-04 | 77  0.10586 -3.52842e+00 | 78  0.68330  8.24602e-01
 79 -0.12833  1.82202e+00 | 80  0.12293 -4.70537e+00 | 81 -0.63347  1.74530e+00
81 variables; iteration 60; function evaluation 93; phase 3
Function value 2.3671207e+02; maximum gradient component mag -1.6162e+02
Var    Value     Gradient |Var    Value     Gradient |Var    Value     Gradient
  1  0.08738 -1.61623e+02 |  2 -0.01441 -7.82418e+01 |  3 -0.02457 -3.77200e-01
  4 -0.02090 -6.38500e-01 |  5 -0.01692 -7.91558e-01 |  6 -0.01282 -6.43416e-01
  7 -0.00777 -9.69645e-01 |  8 -0.00198 -7.55694e-01 |  9  0.01478 -4.13367e-01
 10 -0.00719 -6.13165e-01 | 11 -0.02412 -7.44112e-01 | 12 -0.02311 -8.31299e-01
 13 -0.01857 -3.64047e-01 | 14 -0.00650 -8.99555e-01 | 15  0.01019 -1.04261e+00
 16  0.00564 -1.09123e+00 | 17  0.00938 -2.27922e-01 | 18  0.02428 -2.75544e-01
 19  0.01140 -6.15661e-01 | 20  0.01790 -7.21533e-01 | 21  0.05583 -3.10109e-01
 22  0.02047 -1.24116e-01 | 23  0.01970 -1.56353e-02 | 24  0.03337 -5.59258e-01
 25  0.01966 -8.03173e-01 | 26  0.04465 -5.14435e-01 | 27  0.01839  1.82452e-02
 28 -0.00178 -1.99852e-01 | 29 -0.01199  1.70932e-01 | 30 -0.01696 -5.44249e-02
 31 -0.00336  3.22745e-01 | 32  0.02389  7.57580e-01 | 33  0.02304  8.04662e-02
 34  0.00902 -1.11593e-01 | 35  0.00094  2.29151e-02 | 36  0.00151  8.36725e-02
 37  0.01748 -4.17297e-01 | 38  0.01075 -1.81576e-01 | 39 -0.02304 -4.22866e-01
 40 -0.02256  1.33382e-01 | 41 -0.01174  3.91524e-01 | 42  0.00298  5.87201e-01
 43 -0.00128 -1.79302e-02 | 44 -0.00343  1.36219e-01 | 45 -0.03191 -3.99757e-01
 46 -0.02885 -7.92640e-01 | 47 -0.01547 -3.48672e-02 | 48  0.00947  3.53526e-01
 49 -0.00336 -5.00944e-01 | 50 -0.00833  3.74982e-01 | 51 -0.00952  1.91843e-01
 52 -0.00853  1.46051e-01 | 53 -0.01045  1.29543e-01 | 54 -0.01523  2.35148e-01
 55 -0.01267  3.63723e-01 | 56 -0.00053 -5.72232e-03 | 57 -0.00000 -9.86542e-05
 58  0.00000  0.00000e+00 | 59 -0.73462 -6.76444e+01 | 60  0.28632  9.75952e+00
 61 -0.01424  4.50852e-01 | 62  0.20193 -5.12782e-01 | 63  0.00000  6.31331e-13
 64  0.07787 -3.51991e-01 | 65  0.21352  3.65058e+01 | 66 -0.04205 -1.39824e-01
 67  0.17203 -5.36445e+01 | 68 -0.00001 -3.18960e-08 | 69 -0.17452 -6.58172e+00
 70  0.17427 -3.00790e+00 | 71  0.03542 -4.83352e-02 | 72  0.13264  6.71976e+00
 73  0.00000 -8.35717e-31 | 74  0.04402 -8.93845e-01 | 75 -0.05373 -4.32935e+00
 76 -0.22527 -1.80421e-05 | 77  0.10607  5.89367e+00 | 78  0.68130 -3.47299e-01
 79 -0.12893 -3.23922e-01 | 80  0.12281  1.67735e+00 | 81 -0.63398 -1.34108e+00
Maximum number of function evaluations exceeded

 - final statistics:
81 variables; iteration 64; function evaluation 100
Function value 2.3671e+02; maximum gradient component mag -4.0763e+01
Exit code = 3;  converg criter 1.0000e+00
Var    Value     Gradient |Var    Value     Gradient |Var    Value     Gradient
  1  0.08743 -4.07627e+01 |  2 -0.01426 -2.54523e+01 |  3 -0.02467 -3.61868e-01
  4 -0.02086 -4.71162e-01 |  5 -0.01677 -5.26281e-01 |  6 -0.01285 -5.72334e-01
  7 -0.00768 -8.66560e-01 |  8 -0.00224 -8.99784e-01 |  9  0.01491 -1.29895e-01
 10 -0.00724 -3.24682e-01 | 11 -0.02406 -2.95505e-01 | 12 -0.02304 -2.68010e-01
 13 -0.01852  2.44719e-01 | 14 -0.00654 -1.69358e-01 | 15  0.01037  1.54766e-01
 16  0.00531 -2.31160e-01 | 17  0.00976  1.17730e+00 | 18  0.02429  8.95680e-01
 19  0.01125 -4.12560e-02 | 20  0.01802 -1.31859e-01 | 21  0.05564  2.75849e-01
 22  0.02089  4.04585e-01 | 23  0.01897 -2.02115e-01 | 24  0.03359 -1.45606e-01
 25  0.01993 -3.57691e-01 | 26  0.04432 -2.75008e-01 | 27  0.01852  4.19496e-01
 28 -0.00179  9.38932e-02 | 29 -0.01224  2.78362e-01 | 30 -0.01671  5.07408e-01
 31 -0.00361  5.90162e-01 | 32  0.02404  1.54142e+00 | 33  0.02292  8.14571e-01
 34  0.00937  8.43331e-01 | 35  0.00086  4.57672e-01 | 36  0.00157  4.51911e-01
 37  0.01722 -2.05771e-01 | 38  0.01111  4.25751e-01 | 39 -0.02289 -1.82489e-01
 40 -0.02290 -2.83726e-01 | 41 -0.01180  2.06069e-01 | 42  0.00299  6.20582e-01
 43 -0.00073  3.74486e-01 | 44 -0.00387 -3.98637e-01 | 45 -0.03182 -5.50284e-01
 46 -0.02852 -7.52959e-01 | 47 -0.01589 -7.39344e-01 | 48  0.00965  5.37421e-02
 49 -0.00337 -8.30645e-01 | 50 -0.00818  1.38349e-01 | 51 -0.00978 -3.97514e-01
 52 -0.00854 -1.80630e-01 | 53 -0.01037  7.12853e-03 | 54 -0.01527  1.11712e-01
 55 -0.01266  3.15054e-01 | 56 -0.00056 -2.95750e-02 | 57 -0.00000 -2.05132e-04
 58  0.00000  0.00000e+00 | 59 -0.73518 -2.12137e+01 | 60  0.28627  7.24464e+00
 61 -0.01715  2.14802e-01 | 62  0.20195 -3.21661e+00 | 63  0.00000  1.12167e-12
 64  0.07822 -3.88080e-01 | 65  0.21284  2.62171e+01 | 66 -0.02296  6.08359e-01
 67  0.17185 -1.67533e+01 | 68 -0.00001 -3.17120e-08 | 69 -0.17328 -1.59631e+00
 70  0.17416 -2.17105e+00 | 71  0.03582  9.14669e-02 | 72  0.13262  5.74767e+00
 73  0.00000  3.59148e-31 | 74  0.04390 -1.09370e+00 | 75 -0.05395 -3.75905e+00
 76 -0.22539 -1.60491e-05 | 77  0.10592  4.56827e+00 | 78  0.68209 -3.52206e-01
 79 -0.12927 -5.30533e-01 | 80  0.12270  1.69145e+00 | 81 -0.63402 -1.30390e+00

Initial statistics: 91 variables; iteration 0; function evaluation 0; phase 4
Function value 2.3670594e+02; maximum gradient component mag -4.0763e+01
Var    Value     Gradient |Var    Value     Gradient |Var    Value     Gradient
  1  0.08743 -4.07627e+01 |  2 -0.01426 -2.54523e+01 |  3  0.00000  2.94652e+01
  4  0.00000  2.41790e+01 |  5  0.00000  2.11317e+01 |  6  0.00000  2.13861e+01
  7  0.00000  1.57933e+01 |  8  0.00000  1.05676e+01 |  9  0.00000  1.28363e+01
 10  0.00000  1.28230e+01 | 11  0.00000  2.18562e+01 | 12  0.00000  2.39124e+01
 13 -0.02467 -3.73402e-01 | 14 -0.02086 -4.82698e-01 | 15 -0.01677 -5.37819e-01
 16 -0.01285 -5.83874e-01 | 17 -0.00768 -8.78101e-01 | 18 -0.00224 -9.11326e-01
 19  0.01491 -1.41434e-01 | 20 -0.00724 -3.36223e-01 | 21 -0.02406 -3.07039e-01
 22 -0.02304 -2.79544e-01 | 23 -0.01852  2.33182e-01 | 24 -0.00654 -1.80899e-01
 25  0.01037  1.43225e-01 | 26  0.00531 -2.42702e-01 | 27  0.00976  1.16576e+00
 28  0.02429  8.84146e-01 | 29  0.01125 -5.27963e-02 | 30  0.01802 -1.43397e-01
 31  0.05564  2.64351e-01 | 32  0.02089  3.93049e-01 | 33  0.01897 -2.13652e-01
 34  0.03359 -1.57132e-01 | 35  0.01993 -3.69227e-01 | 36  0.04432 -2.86522e-01
 37  0.01852  4.07958e-01 | 38 -0.00179  8.23512e-02 | 39 -0.01224  2.66822e-01
 40 -0.01671  4.95870e-01 | 41 -0.00361  5.78620e-01 | 42  0.02404  1.52989e+00
 43  0.02292  8.03036e-01 | 44  0.00937  8.31790e-01 | 45  0.00086  4.46130e-01
 46  0.00157  4.40369e-01 | 47  0.01722 -2.17309e-01 | 48  0.01111  4.14210e-01
 49 -0.02289 -1.94023e-01 | 50 -0.02290 -2.95260e-01 | 51 -0.01180  1.94528e-01
 52  0.00299  6.09040e-01 | 53 -0.00073  3.62944e-01 | 54 -0.00387 -4.10179e-01
 55 -0.03182 -5.61812e-01 | 56 -0.02852 -7.64489e-01 | 57 -0.01589 -7.50882e-01
 58  0.00965  4.22014e-02 | 59 -0.00337 -8.42187e-01 | 60 -0.00818  1.26808e-01
 61 -0.00978 -4.09055e-01 | 62 -0.00854 -1.92171e-01 | 63 -0.01037 -4.41197e-03
 64 -0.01527  1.00173e-01 | 65 -0.01266  3.03514e-01 | 66 -0.00056 -2.95750e-02
 67 -0.00000 -2.05132e-04 | 68  0.00000  0.00000e+00 | 69 -0.73518 -2.12137e+01
 70  0.28627  7.24464e+00 | 71 -0.01715  2.14802e-01 | 72  0.20195 -3.21661e+00
 73  0.00000  1.12167e-12 | 74  0.07822 -3.88080e-01 | 75  0.21284  2.62171e+01
 76 -0.02296  6.08359e-01 | 77  0.17185 -1.67533e+01 | 78 -0.00001 -3.17120e-08
 79 -0.17328 -1.59631e+00 | 80  0.17416 -2.17105e+00 | 81  0.03582  9.14669e-02
 82  0.13262  5.74767e+00 | 83  0.00000  3.59148e-31 | 84  0.04390 -1.09370e+00
 85 -0.05395 -3.75905e+00 | 86 -0.22539 -1.60491e-05 | 87  0.10592  4.56827e+00
 88  0.68209 -3.52206e-01 | 89 -0.12927 -5.30533e-01 | 90  0.12270  1.69145e+00
 91 -0.63402 -1.30390e+00 |

Intermediate statistics: 91 variables; iteration 20; function evaluation 24; phase 4
Function value 2.3593361e+02; maximum gradient component mag -2.0098e+02
Var    Value     Gradient |Var    Value     Gradient |Var    Value     Gradient
  1  0.08727 -2.00976e+02 |  2 -0.01424 -2.21320e+01 |  3 -0.01564  1.42604e+01
  4 -0.01211  1.27185e+01 |  5 -0.00981  1.19963e+01 |  6 -0.00994  1.23147e+01
  7 -0.00616  1.03755e+01 |  8 -0.00122  9.25799e+00 |  9 -0.00133  1.19014e+01
 10  0.00109  1.45884e+01 | 11 -0.00323  2.11330e+01 | 12 -0.00551  2.39272e+01
 13 -0.01885  1.39708e+01 | 14 -0.01926  1.27951e+01 | 15 -0.01795  1.18447e+01
 16 -0.01372  1.28602e+01 | 17 -0.00670  1.58362e+01 | 18  0.00069  1.98753e+01
 19  0.01925  2.49625e+01 | 20 -0.00470  1.75861e+01 | 21 -0.02303  1.23165e+01
 22 -0.02218  1.11863e+01 | 23 -0.01746  1.13574e+01 | 24 -0.00549  1.07907e+01
 25  0.01060  1.01933e+01 | 26  0.00630  7.17086e+00 | 27  0.00968  4.71386e+00
 28  0.02334 -1.40763e-01 | 29  0.01007 -3.63884e+00 | 30  0.01777 -4.88321e+00
 31  0.05437 -8.61658e+00 | 32  0.02104 -5.75759e+00 | 33  0.01914 -7.68358e+00
 34  0.03172 -1.14498e+01 | 35  0.01979 -1.02848e+01 | 36  0.04308 -1.48198e+01
 37  0.01842 -1.08129e+01 | 38 -0.00157 -8.71107e+00 | 39 -0.01266 -8.15709e+00
 40 -0.01726 -6.91660e+00 | 41 -0.00344 -5.65260e+00 | 42  0.02417 -4.58644e+00
 43  0.02288 -4.53560e+00 | 44  0.00863 -4.89858e+00 | 45  0.00131 -4.40199e+00
 46  0.00157 -5.48289e+00 | 47  0.01734 -9.32671e+00 | 48  0.00950 -1.11769e+01
 49 -0.02350 -8.86040e+00 | 50 -0.02359 -9.99311e+00 | 51 -0.01266 -1.24782e+01
 52  0.00146 -1.64145e+01 | 53 -0.00278 -1.67408e+01 | 54 -0.00605 -1.62618e+01
 55 -0.03299 -1.03354e+01 | 56 -0.02930 -9.47948e+00 | 57 -0.01662 -1.04296e+01
 58  0.00711 -1.40029e+01 | 59 -0.00413 -1.15758e+01 | 60 -0.00995 -9.54881e+00
 61 -0.01081 -7.53987e+00 | 62 -0.00937 -4.36120e+00 | 63 -0.01038 -4.15064e-01
 64 -0.01412  2.46997e+00 | 65 -0.01100  3.01051e+00 | 66 -0.00049  5.12569e-02
 67 -0.00000  2.54170e-05 | 68  0.00000  0.00000e+00 | 69 -0.73667 -2.01917e+01
 70  0.28844 -2.04685e+01 | 71 -0.01713  1.08857e-01 | 72  0.20278  1.11481e+02
 73  0.00000  1.20185e-12 | 74  0.08212  2.19272e-01 | 75  0.21172  1.70716e+01
 76 -0.02459  1.12413e+00 | 77  0.17206  4.11944e+01 | 78 -0.00001 -3.17109e-08
 79 -0.15787  2.51959e+00 | 80  0.17699 -1.08009e+01 | 81  0.02741 -8.55987e-01
 82  0.13301  1.43320e+01 | 83 -0.00000 -1.01498e-29 | 84  0.04350 -8.94651e+00
 85 -0.05404 -1.73928e+01 | 86 -0.22539 -6.36679e-04 | 87  0.10588  1.58979e+01
 88  0.68121 -2.24847e+00 | 89 -0.12880 -6.43822e+00 | 90  0.12581  2.21951e+01
 91 -0.63299 -1.00857e+01 |
91 variables; iteration 40; function evaluation 49; phase 4
Function value 2.3532093e+02; maximum gradient component mag -9.2534e+01
Var    Value     Gradient |Var    Value     Gradient |Var    Value     Gradient
  1  0.08709 -3.64926e+01 |  2 -0.01363 -7.41765e+01 |  3 -0.02507  1.53972e+00
  4 -0.01932  1.22719e+00 |  5 -0.01529  1.46696e+00 |  6 -0.01605  1.26471e+00
  7 -0.01024  6.89279e-01 |  8 -0.00317 -3.07793e-01 |  9 -0.00507 -1.34205e+00
 10 -0.00185 -1.81683e+00 | 11 -0.00974 -9.33586e-01 | 12 -0.01232  1.08435e+00
 13 -0.01635 -2.74544e+00 | 14 -0.02024 -3.42581e+00 | 15 -0.01965 -2.76958e+00
 16 -0.01464 -1.63801e+00 | 17 -0.00689 -3.74840e-01 | 18  0.00138  1.07055e+00
 19  0.02082  1.40789e+00 | 20 -0.00390 -1.31616e+00 | 21 -0.02310 -3.33781e+00
 22 -0.02281 -3.22218e+00 | 23 -0.01802 -1.72339e-01 | 24 -0.00568  3.87918e+00
 25  0.01112  7.91398e+00 | 26  0.00654  5.60125e+00 | 27  0.00981  3.54313e+00
 28  0.02387  3.01521e+00 | 29  0.01102  1.69826e+00 | 30  0.01795  1.59224e+00
 31  0.05550  3.73035e+00 | 32  0.02120  1.20027e+00 | 33  0.01931  1.36760e+00
 34  0.03288  2.90463e+00 | 35  0.01974  2.00125e+00 | 36  0.04278  3.28288e+00
 37  0.01825  2.28092e+00 | 38 -0.00192  1.20430e+00 | 39 -0.01222  2.12841e+00
 40 -0.01673  2.72170e+00 | 41 -0.00329  3.13288e+00 | 42  0.02325  3.87235e+00
 43  0.02131  3.07364e+00 | 44  0.00888  3.28275e+00 | 45  0.00138  1.86289e+00
 46  0.00289  1.17435e+00 | 47  0.01640 -1.74308e+00 | 48  0.00941 -2.49898e+00
 49 -0.02399 -3.53731e+00 | 50 -0.02326 -3.50674e+00 | 51 -0.01252 -4.91987e+00
 52  0.00106 -7.36943e+00 | 53 -0.00408 -9.10196e+00 | 54 -0.00692 -8.92545e+00
 55 -0.03329 -6.49187e+00 | 56 -0.02887 -5.13489e+00 | 57 -0.01693 -5.26042e+00
 58  0.00785 -4.87395e+00 | 59 -0.00512 -6.40220e+00 | 60 -0.00947 -5.51811e+00
 61 -0.01100 -6.13727e+00 | 62 -0.00960 -5.64427e+00 | 63 -0.01045 -4.31702e+00
 64 -0.01360 -3.01537e+00 | 65 -0.01099 -3.32134e+00 | 66 -0.00052 -2.76627e-02
 67 -0.00000 -1.48689e-04 | 68  0.00000  0.00000e+00 | 69 -0.73418 -6.32229e+01
 70  0.29029 -1.38103e+00 | 71 -0.05143  1.82742e-02 | 72  0.20135  4.85652e+00
 73  0.00000  7.83455e-12 | 74  0.08180 -2.43984e-01 | 75  0.21184 -9.25340e+01
 76 -0.03593 -4.28248e+00 | 77  0.17026 -1.42567e+01 | 78 -0.00001 -3.16176e-08
 79 -0.16391 -7.61057e+00 | 80  0.17899  4.71345e+00 | 81  0.02042  8.20038e-01
 82  0.13244 -8.26272e+00 | 83 -0.00000  1.17956e-29 | 84  0.04588 -2.47140e+00
 85 -0.05204  7.18918e+00 | 86 -0.22543  5.08280e-04 | 87  0.10621 -5.03536e+00
 88  0.68322  1.46667e+00 | 89 -0.12729  2.56054e+00 | 90  0.12694  7.80783e+00
 91 -0.63134 -2.99940e+00 |
91 variables; iteration 60; function evaluation 80; phase 4
Function value 2.3523880e+02; maximum gradient component mag -1.3059e+01
Var    Value     Gradient |Var    Value     Gradient |Var    Value     Gradient
  1  0.08681 -1.30586e+01 |  2 -0.01251 -1.08750e+01 |  3 -0.02700  2.15229e-01
  4 -0.02073  4.09941e-01 |  5 -0.01681  4.92734e-01 |  6 -0.01796 -5.56814e-02
  7 -0.01146  1.25606e-01 |  8 -0.00314  3.58732e-01 |  9 -0.00425  2.31063e-01
 10 -0.00059  3.51801e-02 | 11 -0.00922 -1.58471e-01 | 12 -0.01334 -8.35039e-02
 13 -0.01582  8.08480e-02 | 14 -0.01981 -4.03394e-01 | 15 -0.02003 -3.99428e-01
 16 -0.01489  3.72672e-01 | 17 -0.00727  4.50932e-01 | 18  0.00059  3.21771e-01
 19  0.02048  5.25948e-01 | 20 -0.00406  1.68065e-01 | 21 -0.02250 -2.27630e-01
 22 -0.02170 -3.57167e-01 | 23 -0.01732  2.03098e-01 | 24 -0.00635  1.61492e-01
 25  0.00966  3.74525e-01 | 26  0.00702  5.30409e-01 | 27  0.01063  3.73979e-01
 28  0.02389 -1.90640e-01 | 29  0.01121  3.23317e-01 | 30  0.01781 -1.91423e-01
 31  0.05628  2.64950e-01 | 32  0.02189 -2.84040e-01 | 33  0.01901 -8.13915e-01
 34  0.03254  1.85509e-01 | 35  0.01989  2.82319e-01 | 36  0.04271 -3.78627e-01
 37  0.01840 -2.32807e-01 | 38 -0.00177 -4.16814e-01 | 39 -0.01209  3.96193e-01
 40 -0.01686  4.20695e-01 | 41 -0.00339 -1.38749e-01 | 42  0.02337 -3.56193e-01
 43  0.02165  2.34508e-01 | 44  0.00789  3.77554e-01 | 45  0.00116  7.41556e-03
 46  0.00103 -7.16291e-01 | 47  0.01732 -1.14744e-01 | 48  0.00908  7.99116e-02
 49 -0.02371  8.46801e-02 | 50 -0.02372 -2.91943e-01 | 51 -0.01302 -7.76071e-01
 52  0.00108 -4.74775e-01 | 53 -0.00289  2.76059e-01 | 54 -0.00625  6.10378e-03
 55 -0.03378 -1.08475e+00 | 56 -0.02959 -8.49445e-01 | 57 -0.01663 -1.00791e-01
 58  0.00670 -4.86344e-02 | 59 -0.00399  6.16472e-02 | 60 -0.01030 -5.71956e-01
 61 -0.01096 -6.79198e-01 | 62 -0.00914 -1.92416e-01 | 63 -0.00970  4.66730e-01
 64 -0.01335  3.46048e-01 | 65 -0.01039 -3.40411e-02 | 66 -0.00048  5.78923e-03
 67  0.00000  3.28580e-05 | 68  0.00000  0.00000e+00 | 69 -0.73348 -9.60791e+00
 70  0.29785 -1.69080e-01 | 71 -0.19138 -9.72524e-04 | 72  0.20241 -5.45531e-01
 73  0.00000  7.81517e-12 | 74  0.08212 -3.37140e-02 | 75  0.21209 -2.35944e+00
 76 -0.03912 -1.60799e-01 | 77  0.16908 -5.32317e+00 | 78 -0.00001 -3.13729e-08
 79 -0.16646 -1.05116e+00 | 80  0.18055  5.08704e+00 | 81  0.01275  1.02331e+00
 82  0.13282 -2.15434e+00 | 83 -0.00000  1.92143e-29 | 84  0.04692  3.32186e-01
 85 -0.05137  2.77449e-01 | 86 -0.22549  9.92959e-05 | 87  0.10650  7.66681e-01
 88  0.67785  9.54332e-02 | 89 -0.12639 -3.69387e-01 | 90  0.12695  1.90648e-01
 91 -0.63140 -2.28024e-01 |
91 variables; iteration 80; function evaluation 114; phase 4
Function value 2.3523270e+02; maximum gradient component mag 4.4208e+00
Var    Value     Gradient |Var    Value     Gradient |Var    Value     Gradient
  1  0.08667 -2.06665e+00 |  2 -0.01251 -2.04336e+00 |  3 -0.02734 -4.48441e-03
  4 -0.02123  3.10810e-02 |  5 -0.01745  1.46121e-02 |  6 -0.01791  1.19533e-01
  7 -0.01162  9.78086e-02 |  8 -0.00358  5.41521e-02 |  9 -0.00451  7.53243e-02
 10 -0.00050  1.52827e-01 | 11 -0.00897  7.70114e-02 | 12 -0.01311  1.21901e-01
 13 -0.01609  8.97778e-02 | 14 -0.01957  1.25456e-01 | 15 -0.01972  1.76603e-01
 16 -0.01539  6.57338e-02 | 17 -0.00755  1.27154e-01 | 18  0.00075  1.55124e-01
 19  0.02043  1.09860e-01 | 20 -0.00410  1.74351e-01 | 21 -0.02237  1.58375e-01
 22 -0.02132  1.90033e-01 | 23 -0.01753  1.18346e-02 | 24 -0.00627  3.76920e-02
 25  0.00979 -1.45344e-02 | 26  0.00697 -4.63711e-02 | 27  0.01060  4.21364e-02
 28  0.02449  8.88542e-02 | 29  0.01071  2.78198e-02 | 30  0.01836  3.92599e-02
 31  0.05606 -1.32044e-02 | 32  0.02215  2.84446e-02 | 33  0.02005  7.06993e-02
 34  0.03207 -5.09671e-02 | 35  0.01935 -9.09836e-02 | 36  0.04318 -9.86141e-02
 37  0.01836 -1.16812e-01 | 38 -0.00117  1.73909e-02 | 39 -0.01242 -1.38555e-01
 40 -0.01721 -1.93780e-01 | 41 -0.00316 -9.28515e-02 | 42  0.02381 -1.79131e-01
 43  0.02141 -1.93103e-01 | 44  0.00753 -2.08855e-01 | 45  0.00112 -9.12298e-02
 46  0.00182  6.24312e-02 | 47  0.01722 -1.24740e-02 | 48  0.00889 -2.89527e-02
 49 -0.02399 -1.35300e-02 | 50 -0.02375  7.66502e-02 | 51 -0.01267  8.12491e-02
 52  0.00119  1.18711e-02 | 53 -0.00342  2.30514e-02 | 54 -0.00667  1.26238e-02
 55 -0.03324  8.07301e-02 | 56 -0.02916  2.00885e-01 | 57 -0.01701  1.89586e-02
 58  0.00662  9.96791e-02 | 59 -0.00446 -1.42484e-02 | 60 -0.01007  1.34122e-01
 61 -0.01058  1.60175e-01 | 62 -0.00918 -3.87813e-03 | 63 -0.01027 -1.90473e-02
 64 -0.01394 -7.60912e-02 | 65 -0.01054  4.90098e-02 | 66 -0.00052 -2.64792e-02
 67 -0.00000 -7.96642e-05 | 68  0.00000  0.00000e+00 | 69 -0.73291 -1.86090e+00
 70  0.30039  2.40034e-01 | 71 -0.23976 -1.24235e-03 | 72  0.20275 -1.33918e+00
 73  0.00000  7.50678e-12 | 74  0.08226  1.99797e-02 | 75  0.21212  4.42084e+00
 76 -0.04020  1.84385e-01 | 77  0.16884 -2.27980e+00 | 78 -0.00001 -3.05989e-08
 79 -0.16657 -2.11336e-01 | 80  0.18135  3.29392e+00 | 81  0.00736  6.28509e-01
 82  0.13298 -1.60603e+00 | 83 -0.00000  1.33901e-29 | 84  0.04713  4.39923e-01
 85 -0.05125 -2.57428e-01 | 86 -0.22567  1.66873e-05 | 87  0.10645  2.07247e-01
 88  0.67623 -2.14951e-02 | 89 -0.12552  3.75577e-02 | 90  0.12737 -1.87398e-01
 91 -0.63108  1.19510e-01 |
91 variables; iteration 100; function evaluation 150; phase 4
Function value 2.3522957e+02; maximum gradient component mag 1.5130e+01
Var    Value     Gradient |Var    Value     Gradient |Var    Value     Gradient
  1  0.08662  1.51301e+01 |  2 -0.01261  4.32985e+00 |  3 -0.02741 -2.90155e-02
  4 -0.02133  4.05041e-03 |  5 -0.01739  1.46638e-01 |  6 -0.01804  1.02866e-01
  7 -0.01164  1.80545e-01 |  8 -0.00361  1.05713e-01 |  9 -0.00469 -2.18034e-02
 10 -0.00052  1.68875e-01 | 11 -0.00879  2.67388e-01 | 12 -0.01312  1.65172e-01
 13 -0.01612  5.20947e-02 | 14 -0.01948  1.75641e-01 | 15 -0.01976  1.00991e-01
 16 -0.01545 -4.42783e-02 | 17 -0.00765 -4.07444e-02 | 18  0.00078  9.21240e-02
 19  0.02049  6.68710e-02 | 20 -0.00410  1.14423e-01 | 21 -0.02241  7.25456e-02
 22 -0.02130  1.66077e-01 | 23 -0.01754 -1.29242e-02 | 24 -0.00630  9.57313e-02
 25  0.00991  2.37075e-01 | 26  0.00695  2.68867e-02 | 27  0.01066  1.16368e-01
 28  0.02454  1.94543e-01 | 29  0.01070  9.99591e-02 | 30  0.01835  1.53800e-01
 31  0.05616  2.40904e-01 | 32  0.02224  1.96942e-01 | 33  0.02010  1.97214e-01
 34  0.03201  6.18037e-02 | 35  0.01934  6.89358e-02 | 36  0.04326  2.34995e-01
 37  0.01846  1.10933e-01 | 38 -0.00134 -1.18555e-02 | 39 -0.01217  1.71026e-01
 40 -0.01737 -2.41522e-01 | 41 -0.00299  1.53570e-01 | 42  0.02375 -4.00146e-02
 43  0.02143  2.18415e-02 | 44  0.00758 -4.80402e-02 | 45  0.00110 -7.74305e-02
 46  0.00191  1.10810e-01 | 47  0.01719 -5.28220e-02 | 48  0.00895 -3.57442e-02
 49 -0.02411 -1.99474e-01 | 50 -0.02369  2.59116e-02 | 51 -0.01267 -7.84057e-02
 52  0.00117 -2.14358e-01 | 53 -0.00351 -2.23221e-01 | 54 -0.00666 -1.37855e-01
 55 -0.03332 -1.59050e-01 | 56 -0.02923 -4.46424e-02 | 57 -0.01690 -7.02789e-02
 58  0.00645 -2.43579e-01 | 59 -0.00441 -1.75926e-01 | 60 -0.01010 -7.96617e-02
 61 -0.01062 -6.19132e-02 | 62 -0.00913 -1.32375e-01 | 63 -0.01029 -1.72296e-01
 64 -0.01416 -3.48878e-01 | 65 -0.01063 -1.00873e-01 | 66 -0.00044  3.93325e-02
 67  0.00009  7.06238e-02 | 68  0.00000  0.00000e+00 | 69 -0.73252  3.93239e+00
 70  0.30129  4.33152e-01 | 71 -0.26400 -1.38290e-03 | 72  0.20289 -1.52708e+00
 73  0.00000  4.35196e-12 | 74  0.08232  9.16947e-02 | 75  0.21214  2.11075e+00
 76 -0.04430  2.00471e-01 | 77  0.16878  2.59901e+00 | 78 -0.00001 -2.50804e-08
 79 -0.16579  4.36961e-01 | 80  0.18311  1.14250e+00 | 81 -0.01054  1.42562e-01
 82  0.13359 -6.01852e-01 | 83 -0.00000  4.87610e-30 | 84  0.04693  1.65143e-01
 85 -0.05114  1.22306e-01 | 86 -0.22662 -1.11361e-05 | 87  0.10647 -1.91143e-01
 88  0.67598  1.38107e-02 | 89 -0.12540  1.09963e-01 | 90  0.12754  1.62480e-01
 91 -0.63098  1.84550e-02 |
91 variables; iteration 120; function evaluation 171; phase 4
Function value 2.3522654e+02; maximum gradient component mag 9.6061e+00
Var    Value     Gradient |Var    Value     Gradient |Var    Value     Gradient
  1  0.08661  9.60611e+00 |  2 -0.01251  5.14095e+00 |  3 -0.02738  2.06206e-04
  4 -0.02132  2.63973e-03 |  5 -0.01755 -1.26362e-02 |  6 -0.01812  1.16373e-02
  7 -0.01181  1.21270e-02 |  8 -0.00369  3.49580e-03 |  9 -0.00459  1.80849e-02
 10 -0.00055  3.86533e-02 | 11 -0.00889  2.83981e-02 | 12 -0.01311  4.34325e-03
 13 -0.01607  1.50893e-02 | 14 -0.01958  3.83661e-02 | 15 -0.01982  4.55503e-02
 16 -0.01542  1.52466e-02 | 17 -0.00760  5.50449e-03 | 18  0.00071  9.69915e-03
 19  0.02053 -9.14125e-03 | 20 -0.00413  1.24444e-02 | 21 -0.02238  2.59771e-02
 22 -0.02136  2.95748e-02 | 23 -0.01746 -5.58724e-03 | 24 -0.00632 -3.40371e-02
 25  0.00982 -5.29127e-02 | 26  0.00713 -4.34891e-02 | 27  0.01067 -2.38358e-02
 28  0.02449 -3.18775e-02 | 29  0.01074 -3.92808e-02 | 30  0.01833 -3.04833e-02
 31  0.05621 -6.08239e-02 | 32  0.02221 -1.76223e-02 | 33  0.02004 -1.85809e-03
 34  0.03208 -4.08527e-02 | 35  0.01934 -4.52410e-02 | 36  0.04320 -2.51922e-02
 37  0.01848 -2.57121e-02 | 38 -0.00124 -1.06173e-02 | 39 -0.01236 -2.39830e-02
 40 -0.01709 -2.99476e-02 | 41 -0.00315 -3.07977e-03 | 42  0.02384 -2.21679e-02
 43  0.02137 -2.14236e-02 | 44  0.00759 -4.50686e-02 | 45  0.00116 -1.97538e-02
 46  0.00177  1.70274e-02 | 47  0.01725  1.64773e-02 | 48  0.00889  4.34226e-03
 49 -0.02401  3.71050e-03 | 50 -0.02380  3.57336e-02 | 51 -0.01269  5.38311e-02
 52  0.00122  5.53634e-02 | 53 -0.00350  6.99280e-02 | 54 -0.00672  6.26191e-02
 55 -0.03329  5.36602e-02 | 56 -0.02927  5.68403e-02 | 57 -0.01698  4.21793e-02
 58  0.00650  3.20889e-02 | 59 -0.00442  3.46434e-02 | 60 -0.01016  4.23503e-02
 61 -0.01066  6.05883e-02 | 62 -0.00911  3.75915e-02 | 63 -0.01028  1.19931e-02
 64 -0.01394  1.54111e-03 | 65 -0.01064  2.12745e-02 | 66 -0.00049  1.74860e-03
 67  0.00001  5.14715e-03 | 68  0.00000  0.00000e+00 | 69 -0.73239  4.50062e+00
 70  0.30131 -1.07803e-01 | 71 -0.24010 -1.24429e-03 | 72  0.20287  2.49802e-01
 73 -0.00000 -1.69762e-11 | 74  0.08235 -2.01034e-02 | 75  0.21279  5.09221e+00
 76 -0.08366  8.47277e-02 | 77  0.16896  3.52516e+00 | 78  0.00001  5.49996e-08
 79 -0.16580  5.82144e-01 | 80  0.18510  1.49452e-01 | 81 -0.11333 -5.90983e-04
 82  0.13429 -8.60466e-02 | 83 -0.00000 -2.96249e-31 | 84  0.04671  6.32228e-02
 85 -0.05111 -7.70010e-02 | 86 -0.22690 -2.84762e-05 | 87  0.10649  5.60747e-02
 88  0.67595 -8.12952e-03 | 89 -0.12538  5.98300e-04 | 90  0.12756 -6.98536e-02
 91 -0.63102  2.68919e-02 |
91 variables; iteration 140; function evaluation 191; phase 4
Function value 2.3522606e+02; maximum gradient component mag -1.9623e-01
Var    Value     Gradient |Var    Value     Gradient |Var    Value     Gradient
  1  0.08659 -1.96232e-01 |  2 -0.01253 -3.62096e-02 |  3 -0.02740 -1.98512e-03
  4 -0.02134 -1.88992e-03 |  5 -0.01755 -2.18202e-03 |  6 -0.01816 -2.14308e-03
  7 -0.01185 -2.28893e-03 |  8 -0.00372 -2.57399e-03 |  9 -0.00462 -3.05671e-03
 10 -0.00059 -3.29924e-03 | 11 -0.00891 -4.06684e-03 | 12 -0.01310 -4.47067e-03
 13 -0.01606 -1.59047e-03 | 14 -0.01960 -1.58148e-03 | 15 -0.01985 -1.18376e-03
 16 -0.01542 -1.33632e-03 | 17 -0.00760 -1.78099e-03 | 18  0.00071 -2.49806e-03
 19  0.02055 -4.54955e-03 | 20 -0.00413 -3.38233e-03 | 21 -0.02238 -2.19578e-03
 22 -0.02137 -1.74496e-03 | 23 -0.01746 -1.84724e-03 | 24 -0.00632 -2.81941e-03
 25  0.00984 -4.03323e-03 | 26  0.00716 -3.38508e-03 | 27  0.01067 -2.67709e-03
 28  0.02450 -2.98021e-03 | 29  0.01075 -2.03339e-03 | 30  0.01832 -1.98452e-03
 31  0.05625 -3.46002e-03 | 32  0.02221 -1.49139e-03 | 33  0.02002 -1.02498e-03
 34  0.03209 -1.40552e-03 | 35  0.01936 -1.07708e-03 | 36  0.04318 -1.69380e-03
 37  0.01849 -1.15456e-03 | 38 -0.00124 -6.55397e-04 | 39 -0.01234 -3.72002e-04
 40 -0.01707 -5.89364e-05 | 41 -0.00315  7.19077e-04 | 42  0.02385  6.27593e-04
 43  0.02134  8.00086e-04 | 44  0.00761  5.33518e-04 | 45  0.00118  6.37535e-04
 46  0.00176  1.27225e-03 | 47  0.01725  1.36064e-03 | 48  0.00889  1.98951e-03
 49 -0.02401  2.12196e-03 | 50 -0.02381  2.68678e-03 | 51 -0.01270  2.89892e-03
 52  0.00122  3.16957e-03 | 53 -0.00352  3.51490e-03 | 54 -0.00674  3.59120e-03
 55 -0.03331  3.13323e-03 | 56 -0.02929  3.30031e-03 | 57 -0.01699  3.43028e-03
 58  0.00649  3.93446e-03 | 59 -0.00442  3.36980e-03 | 60 -0.01017  3.31296e-03
 61 -0.01068  3.18332e-03 | 62 -0.00911  2.61933e-03 | 63 -0.01027  2.18588e-03
 64 -0.01393  1.90960e-03 | 65 -0.01066  1.74852e-03 | 66 -0.00049  3.16135e-05
 67  0.00000  1.63325e-04 | 68  0.00000  0.00000e+00 | 69 -0.73227 -3.05053e-02
 70  0.30161 -2.50402e-02 | 71 -0.17977 -9.10449e-04 | 72  0.20291  3.92501e-02
 73 -0.00000 -1.72483e-11 | 74  0.08237 -2.39417e-03 | 75  0.21301  3.47807e-02
 76 -0.13780  3.29455e-03 | 77  0.16902 -8.14599e-03 | 78  0.00002  7.64570e-08
 79 -0.16591 -3.88520e-03 | 80  0.18517 -1.17236e-02 | 81 -0.27619 -1.45775e-03
 82  0.13430  1.45287e-03 | 83 -0.00000 -6.07641e-31 | 84  0.04672 -2.05852e-03
 85 -0.05107  1.77102e-03 | 86 -0.22584  1.74635e-05 | 87  0.10650 -4.14523e-03
 88  0.67590 -3.72531e-05 | 89 -0.12535 -3.10988e-04 | 90  0.12760 -4.12364e-03
 91 -0.63100  1.71215e-03 |
91 variables; iteration 160; function evaluation 214; phase 4
Function value 2.3522594e+02; maximum gradient component mag -2.3966e-01
Var    Value     Gradient |Var    Value     Gradient |Var    Value     Gradient
  1  0.08659 -2.39660e-01 |  2 -0.01253 -1.33022e-01 |  3 -0.02740 -4.63582e-05
  4 -0.02134 -2.94793e-05 |  5 -0.01756  2.32159e-04 |  6 -0.01816  9.66424e-05
  7 -0.01185  3.10133e-05 |  8 -0.00372  8.18987e-05 |  9 -0.00462 -3.11358e-06
 10 -0.00060  7.45482e-05 | 11 -0.00891  4.10390e-04 | 12 -0.01310  6.06282e-04
 13 -0.01606 -4.23522e-05 | 14 -0.01960 -2.66922e-04 | 15 -0.01985  5.30691e-05
 16 -0.01543 -8.74889e-05 | 17 -0.00760  2.35960e-04 | 18  0.00071  3.82304e-04
 19  0.02056  4.98135e-04 | 20 -0.00413  5.67846e-04 | 21 -0.02238  4.08523e-04
 22 -0.02137  4.71265e-04 | 23 -0.01746  2.23151e-04 | 24 -0.00632  3.62551e-04
 25  0.00984  8.45362e-04 | 26  0.00716  5.72652e-04 | 27  0.01068  8.14533e-04
 28  0.02450  1.02054e-03 | 29  0.01075  5.51118e-04 | 30  0.01832  4.14741e-04
 31  0.05625  8.32177e-04 | 32  0.02222  6.01062e-04 | 33  0.02002  6.51830e-04
 34  0.03209  4.57204e-04 | 35  0.01936  3.29382e-04 | 36  0.04318  6.45743e-04
 37  0.01849  6.61823e-04 | 38 -0.00124  2.40797e-04 | 39 -0.01234  3.16171e-04
 40 -0.01707 -2.46037e-04 | 41 -0.00315 -6.05783e-05 | 42  0.02385 -1.14049e-04
 43  0.02134  1.17606e-04 | 44  0.00761  6.33211e-05 | 45  0.00118 -3.08183e-04
 46  0.00177  7.76350e-05 | 47  0.01725 -4.71306e-04 | 48  0.00889 -2.24436e-04
 49 -0.02401 -4.31701e-04 | 50 -0.02381 -1.67695e-04 | 51 -0.01270 -3.00640e-04
 52  0.00121 -7.03002e-04 | 53 -0.00352 -8.66757e-04 | 54 -0.00675 -8.27847e-04
 55 -0.03331 -6.95555e-04 | 56 -0.02929 -4.19081e-04 | 57 -0.01699 -6.18917e-04
 58  0.00649 -6.92998e-04 | 59 -0.00443 -9.63634e-04 | 60 -0.01017 -5.18653e-04
 61 -0.01068 -5.50789e-04 | 62 -0.00911 -5.71469e-04 | 63 -0.01027 -5.34259e-04
 64 -0.01393 -6.35092e-04 | 65 -0.01066 -4.55849e-04 | 66 -0.00049  3.11905e-05
 67 -0.00000 -9.91874e-05 | 68  0.00000  0.00000e+00 | 69 -0.73227 -1.16255e-01
 70  0.30168  7.11937e-03 | 71 -0.01894  2.28048e-04 | 72  0.20293 -1.40653e-02
 73  0.00000  4.29830e-10 | 74  0.08236  9.31518e-04 | 75  0.21300 -1.79893e-01
 76 -0.13201  3.62993e-03 | 77  0.16901 -1.00660e-01 | 78 -0.00039 -1.93135e-06
 79 -0.16591 -1.57450e-02 | 80  0.18517 -9.57147e-03 | 81 -0.22318 -1.15933e-03
 82  0.13430  4.58448e-03 | 83  0.00000 -5.85538e-31 | 84  0.04673 -8.66960e-04
 85 -0.05107 -3.22364e-04 | 86 -0.22630 -1.50239e-06 | 87  0.10650  4.45469e-04
 88  0.67588  3.42213e-05 | 89 -0.12534  2.64646e-04 | 90  0.12761  8.83081e-04
 91 -0.63099 -4.81373e-05 |
91 variables; iteration 180; function evaluation 236; phase 4
Function value 2.3522580e+02; maximum gradient component mag 3.2228e+00
Var    Value     Gradient |Var    Value     Gradient |Var    Value     Gradient
  1  0.08660  3.22276e+00 |  2 -0.01252  1.38796e+00 |  3 -0.02739  4.61441e-03
  4 -0.02134  5.48803e-03 |  5 -0.01755  9.80304e-03 |  6 -0.01815  8.74208e-03
  7 -0.01184  9.51428e-03 |  8 -0.00371  1.10638e-02 |  9 -0.00462  1.05595e-02
 10 -0.00060  1.09161e-02 | 11 -0.00891  1.22508e-02 | 12 -0.01310  1.14892e-02
 13 -0.01606  4.11083e-03 | 14 -0.01960  3.09332e-03 | 15 -0.01985  5.35155e-03
 16 -0.01542  1.35632e-03 | 17 -0.00760  4.51443e-03 | 18  0.00071  6.14997e-03
 19  0.02055  8.35276e-03 | 20 -0.00413  5.75379e-03 | 21 -0.02238  1.92259e-03
 22 -0.02137  2.80237e-03 | 23 -0.01746  2.22052e-03 | 24 -0.00631  6.01577e-03
 25  0.00984  9.22505e-03 | 26  0.00715  3.90782e-03 | 27  0.01067  3.10971e-03
 28  0.02450  5.70291e-03 | 29  0.01075  3.96067e-03 | 30  0.01832  3.88445e-03
 31  0.05624  6.35191e-03 | 32  0.02221  2.19459e-03 | 33  0.02002  2.06792e-03
 34  0.03209  2.53098e-03 | 35  0.01936  2.35284e-03 | 36  0.04318  6.79490e-03
 37  0.01849  3.70765e-03 | 38 -0.00125  1.44165e-03 | 39 -0.01234  3.89163e-03
 40 -0.01707 -5.65429e-04 | 41 -0.00315  1.81042e-03 | 42  0.02385  7.61463e-04
 43  0.02134  1.15327e-03 | 44  0.00761 -1.39958e-03 | 45  0.00118 -2.19523e-03
 46  0.00176  4.89459e-05 | 47  0.01725 -2.13663e-03 | 48  0.00889 -3.93866e-03
 49 -0.02401 -5.44647e-03 | 50 -0.02381 -5.06085e-03 | 51 -0.01270 -5.32061e-03
 52  0.00121 -7.10404e-03 | 53 -0.00352 -5.43043e-03 | 54 -0.00674 -4.60944e-03
 55 -0.03330 -6.39337e-03 | 56 -0.02929 -5.19563e-03 | 57 -0.01698 -5.62943e-03
 58  0.00650 -7.07046e-03 | 59 -0.00442 -6.69521e-03 | 60 -0.01016 -6.43428e-03
 61 -0.01068 -7.21947e-03 | 62 -0.00911 -7.78558e-03 | 63 -0.01027 -8.07715e-03
 64 -0.01393 -9.89604e-03 | 65 -0.01066 -6.32503e-03 | 66 -0.00049  4.29786e-04
 67 -0.00000 -2.05345e-03 | 68  0.00000  0.00000e+00 | 69 -0.73227  1.21410e+00
 70  0.30163  1.40440e-02 | 71 -0.02090  1.75666e-04 | 72  0.20292 -3.04742e-02
 73 -0.00001 -5.93068e-08 | 74  0.08235  2.10143e-03 | 75  0.21302  1.64111e+00
 76 -0.14072  6.16063e-03 | 77  0.16902  9.85133e-01 | 78  0.05401  2.67469e-04
 79 -0.16591  1.56458e-01 | 80  0.18495  2.06637e-01 | 81 -0.07369  1.13645e-03
 82  0.13422 -1.33944e-01 | 83  0.00000  1.54683e-31 | 84  0.04675  5.20925e-02
 85 -0.05108  4.19938e-03 | 86 -0.22616  4.49946e-06 | 87  0.10650 -3.48153e-03
 88  0.67591  8.13501e-04 | 89 -0.12535  2.26203e-03 | 90  0.12760  3.59540e-03
 91 -0.63100 -1.91199e-03 |
91 variables; iteration 200; function evaluation 256; phase 4
Function value 2.3522574e+02; maximum gradient component mag 7.3520e-01
Var    Value     Gradient |Var    Value     Gradient |Var    Value     Gradient
  1  0.08660  7.35203e-01 |  2 -0.01252  3.43982e-01 |  3 -0.02739  3.00959e-04
  4 -0.02133  5.59843e-04 |  5 -0.01754  9.98943e-04 |  6 -0.01814  8.62855e-04
  7 -0.01184  9.83410e-04 |  8 -0.00371  1.32423e-03 |  9 -0.00461  8.87226e-04
 10 -0.00060  8.05758e-04 | 11 -0.00891  6.39013e-04 | 12 -0.01310  6.62870e-04
 13 -0.01606 -4.63192e-05 | 14 -0.01960 -4.70829e-04 | 15 -0.01985 -3.69593e-04
 16 -0.01542 -2.81469e-04 | 17 -0.00760 -1.78803e-04 | 18  0.00071 -1.28143e-04
 19  0.02055  1.24343e-04 | 20 -0.00413 -2.32342e-04 | 21 -0.02238 -5.11146e-04
 22 -0.02137 -5.35089e-04 | 23 -0.01746 -3.90112e-04 | 24 -0.00632 -2.93363e-04
 25  0.00984 -2.76854e-04 | 26  0.00715 -5.03853e-04 | 27  0.01067 -3.72705e-04
 28  0.02449 -1.60594e-05 | 29  0.01075 -1.39140e-05 | 30  0.01832 -1.19273e-04
 31  0.05624  4.82641e-04 | 32  0.02221  1.95866e-04 | 33  0.02002  2.74609e-04
 34  0.03209  6.54320e-04 | 35  0.01936  5.21506e-04 | 36  0.04318  1.03775e-03
 37  0.01848  1.01008e-03 | 38 -0.00125  7.48723e-04 | 39 -0.01234  1.00143e-03
 40 -0.01707  6.85595e-04 | 41 -0.00316  9.08784e-04 | 42  0.02385  1.10069e-03
 43  0.02134  6.67876e-04 | 44  0.00762  5.52561e-04 | 45  0.00118  3.50953e-04
 46  0.00176  4.91690e-04 | 47  0.01725  3.88795e-04 | 48  0.00889  5.57483e-04
 49 -0.02401 -8.13616e-06 | 50 -0.02381 -8.75664e-05 | 51 -0.01270 -1.39871e-04
 52  0.00122 -2.01124e-04 | 53 -0.00352 -4.14037e-04 | 54 -0.00674 -4.12342e-04
 55 -0.03330 -6.07319e-04 | 56 -0.02929 -5.89263e-04 | 57 -0.01698 -5.96898e-04
 58  0.00650 -3.54931e-04 | 59 -0.00442 -5.48169e-04 | 60 -0.01016 -3.47683e-04
 61 -0.01068 -6.92574e-04 | 62 -0.00911 -8.06762e-04 | 63 -0.01027 -8.26537e-04
 64 -0.01392 -7.49336e-04 | 65 -0.01065 -6.75271e-04 | 66 -0.00049  3.07466e-05
 67 -0.00000 -4.15500e-05 | 68  0.00000  0.00000e+00 | 69 -0.73227  3.02390e-01
 70  0.30158 -3.21572e-04 | 71 -0.03190 -3.70676e-06 | 72  0.20291  2.26885e-03
 73 -0.00000 -2.28753e-08 | 74  0.08235  1.13447e-04 | 75  0.21305  4.11762e-01
 76 -0.18477  1.96447e-04 | 77  0.16903  2.46334e-01 | 78  0.01554  7.66988e-05
 79 -0.16591  3.79486e-02 | 80  0.18487  1.64014e-02 | 81 -0.06828  3.41865e-04
 82  0.13420 -8.00280e-03 | 83  0.00000 -1.09078e-31 | 84  0.04675  5.68250e-03
 85 -0.05108  7.91657e-04 | 86 -0.22630 -1.31675e-06 | 87  0.10650 -9.02405e-04
 88  0.67592  3.96323e-05 | 89 -0.12536  2.38612e-04 | 90  0.12759  3.92879e-04
 91 -0.63100  1.64830e-04 |

 - final statistics:
91 variables; iteration 206; function evaluation 262
Function value 2.3523e+02; maximum gradient component mag 2.4557e-05
Exit code = 1;  converg criter 1.0000e-04
Var    Value     Gradient |Var    Value     Gradient |Var    Value     Gradient
  1  0.08660  1.37425e-05 |  2 -0.01252  2.23977e-05 |  3 -0.02739 -2.27247e-07
  4 -0.02133 -7.58599e-08 |  5 -0.01754 -2.72451e-07 |  6 -0.01815 -1.97684e-07
  7 -0.01184 -1.38397e-07 |  8 -0.00371 -2.14007e-07 |  9 -0.00461 -3.07582e-07
 10 -0.00060 -3.33758e-07 | 11 -0.00891 -5.10221e-07 | 12 -0.01310 -4.89575e-07
 13 -0.01606  1.24702e-07 | 14 -0.01960  4.23271e-08 | 15 -0.01985 -1.20569e-07
 16 -0.01542 -5.20581e-08 | 17 -0.00760 -8.45421e-08 | 18  0.00071 -9.85039e-08
 19  0.02055 -4.80093e-07 | 20 -0.00413 -5.99473e-07 | 21 -0.02238 -5.82530e-07
 22 -0.02137 -5.86798e-07 | 23 -0.01746 -2.40813e-07 | 24 -0.00632 -3.66859e-07
 25  0.00984 -7.54476e-07 | 26  0.00715 -8.58763e-07 | 27  0.01067 -8.98898e-07
 28  0.02449 -9.82611e-07 | 29  0.01075 -4.91954e-07 | 30  0.01832 -5.23658e-07
 31  0.05624 -8.69757e-07 | 32  0.02221 -5.00920e-07 | 33  0.02002 -4.43588e-07
 34  0.03209 -2.30061e-07 | 35  0.01936 -1.59134e-07 | 36  0.04318 -4.59616e-07
 37  0.01849 -2.99287e-07 | 38 -0.00125 -1.25958e-07 | 39 -0.01234  1.86667e-08
 40 -0.01707  2.07714e-07 | 41 -0.00316  1.83281e-07 | 42  0.02385 -1.12537e-08
 43  0.02134 -1.58191e-07 | 44  0.00762  7.53532e-08 | 45  0.00118  3.31893e-07
 46  0.00176  3.79484e-07 | 47  0.01725  3.77481e-07 | 48  0.00889  3.67446e-07
 49 -0.02401  3.69451e-07 | 50 -0.02381  4.17903e-07 | 51 -0.01270  4.93892e-07
 52  0.00122  6.40765e-07 | 53 -0.00352  6.36992e-07 | 54 -0.00674  5.85405e-07
 55 -0.03330  5.04348e-07 | 56 -0.02929  4.52334e-07 | 57 -0.01698  4.91140e-07
 58  0.00650  6.00808e-07 | 59 -0.00442  4.69674e-07 | 60 -0.01016  4.82573e-07
 61 -0.01068  4.29671e-07 | 62 -0.00911  4.14657e-07 | 63 -0.01027  4.72766e-07
 64 -0.01392  6.53806e-07 | 65 -0.01065  4.84661e-07 | 66 -0.00049 -1.66144e-09
 67 -0.00000  1.53432e-07 | 68  0.00000  0.00000e+00 | 69 -0.73227  1.98469e-05
 70  0.30159 -2.22669e-06 | 71 -0.03165 -1.90926e-09 | 72  0.20291  9.55656e-06
 73 -0.00000 -6.49896e-09 | 74  0.08235 -5.06482e-07 | 75  0.21305  2.45569e-05
 76 -0.18437  6.41478e-09 | 77  0.16903  1.77372e-05 | 78  0.00000  5.15633e-12
 79 -0.16590  1.88283e-06 | 80  0.18490 -1.26672e-06 | 81 -0.07128 -8.05232e-09
 82  0.13421  4.76601e-06 | 83  0.00000 -1.78692e-31 | 84  0.04675 -1.78626e-08
 85 -0.05108 -3.03318e-07 | 86 -0.22627 -5.21119e-10 | 87  0.10650  2.01346e-07
 88  0.67591 -8.15833e-08 | 89 -0.12536 -3.20945e-07 | 90  0.12759 -3.04719e-07
 91 -0.63100 -3.39103e-08 |
size of file gradfil1.tmp = 0
size of file gradfil2.tmp = 0
size of file varssave.tmp = 0
size of file cmpdiff.tmp = 0
