
Initial statistics: 6 variables; iteration 0; function evaluation 0; phase 1
Function value 1.1826871e+03; maximum gradient component mag 6.1306e+04
Var    Value     Gradient |Var    Value     Gradient |Var    Value     Gradient
  1  0.05168  6.13061e+04 |  2 -0.01278  3.05683e+04 |  3  0.00000  7.97725e-01
  4  0.00000  9.08893e-02 |  5  0.00000  0.00000e+00 |  6 -0.76499  3.11510e+04

Intermediate statistics: 6 variables; iteration 20; function evaluation 52; phase 1
Function value 3.2616869e+02; maximum gradient component mag -4.3823e+02
Var    Value     Gradient |Var    Value     Gradient |Var    Value     Gradient
  1  0.04978 -3.37330e+02 |  2  0.01200 -2.36891e+02 |  3 -0.00346 -1.87915e+00
  4  0.00020  2.46624e-01 |  5  0.00000  0.00000e+00 |  6 -0.82992 -4.38229e+02

 - final statistics:
6 variables; iteration 28; function evaluation 61
Function value 3.2457e+02; maximum gradient component mag -2.8663e+00
Exit code = 1;  converg criter 1.0000e+01
Var    Value     Gradient |Var    Value     Gradient |Var    Value     Gradient
  1  0.04716 -2.86633e+00 |  2 -0.02210 -1.83214e+00 |  3 -0.00130  7.29581e-03
  4 -0.00012  6.30742e-03 |  5  0.00000  0.00000e+00 |  6 -0.79975 -2.35817e+00

Initial statistics: 60 variables; iteration 0; function evaluation 0; phase 2
Function value 3.2456599e+02; maximum gradient component mag -3.9379e+02
Var    Value     Gradient |Var    Value     Gradient |Var    Value     Gradient
  1  0.04716 -2.86633e+00 |  2 -0.02210 -1.83214e+00 |  3  0.00000  8.30938e+01
  4  0.00000  8.61641e+01 |  5  0.00000  8.86818e+01 |  6  0.00000  8.60634e+01
  7  0.00000  8.31092e+01 |  8  0.00000  7.60822e+01 |  9  0.00000  7.81472e+01
 10  0.00000  8.67638e+01 | 11  0.00000  1.16693e+02 | 12  0.00000  1.28018e+02
 13  0.00000  1.11661e+02 | 14  0.00000  9.36458e+01 | 15  0.00000  5.45546e+01
 16  0.00000 -1.24682e+01 | 17  0.00000 -5.87940e+01 | 18  0.00000 -1.13567e+02
 19  0.00000 -1.80225e+02 | 20  0.00000 -2.38621e+02 | 21  0.00000 -3.18995e+02
 22  0.00000 -3.93793e+02 | 23  0.00000 -3.87891e+02 | 24  0.00000 -3.63238e+02
 25  0.00000 -3.59746e+02 | 26  0.00000 -3.36431e+02 | 27  0.00000 -3.25839e+02
 28  0.00000 -2.40480e+02 | 29  0.00000 -1.25726e+02 | 30  0.00000 -2.77637e+01
 31  0.00000  3.17134e+01 | 32  0.00000  3.00832e+01 | 33  0.00000 -8.35307e+00
 34  0.00000 -2.73069e+01 | 35  0.00000 -1.09420e+01 | 36  0.00000  1.64400e+01
 37  0.00000  3.72221e+01 | 38  0.00000  4.47523e+01 | 39  0.00000  8.53359e+01
 40  0.00000  1.63186e+02 | 41  0.00000  1.91540e+02 | 42  0.00000  1.83043e+02
 43  0.00000  1.53481e+02 | 44  0.00000  1.49530e+02 | 45  0.00000  1.53051e+02
 46  0.00000  2.04102e+02 | 47  0.00000  2.01200e+02 | 48  0.00000  1.68453e+02
 49  0.00000  1.19868e+02 | 50  0.00000  1.08357e+02 | 51  0.00000  1.08007e+02
 52  0.00000  9.65806e+01 | 53  0.00000  6.74660e+01 | 54  0.00000  3.10909e+01
 55  0.00000  1.29992e+01 | 56 -0.00130  7.29581e-03 | 57 -0.00012  6.30742e-03
 58  0.00000  0.00000e+00 | 59 -0.79975 -2.35817e+00 | 60  0.09974  2.25724e+02

Intermediate statistics: 60 variables; iteration 20; function evaluation 35; phase 2
Function value 2.5533167e+02; maximum gradient component mag -1.5591e+03
Var    Value     Gradient |Var    Value     Gradient |Var    Value     Gradient
  1  0.02982 -7.97101e+02 |  2  0.01473 -1.19921e+03 |  3 -0.05639 -7.50291e+01
  4 -0.02905 -6.38139e+01 |  5 -0.02395 -5.73763e+01 |  6 -0.01514 -4.61875e+01
  7 -0.00101 -2.95830e+01 |  8  0.01931 -8.44475e+00 |  9  0.01912  2.17717e+00
 10  0.02495  4.51040e+00 | 11 -0.00226 -1.62815e+01 | 12 -0.01015 -2.85097e+01
 13 -0.00016 -3.18768e+01 | 14 -0.01679 -3.58901e+01 | 15 -0.01700 -2.48581e+01
 16  0.02232 -1.22798e+00 | 17  0.01162 -1.84389e+01 | 18  0.00184 -4.61401e+01
 19  0.03707 -7.25034e+01 | 20 -0.03805 -1.01159e+02 | 21 -0.00735 -8.17837e+01
 22  0.09018 -4.91168e+01 | 23  0.03679 -6.14542e+01 | 24 -0.06089 -1.08434e+02
 25  0.05394 -9.05540e+01 | 26 -0.03479 -8.07719e+01 | 27  0.07497 -2.33867e+01
 28  0.00978 -3.39983e+01 | 29 -0.00869 -3.17375e+01 | 30 -0.00767 -1.83155e+01
 31 -0.01360 -1.18565e+01 | 32 -0.01266 -1.37234e+01 | 33  0.00301 -1.19773e+01
 34  0.01687 -7.55535e-01 | 35  0.00935  8.00719e+00 | 36  0.00673  2.25905e+01
 37  0.00907  3.99225e+01 | 38  0.02006  5.64231e+01 | 39  0.00750  4.66505e+01
 40 -0.02292  3.00620e+01 | 41 -0.02091  4.46420e+01 | 42 -0.01081  7.09044e+01
 43  0.00798  1.03707e+02 | 44  0.00585  1.05173e+02 | 45  0.00724  9.70578e+01
 46 -0.01618  7.19342e+01 | 47 -0.01302  6.94512e+01 | 48 -0.00884  6.26821e+01
 49  0.00950  6.45553e+01 | 50  0.00383  4.53360e+01 | 51 -0.00476  2.02082e+01
 52 -0.01033 -7.81306e+00 | 53 -0.01539 -3.76374e+01 | 54 -0.01209 -5.30131e+01
 55 -0.02797 -5.90659e+01 | 56 -0.00569 -2.90659e+00 | 57 -0.00030 -8.61593e-02
 58  0.00000  0.00000e+00 | 59 -0.80357 -1.55915e+03 | 60  0.07789 -6.74078e+01
60 variables; iteration 40; function evaluation 67; phase 2
Function value 2.3185173e+02; maximum gradient component mag 4.0946e+02
Var    Value     Gradient |Var    Value     Gradient |Var    Value     Gradient
  1  0.02580  4.09460e+02 |  2  0.00981 -9.06358e+01 |  3 -0.02864  1.95641e+01
  4 -0.01100  3.44552e+01 |  5 -0.01314  3.02984e+01 |  6 -0.01560  2.33130e+01
  7 -0.01194  2.36863e+01 |  8  0.00165  3.22057e+01 |  9  0.00794  3.94172e+01
 10  0.00326  3.17387e+01 | 11 -0.01239  3.15467e+01 | 12 -0.01208  3.71137e+01
 13 -0.00581  3.59593e+01 | 14 -0.01511  2.72272e+01 | 15 -0.01719  1.77391e+01
 16  0.01538  1.29601e+01 | 17  0.01497  5.47936e+00 | 18  0.00586  2.95081e+00
 19  0.02164  7.65965e+00 | 20  0.04110  1.28113e+01 | 21 -0.03440 -5.21841e+01
 22  0.07613 -5.73776e+01 | 23  0.05134 -2.85052e+01 | 24 -0.01806 -4.35338e+01
 25  0.05506 -2.57242e+01 | 26 -0.01871 -4.00672e+01 | 27  0.06970 -4.59949e+01
 28 -0.02030 -5.02830e+01 | 29  0.02931  4.55419e-02 | 30 -0.02012 -2.08350e+01
 31 -0.01083 -5.67316e+00 | 32 -0.00248 -7.65486e-01 | 33  0.00961 -1.20004e+01
 34  0.00312 -2.77668e+01 | 35  0.02058 -9.39741e+00 | 36  0.00363 -1.54822e+01
 37  0.00998 -1.04385e+01 | 38  0.01081 -1.77197e+01 | 39  0.00762 -6.83866e+00
 40 -0.02099  5.71095e+00 | 41 -0.02187  9.90928e+00 | 42 -0.01507  7.89575e+00
 43 -0.00258 -4.30651e+00 | 44 -0.01313 -8.68182e+00 | 45  0.00228  1.49897e+00
 46 -0.02917  2.22608e+00 | 47 -0.02602 -1.71101e+00 | 48 -0.02220 -4.79366e+00
 49 -0.00158 -3.70147e+00 | 50 -0.00533  5.29041e+00 | 51 -0.01077  9.50443e+00
 52 -0.00937  1.31457e+01 | 53 -0.00447  1.48266e+01 | 54 -0.00227  7.08254e+00
 55 -0.00774  5.67753e-01 | 56 -0.00309  7.23988e-01 | 57 -0.00040 -1.48137e-01
 58  0.00000  0.00000e+00 | 59 -0.79094 -1.74647e+02 | 60  0.09292  2.07227e+01
Maximum number of function evaluations exceeded

 - final statistics:
60 variables; iteration 60; function evaluation 100
Function value 2.2829e+02; maximum gradient component mag 5.0987e+02
Exit code = 3;  converg criter 1.0000e+01
Var    Value     Gradient |Var    Value     Gradient |Var    Value     Gradient
  1  0.02587  5.09867e+02 |  2 -0.01545 -3.46325e+02 |  3 -0.02227  2.19415e+01
  4 -0.01629  2.30226e+01 |  5 -0.01312  2.69769e+01 |  6 -0.01142  2.64086e+01
  7 -0.00974  2.35417e+01 |  8 -0.00278  2.12101e+01 |  9  0.00063  2.18378e+01
 10  0.00310  2.30769e+01 | 11 -0.01446  2.17392e+01 | 12 -0.01406  2.41211e+01
 13 -0.01030  1.51859e+01 | 14 -0.01477  1.35804e+01 | 15 -0.02211  3.74269e+00
 16  0.01278  1.31120e+01 | 17  0.02077  1.76712e+01 | 18  0.00608 -1.09476e+01
 19  0.01602 -2.72156e+01 | 20  0.02722 -1.21594e+01 | 21 -0.01898 -3.90604e+01
 22  0.09788  9.48283e+00 | 23  0.02208 -1.96359e+01 | 24  0.00329 -3.03096e+01
 25  0.05577 -3.17699e+00 | 26 -0.02046 -3.27200e+01 | 27  0.07186  9.60863e+00
 28 -0.00206 -2.55046e+01 | 29  0.00120 -5.08185e+00 | 30  0.00152  1.19892e+01
 31 -0.01131  8.60203e+00 | 32 -0.00752  8.29202e+00 | 33  0.00230  1.52122e+00
 34  0.02062  7.90109e+00 | 35  0.01271  7.41657e-01 | 36  0.00495 -4.93566e+00
 37  0.01661  9.66485e+00 | 38  0.01817  2.35939e+00 | 39  0.00643 -5.21789e+00
 40 -0.02759 -9.26480e+00 | 41 -0.02126  2.24917e+00 | 42 -0.01693  2.52899e+00
 43 -0.00243 -1.87734e+00 | 44 -0.00594 -5.77489e+00 | 45 -0.00665 -1.94116e+01
 46 -0.02606 -8.65693e+00 | 47 -0.02841 -1.37359e+01 | 48 -0.01683 -3.25002e+00
 49  0.00184 -5.18347e+00 | 50 -0.01033 -1.47520e+01 | 51 -0.01425 -1.79413e+01
 52 -0.01139 -1.57077e+01 | 53 -0.01126 -1.54824e+01 | 54 -0.00264 -1.01920e+01
 55 -0.00958 -1.11437e+01 | 56 -0.00720 -2.39845e+00 | 57 -0.00013  6.47609e-02
 58  0.00000  0.00000e+00 | 59 -0.76840 -3.72812e+02 | 60  0.09408  1.79765e+01

Initial statistics: 81 variables; iteration 0; function evaluation 0; phase 3
Function value 2.2829416e+02; maximum gradient component mag -7.3872e+02
Var    Value     Gradient |Var    Value     Gradient |Var    Value     Gradient
  1  0.02587  5.09867e+02 |  2 -0.01545 -3.46325e+02 |  3 -0.02227  2.18680e+01
  4 -0.01629  2.29491e+01 |  5 -0.01312  2.69033e+01 |  6 -0.01142  2.63351e+01
  7 -0.00974  2.34681e+01 |  8 -0.00278  2.11366e+01 |  9  0.00062  2.17642e+01
 10  0.00310  2.30033e+01 | 11 -0.01446  2.16656e+01 | 12 -0.01406  2.40475e+01
 13 -0.01030  1.51123e+01 | 14 -0.01477  1.35069e+01 | 15 -0.02211  3.66917e+00
 16  0.01278  1.30385e+01 | 17  0.02076  1.75976e+01 | 18  0.00607 -1.10212e+01
 19  0.01602 -2.72891e+01 | 20  0.02722 -1.22328e+01 | 21 -0.01898 -3.91340e+01
 22  0.09787  9.41014e+00 | 23  0.02208 -1.97094e+01 | 24  0.00329 -3.03831e+01
 25  0.05577 -3.25027e+00 | 26 -0.02047 -3.27935e+01 | 27  0.07186  9.53554e+00
 28 -0.00206 -2.55781e+01 | 29  0.00120 -5.15541e+00 | 30  0.00152  1.19156e+01
 31 -0.01131  8.52847e+00 | 32 -0.00752  8.21846e+00 | 33  0.00230  1.44765e+00
 34  0.02062  7.82757e+00 | 35  0.01271  6.68109e-01 | 36  0.00495 -5.00922e+00
 37  0.01661  9.59131e+00 | 38  0.01817  2.28585e+00 | 39  0.00643 -5.29145e+00
 40 -0.02759 -9.33829e+00 | 41 -0.02126  2.17564e+00 | 42 -0.01693  2.45545e+00
 43 -0.00243 -1.95090e+00 | 44 -0.00594 -5.84845e+00 | 45 -0.00665 -1.94852e+01
 46 -0.02606 -8.73043e+00 | 47 -0.02841 -1.38094e+01 | 48 -0.01683 -3.32356e+00
 49  0.00184 -5.25703e+00 | 50 -0.01033 -1.48256e+01 | 51 -0.01425 -1.80149e+01
 52 -0.01139 -1.57813e+01 | 53 -0.01126 -1.55559e+01 | 54 -0.00264 -1.02656e+01
 55 -0.00958 -1.12173e+01 | 56 -0.00720 -2.39845e+00 | 57 -0.00013  6.47609e-02
 58  0.00000  0.00000e+00 | 59 -0.76840 -3.72812e+02 | 60  0.20375  3.70575e+02
 61  0.10430  5.43040e+02 | 62  0.18961 -4.18572e+02 | 63  0.00000  6.41564e-12
 64  0.06326  5.98312e+01 | 65  0.17418 -4.03513e+02 | 66  0.07530 -7.38719e+02
 67  0.16633 -3.58419e+02 | 68  0.00000 -7.36256e-03 | 69 -0.17934 -3.66218e+01
 70  0.14683  1.43266e+02 | 71  0.07387  2.86450e+01 | 72  0.12880 -2.06151e+02
 73  0.00000  9.67689e-29 | 74  0.03253  7.95356e+01 | 75 -0.06289  5.48981e+01
 76 -0.23700  1.96927e-03 | 77  0.10401 -3.39632e+01 | 78  0.70672  1.00105e+01
 79 -0.14795  2.92302e+01 | 80  0.09408  1.79765e+01 | 81 -0.65136  3.69019e+00

Intermediate statistics: 81 variables; iteration 20; function evaluation 32; phase 3
Function value 2.2260640e+02; maximum gradient component mag -2.1283e+02
Var    Value     Gradient |Var    Value     Gradient |Var    Value     Gradient
  1  0.02804 -2.12834e+02 |  2 -0.01499 -1.56781e+02 |  3 -0.02145  7.01208e+00
  4 -0.01482  7.73422e+00 |  5 -0.01369  8.37335e+00 |  6 -0.01195  8.37521e+00
  7 -0.00725  7.94206e+00 |  8  0.00329  8.38772e+00 |  9  0.00315  9.68219e+00
 10  0.00832  1.19666e+01 | 11 -0.01163  1.10714e+01 | 12 -0.01524  1.07563e+01
 13 -0.00722  1.09292e+01 | 14 -0.01614  1.19208e+01 | 15 -0.01837  1.27193e+01
 16  0.01401  1.83346e+01 | 17  0.01301  1.53501e+01 | 18  0.00470  1.64315e+00
 19  0.01989 -7.04472e+00 | 20  0.00789 -6.38128e+00 | 21  0.01681 -4.67870e+00
 22  0.07572  2.62067e+00 | 23  0.03097 -1.68399e+00 | 24  0.02104 -5.14879e+00
 25  0.03457 -9.78613e+00 | 26  0.01397 -1.00715e+01 | 27  0.05153 -1.61445e+01
 28  0.02193 -1.21475e+01 | 29 -0.00263 -8.53077e+00 | 30 -0.00725 -6.98819e+00
 31 -0.01381 -7.33556e+00 | 32 -0.01149 -8.26220e+00 | 33  0.00248 -8.85070e+00
 34  0.01443 -9.21501e+00 | 35  0.00948 -6.85630e+00 | 36  0.00575 -5.53469e+00
 37  0.00343 -5.60277e+00 | 38  0.01504 -7.22018e+00 | 39  0.00702 -6.34675e+00
 40 -0.02431 -2.22858e+00 | 41 -0.02541  2.38200e-01 | 42 -0.01977  2.33630e+00
 43 -0.00127  3.01699e+00 | 44 -0.00969 -9.10485e-01 | 45 -0.00001 -2.90011e+00
 46 -0.03288 -2.62142e+00 | 47 -0.02665  6.97116e-01 | 48 -0.02083  3.30828e+00
 49  0.00168  5.81651e+00 | 50 -0.00714  3.93207e+00 | 51 -0.01234  1.77968e+00
 52 -0.01295  2.19851e-01 | 53 -0.01139 -7.94114e-02 | 54 -0.00760 -1.80653e-01
 55 -0.01426 -4.81459e-01 | 56 -0.00566  2.56418e-01 | 57 -0.00027 -3.82526e-02
 58  0.00000  0.00000e+00 | 59 -0.77652 -1.68477e+02 | 60  0.14748  3.45147e+01
 61  0.12689  6.25431e+00 | 62  0.17803 -9.92608e+01 | 63 -0.00000 -2.56931e-09
 64  0.04140 -6.88338e-01 | 65  0.16970  5.24386e+01 | 66  0.07931 -4.10075e+01
 67  0.17088 -9.72209e+01 | 68 -0.00085 -4.19691e-06 | 69 -0.19127 -1.10411e+01
 70  0.13119  2.25794e+00 | 71  0.08394  2.24926e+00 | 72  0.12777  9.39981e+00
 73  0.00000  1.14621e-29 | 74  0.02728  3.24880e+01 | 75 -0.06863 -3.69080e+01
 76 -0.23700  7.25843e-05 | 77  0.10591  7.57123e+01 | 78  0.71751  5.86421e-01
 79 -0.15885  7.46748e+00 | 80  0.08405  1.44248e+00 | 81 -0.66754 -6.42435e-01
81 variables; iteration 40; function evaluation 56; phase 3
Function value 2.2213851e+02; maximum gradient component mag -2.8216e+02
Var    Value     Gradient |Var    Value     Gradient |Var    Value     Gradient
  1  0.02818 -1.61849e+01 |  2 -0.01514 -1.36831e+02 |  3 -0.02135 -1.82007e+00
  4 -0.01507 -1.62890e+00 |  5 -0.01363 -9.64346e-01 |  6 -0.01184 -1.01728e+00
  7 -0.00730 -1.82730e+00 |  8  0.00310 -2.34700e+00 |  9  0.00238 -2.09361e+00
 10  0.00785 -6.54107e-01 | 11 -0.01168 -2.86135e-01 | 12 -0.01561 -5.21540e-01
 13 -0.00819 -1.10051e+00 | 14 -0.01685  2.87342e-01 | 15 -0.01919 -5.53425e-01
 16  0.01214  3.71940e-01 | 17  0.01104  1.07515e+00 | 18  0.00486 -2.69388e+00
 19  0.02188 -2.91742e+00 | 20  0.00749 -4.08639e+00 | 21  0.02029 -2.48817e+00
 22  0.07339  3.72826e-01 | 23  0.03161 -3.65672e+00 | 24  0.02108 -3.34583e+00
 25  0.03506 -1.36951e+00 | 26  0.01469 -1.29115e+00 | 27  0.05307  3.71514e+00
 28  0.02174  2.80881e-01 | 29 -0.00252 -4.19134e-02 | 30 -0.00716  1.90180e+00
 31 -0.01396  2.43870e+00 | 32 -0.01178  4.06913e+00 | 33  0.00295  6.42370e+00
 34  0.01486  4.55301e+00 | 35  0.00937  1.01437e+00 | 36  0.00601  5.47860e-01
 37  0.00359  1.42814e-01 | 38  0.01658  1.78476e+00 | 39  0.00708 -3.74267e-01
 40 -0.02465 -1.74111e+00 | 41 -0.02533 -3.24009e-01 | 42 -0.01994  5.36819e-01
 43 -0.00202  2.47019e-01 | 44 -0.00948 -2.78131e+00 | 45 -0.00012 -3.51217e+00
 46 -0.03207 -3.77561e+00 | 47 -0.02698 -2.70715e+00 | 48 -0.02106 -2.19244e+00
 49  0.00058 -2.70071e+00 | 50 -0.00835 -4.40491e+00 | 51 -0.01278 -4.64348e+00
 52 -0.01281 -4.38938e+00 | 53 -0.01122 -3.88418e+00 | 54 -0.00700 -3.67632e+00
 55 -0.01368 -4.45641e+00 | 56 -0.00564  2.43543e-01 | 57 -0.00035 -9.19027e-02
 58  0.00000  0.00000e+00 | 59 -0.77687 -1.45163e+02 | 60  0.14509  1.80270e+01
 61  0.12797  6.83224e+01 | 62  0.17855 -1.32237e+01 | 63  0.00000  8.30296e-09
 64  0.04476  5.30237e+00 | 65  0.16883 -1.48521e+02 | 66  0.07929 -2.82165e+02
 67  0.17130 -5.58374e+01 | 68 -0.29856 -1.59178e-03 | 69 -0.17671 -8.70834e+00
 70  0.13071  1.84583e+01 | 71  0.08535  1.52477e+01 | 72  0.12685 -1.54902e+01
 73 -0.00000  3.33613e-29 | 74  0.02247  2.31790e+00 | 75 -0.07351 -2.07954e+01
 76 -0.23711 -7.44554e-05 | 77  0.10082  3.04249e+01 | 78  0.73144 -5.80700e-01
 79 -0.16591  3.44519e-01 | 80  0.08419  1.21186e+01 | 81 -0.67008 -5.48192e+00
81 variables; iteration 60; function evaluation 94; phase 3
Function value 2.2201347e+02; maximum gradient component mag -1.6724e+04
Var    Value     Gradient |Var    Value     Gradient |Var    Value     Gradient
  1  0.02812  2.69524e+02 |  2 -0.01274  8.58568e+01 |  3 -0.02137 -4.87435e-01
  4 -0.01549 -1.14282e+00 |  5 -0.01428 -9.34857e-01 |  6 -0.01254 -7.91011e-01
  7 -0.00707 -1.89311e-01 |  8  0.00317 -2.93356e-01 |  9  0.00291  2.96069e-01
 10  0.00846  9.10032e-01 | 11 -0.01197  9.82285e-02 | 12 -0.01634 -7.78203e-01
 13 -0.00810 -1.09015e+00 | 14 -0.01690  4.60729e-02 | 15 -0.01908 -7.57773e-01
 16  0.01164 -1.94540e+00 | 17  0.01038 -7.61666e-01 | 18  0.00558 -7.52995e-01
 19  0.02260  7.38539e-01 | 20  0.00969  3.23256e-02 | 21  0.01807 -2.80033e+00
 22  0.07456 -9.18229e-02 | 23  0.03180 -3.12106e+00 | 24  0.02067 -3.16601e+00
 25  0.03622 -1.74074e+00 | 26  0.01297 -4.11139e+00 | 27  0.05315 -2.33790e+00
 28  0.02193 -3.86712e+00 | 29 -0.00231 -3.08926e+00 | 30 -0.00708 -2.24334e+00
 31 -0.01422 -3.37829e+00 | 32 -0.01223 -3.94375e+00 | 33  0.00158 -3.69505e+00
 34  0.01532 -1.64635e+00 | 35  0.00932 -2.43158e+00 | 36  0.00593 -2.17381e+00
 37  0.00361 -2.01079e+00 | 38  0.01584 -6.73136e-01 | 39  0.00801  2.90753e-01
 40 -0.02411 -3.66934e-01 | 41 -0.02598 -7.84988e-01 | 42 -0.02039 -2.18704e-02
 43 -0.00234  4.41437e-01 | 44 -0.00861  4.18246e-01 | 45  0.00003  5.78564e-02
 46 -0.03129 -2.21813e-01 | 47 -0.02736 -1.09155e+00 | 48 -0.02114 -6.30320e-01
 49  0.00027 -9.39170e-01 | 50 -0.00811 -9.81913e-01 | 51 -0.01233 -4.19035e-01
 52 -0.01244 -3.88680e-01 | 53 -0.01137 -9.32189e-01 | 54 -0.00716 -1.15850e+00
 55 -0.01327 -1.56667e+00 | 56 -0.00571  1.06758e-01 | 57  0.00017  3.09602e-01
 58  0.00000  0.00000e+00 | 59 -0.77740  9.11836e+01 | 60  0.14655  2.32214e+00
 61  0.12746  2.50794e+01 | 62  0.17922  8.02025e+00 | 63  0.00001  6.12106e-08
 64  0.04319  7.39397e-01 | 65  0.16885 -1.25009e+04 | 66  0.07926 -1.67238e+04
 67  0.17060  4.71484e+01 | 68 -0.18892  2.61540e+00 | 69 -0.18614  1.35364e+01
 70  0.13002  5.06712e+00 | 71  0.08496  2.42728e+00 | 72  0.12658 -7.99411e+00
 73 -0.00000  8.18243e-30 | 74  0.02241 -3.76800e-01 | 75 -0.07475 -1.36611e+01
 76 -0.23730 -2.97801e-04 | 77  0.09899  1.00373e+01 | 78  0.73122 -1.60602e+00
 79 -0.16545 -4.15086e-01 | 80  0.08380  3.11444e-01 | 81 -0.66786 -5.03508e-01
Maximum number of function evaluations exceeded

 - final statistics:
81 variables; iteration 65; function evaluation 100
Function value 2.2201e+02; maximum gradient component mag -1.1586e+04
Exit code = 3;  converg criter 1.0000e+00
Var    Value     Gradient |Var    Value     Gradient |Var    Value     Gradient
  1  0.02812  2.26518e+02 |  2 -0.01263  5.88042e+01 |  3 -0.02156 -7.89504e-01
  4 -0.01548 -1.23995e+00 |  5 -0.01421 -9.49323e-01 |  6 -0.01254 -8.74041e-01
  7 -0.00711 -3.40052e-01 |  8  0.00300 -5.56516e-01 |  9  0.00307  3.59565e-01
 10  0.00848  9.01290e-01 | 11 -0.01220 -1.62486e-01 | 12 -0.01628 -7.62127e-01
 13 -0.00809 -9.81807e-01 | 14 -0.01705  8.74257e-02 | 15 -0.01865 -6.11789e-02
 16  0.01109 -1.86318e+00 | 17  0.01105  4.68474e-01 | 18  0.00496 -7.24377e-01
 19  0.02305  1.69457e+00 | 20  0.00955  2.57707e-01 | 21  0.01837 -2.49460e+00
 22  0.07365  4.35121e-01 | 23  0.03416 -1.01076e+00 | 24  0.01880 -3.70047e+00
 25  0.03685 -8.17109e-01 | 26  0.01267 -3.72151e+00 | 27  0.05361 -1.16328e+00
 28  0.02139 -3.75622e+00 | 29 -0.00207 -2.55315e+00 | 30 -0.00685 -1.69676e+00
 31 -0.01459 -3.35827e+00 | 32 -0.01219 -3.55997e+00 | 33  0.00209 -2.97287e+00
 34  0.01463 -2.14232e+00 | 35  0.00961 -2.07002e+00 | 36  0.00622 -1.73556e+00
 37  0.00363 -2.02309e+00 | 38  0.01540 -1.28332e+00 | 39  0.00817  2.76048e-01
 40 -0.02359  4.56000e-02 | 41 -0.02665 -1.81207e+00 | 42 -0.02060 -5.05303e-01
 43 -0.00178  9.23588e-01 | 44 -0.00877  3.16385e-02 | 45 -0.00040 -7.61849e-01
 46 -0.03079  2.32996e-01 | 47 -0.02722 -9.55118e-01 | 48 -0.02104 -7.67835e-01
 49 -0.00014 -1.65415e+00 | 50 -0.00793 -9.48089e-01 | 51 -0.01183 -1.03365e-01
 52 -0.01312 -1.39235e+00 | 53 -0.01134 -1.24800e+00 | 54 -0.00691 -1.07181e+00
 55 -0.01349 -1.85951e+00 | 56 -0.00557  2.26434e-01 | 57 -0.00015  3.04013e-02
 58  0.00000  0.00000e+00 | 59 -0.77740  6.17614e+01 | 60  0.14670  1.94639e+00
 61  0.12740  2.29612e+01 | 62  0.17926  8.18607e+00 | 63  0.00002  8.44194e-08
 64  0.04327  9.86759e-01 | 65  0.16882 -8.65232e+03 | 66  0.07928 -1.15857e+04
 67  0.17057  3.25026e+01 | 68 -0.19722  1.71985e+00 | 69 -0.18674  9.76228e+00
 70  0.12970  4.18480e+00 | 71  0.08519  2.53217e+00 | 72  0.12645 -7.04925e+00
 73 -0.00000  8.21673e-30 | 74  0.02244 -4.71330e-01 | 75 -0.07448 -1.09947e+01
 76 -0.23733 -2.30376e-04 | 77  0.09902  7.45040e+00 | 78  0.73110 -1.45109e+00
 79 -0.16580 -6.76066e-01 | 80  0.08371 -2.00458e-01 | 81 -0.66807 -5.58088e-01

Initial statistics: 91 variables; iteration 0; function evaluation 0; phase 4
Function value 2.2200457e+02; maximum gradient component mag -1.1313e+04
Var    Value     Gradient |Var    Value     Gradient |Var    Value     Gradient
  1  0.02812  2.24620e+02 |  2 -0.01263  5.76684e+01 |  3  0.00000  2.21876e+01
  4  0.00000  2.42327e+01 |  5  0.00000  1.79788e+01 |  6  0.00000  1.24511e+01
  7  0.00000  1.39763e+01 |  8  0.00000  9.14319e+00 |  9  0.00000 -6.32044e-01
 10  0.00000  2.32632e+00 | 11  0.00000  7.82510e-01 | 12  0.00000  1.21278e+01
 13 -0.02153  2.84128e-01 | 14 -0.01546 -1.65271e-01 | 15 -0.01419  1.09278e-01
 16 -0.01251  1.79539e-01 | 17 -0.00709  7.06917e-01 | 18  0.00303  5.32967e-01
 19  0.00309  1.43522e+00 | 20  0.00850  1.94255e+00 | 21 -0.01217  9.07639e-01
 22 -0.01625  3.39078e-01 | 23 -0.00807  6.42097e-02 | 24 -0.01703  1.14262e+00
 25 -0.01863  9.65562e-01 | 26  0.01111 -7.45468e-01 | 27  0.01107  1.52551e+00
 28  0.00499  3.68121e-01 | 29  0.02307  2.74346e+00 | 30  0.00957  1.31956e+00
 31  0.01839 -1.42733e+00 | 32  0.07367  1.52112e+00 | 33  0.03418  3.64550e-02
 34  0.01883 -2.60846e+00 | 35  0.03687  2.99922e-01 | 36  0.01269 -2.62747e+00
 37  0.05364 -4.58681e-02 | 38  0.02141 -2.64583e+00 | 39 -0.00205 -1.45320e+00
 40 -0.00683 -5.72182e-01 | 41 -0.01456 -2.27812e+00 | 42 -0.01217 -2.41962e+00
 43  0.00211 -1.88080e+00 | 44  0.01465 -1.04526e+00 | 45  0.00963 -9.91031e-01
 46  0.00624 -6.26248e-01 | 47  0.00365 -9.59228e-01 | 48  0.01542 -2.06242e-01
 49  0.00820  1.35482e+00 | 50 -0.02357  1.08685e+00 | 51 -0.02663 -7.77476e-01
 52 -0.02058  5.59149e-01 | 53 -0.00176  1.97862e+00 | 54 -0.00875  1.05174e+00
 55 -0.00038  3.31881e-01 | 56 -0.03077  1.26245e+00 | 57 -0.02720  5.02606e-02
 58 -0.02102  2.90881e-01 | 59 -0.00012 -5.80283e-01 | 60 -0.00791  9.31806e-02
 61 -0.01181  9.29363e-01 | 62 -0.01310 -3.36574e-01 | 63 -0.01132 -1.96192e-01
 64 -0.00688 -2.69662e-02 | 65 -0.01347 -8.08958e-01 | 66 -0.00557  2.05476e-01
 67 -0.00015  6.62715e-02 | 68  0.00000  0.00000e+00 | 69 -0.77740  6.05350e+01
 70  0.14670  1.88981e+00 | 71  0.12740  2.24880e+01 | 72  0.17926  8.11939e+00
 73  0.00002  9.27764e-08 | 74  0.04327  9.77540e-01 | 75  0.16882 -8.44709e+03
 76  0.07928 -1.13130e+04 | 77  0.17057  3.18292e+01 | 78 -0.19722  1.68098e+00
 79 -0.18674  9.59314e+00 | 80  0.12970  4.09614e+00 | 81  0.08519  2.53526e+00
 82  0.12645 -6.94618e+00 | 83  0.00000  8.20477e-30 | 84  0.02244 -4.93770e-01
 85 -0.07448 -1.07866e+01 | 86 -0.23733 -2.25018e-04 | 87  0.09902  7.26116e+00
 88  0.73110 -1.43580e+00 | 89 -0.16580 -6.84154e-01 | 90  0.08371 -2.07321e-01
 91 -0.66807 -5.38500e-01 |

Intermediate statistics: 91 variables; iteration 20; function evaluation 26; phase 4
Function value 2.2122987e+02; maximum gradient component mag -1.0003e+03
Var    Value     Gradient |Var    Value     Gradient |Var    Value     Gradient
  1  0.02837  4.31361e+01 |  2 -0.01349 -5.27576e+00 |  3 -0.01739  6.44085e+00
  4 -0.01764  7.68102e+00 |  5 -0.01312  6.01603e+00 |  6 -0.00859  4.71863e+00
  7 -0.01011  5.06906e+00 |  8 -0.00629  3.84472e+00 |  9  0.00470  2.27480e+00
 10  0.00199  3.37656e+00 | 11  0.00530  4.21254e+00 | 12 -0.00402  7.78916e+00
 13 -0.01837  3.98197e+00 | 14 -0.01349  3.63242e+00 | 15 -0.01425  2.64267e+00
 16 -0.01323  2.03786e+00 | 17 -0.00728  3.03972e+00 | 18  0.00426  4.60246e+00
 19  0.00380  5.89088e+00 | 20  0.00944  6.48227e+00 | 21 -0.01145  3.91213e+00
 22 -0.01570  2.77860e+00 | 23 -0.00753  2.14783e+00 | 24 -0.01791  7.13698e-01
 25 -0.02021 -1.35342e+00 | 26  0.01199 -1.96675e+00 | 27  0.01023 -3.67779e-01
 28  0.00576  5.13045e-01 | 29  0.02262  1.06423e+00 | 30  0.00926 -3.97723e-01
 31  0.02076 -1.71884e+00 | 32  0.07335 -4.22035e+00 | 33  0.03371 -4.53628e+00
 34  0.02086 -6.46264e+00 | 35  0.03413 -1.02439e+01 | 36  0.01439 -1.09685e+01
 37  0.05004 -2.07126e+01 | 38  0.02173 -1.77990e+01 | 39 -0.00329 -1.44965e+01
 40 -0.00856 -1.33816e+01 | 41 -0.01493 -1.18980e+01 | 42 -0.01260 -1.10815e+01
 43  0.00148 -1.11433e+01 | 44  0.01347 -9.93272e+00 | 45  0.00949 -5.23914e+00
 46  0.00689 -8.73792e-01 | 47  0.00473  1.62146e+00 | 48  0.01602  3.98665e+00
 49  0.00772  5.69207e+00 | 50 -0.02416  5.13355e+00 | 51 -0.02625  5.44234e+00
 52 -0.02054  7.64233e+00 | 53 -0.00189  1.04396e+01 | 54 -0.00921  8.63400e+00
 55 -0.00021  9.11682e+00 | 56 -0.03105  7.17684e+00 | 57 -0.02639  7.29776e+00
 58 -0.02129  6.75942e+00 | 59 -0.00036  6.56394e+00 | 60 -0.00854  5.60175e+00
 61 -0.01256  6.07499e+00 | 62 -0.01278  5.47008e+00 | 63 -0.01119  4.51902e+00
 64 -0.00721  2.73294e+00 | 65 -0.01362  3.95943e-01 | 66 -0.00567  3.04753e-01
 67 -0.00022  3.13542e-02 | 68  0.00000  0.00000e+00 | 69 -0.77676 -6.11384e+00
 70  0.15591  2.88393e+00 | 71  0.12400  2.86328e-01 | 72  0.18187  9.54409e+00
 73  0.00002  9.27746e-08 | 74  0.04539  3.99437e+00 | 75  0.16863 -7.41173e+02
 76  0.07942 -1.00033e+03 | 77  0.17089  2.98551e+01 | 78 -0.19665  1.35156e-01
 79 -0.19506 -2.15456e+00 | 80  0.13324  8.49708e+00 | 81  0.08256  1.38256e+00
 82  0.12765 -8.80898e+00 | 83 -0.00000  6.73677e-30 | 84  0.02409  6.31684e+00
 85 -0.07399 -2.24753e+01 | 86 -0.23733 -3.86741e-04 | 87  0.09998  2.45384e+01
 88  0.73005 -1.82946e+00 | 89 -0.16440 -2.93490e-01 | 90  0.08515  8.75144e-01
 91 -0.66492  1.12937e+00 |
91 variables; iteration 40; function evaluation 47; phase 4
Function value 2.2107684e+02; maximum gradient component mag -1.1369e+04
Var    Value     Gradient |Var    Value     Gradient |Var    Value     Gradient
  1  0.02828  1.26721e+02 |  2 -0.01347  2.06639e+01 |  3 -0.02153  3.09493e+00
  4 -0.02178  4.21002e+00 |  5 -0.01585  3.92634e+00 |  6 -0.01035  3.50208e+00
  7 -0.01248  3.40642e+00 |  8 -0.00678  4.08780e+00 |  9  0.00489  3.26353e+00
 10  0.00367  5.64777e+00 | 11  0.00651  5.74365e+00 | 12 -0.00574  6.11407e+00
 13 -0.01836  3.09966e+00 | 14 -0.01383  2.74767e+00 | 15 -0.01419  2.96222e+00
 16 -0.01276  3.19222e+00 | 17 -0.00709  3.34809e+00 | 18  0.00373  3.18163e+00
 19  0.00306  3.69798e+00 | 20  0.00933  5.75766e+00 | 21 -0.01059  5.69441e+00
 22 -0.01562  4.62561e+00 | 23 -0.00731  4.34805e+00 | 24 -0.01727  2.42239e+00
 25 -0.01990 -1.12246e+00 | 26  0.01112 -4.59325e+00 | 27  0.00970 -3.19452e+00
 28  0.00628 -3.57246e-01 | 29  0.02283  7.87849e-01 | 30  0.00906 -5.37127e-01
 31  0.02016 -1.42231e+00 | 32  0.07436 -6.70764e-01 | 33  0.03370 -2.46265e+00
 34  0.02173 -4.25292e+00 | 35  0.03236 -7.72420e+00 | 36  0.01686 -4.19995e+00
 37  0.04939 -7.63478e+00 | 38  0.02511 -3.76213e+00 | 39 -0.00373 -6.14683e+00
 40 -0.00864 -7.02261e+00 | 41 -0.01505 -7.18595e+00 | 42 -0.01223 -6.24981e+00
 43  0.00191 -5.57559e+00 | 44  0.01376 -4.51944e+00 | 45  0.00941 -2.36586e+00
 46  0.00695  2.04294e-01 | 47  0.00538  1.77066e+00 | 48  0.01608  1.65911e+00
 49  0.00677  5.00440e-01 | 50 -0.02459  6.20494e-01 | 51 -0.02635  1.08668e+00
 52 -0.02088  2.49634e+00 | 53 -0.00236  4.12660e+00 | 54 -0.00925  3.41973e+00
 55 -0.00051  2.87883e+00 | 56 -0.03207  1.27516e+00 | 57 -0.02692  1.55338e+00
 58 -0.02141  1.62746e+00 | 59 -0.00068  8.56693e-01 | 60 -0.00922  5.20343e-01
 61 -0.01298  1.67177e+00 | 62 -0.01260  2.20863e+00 | 63 -0.01135  1.51251e+00
 64 -0.00760  3.62994e-01 | 65 -0.01360 -4.75750e-01 | 66 -0.00565  1.42350e-01
 67 -0.00021  3.03505e-02 | 68  0.00000  0.00000e+00 | 69 -0.77721  2.07016e+01
 70  0.15558  3.21686e+00 | 71  0.12427  4.42775e-01 | 72  0.18146  2.82538e+00
 73  0.00002  9.25777e-08 | 74  0.04575  3.66903e+00 | 75  0.16886 -8.48729e+03
 76  0.07925 -1.13687e+04 | 77  0.17034  2.88784e+01 | 78 -0.17095  1.89341e+00
 79 -0.18683  5.66401e+00 | 80  0.13249  7.30438e+00 | 81  0.08352  2.41322e+00
 82  0.12705 -1.02850e+01 | 83 -0.00000  8.10769e-30 | 84  0.02395  2.57666e+00
 85 -0.07431 -4.12892e+00 | 86 -0.23738  1.54682e-05 | 87  0.09865  6.09296e-02
 88  0.73475 -2.83896e-01 | 89 -0.16678 -1.33144e+00 | 90  0.08496 -3.44610e+00
 91 -0.66536  1.61430e+00 |
91 variables; iteration 60; function evaluation 73; phase 4
Function value 2.2094166e+02; maximum gradient component mag -1.0424e+03
Var    Value     Gradient |Var    Value     Gradient |Var    Value     Gradient
  1  0.02813 -2.21567e+02 |  2 -0.01320 -1.18452e+01 |  3 -0.02363 -4.39692e-01
  4 -0.02433 -2.14729e-01 |  5 -0.01776 -3.79238e-01 |  6 -0.01148 -4.89626e-01
  7 -0.01391 -8.21424e-01 |  8 -0.00831 -5.57422e-01 |  9  0.00442 -1.54482e+00
 10  0.00182 -9.40887e-01 | 11  0.00493 -2.04505e+00 | 12 -0.00813 -2.25872e+00
 13 -0.01838  1.96444e+00 | 14 -0.01381  1.54346e+00 | 15 -0.01448  1.82129e+00
 16 -0.01322  2.06248e+00 | 17 -0.00805  1.40680e+00 | 18  0.00321  9.46322e-01
 19  0.00347  1.52787e+00 | 20  0.00883  6.58970e-01 | 21 -0.01168  9.13557e-01
 22 -0.01668  2.18147e-01 | 23 -0.00739  8.02518e-01 | 24 -0.01757  8.19733e-01
 25 -0.01998 -7.75275e-01 | 26  0.01200 -4.42728e+00 | 27  0.01189 -2.45215e+00
 28  0.00605 -2.26075e+00 | 29  0.02300 -2.77395e+00 | 30  0.00860 -2.06005e+00
 31  0.02215 -8.53574e-01 | 32  0.07484 -4.81079e+00 | 33  0.03335 -3.18742e+00
 34  0.02168 -2.39674e+00 | 35  0.03545 -2.86333e+00 | 36  0.01464 -2.27874e+00
 37  0.05090 -6.27134e+00 | 38  0.02319 -4.25173e+00 | 39 -0.00277 -3.60865e+00
 40 -0.00774 -3.51262e+00 | 41 -0.01421 -3.44778e+00 | 42 -0.01202 -3.36542e+00
 43  0.00260 -2.76680e+00 | 44  0.01365 -3.03014e+00 | 45  0.01003 -1.67893e+00
 46  0.00668 -1.19346e+00 | 47  0.00578  6.78431e-01 | 48  0.01581 -2.90217e-02
 49  0.00698  3.55783e-01 | 50 -0.02501  1.38094e+00 | 51 -0.02653  1.82601e+00
 52 -0.02085  2.62940e+00 | 53 -0.00292  2.61874e+00 | 54 -0.00979  3.07443e+00
 55 -0.00089  2.63401e+00 | 56 -0.03196  2.75465e+00 | 57 -0.02678  2.90031e+00
 58 -0.02186  3.09146e+00 | 59 -0.00096  3.05053e+00 | 60 -0.00935  3.30365e+00
 61 -0.01345  3.57257e+00 | 62 -0.01313  3.67926e+00 | 63 -0.01176  3.55394e+00
 64 -0.00775  3.72498e+00 | 65 -0.01361  3.86019e+00 | 66 -0.00569  4.66782e-02
 67 -0.00029 -3.92859e-02 | 68  0.00000  0.00000e+00 | 69 -0.77606 -1.23132e+01
 70  0.15675 -4.04264e+00 | 71  0.12376  1.94925e-01 | 72  0.18122  1.09835e+01
 73  0.00002  9.19112e-08 | 74  0.04527 -2.35602e+00 | 75  0.16857 -7.60732e+02
 76  0.07947 -1.04235e+03 | 77  0.16908 -9.41419e-01 | 78 -0.17009  1.92303e-01
 79 -0.19144 -1.35801e+00 | 80  0.13339  5.02623e-01 | 81  0.08210  3.94614e-01
 82  0.12709 -1.06807e+00 | 83 -0.00000  1.49809e-30 | 84  0.02441 -3.43262e-01
 85 -0.07187  8.95868e-01 | 86 -0.23755  1.07388e-04 | 87  0.09983 -1.75430e+00
 88  0.72860 -6.70328e-02 | 89 -0.16384 -7.93348e-01 | 90  0.08630 -6.20398e-01
 91 -0.66478  2.80666e-01 |
91 variables; iteration 80; function evaluation 104; phase 4
Function value 2.2092322e+02; maximum gradient component mag 1.2320e+03
Var    Value     Gradient |Var    Value     Gradient |Var    Value     Gradient
  1  0.02813 -5.36453e+01 |  2 -0.01346 -2.36307e+01 |  3 -0.02397  6.08941e-02
  4 -0.02516 -7.39237e-02 |  5 -0.01866 -1.04155e-01 |  6 -0.01242 -6.37950e-02
  7 -0.01447  1.37154e-03 |  8 -0.00962 -2.15715e-01 |  9  0.00418 -1.18584e-01
 10  0.00056 -2.23302e-01 | 11  0.00478 -1.76784e-01 | 12 -0.00792 -2.08010e-01
 13 -0.01890 -9.38328e-02 | 14 -0.01402 -2.14881e-01 | 15 -0.01463  1.33038e-01
 16 -0.01409 -2.08039e-01 | 17 -0.00803  1.03210e-02 | 18  0.00349 -6.10049e-02
 19  0.00277 -2.34475e-01 | 20  0.00875 -1.71716e-01 | 21 -0.01208 -1.49185e-01
 22 -0.01604  6.93750e-02 | 23 -0.00774  1.04888e-01 | 24 -0.01834  5.94410e-02
 25 -0.02019  3.41693e-01 | 26  0.01340  6.18624e-01 | 27  0.01093  2.56140e-01
 28  0.00646  2.04641e-01 | 29  0.02307  1.90338e-01 | 30  0.00978  9.81092e-02
 31  0.02189  1.32307e-02 | 32  0.07481 -7.32105e-02 | 33  0.03468  9.42479e-02
 34  0.02209  9.39582e-02 | 35  0.03505 -4.44087e-02 | 36  0.01495 -1.70290e-01
 37  0.05131 -2.26124e-01 | 38  0.02284 -2.64762e-01 | 39 -0.00242 -2.99899e-01
 40 -0.00767 -1.10421e-01 | 41 -0.01401 -2.49031e-01 | 42 -0.01166 -2.72128e-01
 43  0.00230 -2.46987e-01 | 44  0.01396 -2.49472e-01 | 45  0.00998 -2.37410e-01
 46  0.00759 -2.41152e-01 | 47  0.00541 -1.37808e-01 | 48  0.01612 -1.30472e-01
 49  0.00691 -1.75509e-02 | 50 -0.02480  3.28712e-01 | 51 -0.02648  1.22399e-01
 52 -0.02133 -1.36033e-01 | 53 -0.00286  1.44118e-01 | 54 -0.01039 -2.30856e-02
 55 -0.00082  2.45652e-01 | 56 -0.03191  7.91547e-02 | 57 -0.02682 -5.14019e-03
 58 -0.02193  2.23492e-01 | 59 -0.00101  3.01338e-01 | 60 -0.00956  1.75812e-01
 61 -0.01355  2.83828e-01 | 62 -0.01334  8.91033e-02 | 63 -0.01181 -1.18421e-02
 64 -0.00793  4.03285e-02 | 65 -0.01399  1.51785e-01 | 66 -0.00570 -7.50255e-04
 67 -0.00027 -2.38078e-02 | 68  0.00000  0.00000e+00 | 69 -0.77562 -2.53796e+01
 70  0.15769 -2.78682e-01 | 71  0.12337  1.41875e-01 | 72  0.18121 -3.40908e-01
 73  0.00002  8.95656e-08 | 74  0.04608 -2.13141e-01 | 75  0.16842  9.28863e+02
 76  0.07958  1.23200e+03 | 77  0.16870 -1.30446e+01 | 78 -0.17553 -2.29961e-01
 79 -0.19099 -2.73219e+00 | 80  0.13382  5.59215e-01 | 81  0.08116  1.53829e-01
 82  0.12714 -1.39615e+00 | 83 -0.00000  4.94512e-31 | 84  0.02464  4.39150e-02
 85 -0.07148  9.24212e-01 | 86 -0.23803  9.77239e-05 | 87  0.10007 -8.17049e-01
 88  0.72747  1.20989e-01 | 89 -0.16292  1.76833e-01 | 90  0.08678  4.88756e-01
 91 -0.66440 -1.74628e-02 |
91 variables; iteration 100; function evaluation 141; phase 4
Function value 2.2091810e+02; maximum gradient component mag -8.0036e+01
Var    Value     Gradient |Var    Value     Gradient |Var    Value     Gradient
  1  0.02813  4.81894e+01 |  2 -0.01352  9.19334e+00 |  3 -0.02407  1.11063e-01
  4 -0.02525  2.28011e-02 |  5 -0.01851  2.41659e-01 |  6 -0.01274 -1.08082e-01
  7 -0.01458  1.50897e-01 |  8 -0.00954  1.48147e-01 |  9  0.00402  1.17427e-01
 10  0.00049  9.39828e-02 | 11  0.00478  2.57065e-01 | 12 -0.00775  3.20924e-01
 13 -0.01921 -6.26671e-01 | 14 -0.01365 -1.61590e-01 | 15 -0.01527 -6.94240e-01
 16 -0.01347  3.41564e-03 | 17 -0.00851 -7.14663e-01 | 18  0.00346 -3.31913e-01
 19  0.00286 -3.05127e-01 | 20  0.00864 -3.22638e-01 | 21 -0.01189 -1.49344e-01
 22 -0.01631 -3.55212e-01 | 23 -0.00773  1.04459e-02 | 24 -0.01822  4.10352e-02
 25 -0.02030  1.01417e-01 | 26  0.01323  6.90512e-01 | 27  0.01110  7.08037e-01
 28  0.00634  2.94389e-01 | 29  0.02319  5.08631e-01 | 30  0.00977  1.70351e-01
 31  0.02189  2.02782e-01 | 32  0.07502  8.88330e-01 | 33  0.03467  3.54950e-01
 34  0.02197  1.42001e-01 | 35  0.03514  3.84968e-01 | 36  0.01509  1.42134e-01
 37  0.05116  5.39757e-01 | 38  0.02287  4.31275e-01 | 39 -0.00209  4.81092e-01
 40 -0.00783  2.81214e-01 | 41 -0.01413  1.68111e-01 | 42 -0.01148  4.86809e-01
 43  0.00230  3.29315e-01 | 44  0.01388  1.98037e-01 | 45  0.01010  2.80640e-01
 46  0.00776  1.88538e-01 | 47  0.00538  5.31888e-03 | 48  0.01612  9.95125e-02
 49  0.00712  1.89777e-01 | 50 -0.02516 -3.05443e-01 | 51 -0.02647 -9.04206e-02
 52 -0.02112 -4.93062e-02 | 53 -0.00310 -8.54428e-02 | 54 -0.01004  1.48947e-01
 55 -0.00102 -2.12568e-01 | 56 -0.03201 -4.69100e-01 | 57 -0.02654 -1.37468e-01
 58 -0.02202 -3.73142e-01 | 59 -0.00131 -5.12145e-01 | 60 -0.00915 -1.68288e-02
 61 -0.01400 -6.70662e-01 | 62 -0.01310 -2.43717e-01 | 63 -0.01186 -5.59998e-01
 64 -0.00794 -5.20849e-01 | 65 -0.01388 -3.43648e-01 | 66 -0.00552  1.60008e-01
 67 -0.00022  9.69232e-03 | 68  0.00000  0.00000e+00 | 69 -0.77549  9.79140e+00
 70  0.15849  5.43736e-01 | 71  0.12307  1.15734e-01 | 72  0.18145 -7.82081e-01
 73  0.00002  8.00161e-08 | 74  0.04612  1.68655e-01 | 75  0.16800 -5.42402e+01
 76  0.07989 -8.00358e+01 | 77  0.16849  5.05071e+00 | 78 -0.18840  1.97155e-02
 79 -0.18891  8.72736e-01 | 80  0.13400  1.64189e-01 | 81  0.07926  2.42421e-02
 82  0.12725 -2.29931e-01 | 83 -0.00000 -3.42213e-31 | 84  0.02469  2.90655e-01
 85 -0.07150  1.26406e-01 | 86 -0.23942  1.94273e-05 | 87  0.10009  9.38561e-02
 88  0.72751  6.89709e-02 | 89 -0.16288  2.02558e-01 | 90  0.08677  3.17314e-01
 91 -0.66447 -7.17773e-02 |
91 variables; iteration 120; function evaluation 163; phase 4
Function value 2.2089275e+02; maximum gradient component mag 1.0313e+02
Var    Value     Gradient |Var    Value     Gradient |Var    Value     Gradient
  1  0.02813 -1.71794e+00 |  2 -0.01362 -3.53714e-01 |  3 -0.02403 -1.01809e-02
  4 -0.02509 -7.68820e-03 |  5 -0.01856 -7.54638e-03 |  6 -0.01237 -9.83754e-03
  7 -0.01448 -5.11467e-03 |  8 -0.00939 -1.57537e-02 |  9  0.00424 -2.45450e-02
 10  0.00079  4.67859e-03 | 11  0.00491 -1.73640e-02 | 12 -0.00782 -4.03220e-02
 13 -0.01879  3.96795e-02 | 14 -0.01387 -3.37305e-02 | 15 -0.01477  1.56223e-02
 16 -0.01384 -1.85845e-02 | 17 -0.00804 -6.44511e-03 | 18  0.00345 -7.18209e-03
 19  0.00281 -1.16377e-02 | 20  0.00883 -3.17737e-02 | 21 -0.01192 -6.27349e-03
 22 -0.01610 -1.36725e-02 | 23 -0.00791 -2.23799e-02 | 24 -0.01815  6.92034e-03
 25 -0.02017 -4.25738e-02 | 26  0.01317 -3.70895e-02 | 27  0.01086 -5.23669e-02
 28  0.00642 -1.30832e-02 | 29  0.02309 -1.05361e-02 | 30  0.00971 -2.62666e-02
 31  0.02181 -2.10852e-03 | 32  0.07482 -5.10117e-03 | 33  0.03458 -1.04844e-02
 34  0.02204 -2.39450e-02 | 35  0.03502 -2.38297e-03 | 36  0.01509  6.83709e-03
 37  0.05118 -2.74327e-02 | 38  0.02291 -1.27629e-03 | 39 -0.00223  1.09472e-02
 40 -0.00778 -1.36055e-02 | 41 -0.01399  4.08681e-02 | 42 -0.01172 -1.27423e-02
 43  0.00231  1.04226e-02 | 44  0.01401  2.27806e-02 | 45  0.00985 -4.65028e-05
 46  0.00767  2.98154e-02 | 47  0.00536  3.26795e-02 | 48  0.01610  7.91500e-03
 49  0.00700  1.07867e-02 | 50 -0.02498  2.75285e-03 | 51 -0.02651  7.56201e-03
 52 -0.02117  2.58721e-02 | 53 -0.00298  2.25070e-02 | 54 -0.01022  9.27945e-03
 55 -0.00091  1.10714e-02 | 56 -0.03188  2.19658e-02 | 57 -0.02676  7.40659e-03
 58 -0.02201  1.19661e-02 | 59 -0.00103  1.78297e-02 | 60 -0.00948 -1.04339e-02
 61 -0.01364  1.26301e-02 | 62 -0.01329  2.18880e-02 | 63 -0.01174  2.75169e-02
 64 -0.00793  1.87059e-02 | 65 -0.01403  2.38171e-02 | 66 -0.00569 -4.10102e-03
 67 -0.00024 -4.27601e-03 | 68  0.00000  0.00000e+00 | 69 -0.77667 -3.67790e-01
 70  0.15783 -1.34973e-02 | 71  0.12200  6.93530e-02 | 72  0.18131  1.40658e-01
 73  0.00000  1.90431e-08 | 74  0.04607  8.98435e-03 | 75  0.16400  7.66516e+01
 76  0.08287  1.03133e+02 | 77  0.16726 -1.22073e-01 | 78 -0.17491 -8.85538e-04
 79 -0.19160 -1.45011e-02 | 80  0.13396 -2.23358e-01 | 81  0.06960 -7.41004e-02
 82  0.12727  2.77543e-01 | 83  0.00000 -7.01557e-31 | 84  0.02461 -4.13074e-02
 85 -0.07161 -9.99220e-02 | 86 -0.24045 -3.40812e-05 | 87  0.10004  1.16293e-01
 88  0.72771 -1.03754e-02 | 89 -0.16309 -1.31964e-02 | 90  0.08662 -2.27145e-02
 91 -0.66460  1.32789e-02 |
91 variables; iteration 140; function evaluation 206; phase 4
Function value 2.2081166e+02; maximum gradient component mag 9.3109e+01
Var    Value     Gradient |Var    Value     Gradient |Var    Value     Gradient
  1  0.02814  1.20213e+01 |  2 -0.01358 -1.62459e-01 |  3 -0.02395  8.97680e-02
  4 -0.02501  1.00325e-01 |  5 -0.01847  1.25340e-01 |  6 -0.01225  1.55433e-01
  7 -0.01435  1.56752e-01 |  8 -0.00924  1.71155e-01 |  9  0.00445  2.14974e-01
 10  0.00095  2.24984e-01 | 11  0.00506  2.65199e-01 | 12 -0.00773  2.36421e-01
 13 -0.01873  4.77005e-02 | 14 -0.01376  4.55225e-02 | 15 -0.01472  4.52474e-02
 16 -0.01372  4.12476e-02 | 17 -0.00797  4.54258e-02 | 18  0.00351  8.43291e-02
 19  0.00285  9.68790e-02 | 20  0.00887  1.42407e-01 | 21 -0.01188  9.75405e-02
 22 -0.01606  8.42798e-02 | 23 -0.00790  1.00548e-01 | 24 -0.01814  8.32323e-02
 25 -0.02010  9.68678e-02 | 26  0.01311  2.41267e-01 | 27  0.01078  2.16538e-01
 28  0.00638  1.40314e-01 | 29  0.02302  1.38735e-01 | 30  0.00966  3.64098e-02
 31  0.02174  3.10664e-02 | 32  0.07464  1.92558e-01 | 33  0.03456  6.11662e-02
 34  0.02202  2.79933e-02 | 35  0.03497  6.55018e-02 | 36  0.01510  9.18931e-03
 37  0.05117  1.42064e-01 | 38  0.02292  9.33450e-02 | 39 -0.00222  4.94795e-02
 40 -0.00777  4.65720e-02 | 41 -0.01407  4.85939e-02 | 42 -0.01173  4.91870e-02
 43  0.00231  5.09018e-02 | 44  0.01399  1.87012e-02 | 45  0.00980 -2.69582e-02
 46  0.00758 -4.12257e-02 | 47  0.00526 -5.64935e-02 | 48  0.01605 -4.96551e-02
 49  0.00700 -6.88725e-02 | 50 -0.02496 -1.00192e-01 | 51 -0.02648 -1.05154e-01
 52 -0.02116 -1.20267e-01 | 53 -0.00299 -1.13081e-01 | 54 -0.01017 -1.31089e-01
 55 -0.00088 -1.19499e-01 | 56 -0.03191 -1.53104e-01 | 57 -0.02678 -1.48610e-01
 58 -0.02200 -1.56620e-01 | 59 -0.00099 -1.53050e-01 | 60 -0.00942 -1.83907e-01
 61 -0.01359 -1.53162e-01 | 62 -0.01330 -1.85888e-01 | 63 -0.01175 -1.80546e-01
 64 -0.00792 -1.89055e-01 | 65 -0.01400 -2.07211e-01 | 66 -0.00570 -9.66575e-03
 67 -0.00024 -1.00588e-03 | 68  0.00000  0.00000e+00 | 69 -0.77681 -3.04273e-01
 70  0.15903  4.35873e-01 | 71  0.11843  5.70012e-01 | 72  0.18166 -5.43110e-01
 73 -0.00001 -2.79777e-08 | 74  0.04926  3.20470e-01 | 75  0.16356  6.93425e+01
 76  0.08315  9.31090e+01 | 77  0.16715 -2.63415e-01 | 78 -0.45945 -2.76491e-03
 79 -0.19133 -5.40568e-03 | 80  0.13378  3.12639e-01 | 81  0.08056  8.01323e-02
 82  0.12725 -2.89938e-01 | 83  0.00000  1.50801e-31 | 84  0.02452  1.69411e-01
 85 -0.07169  3.09238e-02 | 86 -0.26663 -8.37406e-04 | 87  0.10001 -1.80643e-02
 88  0.72786  6.45930e-03 | 89 -0.16326  2.65245e-02 | 90  0.08648  9.01650e-03
 91 -0.66474  4.96957e-03 |
91 variables; iteration 160; function evaluation 226; phase 4
Function value 2.2080794e+02; maximum gradient component mag 8.1285e+01
Var    Value     Gradient |Var    Value     Gradient |Var    Value     Gradient
  1  0.02814  2.64475e-01 |  2 -0.01358  8.98650e-02 |  3 -0.02394  1.98917e-03
  4 -0.02499 -3.21953e-03 |  5 -0.01846 -2.18016e-03 |  6 -0.01225 -2.93385e-04
  7 -0.01433  3.23148e-04 |  8 -0.00923 -2.57460e-03 |  9  0.00446  3.98392e-03
 10  0.00095 -4.12279e-04 | 11  0.00508  1.04419e-02 | 12 -0.00771  5.81649e-03
 13 -0.01874  3.89618e-04 | 14 -0.01375  4.79345e-03 | 15 -0.01472 -2.03122e-03
 16 -0.01371  9.50988e-03 | 17 -0.00796 -3.60366e-04 | 18  0.00350  1.02117e-02
 19  0.00283  4.90017e-03 | 20  0.00890  2.18587e-03 | 21 -0.01187  4.92409e-03
 22 -0.01607  5.16276e-03 | 23 -0.00792  3.06630e-03 | 24 -0.01813 -5.01628e-03
 25 -0.02008  1.19721e-03 | 26  0.01311  5.55812e-03 | 27  0.01076 -1.60495e-03
 28  0.00637 -7.68506e-03 | 29  0.02303  5.67553e-03 | 30  0.00966  4.09896e-03
 31  0.02173 -1.62990e-03 | 32  0.07464  1.87014e-04 | 33  0.03456  3.95359e-03
 34  0.02203  6.54520e-03 | 35  0.03496  6.11590e-03 | 36  0.01510  4.87552e-03
 37  0.05117  9.01818e-03 | 38  0.02293  9.76807e-03 | 39 -0.00220  1.15004e-02
 40 -0.00776  5.45145e-03 | 41 -0.01409  6.92333e-04 | 42 -0.01174  1.17653e-02
 43  0.00231  6.85190e-03 | 44  0.01400 -1.32256e-03 | 45  0.00979  1.77308e-03
 46  0.00758  3.58181e-04 | 47  0.00526 -3.03089e-03 | 48  0.01605 -5.31921e-03
 49  0.00701 -7.50618e-03 | 50 -0.02496 -1.71891e-03 | 51 -0.02648  6.96028e-04
 52 -0.02116 -1.36758e-02 | 53 -0.00299 -1.42683e-02 | 54 -0.01017 -1.18100e-02
 55 -0.00089 -8.69876e-03 | 56 -0.03191 -1.02660e-02 | 57 -0.02678 -8.21427e-04
 58 -0.02200 -5.68898e-03 | 59 -0.00100 -6.17265e-03 | 60 -0.00940 -5.60911e-03
 61 -0.01360  1.83538e-03 | 62 -0.01329 -7.61583e-03 | 63 -0.01175 -5.67185e-03
 64 -0.00792  1.20413e-03 | 65 -0.01398 -6.83950e-03 | 66 -0.00569 -6.36668e-04
 67 -0.00024  9.49372e-04 | 68  0.00000  0.00000e+00 | 69 -0.77692  8.48236e-02
 70  0.15893 -8.59878e-03 | 71  0.11846  1.47124e-01 | 72  0.18163  9.75855e-02
 73 -0.00001 -2.46639e-08 | 74  0.04913  5.20686e-03 | 75  0.16288  6.02808e+01
 76  0.08358  8.12853e+01 | 77  0.16690  2.14500e-02 | 78 -0.85858 -1.39054e-02
 79 -0.19096  1.74691e-02 | 80  0.13373 -3.32088e-03 | 81  0.07542  3.41111e-03
 82  0.12723  2.76334e-02 | 83  0.00000 -6.76447e-31 | 84  0.02451  3.08663e-02
 85 -0.07170 -3.68099e-02 | 86 -0.24677 -2.74990e-04 | 87  0.10001  3.27052e-02
 88  0.72786 -6.76278e-03 | 89 -0.16327 -3.70721e-03 | 90  0.08648 -3.25197e-03
 91 -0.66475  1.59352e-03 |
91 variables; iteration 180; function evaluation 262; phase 4
Function value 2.2080550e+02; maximum gradient component mag 1.0836e+02
Var    Value     Gradient |Var    Value     Gradient |Var    Value     Gradient
  1  0.02814  1.30908e+01 |  2 -0.01340  1.11456e+01 |  3 -0.02383  3.42358e-02
  4 -0.02510 -1.84392e-01 |  5 -0.01848 -1.22077e-01 |  6 -0.01231 -1.76879e-01
  7 -0.01425 -6.22595e-02 |  8 -0.00930 -2.21558e-01 |  9  0.00475  4.67629e-02
 10  0.00089 -1.89201e-01 | 11  0.00547  2.14873e-01 | 12 -0.00757  9.07609e-02
 13 -0.01879  7.18157e-02 | 14 -0.01360  2.44831e-01 | 15 -0.01476  9.59990e-02
 16 -0.01337  4.67929e-01 | 17 -0.00816  3.24018e-02 | 18  0.00380  4.52772e-01
 19  0.00286  2.12768e-01 | 20  0.00885  9.73109e-02 | 21 -0.01171  2.79537e-01
 22 -0.01604  1.72030e-01 | 23 -0.00783  1.27834e-01 | 24 -0.01825 -1.53980e-01
 25 -0.02008  2.21414e-02 | 26  0.01329  2.14382e-01 | 27  0.01065 -2.01620e-01
 28  0.00608 -4.28258e-01 | 29  0.02318  7.08093e-02 | 30  0.00961  2.10190e-02
 31  0.02152 -1.91222e-01 | 32  0.07447 -3.03867e-01 | 33  0.03457  8.16215e-03
 34  0.02197  5.80103e-02 | 35  0.03500  1.41223e-01 | 36  0.01507  9.49559e-02
 37  0.05119  1.06876e-01 | 38  0.02291  1.54350e-01 | 39 -0.00199  3.53052e-01
 40 -0.00784  3.94604e-02 | 41 -0.01425 -8.98770e-02 | 42 -0.01159  2.38249e-01
 43  0.00233  9.84329e-02 | 44  0.01392 -6.86152e-02 | 45  0.00978  2.68705e-02
 46  0.00756 -1.07489e-02 | 47  0.00513 -1.99086e-01 | 48  0.01592 -3.29320e-01
 49  0.00704 -1.54614e-01 | 50 -0.02490  1.36472e-02 | 51 -0.02631  7.54290e-02
 52 -0.02135 -4.62306e-01 | 53 -0.00302 -4.66526e-01 | 54 -0.01010 -2.71662e-01
 55 -0.00086 -2.99674e-01 | 56 -0.03210 -3.00482e-01 | 57 -0.02668  7.46006e-02
 58 -0.02201 -7.61509e-02 | 59 -0.00100 -9.68685e-02 | 60 -0.00929  8.58019e-02
 61 -0.01353  8.35713e-02 | 62 -0.01327  9.82072e-03 | 63 -0.01189 -9.93112e-02
 64 -0.00779  2.00535e-01 | 65 -0.01407  4.33818e-02 | 66 -0.00563  4.42495e-02
 67 -0.00021  2.29162e-02 | 68  0.00000  0.00000e+00 | 69 -0.77708  1.17279e+01
 70  0.15802 -6.36127e-01 | 71  0.11869  9.20203e-01 | 72  0.18141  1.21668e+00
 73  0.00017  8.44338e-07 | 74  0.04909 -3.22787e-02 | 75  0.16272  7.36435e+01
 76  0.08366  1.08363e+02 | 77  0.16685  4.89895e+00 | 78 -0.76002 -7.93499e-03
 79 -0.19040  1.18556e+00 | 80  0.13342 -1.54612e+00 | 81  0.06997 -1.50607e-01
 82  0.12715  1.81740e+00 | 83  0.00000 -7.24992e-31 | 84  0.02451 -2.03534e-01
 85 -0.07177 -8.22336e-01 | 86 -0.17183  8.63715e-03 | 87  0.10001  6.90140e-01
 88  0.72760 -1.56508e-01 | 89 -0.16324 -5.88272e-02 | 90  0.08636 -1.75506e-01
 91 -0.66484  6.61318e-02 |
91 variables; iteration 200; function evaluation 290; phase 4
Function value 2.2074602e+02; maximum gradient component mag 1.0353e+02
Var    Value     Gradient |Var    Value     Gradient |Var    Value     Gradient
  1  0.02817  3.33142e+01 |  2 -0.01378  1.62025e+01 |  3 -0.02367  1.30106e-02
  4 -0.02470  2.81710e-02 |  5 -0.01817  1.75814e-02 |  6 -0.01189  5.36764e-02
  7 -0.01397  1.22170e-02 |  8 -0.00883  3.28094e-02 |  9  0.00482  9.39084e-03
 10  0.00137  2.83181e-02 | 11  0.00558  7.72888e-03 | 12 -0.00742  9.10347e-03
 13 -0.01858 -9.99246e-03 | 14 -0.01362  9.82331e-03 | 15 -0.01449 -1.95990e-02
 16 -0.01345 -8.91996e-03 | 17 -0.00767  2.88814e-02 | 18  0.00345 -1.77379e-02
 19  0.00256  8.08311e-03 | 20  0.00930  2.79398e-02 | 21 -0.01162 -1.82790e-02
 22 -0.01601  1.61347e-02 | 23 -0.00841 -3.47850e-03 | 24 -0.01786 -1.24959e-03
 25 -0.01969  1.86576e-02 | 26  0.01296 -6.54170e-02 | 27  0.01023  1.25358e-03
 28  0.00624  6.87745e-03 | 29  0.02315 -2.51363e-02 | 30  0.00947  1.41398e-02
 31  0.02144  1.70210e-02 | 32  0.07432  5.03625e-03 | 33  0.03447  1.40379e-02
 34  0.02208  2.13511e-02 | 35  0.03483 -2.46923e-02 | 36  0.01511 -1.95680e-02
 37  0.05100  5.12503e-04 | 38  0.02310  4.36926e-03 | 39 -0.00194 -3.12425e-02
 40 -0.00762  9.85766e-03 | 41 -0.01433 -3.47178e-02 | 42 -0.01201 -1.45846e-02
 43  0.00234 -3.35034e-02 | 44  0.01409 -5.03170e-02 | 45  0.00934 -1.86435e-02
 46  0.00763 -2.06859e-02 | 47  0.00509  2.15532e-02 | 48  0.01593  4.52900e-02
 49  0.00702 -2.14320e-02 | 50 -0.02488  1.09716e-02 | 51 -0.02644  4.87788e-03
 52 -0.02113  2.17630e-02 | 53 -0.00295  3.87917e-02 | 54 -0.01007  1.01351e-02
 55 -0.00081  4.98879e-02 | 56 -0.03194  1.77904e-02 | 57 -0.02689 -6.54012e-03
 58 -0.02198  5.51206e-03 | 59 -0.00089  2.03251e-02 | 60 -0.00933 -3.04720e-02
 61 -0.01348  5.39952e-02 | 62 -0.01325 -4.35682e-02 | 63 -0.01172  1.30993e-02
 64 -0.00801 -1.43432e-02 | 65 -0.01388 -4.44810e-02 | 66 -0.00562 -2.23125e-02
 67 -0.00023  1.81226e-03 | 68  0.00000  0.00000e+00 | 69 -0.77980  1.77143e+01
 70  0.15779 -6.45406e-01 | 71  0.11875 -1.62966e+00 | 72  0.18142  6.07881e-01
 73  0.00514  2.53739e-05 | 74  0.04888 -4.91982e-02 | 75  0.14902  4.81857e+01
 76  0.09159  1.03535e+02 | 77  0.16201  8.04153e+00 | 78 -0.34420 -1.88606e-03
 79 -0.18879  1.84380e+00 | 80  0.13354  6.92784e-01 | 81  0.08123  1.55209e-01
 82  0.12725 -7.48674e-01 | 83  0.00000  6.76614e-31 | 84  0.02439  4.43973e-01
 85 -0.07188  2.82104e-02 | 86 -0.40296 -2.29261e-03 | 87  0.09995 -5.26262e-02
 88  0.72817 -3.67495e-03 | 89 -0.16362 -1.12996e-02 | 90  0.08620  3.71529e-02
 91 -0.66503 -9.00840e-03 |
91 variables; iteration 220; function evaluation 314; phase 4
Function value 2.2074269e+02; maximum gradient component mag 2.4096e+00
Var    Value     Gradient |Var    Value     Gradient |Var    Value     Gradient
  1  0.02817 -1.60031e-01 |  2 -0.01381  2.50537e-01 |  3 -0.02360 -3.69044e-03
  4 -0.02465 -5.11892e-03 |  5 -0.01810 -5.97209e-03 |  6 -0.01185 -7.04239e-03
  7 -0.01387 -6.70575e-03 |  8 -0.00874 -8.25302e-03 |  9  0.00494 -7.94035e-03
 10  0.00146 -1.02967e-02 | 11  0.00572 -9.81287e-03 | 12 -0.00734 -8.89997e-03
 13 -0.01853 -7.73889e-04 | 14 -0.01360  1.63516e-03 | 15 -0.01441  2.66444e-06
 16 -0.01338  1.72493e-03 | 17 -0.00764  6.11024e-04 | 18  0.00347 -1.68163e-04
 19  0.00250 -2.08562e-03 | 20  0.00937 -3.49338e-03 | 21 -0.01153 -2.21761e-03
 22 -0.01601 -1.47797e-03 | 23 -0.00851 -3.41384e-03 | 24 -0.01779 -4.51204e-03
 25 -0.01964 -4.04556e-03 | 26  0.01298 -1.25218e-02 | 27  0.01007 -1.29487e-02
 28  0.00618 -1.05057e-02 | 29  0.02320 -9.32324e-03 | 30  0.00940 -3.06642e-03
 31  0.02135 -3.53532e-03 | 32  0.07425 -1.48401e-02 | 33  0.03443 -3.59754e-03
 34  0.02206 -1.49172e-03 | 35  0.03482 -3.89685e-03 | 36  0.01512 -8.67594e-04
 37  0.05095 -6.78049e-03 | 38  0.02313 -4.42363e-03 | 39 -0.00184 -1.70568e-03
 40 -0.00762 -2.11225e-03 | 41 -0.01437 -3.86447e-03 | 42 -0.01208 -1.00179e-03
 43  0.00234 -2.06010e-03 | 44  0.01412 -1.63686e-03 | 45  0.00922  1.30670e-03
 46  0.00766  1.26957e-03 | 47  0.00504  1.60169e-03 | 48  0.01587  1.24004e-03
 49  0.00707  2.58980e-03 | 50 -0.02487  6.13890e-03 | 51 -0.02643  5.76699e-03
 52 -0.02113  2.73832e-03 | 53 -0.00295  3.72366e-03 | 54 -0.01002  4.92352e-03
 55 -0.00080  4.60094e-03 | 56 -0.03195  5.97407e-03 | 57 -0.02690  7.45374e-03
 58 -0.02198  7.87356e-03 | 59 -0.00088  7.83733e-03 | 60 -0.00926  9.52053e-03
 61 -0.01352  9.16792e-03 | 62 -0.01318  8.22089e-03 | 63 -0.01174  8.23081e-03
 64 -0.00803  1.00944e-02 | 65 -0.01381  9.97653e-03 | 66 -0.00557  4.61602e-04
 67 -0.00023  3.89132e-04 | 68  0.00000  0.00000e+00 | 69 -0.78046  2.87486e-01
 70  0.15752 -2.45303e-02 | 71  0.11882 -8.33792e-02 | 72  0.18137 -4.54731e-04
 73  0.00298  1.47279e-05 | 74  0.04883 -6.52588e-03 | 75  0.14584  1.08494e+00
 76  0.09319  2.40964e+00 | 77  0.16085  1.10845e-01 | 78 -0.02427  6.53040e-05
 79 -0.18863  2.48203e-02 | 80  0.13337  6.19536e-03 | 81  0.07570  4.07602e-03
 82  0.12721 -1.56011e-03 | 83  0.00000 -6.63107e-31 | 84  0.02431 -5.69882e-03
 85 -0.07193 -7.76541e-03 | 86 -0.24157 -6.97255e-05 | 87  0.09994  1.16566e-03
 88  0.72824 -2.70718e-03 | 89 -0.16370 -2.83491e-03 | 90  0.08612 -3.09472e-03
 91 -0.66510  6.33965e-04 |
91 variables; iteration 240; function evaluation 342; phase 4
Function value 2.2074259e+02; maximum gradient component mag 2.4780e+00
Var    Value     Gradient |Var    Value     Gradient |Var    Value     Gradient
  1  0.02817 -1.75613e+00 |  2 -0.01380 -8.59839e-01 |  3 -0.02360 -1.30277e-03
  4 -0.02464 -4.31941e-04 |  5 -0.01809 -3.02553e-03 |  6 -0.01184  2.20331e-04
  7 -0.01386 -3.65557e-03 |  8 -0.00873 -2.65344e-03 |  9  0.00494 -4.75641e-03
 10  0.00147 -2.69542e-03 | 11  0.00572 -4.77242e-03 | 12 -0.00734 -3.89746e-03
 13 -0.01853 -3.56192e-03 | 14 -0.01360 -1.45683e-03 | 15 -0.01441 -3.67632e-03
 16 -0.01337 -2.44247e-03 | 17 -0.00763  4.59908e-06 | 18  0.00347 -3.96918e-03
 19  0.00251 -2.20030e-03 | 20  0.00937  1.41748e-05 | 21 -0.01154 -1.97121e-03
 22 -0.01601  1.35763e-03 | 23 -0.00851 -1.55758e-03 | 24 -0.01779 -3.78928e-04
 25 -0.01963  4.06627e-03 | 26  0.01298 -8.05234e-04 | 27  0.01007  5.40759e-03
 28  0.00618  4.67432e-03 | 29  0.02320  1.21079e-03 | 30  0.00941  4.95467e-03
 31  0.02135  3.76350e-03 | 32  0.07425  4.29007e-03 | 33  0.03443  2.55452e-03
 34  0.02206  4.26093e-03 | 35  0.03481  3.83040e-04 | 36  0.01512 -3.03908e-04
 37  0.05095 -3.07407e-05 | 38  0.02313  1.89845e-04 | 39 -0.00184 -3.60872e-03
 40 -0.00762  2.80947e-04 | 41 -0.01437 -3.08116e-03 | 42 -0.01208  2.09940e-04
 43  0.00234 -9.30503e-04 | 44  0.01412 -2.00752e-03 | 45  0.00922  7.73599e-04
 46  0.00765 -9.87038e-04 | 47  0.00504  9.82331e-04 | 48  0.01587  2.04551e-03
 49  0.00706 -2.77858e-03 | 50 -0.02487  1.47278e-03 | 51 -0.02643 -2.75857e-04
 52 -0.02113 -9.91065e-04 | 53 -0.00295  3.09761e-04 | 54 -0.01002 -2.65644e-03
 55 -0.00080  8.20348e-04 | 56 -0.03195 -3.76785e-04 | 57 -0.02690 -8.56725e-04
 58 -0.02198  5.67234e-05 | 59 -0.00088  6.26817e-04 | 60 -0.00926 -4.91472e-03
 61 -0.01351  4.29226e-03 | 62 -0.01318 -4.82721e-03 | 63 -0.01174  2.03106e-03
 64 -0.00803  8.06667e-04 | 65 -0.01381 -3.79607e-03 | 66 -0.00558 -2.77439e-03
 67 -0.00023  5.70751e-04 | 68  0.00000  0.00000e+00 | 69 -0.78046 -9.49204e-01
 70  0.15751 -2.26676e-02 | 71  0.11882 -8.56999e-02 | 72  0.18136 -5.36701e-03
 73 -0.00376 -1.85755e-05 | 74  0.04882 -3.28314e-03 | 75  0.14590  1.57667e+00
 76  0.09314  2.47795e+00 | 77  0.16088 -4.09252e-01 | 78 -0.01035 -9.33875e-03
 79 -0.18857 -8.80502e-02 | 80  0.13342 -9.31130e-03 | 81  0.07037  3.16899e-02
 82  0.12723  1.31709e-02 | 83  0.00000 -6.86454e-31 | 84  0.02433 -1.90080e-02
 85 -0.07193  1.93586e-02 | 86 -0.23757  1.04571e-04 | 87  0.09994 -1.72220e-02
 88  0.72825  3.44851e-03 | 89 -0.16370  3.26704e-03 | 90  0.08612  1.44391e-03
 91 -0.66510 -8.96052e-04 |
91 variables; iteration 260; function evaluation 362; phase 4
Function value 2.2074258e+02; maximum gradient component mag -1.1508e-02
Var    Value     Gradient |Var    Value     Gradient |Var    Value     Gradient
  1  0.02817 -3.96886e-03 |  2 -0.01380 -2.37622e-03 |  3 -0.02360  5.29020e-06
  4 -0.02464  5.67382e-06 |  5 -0.01809  6.73847e-06 |  6 -0.01184  9.34971e-06
  7 -0.01386  8.21520e-06 |  8 -0.00873  9.78068e-06 |  9  0.00494  1.14412e-05
 10  0.00147  1.19218e-05 | 11  0.00573  1.42274e-05 | 12 -0.00733  1.27191e-05
 13 -0.01852  4.07619e-07 | 14 -0.01360  9.02051e-07 | 15 -0.01441 -4.59180e-07
 16 -0.01337  1.45120e-06 | 17 -0.00763  8.89166e-07 | 18  0.00347  4.07840e-06
 19  0.00250  5.36731e-06 | 20  0.00937  6.61403e-06 | 21 -0.01153  4.11276e-06
 22 -0.01601  5.03761e-06 | 23 -0.00851  6.90347e-06 | 24 -0.01779  5.01416e-06
 25 -0.01964  7.49948e-06 | 26  0.01298  1.75204e-05 | 27  0.01007  1.79440e-05
 28  0.00618  1.17523e-05 | 29  0.02320  1.16860e-05 | 30  0.00940  5.17704e-06
 31  0.02134  3.55235e-06 | 32  0.07425  1.55869e-05 | 33  0.03443  4.90846e-06
 34  0.02205  3.38966e-06 | 35  0.03481  5.40225e-06 | 36  0.01513  1.37666e-06
 37  0.05095  9.68771e-06 | 38  0.02313  5.45057e-06 | 39 -0.00184  1.35285e-06
 40 -0.00762  2.04655e-06 | 41 -0.01437  2.04882e-06 | 42 -0.01209  4.91059e-06
 43  0.00234  4.61089e-06 | 44  0.01412  8.67987e-07 | 45  0.00922 -2.00440e-06
 46  0.00765 -4.06294e-06 | 47  0.00504 -4.77103e-06 | 48  0.01587 -3.67664e-06
 49  0.00707 -5.73070e-06 | 50 -0.02487 -7.04718e-06 | 51 -0.02643 -7.08781e-06
 52 -0.02113 -8.32484e-06 | 53 -0.00295 -8.43051e-06 | 54 -0.01002 -9.21302e-06
 55 -0.00080 -7.18005e-06 | 56 -0.03195 -1.01027e-05 | 57 -0.02690 -8.95423e-06
 58 -0.02198 -9.98659e-06 | 59 -0.00088 -9.46480e-06 | 60 -0.00926 -1.22194e-05
 61 -0.01351 -8.83162e-06 | 62 -0.01318 -1.28156e-05 | 63 -0.01174 -1.11952e-05
 64 -0.00803 -1.16065e-05 | 65 -0.01381 -1.42713e-05 | 66 -0.00557 -1.24109e-06
 67 -0.00023 -3.76861e-08 | 68  0.00000  0.00000e+00 | 69 -0.78047 -2.61751e-03
 70  0.15750  2.51873e-06 | 71  0.11882  8.69001e-06 | 72  0.18136  3.27833e-06
 73  0.00001  6.17092e-08 | 74  0.04882  8.35133e-06 | 75  0.14583 -4.75509e-03
 76  0.09317 -1.15083e-02 | 77  0.16085 -1.17227e-03 | 78 -0.00940 -3.75680e-06
 79 -0.18861 -2.56741e-04 | 80  0.13346  3.58094e-05 | 81  0.07006  3.30258e-05
 82  0.12724 -2.78058e-05 | 83  0.00000 -6.93166e-31 | 84  0.02433  2.03083e-05
 85 -0.07193  1.77599e-06 | 86 -0.23992 -9.18113e-09 | 87  0.09994  1.63143e-07
 88  0.72825  7.62578e-07 | 89 -0.16370  1.98845e-06 | 90  0.08612  2.57358e-06
 91 -0.66511 -4.22132e-07 |
91 variables; iteration 280; function evaluation 383; phase 4
Function value 2.2074258e+02; maximum gradient component mag 7.9450e-02
Var    Value     Gradient |Var    Value     Gradient |Var    Value     Gradient
  1  0.02817  7.94496e-02 |  2 -0.01380  3.47788e-02 |  3 -0.02360  7.50164e-05
  4 -0.02464  8.67293e-05 |  5 -0.01809  1.01621e-04 |  6 -0.01184  1.22259e-04
  7 -0.01386  1.20074e-04 |  8 -0.00873  1.36117e-04 |  9  0.00494  1.65478e-04
 10  0.00147  1.72958e-04 | 11  0.00573  2.03883e-04 | 12 -0.00733  1.91819e-04
 13 -0.01852  2.39630e-05 | 14 -0.01360  3.78261e-05 | 15 -0.01441  3.11981e-05
 16 -0.01337  2.77881e-05 | 17 -0.00763  2.82954e-05 | 18  0.00347  4.28442e-05
 19  0.00250  6.07364e-05 | 20  0.00937  1.13253e-04 | 21 -0.01153  7.53348e-05
 22 -0.01601  5.13882e-05 | 23 -0.00851  5.50753e-05 | 24 -0.01779  5.09405e-05
 25 -0.01964  8.13763e-05 | 26  0.01298  1.82683e-04 | 27  0.01007  1.60732e-04
 28  0.00618  9.87414e-05 | 29  0.02320  9.80378e-05 | 30  0.00940  3.12045e-05
 31  0.02134  2.50021e-05 | 32  0.07425  1.60450e-04 | 33  0.03443  5.15477e-05
 34  0.02205  2.89206e-05 | 35  0.03481  4.86638e-05 | 36  0.01513  1.79521e-06
 37  0.05095  1.22574e-04 | 38  0.02313  9.57506e-05 | 39 -0.00184  6.39796e-05
 40 -0.00762  6.61227e-05 | 41 -0.01437  3.32208e-05 | 42 -0.01209  1.52134e-05
 43  0.00234  5.96588e-06 | 44  0.01412  5.06227e-08 | 45  0.00922 -9.98443e-06
 46  0.00765 -2.01631e-05 | 47  0.00504 -3.50935e-05 | 48  0.01587 -2.45504e-05
 49  0.00707 -4.25034e-05 | 50 -0.02487 -7.47680e-05 | 51 -0.02643 -8.09852e-05
 52 -0.02113 -8.09591e-05 | 53 -0.00295 -7.64472e-05 | 54 -0.01002 -9.13434e-05
 55 -0.00080 -8.84400e-05 | 56 -0.03195 -1.16243e-04 | 57 -0.02690 -1.17072e-04
 58 -0.02198 -1.22959e-04 | 59 -0.00088 -1.22980e-04 | 60 -0.00926 -1.37938e-04
 61 -0.01351 -1.26936e-04 | 62 -0.01318 -1.40825e-04 | 63 -0.01174 -1.41524e-04
 64 -0.00803 -1.53459e-04 | 65 -0.01381 -1.62751e-04 | 66 -0.00557 -6.41362e-06
 67 -0.00023 -5.48035e-07 | 68  0.00000  0.00000e+00 | 69 -0.78047  3.80297e-02
 70  0.15750  4.36682e-04 | 71  0.11882  1.11972e-03 | 72  0.18136 -3.15113e-04
 73  0.00000  2.00825e-08 | 74  0.04882  1.11205e-04 | 75  0.14583 -4.05911e-02
 76  0.09318 -5.51280e-02 | 77  0.16085  1.68878e-02 | 78 -0.00863  2.95844e-04
 79 -0.18861  3.82196e-03 | 80  0.13346  4.83175e-05 | 81  0.07006  1.45653e-05
 82  0.12724 -9.33630e-05 | 83  0.00000 -6.93170e-31 | 84  0.02433  1.00718e-05
 85 -0.07193  5.71258e-05 | 86 -0.23992 -1.05049e-08 | 87  0.09994 -5.11335e-05
 88  0.72825  9.44195e-06 | 89 -0.16370  2.47672e-05 | 90  0.08612  3.16169e-05
 91 -0.66511 -5.88965e-06 |
91 variables; iteration 300; function evaluation 407; phase 4
Function value 2.2074258e+02; maximum gradient component mag 2.3502e-04
Var    Value     Gradient |Var    Value     Gradient |Var    Value     Gradient
  1  0.02817  2.35023e-04 |  2 -0.01380  8.78426e-05 |  3 -0.02360  3.97930e-07
  4 -0.02464  4.46246e-07 |  5 -0.01809  5.29272e-07 |  6 -0.01184  6.42997e-07
  7 -0.01386  6.45345e-07 |  8 -0.00873  7.01317e-07 |  9  0.00494  8.86793e-07
 10  0.00147  9.18299e-07 | 11  0.00573  1.09313e-06 | 12 -0.00733  1.00481e-06
 13 -0.01852  5.21288e-09 | 14 -0.01360  9.05869e-08 | 15 -0.01441  4.25046e-08
 16 -0.01337  5.28873e-08 | 17 -0.00763  3.79282e-08 | 18  0.00347  1.69475e-07
 19  0.00250  2.38239e-07 | 20  0.00937  4.96411e-07 | 21 -0.01153  3.24940e-07
 22 -0.01601  2.35811e-07 | 23 -0.00851  3.32350e-07 | 24 -0.01779  3.00784e-07
 25 -0.01964  4.84337e-07 | 26  0.01298  1.19074e-06 | 27  0.01007  1.08079e-06
 28  0.00618  6.79312e-07 | 29  0.02320  6.91979e-07 | 30  0.00940  2.27015e-07
 31  0.02134  1.94915e-07 | 32  0.07425  1.06813e-06 | 33  0.03443  3.59617e-07
 34  0.02205  2.19419e-07 | 35  0.03481  3.64376e-07 | 36  0.01513  5.32512e-08
 37  0.05095  7.96494e-07 | 38  0.02313  5.79067e-07 | 39 -0.00184  3.94112e-07
 40 -0.00762  3.88571e-07 | 41 -0.01437  2.78146e-07 | 42 -0.01209  2.42575e-07
 43  0.00234  2.09983e-07 | 44  0.01412  1.28753e-07 | 45  0.00922 -1.64841e-08
 46  0.00765 -9.81028e-08 | 47  0.00504 -2.03672e-07 | 48  0.01587 -1.53206e-07
 49  0.00707 -2.47321e-07 | 50 -0.02487 -4.53396e-07 | 51 -0.02643 -4.81126e-07
 52 -0.02113 -5.11420e-07 | 53 -0.00295 -4.68251e-07 | 54 -0.01002 -5.50564e-07
 55 -0.00080 -5.34065e-07 | 56 -0.03195 -7.11213e-07 | 57 -0.02690 -6.90723e-07
 58 -0.02198 -7.42362e-07 | 59 -0.00088 -7.31228e-07 | 60 -0.00926 -8.44354e-07
 61 -0.01351 -7.58837e-07 | 62 -0.01318 -8.80433e-07 | 63 -0.01174 -8.69217e-07
 64 -0.00803 -9.18560e-07 | 65 -0.01381 -1.01376e-06 | 66 -0.00557 -4.02330e-08
 67 -0.00023 -2.05761e-09 | 68  0.00000  0.00000e+00 | 69 -0.78047  9.57992e-05
 70  0.15750  3.26418e-06 | 71  0.11882  9.12887e-06 | 72  0.18136 -1.97753e-06
 73  0.00000  9.89045e-10 | 74  0.04882  7.02915e-07 | 75  0.14583 -4.78061e-05
 76  0.09318 -2.78729e-05 | 77  0.16085  4.22067e-05 | 78 -0.00834  6.36261e-07
 79 -0.18861  9.65600e-06 | 80  0.13346  3.09115e-07 | 81  0.07006  3.34399e-08
 82  0.12724 -7.74742e-07 | 83  0.00000 -6.93173e-31 | 84  0.02433  1.96081e-07
 85 -0.07193  3.93039e-07 | 86 -0.23992  8.44157e-10 | 87  0.09994 -3.28598e-07
 88  0.72825  6.83821e-08 | 89 -0.16370  1.87762e-07 | 90  0.08612  2.10217e-07
 91 -0.66511 -2.84310e-08 |

 - final statistics:
91 variables; iteration 301; function evaluation 408
Function value 2.2074e+02; maximum gradient component mag 7.6130e-05
Exit code = 1;  converg criter 1.0000e-04
Var    Value     Gradient |Var    Value     Gradient |Var    Value     Gradient
  1  0.02817  7.61301e-05 |  2 -0.01380  2.76327e-05 |  3 -0.02360  1.31315e-07
  4 -0.02464  1.47058e-07 |  5 -0.01809  1.72943e-07 |  6 -0.01184  2.12090e-07
  7 -0.01386  2.13308e-07 |  8 -0.00873  2.26326e-07 |  9  0.00494  2.91526e-07
 10  0.00147  3.03945e-07 | 11  0.00573  3.62369e-07 | 12 -0.00733  3.30483e-07
 13 -0.01852 -2.38353e-08 | 14 -0.01360  1.25230e-08 | 15 -0.01441 -8.26433e-09
 16 -0.01337 -2.15194e-09 | 17 -0.00763 -6.91271e-09 | 18  0.00347  3.50039e-08
 19  0.00250  5.47455e-08 | 20  0.00937  1.47287e-07 | 21 -0.01153  9.26633e-08
 22 -0.01601  6.61929e-08 | 23 -0.00851  1.05003e-07 | 24 -0.01779  9.78093e-08
 25 -0.01964  1.69618e-07 | 26  0.01298  4.19290e-07 | 27  0.01007  3.86512e-07
 28  0.00618  2.43915e-07 | 29  0.02320  2.49733e-07 | 30  0.00940  8.39542e-08
 31  0.02134  7.54992e-08 | 32  0.07425  3.89156e-07 | 33  0.03443  1.36002e-07
 34  0.02205  8.72165e-08 | 35  0.03481  1.35198e-07 | 36  0.01513  2.10351e-08
 37  0.05095  2.92347e-07 | 38  0.02313  2.13298e-07 | 39 -0.00184  1.50648e-07
 40 -0.00762  1.47946e-07 | 41 -0.01437  1.08740e-07 | 42 -0.01209  1.00361e-07
 43  0.00234  8.79164e-08 | 44  0.01412  5.94628e-08 | 45  0.00922  6.15805e-09
 46  0.00765 -2.34843e-08 | 47  0.00504 -6.14401e-08 | 48  0.01587 -4.48885e-08
 49  0.00707 -8.22390e-08 | 50 -0.02487 -1.54681e-07 | 51 -0.02643 -1.63663e-07
 52 -0.02113 -1.75882e-07 | 53 -0.00295 -1.55161e-07 | 54 -0.01002 -1.87816e-07
 55 -0.00080 -1.82995e-07 | 56 -0.03195 -2.48271e-07 | 57 -0.02690 -2.40847e-07
 58 -0.02198 -2.59982e-07 | 59 -0.00088 -2.55186e-07 | 60 -0.00926 -3.00250e-07
 61 -0.01351 -2.61428e-07 | 62 -0.01318 -3.15090e-07 | 63 -0.01174 -3.05122e-07
 64 -0.00803 -3.22609e-07 | 65 -0.01381 -3.64580e-07 | 66 -0.00557 -1.50139e-08
 67 -0.00023 -2.05077e-11 | 68  0.00000  0.00000e+00 | 69 -0.78047  3.01339e-05
 70  0.15750  1.38630e-06 | 71  0.11882  4.13035e-06 | 72  0.18136 -7.08820e-07
 73  0.00000  3.84515e-10 | 74  0.04882  2.51937e-07 | 75  0.14583 -1.50427e-05
 76  0.09318 -8.84877e-06 | 77  0.16085  1.32731e-05 | 78 -0.00834  1.99317e-07
 79 -0.18861  3.03003e-06 | 80  0.13346  1.24239e-07 | 81  0.07006  2.93370e-08
 82  0.12724 -2.33253e-07 | 83  0.00000 -6.93173e-31 | 84  0.02433  4.51285e-08
 85 -0.07193  1.67273e-07 | 86 -0.23992  1.46962e-11 | 87  0.09994 -1.45118e-07
 88  0.72825  2.72537e-08 | 89 -0.16370  7.33002e-08 | 90  0.08612  8.34538e-08
 91 -0.66511 -1.12396e-08 |
size of file gradfil1.tmp = 0
size of file gradfil2.tmp = 0
size of file varssave.tmp = 0
size of file cmpdiff.tmp = 0
