
Initial statistics: 6 variables; iteration 0; function evaluation 0; phase 1
Function value 2.4616006e+03; maximum gradient component mag -6.5813e+07
Var    Value     Gradient |Var    Value     Gradient |Var    Value     Gradient
  1  0.13392 -6.58133e+07 |  2  0.00087 -1.10823e+05 |  3  0.00000 -6.73373e+01
  4  0.00000 -1.25672e-01 |  5  0.00000  0.00000e+00 |  6 -0.69948  1.33644e+03

Intermediate statistics: 6 variables; iteration 20; function evaluation 41; phase 1
Function value 4.9115315e+02; maximum gradient component mag -1.0490e+05
Var    Value     Gradient |Var    Value     Gradient |Var    Value     Gradient
  1  0.13426 -1.04895e+05 |  2 -0.07905 -1.69116e+02 |  3  0.00960  8.14675e+00
  4 18.00063  4.77215e-01 |  5  0.00000  0.00000e+00 |  6 -0.57479  6.78401e+01
6 variables; iteration 40; function evaluation 64; phase 1
Function value 4.8221798e+02; maximum gradient component mag -1.7170e+04
Var    Value     Gradient |Var    Value     Gradient |Var    Value     Gradient
  1  0.13632 -1.71702e+04 |  2 -0.23072 -9.60646e+02 |  3 -0.00231 -1.35293e+00
  4 18.00006  3.95394e-02 |  5  0.00000  0.00000e+00 |  6 -0.10021 -9.59615e+01
6 variables; iteration 60; function evaluation 86; phase 1
Function value 4.4844978e+02; maximum gradient component mag -1.7536e+02
Var    Value     Gradient |Var    Value     Gradient |Var    Value     Gradient
  1  0.15514 -1.75364e+02 |  2 -0.34184  1.43645e+02 |  3 -0.00023  6.31397e-02
  4 18.00000  1.48586e-03 |  5  0.00000  0.00000e+00 |  6  0.90139  1.69124e+01
Maximum number of function evaluations exceeded

 - final statistics:
6 variables; iteration 66; function evaluation 100
Function value 4.3318e+02; maximum gradient component mag -2.1462e+03
Exit code = 3;  converg criter 1.0000e+01
Var    Value     Gradient |Var    Value     Gradient |Var    Value     Gradient
  1  0.15751 -2.14618e+03 |  2 -0.33379 -1.19006e+03 |  3  0.00390  3.24604e+00
  4 18.00009  6.94433e-02 |  5  0.00000  0.00000e+00 |  6  0.39720 -3.61195e+01

Initial statistics: 60 variables; iteration 0; function evaluation 0; phase 2
Function value 4.3317828e+02; maximum gradient component mag -2.1466e+03
Var    Value     Gradient |Var    Value     Gradient |Var    Value     Gradient
  1  0.15751 -2.14656e+03 |  2 -0.33379 -1.18793e+03 |  3  0.00000  7.24269e+01
  4  0.00000  8.34779e+01 |  5  0.00000  6.95457e+01 |  6  0.00000  3.93744e+01
  7  0.00000  1.42145e+01 |  8  0.00000  1.68298e+01 |  9  0.00000  3.87551e+01
 10  0.00000  7.69728e+01 | 11  0.00000  9.49330e+01 | 12  0.00000  8.99554e+01
 13  0.00000  7.20235e+01 | 14  0.00000  1.75308e+01 | 15  0.00000 -6.65438e+01
 16  0.00000 -1.30181e+02 | 17  0.00000 -1.80380e+02 | 18  0.00000 -2.24532e+02
 19  0.00000 -2.62439e+02 | 20  0.00000 -3.24035e+02 | 21  0.00000 -3.71547e+02
 22  0.00000 -3.46505e+02 | 23  0.00000 -3.09855e+02 | 24  0.00000 -3.01694e+02
 25  0.00000 -2.89818e+02 | 26  0.00000 -2.72838e+02 | 27  0.00000 -1.87436e+02
 28  0.00000 -6.95653e+01 | 29  0.00000  3.00342e+01 | 30  0.00000  8.41092e+01
 31  0.00000  7.84136e+01 | 32  0.00000  4.21485e+01 | 33  0.00000  2.28718e+01
 34  0.00000  3.09558e+01 | 35  0.00000  4.80334e+01 | 36  0.00000  6.26424e+01
 37  0.00000  7.16495e+01 | 38  0.00000  1.10688e+02 | 39  0.00000  1.78328e+02
 40  0.00000  1.96954e+02 | 41  0.00000  1.82446e+02 | 42  0.00000  1.56218e+02
 43  0.00000  1.50158e+02 | 44  0.00000  1.58570e+02 | 45  0.00000  1.99380e+02
 46  0.00000  1.92437e+02 | 47  0.00000  1.58182e+02 | 48  0.00000  1.18237e+02
 49  0.00000  1.12517e+02 | 50  0.00000  1.09533e+02 | 51  0.00000  8.83495e+01
 52  0.00000  5.27765e+01 | 53  0.00000  1.81403e+01 | 54  0.00000  1.11360e+00
 55  0.00000 -3.55677e+00 | 56  0.00390  3.19149e+00 | 57 -0.00009 -6.83204e-02
 58  0.00000  0.00000e+00 | 59  0.39720 -3.59882e+01 | 60  0.13487  1.24160e+02

Intermediate statistics: 60 variables; iteration 20; function evaluation 34; phase 2
Function value 3.2926029e+02; maximum gradient component mag -1.9024e+03
Var    Value     Gradient |Var    Value     Gradient |Var    Value     Gradient
  1  0.13225  1.68806e+02 |  2 -0.25582 -1.90236e+03 |  3  0.00812  1.27107e+01
  4 -0.01866 -2.52076e+01 |  5 -0.00624 -4.10395e-01 |  6  0.01967  2.64870e+01
  7  0.03901  4.18339e+01 |  8  0.02851  3.34930e+01 |  9  0.02821  1.76412e+01
 10  0.00411  2.55734e+00 | 11 -0.00324 -1.32239e-01 | 12  0.00284  5.78797e-01
 13 -0.02088 -2.29941e+01 | 14 -0.03769 -5.00787e+01 | 15  0.02309 -7.36746e+01
 16  0.02326 -8.07183e+01 | 17 -0.00360 -6.04110e+01 | 18  0.05317 -6.23061e+01
 19 -0.02274 -6.30661e+01 | 20 -0.02172 -6.68947e+01 | 21  0.10177 -1.24491e+02
 22 -0.04527 -7.36091e+01 | 23  0.01356 -4.90219e+01 | 24  0.03389 -1.94955e+01
 25  0.03575 -1.11170e+00 | 26  0.02825 -2.87367e+01 | 27  0.04822 -1.70648e+01
 28 -0.03203 -4.43646e+01 | 29 -0.02141 -3.46742e+01 | 30 -0.01267 -7.00252e+00
 31 -0.00659  1.91258e+01 | 32  0.00225  3.61032e+01 | 33  0.00713  3.56917e+01
 34  0.00394  2.95393e+01 | 35  0.00405  3.36742e+01 | 36  0.00367  4.32008e+01
 37  0.01378  5.28595e+01 | 38 -0.00195  3.22838e+01 | 39 -0.04387 -2.73121e+00
 40 -0.04388 -6.53822e+00 | 41 -0.02670  1.05731e+01 | 42 -0.00769  3.19369e+01
 43 -0.01379  2.78278e+01 | 44 -0.01524  1.29610e+01 | 45 -0.04828 -1.23957e+01
 46 -0.03852 -1.18089e+01 | 47 -0.02366  2.80036e+00 | 48 -0.00213  1.58310e+01
 49 -0.01619  9.53532e+00 | 50 -0.02175  2.82134e+00 | 51 -0.01635  6.08678e+00
 52 -0.00883  1.84921e+01 | 53 -0.00089  3.32000e+01 | 54  0.01180  4.00405e+01
 55  0.03897  4.27218e+01 | 56 -0.00383 -2.38724e+00 | 57  0.00007  5.23830e-02
 58  0.00000  0.00000e+00 | 59  0.10208 -3.08102e+02 | 60  0.12476 -1.41402e+02
60 variables; iteration 40; function evaluation 61; phase 2
Function value 3.1596967e+02; maximum gradient component mag 2.0232e+03
Var    Value     Gradient |Var    Value     Gradient |Var    Value     Gradient
  1  0.13124  2.02324e+03 |  2 -0.24981 -7.18948e+02 |  3  0.02051  8.15410e+01
  4 -0.00483  3.18927e+01 |  5 -0.00589  3.07493e+01 |  6  0.01994  4.78749e+01
  7  0.03635  5.74227e+01 |  8  0.02561  5.28123e+01 |  9  0.02420  4.80773e+01
 10  0.00819  3.79945e+01 | 11 -0.00719  1.88104e+01 | 12 -0.00484  1.68919e+01
 13 -0.02147  7.26862e+00 | 14 -0.00390  1.34522e+01 | 15 -0.00061 -1.84269e+01
 16  0.04457 -2.01193e+00 | 17 -0.01143 -2.59248e+01 | 18  0.05217 -3.92873e+00
 19 -0.00486 -3.34889e+01 | 20 -0.01323 -5.05928e+01 | 21  0.08943 -9.54783e+01
 22 -0.01799 -5.68676e+01 | 23  0.01063 -3.07377e+01 | 24  0.04380 -4.81645e+00
 25  0.02934 -1.10672e+01 | 26  0.01828 -3.81950e+01 | 27  0.04206  1.32835e+00
 28  0.00219  8.41627e+00 | 29 -0.00854  9.47537e+00 | 30 -0.01586  7.62631e+00
 31 -0.01002  1.27469e+01 | 32  0.00503  2.91074e+01 | 33  0.01267  3.33380e+01
 34 -0.00345  9.43658e+00 | 35  0.00025  1.12982e+01 | 36  0.00795  2.02735e+01
 37  0.00642  7.66048e+00 | 38 -0.00748 -2.65888e+00 | 39 -0.03497 -6.09551e+00
 40 -0.03723 -1.25440e+01 | 41 -0.02394 -1.44675e+01 | 42 -0.01489 -1.79924e+01
 43 -0.01256 -7.29169e+00 | 44 -0.01295 -1.10558e+01 | 45 -0.04611 -2.51876e+01
 46 -0.03323 -2.78876e+01 | 47 -0.03333 -3.40731e+01 | 48 -0.00194 -2.03658e+01
 49 -0.01551 -1.27979e+01 | 50 -0.01833 -1.33890e+01 | 51 -0.01854 -1.85792e+01
 52 -0.01531 -1.48813e+01 | 53 -0.01337 -1.66196e+00 | 54 -0.01804  4.51717e+00
 55 -0.00760  4.43501e+00 | 56 -0.00652 -4.31483e+00 | 57  0.00012  9.26583e-02
 58  0.00000  0.00000e+00 | 59  0.09677 -1.38948e+02 | 60  0.13755  2.06763e+00
60 variables; iteration 60; function evaluation 94; phase 2
Function value 3.0752762e+02; maximum gradient component mag -3.0551e+03
Var    Value     Gradient |Var    Value     Gradient |Var    Value     Gradient
  1  0.12905 -3.05508e+03 |  2 -0.23613 -4.42837e+02 |  3  0.01988 -2.65567e+01
  4 -0.00481 -6.44175e+00 |  5 -0.00054 -1.72803e+00 |  6  0.00691 -1.00937e+01
  7  0.02906 -1.08784e+01 |  8  0.01992 -9.08815e+00 |  9  0.02724 -6.23696e+00
 10 -0.00677 -9.92779e+00 | 11 -0.00279 -6.51942e+00 | 12 -0.00048 -4.10666e+00
 13 -0.02591 -7.24651e+00 | 14 -0.01845 -1.43222e+00 | 15  0.02162 -4.33278e-01
 16  0.02869 -4.44353e+00 | 17  0.01546 -1.35780e+01 | 18  0.03696 -1.05348e+01
 19  0.00373 -7.64863e+00 | 20  0.00310 -5.80693e+00 | 21  0.09141  1.29581e+01
 22  0.01502 -2.29998e+00 | 23  0.01177 -4.28201e+00 | 24  0.02979 -4.82267e+00
 25  0.00832 -4.64854e+00 | 26  0.05849  3.80897e+00 | 27  0.01994  5.38943e+00
 28 -0.00059  8.80202e+00 | 29 -0.00501  1.05566e+01 | 30 -0.01077  7.39397e+00
 31 -0.00844  4.48028e+00 | 32  0.00304  8.71876e+00 | 33  0.00666  9.06411e+00
 34 -0.00190  2.49380e+00 | 35  0.00804  1.12693e+01 | 36 -0.00239  5.37893e+00
 37  0.01237  7.20669e+00 | 38 -0.00735  8.36148e-01 | 39 -0.03338  6.04094e+00
 40 -0.03444  6.15659e+00 | 41 -0.02330  4.28943e+00 | 42 -0.00770  2.25480e+00
 43 -0.01889 -2.12327e+00 | 44 -0.01340  3.23498e+00 | 45 -0.03650  5.71397e+00
 46 -0.02610  5.01186e+00 | 47 -0.02514 -2.44936e+00 | 48 -0.00105  4.64789e-01
 49 -0.01581 -2.04536e+00 | 50 -0.02296 -6.14894e+00 | 51 -0.01112  1.75269e+00
 52 -0.00771  1.99430e+00 | 53 -0.02924 -9.57644e+00 | 54 -0.04305 -8.72924e+00
 55 -0.03238 -3.45498e+00 | 56  0.00027  9.94899e-01 | 57 -0.00033 -2.48913e-01
 58  0.00000  0.00000e+00 | 59  0.04661  3.78204e+01 | 60  0.14178  6.06528e+00
Maximum number of function evaluations exceeded

 - final statistics:
60 variables; iteration 64; function evaluation 100
Function value 3.0736e+02; maximum gradient component mag -3.6023e+03
Exit code = 3;  converg criter 1.0000e+01
Var    Value     Gradient |Var    Value     Gradient |Var    Value     Gradient
  1  0.12895 -3.60234e+03 |  2 -0.23557 -5.04115e+02 |  3  0.01964 -2.92791e+01
  4 -0.00532 -5.90196e+00 |  5 -0.00125 -7.51404e-01 |  6  0.00764 -7.70401e+00
  7  0.02902 -8.76383e+00 |  8  0.02049 -6.98080e+00 |  9  0.02572 -4.96964e+00
 10 -0.00344 -5.67366e+00 | 11 -0.00347 -5.39749e+00 | 12 -0.00219 -4.71815e+00
 13 -0.02384 -4.62956e+00 | 14 -0.01989 -1.55963e+00 | 15  0.02141 -1.78393e-01
 16  0.02889 -2.39474e+00 | 17  0.01662 -1.03310e+01 | 18  0.03626 -8.72391e+00
 19  0.00362 -4.90092e+00 | 20  0.00522 -1.49972e+00 | 21  0.09118  1.45062e+01
 22  0.01462 -6.87545e-01 | 23  0.01339 -2.32276e+00 | 24  0.02860 -4.80081e+00
 25  0.00790 -3.28686e+00 | 26  0.05938  4.59956e+00 | 27  0.02100  5.22596e+00
 28 -0.00248  5.03910e+00 | 29 -0.00654  5.65252e+00 | 30 -0.00971  5.54125e+00
 31 -0.00726  3.64492e+00 | 32  0.00270  6.35371e+00 | 33  0.00491  6.07003e+00
 34  0.00160  3.34029e+00 | 35  0.00565  6.34467e+00 | 36 -0.00311  1.98152e+00
 37  0.01293  4.77373e+00 | 38 -0.00767 -3.57854e-01 | 39 -0.03263  6.70462e+00
 40 -0.03469  5.51342e+00 | 41 -0.02325  3.17620e+00 | 42 -0.00775  1.04489e+00
 43 -0.01873 -1.79453e+00 | 44 -0.01300  3.53234e+00 | 45 -0.03734  5.23684e+00
 46 -0.02658  4.83580e+00 | 47 -0.02404 -6.12259e-01 | 48 -0.00133  1.31010e+00
 49 -0.01666 -8.01503e-01 | 50 -0.02110 -2.63788e+00 | 51 -0.01113  2.93341e+00
 52 -0.00955  1.74326e+00 | 53 -0.02726 -5.27392e+00 | 54 -0.04289 -5.11730e+00
 55 -0.03470 -2.10470e+00 | 56 -0.00094  7.72928e-02 | 57 -0.00014 -1.05693e-01
 58  0.00000  0.00000e+00 | 59  0.04351  3.71908e+01 | 60  0.14189  5.29792e+00

Initial statistics: 81 variables; iteration 0; function evaluation 0; phase 3
Function value 3.0736249e+02; maximum gradient component mag -3.6023e+03
Var    Value     Gradient |Var    Value     Gradient |Var    Value     Gradient
  1  0.12895 -3.60234e+03 |  2 -0.23557 -5.04115e+02 |  3  0.01965 -2.86204e+01
  4 -0.00531 -5.24300e+00 |  5 -0.00123 -9.24183e-02 |  6  0.00766 -7.04507e+00
  7  0.02903 -8.10552e+00 |  8  0.02050 -6.32215e+00 |  9  0.02573 -4.31119e+00
 10 -0.00343 -5.01468e+00 | 11 -0.00345 -4.73851e+00 | 12 -0.00218 -4.05917e+00
 13 -0.02383 -3.97104e+00 | 14 -0.01988 -9.00962e-01 | 15  0.02142  4.80221e-01
 16  0.02891 -1.73643e+00 | 17  0.01663 -9.67220e+00 | 18  0.03627 -8.06598e+00
 19  0.00364 -4.24194e+00 | 20  0.00523 -8.40755e-01 | 21  0.09120  1.51584e+01
 22  0.01463 -2.87311e-02 | 23  0.01340 -1.66392e+00 | 24  0.02861 -4.14249e+00
 25  0.00792 -2.62793e+00 | 26  0.05939  5.25567e+00 | 27  0.02101  5.88459e+00
 28 -0.00247  5.69808e+00 | 29 -0.00653  6.31148e+00 | 30 -0.00969  6.20016e+00
 31 -0.00725  4.30387e+00 | 32  0.00272  7.01269e+00 | 33  0.00493  6.72900e+00
 34  0.00162  3.99927e+00 | 35  0.00567  7.00363e+00 | 36 -0.00310  2.64050e+00
 37  0.01295  5.43258e+00 | 38 -0.00766  3.01086e-01 | 39 -0.03261  7.36275e+00
 40 -0.03467  6.17144e+00 | 41 -0.02324  3.83475e+00 | 42 -0.00773  1.70383e+00
 43 -0.01872 -1.13583e+00 | 44 -0.01299  4.19119e+00 | 45 -0.03733  5.89470e+00
 46 -0.02657  5.49422e+00 | 47 -0.02403  4.62583e-02 | 48 -0.00132  1.96909e+00
 49 -0.01664 -1.42742e-01 | 50 -0.02109 -1.97925e+00 | 51 -0.01112  3.59229e+00
 52 -0.00954  2.40218e+00 | 53 -0.02725 -4.61554e+00 | 54 -0.04288 -4.45981e+00
 55 -0.03468 -1.44669e+00 | 56 -0.00094  7.72928e-02 | 57 -0.00014 -1.05693e-01
 58  0.00000  0.00000e+00 | 59  0.04351  3.71908e+01 | 60  0.33739 -1.67251e+02
 61 -0.17283 -2.45009e-03 | 62  0.20189  7.42539e+02 | 63  0.00000  8.10749e-09
 64  0.10013 -1.03682e+01 | 65  0.23432 -3.00848e+02 | 66 -0.20287 -5.42349e-03
 67  0.16768  7.08658e+02 | 68 -0.00000 -2.43225e-08 | 69 -0.15594 -1.10018e+01
 70  0.18663 -4.45796e+02 | 71 -0.21649 -3.02010e-02 | 72  0.13024  5.19018e+02
 73  0.00000 -1.16433e-27 | 74  0.05256 -7.47525e+01 | 75 -0.03875 -9.17853e+01
 76 -0.22027 -3.40644e-03 | 77  0.10697  9.82023e+01 | 78  0.63772 -7.79449e+00
 79 -0.10909 -3.36972e+01 | 80  0.14189  5.29792e+00 | 81 -0.62846 -7.14427e+00

Intermediate statistics: 81 variables; iteration 20; function evaluation 28; phase 3
Function value 2.9268997e+02; maximum gradient component mag -1.0984e+04
Var    Value     Gradient |Var    Value     Gradient |Var    Value     Gradient
  1  0.12813 -1.09838e+04 |  2 -0.21884 -1.76530e+03 |  3 -0.00097 -1.37821e+02
  4 -0.00605 -5.06989e+01 |  5 -0.01677 -4.94495e+01 |  6  0.00104 -5.00734e+01
  7  0.01057 -5.42457e+01 |  8  0.01950 -4.98734e+01 |  9  0.01239 -5.08633e+01
 10 -0.00525 -4.16657e+01 | 11 -0.00890 -4.22850e+01 | 12 -0.00996 -3.81819e+01
 13 -0.02261 -2.10150e+01 | 14 -0.01771 -9.48661e+00 | 15  0.02006 -7.07346e-01
 16  0.02961 -1.44886e+00 | 17  0.02619 -1.08715e+01 | 18  0.02598 -7.03311e+00
 19  0.00825  4.73290e-01 | 20  0.01857  6.31318e+00 | 21  0.07703  3.36931e+01
 22  0.02623  1.60601e+01 | 23  0.01500  2.45193e+01 | 24  0.02849  3.96796e+01
 25  0.01295  3.36172e+01 | 26  0.05526  8.43307e+01 | 27  0.02074  5.73106e+01
 28 -0.00196  4.34601e+01 | 29 -0.00679  4.70989e+01 | 30 -0.01026  4.58812e+01
 31 -0.00646  4.47406e+01 | 32  0.00151  4.34811e+01 | 33  0.00339  3.79284e+01
 34  0.00236  3.03858e+01 | 35  0.00427  2.23851e+01 | 36 -0.00011  1.40598e+01
 37  0.00867  1.57640e+01 | 38 -0.00630  9.35094e+00 | 39 -0.03514  3.29730e+00
 40 -0.03493  2.15298e+00 | 41 -0.02182  2.74018e+00 | 42 -0.00822  2.66849e+00
 43 -0.01808 -1.70144e+00 | 44 -0.01813 -3.01886e+00 | 45 -0.03691 -8.56852e+00
 46 -0.02435 -9.81483e+00 | 47 -0.01823 -9.91928e+00 | 48 -0.00549 -1.19305e+01
 49 -0.01619 -1.54689e+01 | 50 -0.01572 -1.70904e+01 | 51 -0.01134 -1.78686e+01
 52 -0.00919 -1.90739e+01 | 53 -0.01362 -1.66171e+01 | 54 -0.01751 -1.25108e+01
 55 -0.00527 -1.12658e+01 | 56 -0.00044  1.85118e-01 | 57  0.00001  1.15511e-02
 58  0.00000  0.00000e+00 | 59 -0.03045 -1.16475e+01 | 60  0.36855  6.85280e+02
 61 -0.17281 -9.45027e-03 | 62  0.20308 -1.75843e+03 | 63  0.00000  8.10735e-09
 64  0.10927 -9.75222e+00 | 65  0.24017 -1.51996e+02 | 66 -0.20289 -6.18314e-03
 67  0.16109  3.91916e+02 | 68 -0.00004 -1.76039e-07 | 69 -0.16471 -3.22906e+01
 70  0.21064  7.94290e+00 | 71 -0.21648  9.68368e-04 | 72  0.13084  2.79461e+00
 73  0.00000  5.50830e-29 | 74  0.06085 -1.62409e+01 | 75 -0.02980  7.81542e+01
 76 -0.22027  1.38918e-03 | 77  0.10452 -1.29245e+02 | 78  0.63556  3.54680e+00
 79 -0.09679  8.05791e+00 | 80  0.14561 -3.81835e+01 | 81 -0.62422  2.08984e+01
81 variables; iteration 40; function evaluation 52; phase 3
Function value 2.9108741e+02; maximum gradient component mag -7.2257e+03
Var    Value     Gradient |Var    Value     Gradient |Var    Value     Gradient
  1  0.12833 -7.22574e+03 |  2 -0.21845 -1.13819e+03 |  3 -0.00014 -1.00681e+02
  4 -0.01274 -4.34759e+01 |  5 -0.02013 -4.44398e+01 |  6  0.00987 -3.23249e+01
  7  0.00298 -4.45587e+01 |  8  0.02596 -2.81569e+01 |  9  0.00877 -3.51572e+01
 10 -0.00054 -2.44711e+01 | 11 -0.01049 -3.21347e+01 | 12 -0.01068 -3.28628e+01
 13 -0.02126 -2.14812e+01 | 14 -0.01701 -1.43447e+01 | 15  0.01472 -6.86330e+00
 16  0.03210  7.84850e+00 | 17  0.02594 -2.47947e+00 | 18  0.02761 -2.62878e+00
 19  0.00607 -8.95766e+00 | 20  0.01578 -5.22382e+00 | 21  0.07853  3.51105e+01
 22  0.02413  1.14214e+01 | 23  0.01734  2.16396e+01 | 24  0.02437  2.40615e+01
 25  0.01560  2.19006e+01 | 26  0.05027  6.45024e+01 | 27  0.02288  5.63077e+01
 28  0.00069  4.76217e+01 | 29 -0.00688  4.86888e+01 | 30 -0.01248  4.41001e+01
 31 -0.00692  4.63215e+01 | 32  0.00344  4.94183e+01 | 33  0.00415  3.79946e+01
 34  0.00050  2.45255e+01 | 35  0.00331  2.07243e+01 | 36  0.00061  1.78379e+01
 37  0.00987  2.40259e+01 | 38 -0.00644  1.07654e+01 | 39 -0.03696 -4.12052e+00
 40 -0.03852 -8.25936e+00 | 41 -0.02272  2.04310e+00 | 42 -0.00567  1.43761e+01
 43 -0.01616  4.28979e+00 | 44 -0.02159 -9.73371e+00 | 45 -0.03806 -1.70912e+01
 46 -0.02310 -1.31837e+01 | 47 -0.01777 -1.15025e+01 | 48 -0.00640 -1.59954e+01
 49 -0.01587 -2.32080e+01 | 50 -0.01707 -2.70485e+01 | 51 -0.01274 -2.38895e+01
 52 -0.00668 -1.60487e+01 | 53 -0.00464 -9.27509e+00 | 54 -0.00830 -1.55326e+01
 55 -0.00881 -2.87887e+01 | 56 -0.00189 -1.03196e+00 | 57 -0.00013 -9.25174e-02
 58  0.00000  0.00000e+00 | 59 -0.05223  3.88021e+01 | 60  0.36934  6.16034e+02
 61 -0.17196 -5.17401e-03 | 62  0.20204 -1.65957e+03 | 63  0.00000  8.09364e-09
 64  0.09342 -1.07580e+01 | 65  0.23965 -2.47654e+02 | 66 -0.20260 -1.31906e-03
 67  0.16096  5.29466e+02 | 68  0.00936  4.61909e-05 | 69 -0.11250 -1.52149e+01
 70  0.20858 -6.54635e+00 | 71 -0.21611 -7.60879e-04 | 72  0.13088  1.75936e+01
 73  0.00000  1.28738e-29 | 74  0.06617 -2.16540e+00 | 75 -0.00460  1.51392e+02
 76 -0.22031  6.43532e-03 | 77  0.11525 -1.85141e+02 | 78  0.34451  2.19641e+00
 79 -0.09103  3.03818e+01 | 80  0.14883 -8.36060e+00 | 81 -0.62215  8.21788e+00
81 variables; iteration 60; function evaluation 83; phase 3
Function value 2.8523007e+02; maximum gradient component mag -6.3126e+03
Var    Value     Gradient |Var    Value     Gradient |Var    Value     Gradient
  1  0.12738 -6.31259e+03 |  2 -0.20352 -1.03080e+03 |  3  0.00023 -1.90887e+01
  4 -0.00745  2.22294e+01 |  5 -0.01951  1.00462e+01 |  6  0.00224  1.68247e+01
  7  0.01165  1.15026e+01 |  8  0.01412  1.37574e+01 |  9  0.01643  2.19569e+01
 10 -0.00214  2.47912e+01 | 11 -0.00955  1.50609e+01 | 12 -0.01002  8.53348e+00
 13 -0.02227  7.92222e+00 | 14 -0.01748  8.09735e+00 | 15  0.01988  8.97229e+00
 16  0.03487  1.27197e+01 | 17  0.02171  3.94041e+00 | 18  0.02880  6.90567e+00
 19  0.01102  4.84917e+00 | 20  0.01957 -3.26998e+00 | 21  0.06935 -1.32723e+01
 22  0.03652 -3.03083e+00 | 23  0.00646 -1.19933e+01 | 24  0.02487 -1.42619e+01
 25  0.01815 -1.49015e+01 | 26  0.05192 -2.94282e+01 | 27  0.00656 -2.64317e+01
 28  0.01092 -2.35667e-01 | 29 -0.00654 -5.31289e+00 | 30 -0.01437 -1.51565e+01
 31 -0.00508 -2.18199e+01 | 32  0.00050 -2.32174e+01 | 33  0.00377 -1.43294e+01
 34  0.00402 -7.45723e+00 | 35 -0.00250 -8.91554e+00 | 36  0.00550  1.49438e+00
 37  0.00734  1.00948e-01 | 38 -0.00179  4.92248e+00 | 39 -0.04101 -3.90758e+00
 40 -0.03532  1.67158e+00 | 41 -0.01697  5.30622e+00 | 42 -0.01249 -8.09517e+00
 43 -0.02145 -6.78134e+00 | 44 -0.01360  7.05503e+00 | 45 -0.03714  4.98984e+00
 46 -0.02585  6.77847e+00 | 47 -0.01193  1.63228e+01 | 48 -0.00293  7.60192e+00
 49 -0.01863 -1.84464e+00 | 50 -0.01714  3.38281e+00 | 51 -0.00150  2.11578e+01
 52 -0.00810  1.13871e+01 | 53 -0.01562  4.87082e+00 | 54 -0.01147  1.10000e+01
 55 -0.01524 -1.35486e+00 | 56 -0.00255 -1.56312e+00 | 57 -0.00019 -1.38353e-01
 58  0.00000  0.00000e+00 | 59 -0.14060 -3.14741e+01 | 60  0.36947  4.72032e+02
 61 -0.15976 -4.31150e-03 | 62  0.19919 -1.39559e+03 | 63  0.00000  2.33903e-08
 64  0.10350 -8.33478e+00 | 65  0.23845 -6.73395e+01 | 66 -0.19863 -1.72550e-02
 67  0.16110  8.41780e+01 | 68  0.01996  9.85285e-05 | 69 -0.10399 -3.92000e+01
 70  0.20262 -5.67298e+01 | 71 -0.21447 -1.09853e-03 | 72  0.12979  1.27936e+02
 73  0.00000  6.93000e-31 | 74  0.06777 -7.24865e+00 | 75 -0.00771 -3.20155e+01
 76 -0.21702 -4.50258e-03 | 77  0.11955  4.52045e+01 | 78  0.37967 -1.44262e+00
 79 -0.08548  7.19444e+00 | 80  0.15524  2.85661e+01 | 81 -0.61886 -8.70693e+00
Maximum number of function evaluations exceeded

 - final statistics:
81 variables; iteration 72; function evaluation 100
Function value 2.8253e+02; maximum gradient component mag -5.4985e+03
Exit code = 3;  converg criter 1.0000e+00
Var    Value     Gradient |Var    Value     Gradient |Var    Value     Gradient
  1  0.12636 -5.49848e+03 |  2 -0.19168 -8.96442e+02 |  3  0.00362 -1.09791e+01
  4 -0.00914  1.65656e+01 |  5 -0.02142  6.00822e+00 |  6  0.00825  1.53739e+01
  7  0.00131 -1.61226e+00 |  8  0.01790  5.53208e+00 |  9  0.01727  7.21468e+00
 10 -0.00663  7.28582e+00 | 11 -0.01155  2.28903e+00 | 12 -0.00637  7.82199e+00
 13 -0.02221  1.34776e+01 | 14 -0.01843  1.52486e+01 | 15  0.03173  1.25576e+01
 16  0.02977 -4.08672e+00 | 17  0.02384 -2.44837e+00 | 18  0.02902  6.99221e+00
 19  0.00966  8.33536e+00 | 20  0.02335 -1.22205e+00 | 21  0.06314 -2.39709e+01
 22  0.04168 -1.73636e+00 | 23 -0.00191 -4.80296e+00 | 24  0.03841  8.39196e+00
 25  0.01747 -3.62099e+00 | 26  0.04378 -2.58701e+01 | 27  0.02448 -1.43943e+01
 28  0.00060 -2.62060e+00 | 29 -0.00430 -3.12424e+00 | 30 -0.01064 -1.30543e+01
 31 -0.00887 -2.50104e+01 | 32  0.00897 -2.21831e+01 | 33 -0.00621 -1.83630e+01
 34  0.01205  1.33045e+00 | 35 -0.00122 -4.95548e+00 | 36  0.00204 -3.30255e+00
 37  0.00761 -6.09678e+00 | 38 -0.00196 -8.65608e-02 | 39 -0.04001 -8.82382e-01
 40 -0.02801  1.05589e+01 | 41 -0.02165 -6.78971e-01 | 42 -0.00750 -5.71313e+00
 43 -0.02320 -5.89898e+00 | 44 -0.01014  6.68418e+00 | 45 -0.04110 -8.80912e-01
 46 -0.02718  1.48075e+00 | 47 -0.01163  1.48317e+01 | 48 -0.00169  1.20800e+01
 49 -0.01658  5.43765e+00 | 50 -0.01434  5.14994e+00 | 51 -0.00896  7.54804e+00
 52 -0.00348  9.18711e+00 | 53 -0.02329  3.34097e-01 | 54 -0.02227  1.20105e+01
 55 -0.02352  6.14012e+00 | 56  0.00203  1.94257e+00 | 57  0.00044  3.32623e-01
 58  0.00000  0.00000e+00 | 59 -0.20345 -5.86125e+01 | 60  0.37292  3.25222e+02
 61 -0.16396 -8.69053e-04 | 62  0.19939 -9.83408e+02 | 63  0.00001  4.73853e-08
 64  0.12791 -3.80740e+00 | 65  0.23776 -1.32446e+01 | 66 -0.19361 -2.84060e-02
 67  0.16026 -9.55496e+01 | 68 -0.06732 -3.33478e-04 | 69 -0.07501 -3.79013e+01
 70  0.19925 -5.17443e+01 | 71 -0.21440 -1.09793e-03 | 72  0.12796  9.91507e+01
 73 -0.00000  1.06028e-31 | 74  0.06698 -1.07123e+01 | 75 -0.00865 -1.36403e+01
 76 -0.20728 -6.48707e-03 | 77  0.11752 -7.23913e+00 | 78  0.35370 -1.98035e+00
 79 -0.08178  8.63906e+00 | 80  0.14672  3.61051e+00 | 81 -0.63075 -1.62941e+01

Initial statistics: 91 variables; iteration 0; function evaluation 0; phase 4
Function value 2.8252898e+02; maximum gradient component mag -5.4985e+03
Var    Value     Gradient |Var    Value     Gradient |Var    Value     Gradient
  1  0.12636 -5.49848e+03 |  2 -0.19168 -8.96442e+02 |  3  0.00000 -1.92972e+02
  4  0.00000 -2.31386e+02 |  5  0.00000 -2.36593e+02 |  6  0.00000 -1.91515e+02
  7  0.00000 -1.97392e+02 |  8  0.00000 -2.44042e+02 |  9  0.00000 -2.98354e+02
 10  0.00000 -3.47707e+02 | 11  0.00000 -3.10276e+02 | 12  0.00000 -1.47494e+02
 13  0.00361 -1.13216e+01 | 14 -0.00915  1.62232e+01 | 15 -0.02143  5.66594e+00
 16  0.00825  1.50314e+01 | 17  0.00130 -1.95473e+00 | 18  0.01789  5.18974e+00
 19  0.01726  6.87233e+00 | 20 -0.00663  6.94337e+00 | 21 -0.01156  1.94661e+00
 22 -0.00638  7.47953e+00 | 23 -0.02222  1.31354e+01 | 24 -0.01843  1.49063e+01
 25  0.03172  1.22156e+01 | 26  0.02976 -4.42882e+00 | 27  0.02383 -2.79060e+00
 28  0.02902  6.65010e+00 | 29  0.00966  7.99292e+00 | 30  0.02334 -1.56430e+00
 31  0.06313 -2.43117e+01 | 32  0.04168 -2.07810e+00 | 33 -0.00192 -5.14543e+00
 34  0.03840  8.05012e+00 | 35  0.01746 -3.96333e+00 | 36  0.04377 -2.62118e+01
 37  0.02447 -1.47365e+01 | 38  0.00059 -2.96308e+00 | 39 -0.00430 -3.46671e+00
 40 -0.01065 -1.33967e+01 | 41 -0.00887 -2.53529e+01 | 42  0.00896 -2.25255e+01
 43 -0.00622 -1.87055e+01 | 44  0.01204  9.88033e-01 | 45 -0.00123 -5.29795e+00
 46  0.00203 -3.64502e+00 | 47  0.00760 -6.43923e+00 | 48 -0.00197 -4.29033e-01
 49 -0.04001 -1.22418e+00 | 50 -0.02802  1.02167e+01 | 51 -0.02166 -1.02125e+00
 52 -0.00751 -6.05558e+00 | 53 -0.02321 -6.24123e+00 | 54 -0.01015  6.34175e+00
 55 -0.04111 -1.22267e+00 | 56 -0.02719  1.13858e+00 | 57 -0.01163  1.44893e+01
 58 -0.00169  1.17375e+01 | 59 -0.01659  5.09529e+00 | 60 -0.01435  4.80755e+00
 61 -0.00897  7.20560e+00 | 62 -0.00349  8.84464e+00 | 63 -0.02329 -8.14814e-03
 64 -0.02228  1.16682e+01 | 65 -0.02352  5.79788e+00 | 66  0.00203  1.94257e+00
 67  0.00044  3.32623e-01 | 68  0.00000  0.00000e+00 | 69 -0.20345 -5.86125e+01
 70  0.37292  3.25222e+02 | 71 -0.16396 -8.69053e-04 | 72  0.19939 -9.83408e+02
 73  0.00001  4.73853e-08 | 74  0.12791 -3.80740e+00 | 75  0.23776 -1.32446e+01
 76 -0.19361 -2.84060e-02 | 77  0.16026 -9.55496e+01 | 78 -0.06732 -3.33478e-04
 79 -0.07501 -3.79013e+01 | 80  0.19925 -5.17443e+01 | 81 -0.21440 -1.09793e-03
 82  0.12796  9.91507e+01 | 83  0.00000  1.06028e-31 | 84  0.06698 -1.07123e+01
 85 -0.00865 -1.36403e+01 | 86 -0.20728 -6.48707e-03 | 87  0.11752 -7.23913e+00
 88  0.35370 -1.98035e+00 | 89 -0.08178  8.63906e+00 | 90  0.14672  3.61051e+00
 91 -0.63075 -1.62941e+01 |

Intermediate statistics: 91 variables; iteration 20; function evaluation 26; phase 4
Function value 2.7639478e+02; maximum gradient component mag -2.2607e+03
Var    Value     Gradient |Var    Value     Gradient |Var    Value     Gradient
  1  0.12705 -2.26072e+03 |  2 -0.17028 -1.31940e+03 |  3 -0.01820 -1.10313e+01
  4 -0.01273 -1.70607e+01 |  5 -0.00761 -2.69739e+01 |  6 -0.01031 -2.98202e+01
  7 -0.00170 -2.49913e+01 |  8  0.01545 -1.11133e+01 |  9  0.00212 -6.90106e+00
 10 -0.00162 -2.10515e+01 | 11 -0.00207 -5.54467e+01 | 12  0.00821 -7.57674e+01
 13 -0.00590 -5.40505e+01 | 14 -0.01319 -2.34282e+01 | 15 -0.01207 -1.90761e+01
 16 -0.00323 -2.50798e+01 | 17  0.01206 -2.82724e+01 | 18  0.01457 -2.35251e+01
 19  0.01752 -1.26901e+01 | 20 -0.00536 -6.79104e+00 | 21 -0.00919 -9.91757e+00
 22 -0.00835 -1.20505e+01 | 23 -0.02300 -7.67860e+00 | 24 -0.01817  1.47299e+00
 25  0.02612  2.16578e+01 | 26  0.03274  1.99448e+01 | 27  0.02543  8.37001e+00
 28  0.02827  5.40270e+00 | 29  0.00929  3.00030e-01 | 30  0.01993 -2.57694e+00
 31  0.07185 -9.03662e-01 | 32  0.03081 -5.52166e-01 | 33  0.00825 -3.12620e+00
 34  0.03139  9.21661e+00 | 35  0.01647  3.10915e+00 | 36  0.04894  1.14196e+01
 37  0.02419  1.39883e+01 | 38  0.00013  1.36567e+01 | 39 -0.00672  1.70251e+01
 40 -0.01171  1.80652e+01 | 41 -0.00439  2.51854e+01 | 42  0.00817  3.37328e+01
 43  0.00117  1.73498e+01 | 44  0.00621  1.58720e+01 | 45  0.00109  4.89427e+00
 46  0.00026  4.66527e+00 | 47  0.00803  8.43721e+00 | 48 -0.00392  1.01188e+01
 49 -0.03772  2.88006e+00 | 50 -0.03191  1.03463e+01 | 51 -0.02103  1.01659e+01
 52 -0.00653  1.30832e+01 | 53 -0.01832  6.12238e+00 | 54 -0.01407  8.77993e+00
 55 -0.03852 -3.29911e+00 | 56 -0.02582 -2.63439e+00 | 57 -0.01570  3.16378e+00
 58 -0.00301  1.76151e+00 | 59 -0.01553 -3.14552e+00 | 60 -0.01440 -1.76738e+00
 61 -0.00904 -5.92106e-01 | 62 -0.00631 -4.19898e+00 | 63 -0.01748 -1.28834e+01
 64 -0.02360 -1.32631e+01 | 65 -0.01781 -1.51630e+01 | 66 -0.00014  4.13876e-01
 67  0.00009  6.86270e-02 | 68  0.00000  0.00000e+00 | 69 -0.29879 -2.76208e+02
 70  0.39428 -2.39170e+01 | 71 -0.16396  6.87242e-04 | 72  0.20546  9.82490e+01
 73  0.00001  4.17642e-08 | 74  0.13109 -5.41934e-01 | 75  0.23136  5.26336e+02
 76 -0.19366 -2.13863e-03 | 77  0.15975 -7.90730e+02 | 78 -0.06732 -3.33472e-04
 79 -0.10487 -1.52319e+02 | 80  0.20251 -6.47605e+01 | 81 -0.21440 -1.09789e-03
 82  0.13151  1.67232e+02 | 83 -0.00000  8.19419e-31 | 84  0.06549 -5.01976e+00
 85 -0.00656  2.20987e+01 | 86 -0.20727 -5.37706e-03 | 87  0.11756 -6.27068e+01
 88  0.35707 -1.19087e+00 | 89 -0.09086  1.30659e+01 | 90  0.14801  2.72482e+01
 91 -0.62849 -2.36583e+01 |
91 variables; iteration 40; function evaluation 49; phase 4
Function value 2.7467290e+02; maximum gradient component mag -3.1998e+03
Var    Value     Gradient |Var    Value     Gradient |Var    Value     Gradient
  1  0.12685 -3.19985e+03 |  2 -0.16394 -1.17683e+03 |  3 -0.03134 -4.90808e+01
  4 -0.02376 -5.87272e+01 |  5 -0.00351 -6.42408e+01 |  6 -0.01963 -5.93895e+01
  7  0.00449 -4.92157e+01 |  8  0.02095 -4.75124e+01 |  9  0.00748 -4.59936e+01
 10 -0.00541 -6.51615e+01 | 11  0.00313 -8.91602e+01 | 12  0.00777 -8.80914e+01
 13 -0.00325 -4.50304e+01 | 14 -0.01573 -2.03934e+01 | 15 -0.01676 -1.64176e+01
 16 -0.00281 -1.25532e+01 | 17  0.01770 -7.80062e+00 | 18  0.01276 -1.16920e+01
 19  0.02030 -1.32530e+01 | 20 -0.01122 -1.84334e+01 | 21 -0.00792 -1.79455e+01
 22 -0.01019 -1.69243e+01 | 23 -0.02262 -6.10442e+00 | 24 -0.01361  1.42372e+00
 25  0.02178 -7.10859e+00 | 26  0.03878 -6.00832e+00 | 27  0.02046 -1.19589e+01
 28  0.02435 -2.07653e+00 | 29  0.01154  1.23914e+01 | 30  0.02155  1.69843e+01
 31  0.07469  2.66519e+01 | 32  0.02797  1.82187e+01 | 33  0.01381  1.60275e+01
 34  0.03166  1.69918e+01 | 35  0.01660  4.67355e+00 | 36  0.04656 -3.15097e+00
 37  0.02186  2.09808e+00 | 38  0.00082  9.07570e+00 | 39 -0.00668  1.11859e+01
 40 -0.01287  8.92316e+00 | 41 -0.00414  1.39544e+01 | 42  0.00804  2.23203e+01
 43  0.00224  1.35159e+01 | 44  0.00428  1.09947e+01 | 45  0.00324  4.72556e+00
 46 -0.00118  2.03806e+00 | 47  0.00879  5.63521e+00 | 48 -0.00457  7.84998e+00
 49 -0.03702  4.90470e+00 | 50 -0.03137  8.65287e+00 | 51 -0.02080  1.07867e+00
 52 -0.00975 -4.24246e+00 | 53 -0.01680  1.28304e+00 | 54 -0.01510  5.82680e+00
 55 -0.03825  9.02646e-01 | 56 -0.02451  8.73771e-01 | 57 -0.01702 -1.83089e-01
 58 -0.00522 -6.19268e+00 | 59 -0.01748 -7.03092e+00 | 60 -0.01459 -1.04151e+00
 61 -0.00845  4.51795e+00 | 62 -0.00752  3.64761e+00 | 63 -0.01448  2.32004e+00
 64 -0.02220  2.18194e+00 | 65 -0.01484  1.94711e+00 | 66 -0.00054  7.02891e-02
 67  0.00001  1.10558e-02 | 68  0.00000  0.00000e+00 | 69 -0.31540 -2.39159e+02
 70  0.39347  5.23833e+01 | 71 -0.16428 -8.29202e-04 | 72  0.20473 -1.45582e+02
 73  0.00011  5.63989e-07 | 74  0.46338  2.77089e-03 | 75  0.22914  4.60744e+02
 76 -0.20122 -1.16945e-03 | 77  0.15687 -7.21868e+02 | 78 -0.06716 -3.32647e-04
 79 -0.10543 -1.34052e+02 | 80  0.20793 -3.05379e+01 | 81 -0.21386 -1.03610e-03
 82  0.13182  7.72703e+01 | 83 -0.00000  2.60621e-30 | 84  0.06071 -1.39984e+01
 85 -0.02204  3.86433e+01 | 86 -0.20571  3.18879e-03 | 87  0.11222 -2.63012e+01
 88  0.61432  4.04504e+00 | 89 -0.09104  1.25538e+01 | 90  0.14829  1.58836e+01
 91 -0.62696 -1.50120e+01 |
91 variables; iteration 60; function evaluation 76; phase 4
Function value 2.7147557e+02; maximum gradient component mag -4.7296e+02
Var    Value     Gradient |Var    Value     Gradient |Var    Value     Gradient
  1  0.12693 -4.72958e+02 |  2 -0.14932 -2.45917e+02 |  3 -0.03188 -1.17659e+01
  4 -0.03277 -1.89749e+01 |  5 -0.00909 -4.07250e+00 |  6 -0.01092 -7.18146e-01
  7  0.00465  7.82337e+00 |  8  0.02084  6.71796e+00 |  9  0.00183 -6.35605e+00
 10  0.00612 -8.54113e+00 | 11 -0.00608 -1.67213e+01 | 12  0.01010  1.14402e-01
 13  0.00456  1.40259e+01 | 14 -0.02559 -1.05135e+00 | 15 -0.01169  9.61271e+00
 16 -0.00296  6.78155e+00 | 17  0.01390  7.91695e+00 | 18  0.01495  4.80720e+00
 19  0.00978  4.99499e+00 | 20 -0.00237  1.80819e+01 | 21 -0.00964  1.54887e+01
 22 -0.00528  1.49045e+01 | 23 -0.02403  4.92106e+00 | 24 -0.01598  8.51813e+00
 25  0.02217  1.59724e+01 | 26  0.03867  2.36272e+01 | 27  0.02570  5.08968e+00
 28  0.02215 -6.57698e+00 | 29  0.00517 -4.03672e+00 | 30  0.02833  3.42505e+00
 31  0.06875 -1.22350e+01 | 32  0.02851 -1.09663e+01 | 33  0.00902 -1.23082e+01
 34  0.02844 -6.64954e+00 | 35  0.01691 -3.20908e+00 | 36  0.05371 -2.02377e+00
 37  0.01983 -5.65020e+00 | 38 -0.00042 -3.44858e+00 | 39 -0.00622 -2.21343e+00
 40 -0.01139 -5.63930e+00 | 41 -0.00198 -9.02048e+00 | 42 -0.00075 -1.55043e+01
 43  0.00728 -7.01197e+00 | 44 -0.00050 -7.65091e+00 | 45  0.00585 -3.65861e+00
 46 -0.00100 -6.30156e+00 | 47  0.00597 -7.16462e+00 | 48 -0.00308 -3.30654e+00
 49 -0.03511 -4.13141e+00 | 50 -0.03710 -6.81723e+00 | 51 -0.01915 -1.49784e+00
 52 -0.00817 -2.84057e+00 | 53 -0.01453 -2.10097e+00 | 54 -0.02131 -1.10646e+01
 55 -0.03813 -8.37289e+00 | 56 -0.02148 -3.04298e+00 | 57 -0.02087 -4.98727e+00
 58 -0.00356  8.89153e-01 | 59 -0.01273  2.84449e+00 | 60 -0.01202  1.13591e+00
 61 -0.01288 -6.32683e+00 | 62 -0.01143 -6.95123e+00 | 63 -0.00887  3.42874e+00
 64 -0.01931  1.76583e+00 | 65 -0.01045  2.24040e+00 | 66 -0.00031  2.55787e-01
 67  0.00002  2.06945e-02 | 68  0.00000  0.00000e+00 | 69 -0.34921 -1.32271e+01
 70  0.40170  1.95973e+01 | 71 -0.16759 -8.46198e-04 | 72  0.20560 -9.98626e+01
 73  0.00175  8.62953e-06 | 74  0.22178 -3.83876e-02 | 75  0.21879  4.24548e+01
 76 -0.22390 -1.23714e-03 | 77  0.15242 -1.63313e+02 | 78 -0.06658 -3.29778e-04
 79 -0.15274 -1.87552e+01 | 80  0.21052  6.30132e+01 | 81 -0.21240  4.14921e-03
 82  0.13103 -7.42125e+01 | 83 -0.00000  1.14115e-28 | 84  0.06221  1.18672e+00
 85 -0.01407 -1.44779e+01 | 86 -0.20201 -5.86172e-04 | 87  0.11736  4.77715e+01
 88  0.47860  2.58886e-01 | 89 -0.08704  7.98693e+00 | 90  0.14922 -8.60926e+00
 91 -0.62009  1.20697e+01 |
91 variables; iteration 80; function evaluation 106; phase 4
Function value 2.6871112e+02; maximum gradient component mag -1.2871e+03
Var    Value     Gradient |Var    Value     Gradient |Var    Value     Gradient
  1  0.12673 -1.28712e+03 |  2 -0.12729 -2.00628e+02 |  3 -0.03617 -4.19698e+01
  4 -0.02931 -4.83973e+01 |  5 -0.00906 -4.41646e+01 |  6 -0.02950 -4.23674e+01
  7 -0.00014 -3.08048e+01 |  8  0.02681 -4.26555e+01 |  9 -0.00705 -5.51505e+01
 10  0.00558 -6.08897e+01 | 11 -0.00957 -5.11332e+01 | 12  0.02115 -8.58207e+00
 13 -0.00730  6.73634e+00 | 14 -0.01067  1.33812e+01 | 15 -0.01147  7.51100e+00
 16 -0.00576  4.46103e-01 | 17  0.00511 -2.81707e-01 | 18  0.02415  1.36447e+01
 19  0.01413  7.72281e+00 | 20 -0.01019  5.59084e+00 | 21 -0.00798  1.13357e+01
 22 -0.00653  1.19517e+01 | 23 -0.01485  1.20431e+01 | 24 -0.02287 -4.85683e+00
 25  0.02489 -7.04335e+00 | 26  0.03595 -2.54021e+00 | 27  0.02383 -1.63609e+00
 28  0.02918  1.67430e+00 | 29  0.00650 -6.80001e-01 | 30  0.01780 -4.49191e+00
 31  0.07204 -1.30080e+01 | 32  0.02909 -2.90082e+00 | 33  0.01756 -1.62978e+00
 34  0.01866 -1.04837e+01 | 35  0.02382  1.91774e-01 | 36  0.04837 -2.77997e+00
 37  0.02932  6.32147e+00 | 38 -0.00390  7.08629e-01 | 39 -0.00313  1.96101e+00
 40 -0.01176 -9.19406e+00 | 41 -0.00594 -1.81308e+01 | 42  0.00261 -1.73702e+01
 43  0.00803 -8.77032e+00 | 44 -0.00260 -1.24930e+01 | 45  0.00409 -8.13100e+00
 46 -0.00087 -5.16444e+00 | 47  0.01154 -8.93694e-01 | 48 -0.00845 -4.53810e+00
 49 -0.03090  4.48775e+00 | 50 -0.03706 -1.25995e+00 | 51 -0.01765  2.69780e+00
 52 -0.00982 -5.61785e+00 | 53 -0.01383 -2.54715e+00 | 54 -0.02157 -7.94892e+00
 55 -0.03543  1.42674e+00 | 56 -0.02278  3.81906e+00 | 57 -0.01882  2.84240e+00
 58 -0.00274  3.17055e+00 | 59 -0.01543  1.39873e+00 | 60 -0.01353  3.05324e+00
 61 -0.01070  2.71311e+00 | 62 -0.00759  3.21232e+00 | 63 -0.01657  1.44870e+00
 64 -0.02336  4.43952e+00 | 65 -0.01472  6.37117e+00 | 66 -0.00016  4.60278e-01
 67  0.00023  1.75161e-01 | 68  0.00000  0.00000e+00 | 69 -0.41067  2.89570e+00
 70  0.40898  4.67824e+01 | 71 -0.17474 -8.84647e-04 | 72  0.20799 -8.55422e+01
 73 -0.00364 -1.79474e-05 | 74  0.20370 -1.12044e-01 | 75  0.21438 -7.34625e+01
 76 -0.35440 -2.17134e-03 | 77  0.15033 -1.40100e+02 | 78 -0.06515 -3.22617e-04
 79 -0.19622 -1.17237e+01 | 80  0.20756  3.77645e+01 | 81 -0.20858 -8.34423e-04
 82  0.12996 -9.59368e+01 | 83  0.00000  1.15636e-29 | 84  0.06605  7.84296e+00
 85 -0.00921 -2.82585e+01 | 86 -0.19136 -7.68780e-03 | 87  0.11816  2.51578e+01
 88  0.41802 -1.50427e+00 | 89 -0.09789 -1.81558e+01 | 90  0.14697 -1.05980e+01
 91 -0.62273  8.62672e+00 |
91 variables; iteration 100; function evaluation 135; phase 4
Function value 2.6432357e+02; maximum gradient component mag -6.2740e+03
Var    Value     Gradient |Var    Value     Gradient |Var    Value     Gradient
  1  0.12642 -6.27404e+03 |  2 -0.06770 -4.27788e+02 |  3 -0.03702 -2.14841e+02
  4 -0.03896 -2.42701e+02 |  5 -0.01612 -3.04097e+02 |  6 -0.03798 -2.31898e+02
  7 -0.01006 -2.72011e+02 |  8  0.04720 -5.26271e+02 |  9 -0.01965 -3.39047e+02
 10 -0.01989 -3.65888e+02 | 11 -0.00778 -3.36736e+02 | 12  0.03128 -2.21287e+02
 13 -0.01858 -3.74321e+01 | 14 -0.00671 -5.37197e+00 | 15 -0.01243 -7.86674e+00
 16 -0.01226 -1.20454e+01 | 17  0.01902 -7.97477e+00 | 18  0.01671 -1.39118e+01
 19  0.01822 -2.98546e+01 | 20 -0.01576 -2.93507e+01 | 21 -0.00558 -1.70903e+01
 22 -0.00982 -9.18930e+00 | 23 -0.00905 -2.92515e-01 | 24 -0.03616 -2.97735e+01
 25  0.03785 -6.89125e+01 | 26  0.03063 -5.88503e+01 | 27  0.01413 -2.48469e+01
 28  0.03857  1.11402e+01 | 29  0.00166  1.25862e+01 | 30  0.01871  1.37558e+01
 31  0.07487  6.32004e+00 | 32  0.02746  1.29307e+01 | 33  0.01554  1.46324e+01
 34  0.02774  1.13930e+01 | 35  0.02540  1.13789e+01 | 36  0.03916 -5.37462e+00
 37  0.03805  1.06479e+01 | 38 -0.00584  5.54403e+00 | 39 -0.01267  4.51458e+00
 40  0.00017  1.56784e+01 | 41 -0.01014  6.28929e-01 | 42  0.00376  4.22320e+00
 43  0.00945  1.17621e+01 | 44 -0.00023  6.53984e+00 | 45  0.00593  8.96441e+00
 46 -0.00410  7.38128e+00 | 47  0.01743  1.43507e+01 | 48 -0.00988  2.04307e+00
 49 -0.03841  3.42501e+00 | 50 -0.02356  1.27628e+01 | 51 -0.03639 -1.17607e+01
 52  0.00074  3.43682e+00 | 53 -0.02154  3.20561e+00 | 54 -0.01171  1.17526e+01
 55 -0.04540  4.00149e+00 | 56 -0.01562  1.92507e+01 | 57 -0.02104  8.99755e+00
 58 -0.00311  8.55088e+00 | 59 -0.01679  9.71205e+00 | 60 -0.01324  1.50278e+01
 61 -0.00807  1.65452e+01 | 62 -0.01155  1.22723e+01 | 63 -0.01431  1.86517e+01
 64 -0.02224  2.27441e+01 | 65 -0.00849  2.85159e+01 | 66 -0.00907 -6.24737e+00
 67 -0.00044 -3.33333e-01 | 68  0.00000  0.00000e+00 | 69 -0.55853 -6.05815e+01
 70  0.42486  4.18064e+02 | 71 -0.18227 -9.24894e-04 | 72  0.21128 -1.21438e+03
 73 -0.01734 -8.55992e-05 | 74  0.55107  3.68217e-03 | 75  0.21464 -1.46017e+02
 76 -0.92770 -2.75228e-02 | 77  0.15445  1.51075e+01 | 78 -0.05902 -2.92085e-04
 79 -0.37142 -3.83705e-01 | 80  0.19137 -2.68725e+01 | 81 -0.19665  5.36334e-04
 82  0.12618  4.44444e+01 | 83  0.00000  3.34167e-31 | 84  0.06486 -1.04972e+01
 85 -0.00158  1.09213e+02 | 86 -0.24525  5.58716e-03 | 87  0.12101 -1.95785e+01
 88  0.26275  1.40061e+00 | 89 -0.09985 -9.30004e+00 | 90  0.14878  2.79104e+00
 91 -0.62053  5.09206e+00 |
91 variables; iteration 120; function evaluation 164; phase 4
Function value 2.5959993e+02; maximum gradient component mag -1.2973e+02
Var    Value     Gradient |Var    Value     Gradient |Var    Value     Gradient
  1  0.12761 -1.13520e+02 |  2 -0.02477  8.11408e+00 |  3 -0.04583 -3.92154e+01
  4 -0.03529 -4.29225e+01 |  5 -0.04702 -5.45179e+01 |  6 -0.00712 -2.41208e+01
  7 -0.02202 -3.15811e+01 |  8  0.04442 -2.32962e+01 |  9 -0.01948 -5.56573e+01
 10 -0.03557 -6.85276e+01 | 11  0.00654 -4.91823e+01 | 12  0.00912 -8.58228e+00
 13  0.00101  1.75693e+01 | 14 -0.01538  1.69058e+01 | 15 -0.01316  1.33436e+01
 16  0.00156  1.54791e+01 | 17  0.01065  1.41162e+01 | 18  0.01651  2.25436e+01
 19  0.01526  2.92400e+01 | 20 -0.00720  2.37231e+01 | 21 -0.01000  1.90459e+01
 22 -0.00773  1.56367e+01 | 23 -0.02229  1.36190e+01 | 24 -0.01526  2.54104e+01
 25  0.02625  5.35349e+01 | 26  0.03055  4.24376e+01 | 27  0.02564  1.51196e+01
 28  0.02589 -3.55367e+00 | 29  0.00768 -7.91318e+00 | 30  0.01974 -7.94847e+00
 31  0.07278 -9.46694e+00 | 32  0.02773 -8.60585e+00 | 33  0.01428 -8.27075e+00
 34  0.02707 -9.69634e+00 | 35  0.01900 -8.96811e+00 | 36  0.05298 -1.01560e+01
 37  0.02332 -9.75118e+00 | 38  0.00057 -8.82684e+00 | 39 -0.00723 -9.24619e+00
 40 -0.01113 -9.77525e+00 | 41 -0.00488 -1.16960e+01 | 42  0.00253 -1.24570e+01
 43  0.00521 -1.15911e+01 | 44  0.00251 -1.16927e+01 | 45  0.00316 -1.00778e+01
 46 -0.00019 -9.65586e+00 | 47  0.00824 -9.34264e+00 | 48 -0.00550 -1.02110e+01
 49 -0.03566 -9.86727e+00 | 50 -0.03536 -9.59636e+00 | 51 -0.02175 -8.61556e+00
 52 -0.00854 -9.46568e+00 | 53 -0.01495 -7.74139e+00 | 54 -0.01738 -8.94826e+00
 55 -0.03687 -7.49574e+00 | 56 -0.02534 -6.44346e+00 | 57 -0.01858 -6.92466e+00
 58 -0.00422 -8.76098e+00 | 59 -0.01465 -8.44307e+00 | 60 -0.01553 -7.63614e+00
 61 -0.01159 -7.46096e+00 | 62 -0.01024 -8.91677e+00 | 63 -0.01455 -8.02334e+00
 64 -0.02234 -8.19108e+00 | 65 -0.01244 -6.08888e+00 | 66 -0.00188 -7.44512e-01
 67 -0.00018 -1.35123e-01 | 68  0.00000  0.00000e+00 | 69 -0.63817  4.07617e+01
 70  0.44145  4.66734e+01 | 71 -0.15430 -7.76716e-04 | 72  0.21375 -1.29726e+02
 73 -0.02111 -1.04194e-04 | 74  0.36412  1.97299e-03 | 75  0.22117 -7.52767e+01
 76 -1.65491  1.89248e-03 | 77  0.15863  9.54568e+01 | 78 -0.04040 -1.99636e-04
 79 -0.57596 -6.49372e-03 | 80  0.18750 -9.26297e+00 | 81 -0.30251 -1.51886e-03
 82  0.12458 -1.57920e+01 | 83 -0.02774 -1.36995e-04 | 84  0.06594  8.76790e-01
 85 -0.01535  1.25457e+01 | 86  0.00511  1.56342e+00 | 87  0.11621  5.21671e+00
 88  0.45495  9.00639e-01 | 89 -0.09602 -6.32007e-01 | 90  0.14442  5.01318e-01
 91 -0.62369  2.18535e+00 |
91 variables; iteration 140; function evaluation 190; phase 4
Function value 2.5723836e+02; maximum gradient component mag -1.0371e+03
Var    Value     Gradient |Var    Value     Gradient |Var    Value     Gradient
  1  0.12751 -1.03712e+03 |  2 -0.00163  7.02479e+01 |  3 -0.04012 -4.11938e+01
  4 -0.03573 -5.18094e+01 |  5 -0.04319 -6.38984e+01 |  6 -0.01209 -5.06701e+01
  7 -0.02011 -5.44086e+01 |  8  0.00963 -5.49986e+01 |  9  0.00261 -5.52994e+01
 10 -0.03482 -7.09240e+01 | 11  0.00958 -7.56618e+01 | 12  0.00240 -6.62677e+01
 13 -0.00209 -3.29670e+01 | 14 -0.01462 -1.71494e+01 | 15 -0.01360 -1.33218e+01
 16 -0.00076 -1.36213e+01 | 17  0.01267 -1.91948e+01 | 18  0.01592 -2.45962e+01
 19  0.01644 -3.01556e+01 | 20 -0.00756 -2.45351e+01 | 21 -0.00919 -1.99286e+01
 22 -0.00738 -1.50229e+01 | 23 -0.02220 -1.57955e+01 | 24 -0.01348 -2.73108e+01
 25  0.02222 -6.32579e+01 | 26  0.03268 -5.06571e+01 | 27  0.02531 -1.53867e+01
 28  0.02578  4.87937e+00 | 29  0.00776  8.53222e+00 | 30  0.01975  8.92883e+00
 31  0.07282  9.77873e+00 | 32  0.02859  9.95587e+00 | 33  0.01347  9.78863e+00
 34  0.02680  9.97394e+00 | 35  0.01871  1.05863e+01 | 36  0.05211  1.24116e+01
 37  0.02305  1.19437e+01 | 38 -0.00042  1.15364e+01 | 39 -0.00735  1.16644e+01
 40 -0.01117  1.12340e+01 | 41 -0.00485  1.08746e+01 | 42  0.00264  1.08125e+01
 43  0.00443  1.09011e+01 | 44  0.00273  1.04661e+01 | 45  0.00333  1.11430e+01
 46  0.00021  1.08121e+01 | 47  0.00807  1.17775e+01 | 48 -0.00514  1.19530e+01
 49 -0.03465  1.15765e+01 | 50 -0.03544  1.03223e+01 | 51 -0.02153  1.17723e+01
 52 -0.00872  1.04965e+01 | 53 -0.01566  1.03517e+01 | 54 -0.01759  8.97728e+00
 55 -0.03625  9.89671e+00 | 56 -0.02618  8.98349e+00 | 57 -0.01835  1.03319e+01
 58 -0.00394  9.62305e+00 | 59 -0.01426  9.34279e+00 | 60 -0.01540  9.18272e+00
 61 -0.01180  8.96226e+00 | 62 -0.00875  8.67702e+00 | 63 -0.01401  7.77229e+00
 64 -0.02075  7.69153e+00 | 65 -0.01225  7.86166e+00 | 66 -0.00072  3.47381e-02
 67  0.00024  1.83303e-01 | 68  0.00000  0.00000e+00 | 69 -0.66632  7.21057e+01
 70  0.42322  9.79819e+01 | 71  0.75864  7.88500e-03 | 72  0.21029 -2.97550e+02
 73 -0.02712 -1.33904e-04 | 74  0.08445 -2.83539e-04 | 75  0.23637 -1.95346e+01
 76 -1.76147 -3.90098e-03 | 77  0.16249  1.40793e+02 | 78  0.00128  6.29260e-06
 79 -0.70276 -6.43762e-03 | 80  0.18784  2.02172e+01 | 81 -0.29021 -8.54761e-04
 82  0.12425 -6.32245e+00 | 83 -0.45756 -2.74839e-03 | 84  0.06705  1.58395e-01
 85 -0.02398 -9.64861e+00 | 86 -0.02174 -4.84723e-01 | 87  0.11133 -4.02168e+00
 88  0.51225 -1.30242e+00 | 89 -0.09190 -2.40986e+00 | 90  0.14520 -2.51942e+00
 91 -0.62440  1.63671e+00 |
91 variables; iteration 160; function evaluation 231; phase 4
Function value 2.5634967e+02; maximum gradient component mag -2.0698e+02
Var    Value     Gradient |Var    Value     Gradient |Var    Value     Gradient
  1  0.12742 -2.06982e+02 |  2 -0.00488  1.91612e+01 |  3 -0.03006 -6.23563e+00
  4 -0.02522 -8.38465e+00 |  5 -0.02145 -1.05380e+01 |  6 -0.01382 -4.67026e+00
  7 -0.00577 -6.86528e+00 |  8 -0.01379 -2.11730e+01 |  9 -0.00553 -8.03439e+00
 10 -0.01790 -1.47829e+01 | 11 -0.00217 -2.01039e+00 | 12  0.00225 -3.19912e+00
 13  0.00119  2.05631e+00 | 14 -0.01748 -4.91752e+00 | 15 -0.01299 -3.54356e+00
 16 -0.00043 -3.61469e+00 | 17  0.01048 -7.16303e+00 | 18  0.01797 -5.98425e+00
 19  0.01431 -8.98758e+00 | 20 -0.00669 -6.69396e+00 | 21 -0.00955 -6.08837e+00
 22 -0.00645 -3.69886e+00 | 23 -0.02501 -7.42044e+00 | 24 -0.00897 -3.85889e+00
 25  0.01806 -2.38072e+01 | 26  0.03633 -1.19291e+01 | 27  0.02537 -1.48484e+00
 28  0.02485  1.82159e+00 | 29  0.00810  2.38366e+00 | 30  0.01941  2.14200e+00
 31  0.07312  2.33831e+00 | 32  0.02777  2.72989e+00 | 33  0.01357  3.01190e+00
 34  0.02703  2.74925e+00 | 35  0.01858  3.12151e+00 | 36  0.05210  3.90406e+00
 37  0.02351  4.63417e+00 | 38 -0.00071  4.12958e+00 | 39 -0.00741  4.22751e+00
 40 -0.01063  3.97534e+00 | 41 -0.00484  2.58390e+00 | 42  0.00293  2.63074e+00
 43  0.00467  2.83586e+00 | 44  0.00267  2.19621e+00 | 45  0.00305  2.67463e+00
 46  0.00019  2.63432e+00 | 47  0.00847  3.07816e+00 | 48 -0.00569  2.00362e+00
 49 -0.03526  2.15235e+00 | 50 -0.03452  2.54577e+00 | 51 -0.02256  1.60687e+00
 52 -0.00803  1.87255e+00 | 53 -0.01621  1.49689e+00 | 54 -0.01695  1.43818e+00
 55 -0.03698  1.80584e+00 | 56 -0.02530  2.50910e+00 | 57 -0.01870  2.61200e+00
 58 -0.00381  2.15305e+00 | 59 -0.01448  2.04911e+00 | 60 -0.01522  2.46185e+00
 61 -0.01166  2.36226e+00 | 62 -0.00909  1.93124e+00 | 63 -0.01395  1.99447e+00
 64 -0.02113  2.05301e+00 | 65 -0.01284  2.26942e+00 | 66 -0.00118 -3.13437e-01
 67 -0.00008 -5.93030e-02 | 68  0.00000  0.00000e+00 | 69 -0.66215  2.12022e+01
 70  0.42414  1.90184e+01 | 71  1.83317 -7.42365e-04 | 72  0.21040 -5.66189e+01
 73 -0.03579 -1.76795e-04 | 74  0.07022 -4.67039e-04 | 75  0.23668  6.94587e+01
 76 -1.86496 -1.63399e-01 | 77  0.16228  2.42915e+01 | 78 -0.03559  1.18944e-02
 79 -0.70742 -6.56503e-03 | 80  0.18770  1.25706e+00 | 81 -0.29989 -1.30977e-03
 82  0.12423 -7.03944e+00 | 83 -0.61248 -4.50715e-03 | 84  0.06717  1.28123e+00
 85 -0.02622 -5.30931e+00 | 86 -0.07058  3.75108e-02 | 87  0.11065  4.03264e+00
 88  0.55738  5.05283e-02 | 89 -0.09290 -2.33291e+00 | 90  0.14541  2.58223e-01
 91 -0.62442  9.22621e-02 |
91 variables; iteration 180; function evaluation 253; phase 4
Function value 2.5615711e+02; maximum gradient component mag -3.5499e+02
Var    Value     Gradient |Var    Value     Gradient |Var    Value     Gradient
  1  0.12737 -3.54986e+02 |  2 -0.00250 -2.93283e+01 |  3 -0.02957 -1.19692e+01
  4 -0.02367 -1.50271e+01 |  5 -0.01970 -1.81065e+01 |  6 -0.01604 -1.54843e+01
  7 -0.00901 -1.89711e+01 |  8 -0.00995 -2.99007e+01 |  9 -0.01221 -2.70810e+01
 10 -0.00851 -2.59231e+01 | 11 -0.00932 -2.54241e+01 | 12  0.00480 -1.28790e+01
 13 -0.00143 -2.01481e+00 | 14 -0.01506 -8.09319e-01 | 15 -0.01347 -7.37441e-01
 16 -0.00180 -9.73875e-01 | 17  0.01319 -8.95421e-01 | 18  0.01607 -1.12053e+00
 19  0.01542 -1.18527e+00 | 20 -0.00690 -7.85420e-01 | 21 -0.00889 -6.36409e-01
 22 -0.00753 -3.67406e-01 | 23 -0.02185 -1.04893e-01 | 24 -0.01623 -3.54466e-01
 25  0.02553 -2.02756e+00 | 26  0.03226 -8.53358e-01 | 27  0.02504  2.52188e-02
 28  0.02582  6.58247e-01 | 29  0.00791  6.79209e-01 | 30  0.01953  7.08719e-01
 31  0.07303  6.89611e-01 | 32  0.02785  5.26982e-01 | 33  0.01351  5.31520e-01
 34  0.02722  4.25513e-01 | 35  0.01843  5.00197e-01 | 36  0.05220  4.35746e-01
 37  0.02296  4.71757e-01 | 38 -0.00054  4.84325e-01 | 39 -0.00745  4.47068e-01
 40 -0.01116  2.62146e-01 | 41 -0.00431  2.25407e-01 | 42  0.00282  2.61163e-01
 43  0.00432  2.95298e-01 | 44  0.00321  2.89882e-01 | 45  0.00290  1.67806e-01
 46  0.00042  1.88304e-01 | 47  0.00797  1.28431e-01 | 48 -0.00524  1.75025e-01
 49 -0.03533  1.67390e-01 | 50 -0.03492  1.63058e-01 | 51 -0.02198  1.48480e-01
 52 -0.00803  1.43520e-01 | 53 -0.01628  1.57610e-01 | 54 -0.01693  1.55756e-01
 55 -0.03672  1.87076e-01 | 56 -0.02533  2.52323e-01 | 57 -0.01885  2.55946e-01
 58 -0.00376  2.57036e-01 | 59 -0.01434  2.90444e-01 | 60 -0.01534  2.72631e-01
 61 -0.01162  3.12687e-01 | 62 -0.00875  2.90683e-01 | 63 -0.01383  3.86248e-01
 64 -0.02084  3.48120e-01 | 65 -0.01268  3.91543e-01 | 66 -0.00078 -3.84957e-03
 67 -0.00001 -4.25212e-03 | 68  0.00000  0.00000e+00 | 69 -0.66586 -1.05202e+01
 70  0.42282  2.98423e+01 | 71  1.80386 -9.99128e-04 | 72  0.21011 -9.36756e+01
 73 -0.00229 -1.13043e-05 | 74  0.11029  2.21933e-04 | 75  0.23677 -1.61768e+01
 76 -1.78964  2.47161e-03 | 77  0.16245 -6.58242e+00 | 78 -0.09451 -4.69880e-04
 79 -0.72298 -6.95638e-03 | 80  0.18771 -1.51980e+00 | 81 -0.20102  4.67584e-03
 82  0.12424  1.50921e+00 | 83 -0.01829  1.25574e-02 | 84  0.06689 -3.70600e-01
 85 -0.01744  2.68447e+00 | 86 -0.13638  3.35587e-04 | 87  0.11468  2.98418e-01
 88  0.49954  1.03867e-01 | 89 -0.09330 -3.22289e-02 | 90  0.14548 -1.71175e-01
 91 -0.62455  1.27166e-01 |
91 variables; iteration 200; function evaluation 273; phase 4
Function value 2.5610691e+02; maximum gradient component mag 6.7314e+01
Var    Value     Gradient |Var    Value     Gradient |Var    Value     Gradient
  1  0.12739  6.73142e+01 |  2  0.00090 -1.01548e+01 |  3 -0.02834  2.67340e+00
  4 -0.02244  3.47324e+00 |  5 -0.01771  3.02703e+00 |  6 -0.01620  4.08447e+00
  7 -0.01066  3.43573e+00 |  8 -0.00572  2.69187e+00 |  9 -0.01295  6.01892e+00
 10 -0.01406  5.93102e+00 | 11 -0.00641  7.42656e+00 | 12  0.00335  3.28645e+00
 13 -0.00191  2.37446e+00 | 14 -0.01472  1.86338e+00 | 15 -0.01352  1.40679e+00
 16 -0.00130  1.81479e+00 | 17  0.01287  1.90184e+00 | 18  0.01623  2.67875e+00
 19  0.01555  3.35706e+00 | 20 -0.00721  2.37091e+00 | 21 -0.00890  2.11292e+00
 22 -0.00748  1.79206e+00 | 23 -0.02196  1.76024e+00 | 24 -0.01655  2.93410e+00
 25  0.02623  6.32987e+00 | 26  0.03158  4.68175e+00 | 27  0.02519  1.51172e+00
 28  0.02584 -5.60871e-01 | 29  0.00787 -1.02380e+00 | 30  0.01936 -1.11363e+00
 31  0.07308 -1.29185e+00 | 32  0.02781 -1.11400e+00 | 33  0.01358 -1.01136e+00
 34  0.02722 -1.22750e+00 | 35  0.01846 -1.04531e+00 | 36  0.05231 -1.26610e+00
 37  0.02305 -1.14803e+00 | 38 -0.00060 -1.20890e+00 | 39 -0.00756 -1.26927e+00
 40 -0.01099 -1.15184e+00 | 41 -0.00435 -1.38307e+00 | 42  0.00272 -1.45513e+00
 43  0.00448 -1.14973e+00 | 44  0.00311 -1.24637e+00 | 45  0.00300 -1.06517e+00
 46  0.00033 -1.09049e+00 | 47  0.00807 -1.01361e+00 | 48 -0.00535 -1.16216e+00
 49 -0.03527 -1.00122e+00 | 50 -0.03487 -9.98417e-01 | 51 -0.02212 -1.20116e+00
 52 -0.00803 -1.07835e+00 | 53 -0.01616 -9.50507e-01 | 54 -0.01694 -1.02920e+00
 55 -0.03672 -8.99325e-01 | 56 -0.02535 -8.14353e-01 | 57 -0.01889 -8.93849e-01
 58 -0.00377 -9.59352e-01 | 59 -0.01433 -8.56466e-01 | 60 -0.01537 -7.98651e-01
 61 -0.01164 -7.16965e-01 | 62 -0.00881 -7.62690e-01 | 63 -0.01382 -6.74171e-01
 64 -0.02078 -6.75840e-01 | 65 -0.01249 -5.33909e-01 | 66 -0.00087 -6.80860e-02
 67 -0.00001 -5.02594e-03 | 68  0.00000  0.00000e+00 | 69 -0.67061 -9.05433e+00
 70  0.42430 -9.09990e+00 | 71  1.81538 -9.71065e-04 | 72  0.21037  2.83009e+01
 73  0.00789  3.89552e-05 | 74 -0.06964 -1.68460e-04 | 75  0.23670 -4.57846e+00
 76 -1.73622  1.35423e-03 | 77  0.16251 -1.45820e+01 | 78 -0.08325 -4.13212e-04
 79 -0.74531 -7.56786e-03 | 80  0.18773  1.37732e+00 | 81 -0.23738  7.65634e-04
 82  0.12430 -1.22285e+00 | 83 -0.17144 -8.67122e-04 | 84  0.06663  5.95773e-02
 85 -0.01851  1.04659e+00 | 86 -0.13457 -1.09803e-03 | 87  0.11419  2.52667e-01
 88  0.50520 -2.69681e-02 | 89 -0.09320 -2.94163e-01 | 90  0.14537  6.98845e-02
 91 -0.62455  9.44634e-02 |
91 variables; iteration 220; function evaluation 296; phase 4
Function value 2.5609844e+02; maximum gradient component mag -4.2008e+00
Var    Value     Gradient |Var    Value     Gradient |Var    Value     Gradient
  1  0.12740 -4.20080e+00 |  2  0.00045 -3.43459e-01 |  3 -0.02874 -3.75902e-02
  4 -0.02300 -8.38149e-02 |  5 -0.01728 -5.23964e-02 |  6 -0.01701 -7.73933e-02
  7 -0.01049 -1.10484e-01 |  8 -0.00355 -1.32593e-01 |  9 -0.01365 -7.06916e-02
 10 -0.01371 -8.67933e-02 | 11 -0.00788 -8.81138e-02 | 12  0.00480 -9.71373e-02
 13 -0.00226 -3.66784e-02 | 14 -0.01503 -3.62843e-02 | 15 -0.01334 -4.06811e-02
 16 -0.00147 -2.58450e-02 | 17  0.01311 -8.38927e-02 | 18  0.01617 -8.16683e-02
 19  0.01531 -9.52973e-02 | 20 -0.00705 -7.80493e-02 | 21 -0.00896 -6.32116e-02
 22 -0.00753 -5.12849e-02 | 23 -0.02190 -6.27126e-02 | 24 -0.01647 -1.22982e-01
 25  0.02599 -2.09786e-01 | 26  0.03166 -2.25256e-01 | 27  0.02516 -5.26900e-02
 28  0.02585  2.31994e-02 | 29  0.00796  3.78140e-02 | 30  0.01952  4.31871e-02
 31  0.07305  3.20910e-02 | 32  0.02794  3.55065e-02 | 33  0.01351  3.26137e-02
 34  0.02735  3.18400e-02 | 35  0.01846  3.89968e-02 | 36  0.05233  4.37394e-02
 37  0.02303  3.88008e-02 | 38 -0.00052  3.86323e-02 | 39 -0.00750  3.07884e-02
 40 -0.01110  1.82599e-02 | 41 -0.00435  2.29237e-02 | 42  0.00285  2.52138e-02
 43  0.00440  3.27103e-02 | 44  0.00322  2.94034e-02 | 45  0.00296  2.89141e-02
 46  0.00040  2.60403e-02 | 47  0.00798  1.60077e-02 | 48 -0.00527  2.60596e-02
 49 -0.03526  3.43106e-02 | 50 -0.03490  2.54767e-02 | 51 -0.02204  3.96705e-02
 52 -0.00809  2.61590e-02 | 53 -0.01615  2.66038e-02 | 54 -0.01685  1.58115e-02
 55 -0.03670  3.22148e-02 | 56 -0.02546  2.42949e-02 | 57 -0.01890  3.17554e-02
 58 -0.00371  4.10499e-02 | 59 -0.01430  4.27746e-02 | 60 -0.01538  3.57917e-02
 61 -0.01172  3.43140e-02 | 62 -0.00879  4.39047e-02 | 63 -0.01379  4.49158e-02
 64 -0.02068  4.64134e-02 | 65 -0.01251  4.12590e-02 | 66 -0.00077  2.84022e-03
 67 -0.00000 -3.73746e-04 | 68  0.00000  0.00000e+00 | 69 -0.66991 -1.44892e-01
 70  0.42473  1.93012e-01 | 71  1.82549 -9.26353e-04 | 72  0.21046 -7.01575e-01
 73  0.00383  1.88808e-05 | 74 -0.06866 -1.18664e-04 | 75  0.23666 -4.56828e-01
 76 -1.73941  8.72983e-04 | 77  0.16253 -2.31969e-01 | 78 -0.06600 -3.26871e-04
 79 -0.74343 -7.50724e-03 | 80  0.18772 -9.15304e-01 | 81 -0.26895 -6.84678e-04
 82  0.12434  2.45689e-02 | 83 -0.17956 -9.10379e-04 | 84  0.06659 -1.04071e-02
 85 -0.02054 -5.13886e-02 | 86 -0.11706  3.67674e-05 | 87  0.11325  5.29357e-02
 88  0.51827 -2.35164e-03 | 89 -0.09271 -5.52266e-03 | 90  0.14526 -1.51566e-02
 91 -0.62464  2.91813e-03 |
91 variables; iteration 240; function evaluation 330; phase 4
Function value 2.5609805e+02; maximum gradient component mag -4.3015e+00
Var    Value     Gradient |Var    Value     Gradient |Var    Value     Gradient
  1  0.12740  1.60289e+00 |  2  0.00052 -1.90647e+00 |  3 -0.02875  3.30236e-01
  4 -0.02297  4.09004e-01 |  5 -0.01732  4.48278e-01 |  6 -0.01696  4.97466e-01
  7 -0.01040  6.02209e-01 |  8 -0.00357  7.04057e-01 |  9 -0.01370  8.29022e-01
 10 -0.01370  9.46352e-01 | 11 -0.00786  7.99767e-01 | 12  0.00480  3.25659e-01
 13 -0.00234 -2.29060e-02 | 14 -0.01503 -2.11622e-02 | 15 -0.01330  3.86323e-02
 16 -0.00154 -6.29674e-03 | 17  0.01321  8.42831e-02 | 18  0.01614 -6.23789e-03
 19  0.01530 -4.11162e-02 | 20 -0.00703 -2.03855e-02 | 21 -0.00897 -2.43226e-02
 22 -0.00754  8.68198e-03 | 23 -0.02188  3.05148e-02 | 24 -0.01643 -1.04111e-02
 25  0.02592 -1.29281e-01 | 26  0.03173 -7.56184e-02 | 27  0.02513 -3.98435e-02
 28  0.02585 -1.68181e-02 | 29  0.00797  5.89504e-03 | 30  0.01950 -7.13655e-03
 31  0.07306 -2.79724e-02 | 32  0.02791 -1.66678e-02 | 33  0.01353  9.91472e-03
 34  0.02734 -2.14383e-02 | 35  0.01847 -4.66474e-03 | 36  0.05233 -6.38606e-02
 37  0.02300 -7.61058e-02 | 38 -0.00051 -3.41996e-02 | 39 -0.00750 -3.39515e-02
 40 -0.01110 -4.08210e-02 | 41 -0.00434 -3.53989e-02 | 42  0.00285 -5.84305e-02
 43  0.00439 -4.98333e-02 | 44  0.00321 -3.03291e-02 | 45  0.00297  1.61279e-03
 46  0.00039  1.06649e-02 | 47  0.00798  1.61679e-02 | 48 -0.00526  3.13531e-02
 49 -0.03525  3.57144e-02 | 50 -0.03491  1.25042e-03 | 51 -0.02204  3.18606e-02
 52 -0.00811  5.16999e-03 | 53 -0.01614  4.13332e-02 | 54 -0.01684  4.65403e-02
 55 -0.03669  6.51488e-02 | 56 -0.02546  5.28399e-02 | 57 -0.01889  6.06607e-02
 58 -0.00372  2.94836e-02 | 59 -0.01431  3.46108e-02 | 60 -0.01538  4.33524e-02
 61 -0.01172  4.12785e-02 | 62 -0.00880  4.52881e-02 | 63 -0.01379  4.78125e-02
 64 -0.02068  6.21551e-02 | 65 -0.01249  6.15470e-02 | 66 -0.00078 -3.43458e-03
 67 -0.00000  1.54545e-03 | 68  0.00000  0.00000e+00 | 69 -0.67001 -1.55434e+00
 70  0.42482 -9.37109e-01 | 71  1.83120 -1.92637e-01 | 72  0.21048  3.33735e+00
 73 -0.01747 -8.62171e-05 | 74 -0.07056 -7.88716e-05 | 75  0.23666 -4.30152e+00
 76 -1.77048  4.15386e-04 | 77  0.16252 -2.40697e+00 | 78 -0.06371 -3.15481e-04
 79 -0.74341 -7.50734e-03 | 80  0.18772  3.41082e+00 | 81 -0.25331  3.07769e-05
 82  0.12434 -1.54358e-01 | 83 -0.03032  6.26492e-03 | 84  0.06658  3.36504e-02
 85 -0.02075 -3.80447e-01 | 86 -0.11558 -2.71418e-04 | 87  0.11315  9.75432e-02
 88  0.51935 -2.41992e-02 | 89 -0.09269 -1.07901e-01 | 90  0.14525 -1.28608e-02
 91 -0.62463  8.12387e-03 |
91 variables; iteration 260; function evaluation 362; phase 4
Function value 2.5609783e+02; maximum gradient component mag -9.0250e+01
Var    Value     Gradient |Var    Value     Gradient |Var    Value     Gradient
  1  0.12740 -9.02503e+01 |  2  0.00047 -2.47671e+00 |  3 -0.02875 -2.59272e+00
  4 -0.02296 -3.31318e+00 |  5 -0.01730 -3.76616e+00 |  6 -0.01700 -3.71800e+00
  7 -0.01047 -4.37675e+00 |  8 -0.00353 -5.77655e+00 |  9 -0.01366 -6.38110e+00
 10 -0.01372 -7.00011e+00 | 11 -0.00787 -6.25628e+00 | 12  0.00479 -3.72017e+00
 13 -0.00228 -1.00708e+00 | 14 -0.01503 -3.96807e-01 | 15 -0.01334 -3.14077e-01
 16 -0.00149 -3.32878e-01 | 17  0.01315 -4.83457e-01 | 18  0.01616 -7.01578e-01
 19  0.01531 -9.25560e-01 | 20 -0.00704 -7.31162e-01 | 21 -0.00896 -5.92939e-01
 22 -0.00754 -4.66816e-01 | 23 -0.02190 -4.85216e-01 | 24 -0.01645 -9.09472e-01
 25  0.02595 -2.10826e+00 | 26  0.03170 -1.70072e+00 | 27  0.02514 -5.18367e-01
 28  0.02585  1.78246e-01 | 29  0.00796  3.36136e-01 | 30  0.01952  3.32627e-01
 31  0.07305  2.74162e-01 | 32  0.02793  3.11846e-01 | 33  0.01351  3.18365e-01
 34  0.02735  3.14366e-01 | 35  0.01846  3.18161e-01 | 36  0.05232  2.64979e-01
 37  0.02303  2.75827e-01 | 38 -0.00052  2.83634e-01 | 39 -0.00750  2.70649e-01
 40 -0.01109  2.64416e-01 | 41 -0.00435  2.66740e-01 | 42  0.00285  2.82264e-01
 43  0.00439  2.97650e-01 | 44  0.00322  3.03120e-01 | 45  0.00296  2.94798e-01
 46  0.00040  2.92604e-01 | 47  0.00798  2.76527e-01 | 48 -0.00527  2.85882e-01
 49 -0.03526  3.02671e-01 | 50 -0.03489  2.98308e-01 | 51 -0.02205  2.87833e-01
 52 -0.00809  2.86597e-01 | 53 -0.01615  3.11674e-01 | 54 -0.01684  3.17137e-01
 55 -0.03670  3.26128e-01 | 56 -0.02546  3.19107e-01 | 57 -0.01890  3.23571e-01
 58 -0.00371  3.29734e-01 | 59 -0.01431  3.40689e-01 | 60 -0.01538  3.38223e-01
 61 -0.01172  3.39205e-01 | 62 -0.00879  3.54294e-01 | 63 -0.01379  3.76194e-01
 64 -0.02068  3.92403e-01 | 65 -0.01251  3.88418e-01 | 66 -0.00077  1.57209e-03
 67 -0.00000 -1.64507e-04 | 68  0.00000  0.00000e+00 | 69 -0.66995 -4.03824e-03
 70  0.42477  8.05406e+00 | 71  1.84462 -3.56909e-04 | 72  0.21047 -2.49049e+01
 73  0.05017  2.97105e-04 | 74 -0.07039 -3.21724e-04 | 75  0.23666 -4.70872e+00
 76 -1.77363  9.81542e-05 | 77  0.16253  1.94886e+00 | 78 -0.06755 -3.35378e-04
 79 -0.74266 -7.48214e-03 | 80  0.18772 -8.80933e-01 | 81 -0.24961  4.22231e-06
 82  0.12434  4.88701e-01 | 83 -0.06525 -3.31258e-04 | 84  0.06658 -1.06458e-01
 85 -0.02051 -5.27321e-02 | 86 -0.11731  3.20264e-05 | 87  0.11326  6.77300e-02
 88  0.51815 -2.00776e-03 | 89 -0.09272 -5.40392e-02 | 90  0.14525 -7.33185e-02
 91 -0.62464  3.36787e-02 |
91 variables; iteration 280; function evaluation 388; phase 4
Function value 2.5609766e+02; maximum gradient component mag 8.6792e-01
Var    Value     Gradient |Var    Value     Gradient |Var    Value     Gradient
  1  0.12740  8.67919e-01 |  2  0.00048 -3.76684e-02 |  3 -0.02874  1.45158e-02
  4 -0.02296  2.07226e-02 |  5 -0.01730  2.25600e-02 |  6 -0.01700  2.40691e-02
  7 -0.01046  3.11918e-02 |  8 -0.00352  3.37302e-02 |  9 -0.01366  5.04153e-02
 10 -0.01371  4.14807e-02 | 11 -0.00788  4.35682e-02 | 12  0.00479  3.26919e-02
 13 -0.00228  1.20293e-02 | 14 -0.01503  9.29746e-03 | 15 -0.01333  6.85645e-03
 16 -0.00149  6.77274e-03 | 17  0.01314  1.36115e-02 | 18  0.01616  1.73929e-02
 19  0.01530  2.35907e-02 | 20 -0.00704  1.88726e-02 | 21 -0.00896  1.53315e-02
 22 -0.00754  1.10096e-02 | 23 -0.02190  1.40933e-02 | 24 -0.01645  1.96113e-02
 25  0.02595  5.24580e-02 | 26  0.03170  4.34007e-02 | 27  0.02513  1.28614e-02
 28  0.02585 -2.03943e-03 | 29  0.00796 -6.62775e-03 | 30  0.01952 -6.74102e-03
 31  0.07305 -4.92838e-03 | 32  0.02793 -5.78432e-03 | 33  0.01351 -6.73485e-03
 34  0.02735 -6.69466e-03 | 35  0.01846 -7.64074e-03 | 36  0.05232 -6.61845e-03
 37  0.02303 -6.17716e-03 | 38 -0.00052 -6.68292e-03 | 39 -0.00750 -6.59743e-03
 40 -0.01109 -6.59029e-03 | 41 -0.00435 -6.66624e-03 | 42  0.00285 -6.21337e-03
 43  0.00439 -7.51151e-03 | 44  0.00322 -6.83571e-03 | 45  0.00296 -7.63902e-03
 46  0.00039 -7.16991e-03 | 47  0.00798 -7.06002e-03 | 48 -0.00527 -7.35361e-03
 49 -0.03526 -7.86827e-03 | 50 -0.03489 -6.96271e-03 | 51 -0.02205 -7.78271e-03
 52 -0.00809 -7.47611e-03 | 53 -0.01615 -8.30236e-03 | 54 -0.01685 -7.49974e-03
 55 -0.03670 -8.15311e-03 | 56 -0.02546 -7.72466e-03 | 57 -0.01890 -7.96021e-03
 58 -0.00371 -8.12980e-03 | 59 -0.01430 -8.38152e-03 | 60 -0.01538 -8.46370e-03
 61 -0.01172 -8.24471e-03 | 62 -0.00880 -8.97095e-03 | 63 -0.01379 -9.33914e-03
 64 -0.02069 -9.96105e-03 | 65 -0.01251 -9.34122e-03 | 66 -0.00078  4.89884e-05
 67 -0.00000 -6.74778e-05 | 68  0.00000  0.00000e+00 | 69 -0.66998  6.52906e-04
 70  0.42479 -5.88735e-02 | 71  1.84784  3.08393e-04 | 72  0.21047  1.85371e-01
 73  0.00456  2.24861e-05 | 74 -0.07274 -1.53024e-04 | 75  0.23666  8.86641e-02
 76 -1.77421 -2.84656e-04 | 77  0.16253 -4.35776e-02 | 78 -0.06757 -3.34686e-04
 79 -0.74257 -7.48136e-03 | 80  0.18772 -2.24234e-01 | 81 -0.25022 -4.59060e-06
 82  0.12434 -3.56919e-03 | 83 -0.05853 -2.80294e-04 | 84  0.06657  3.67769e-04
 85 -0.02052  6.28367e-03 | 86 -0.11736  6.86310e-05 | 87  0.11326 -2.11703e-03
 88  0.51820 -3.35936e-05 | 89 -0.09272  1.94638e-03 | 90  0.14525  1.59174e-03
 91 -0.62464 -4.73553e-04 |
91 variables; iteration 300; function evaluation 408; phase 4
Function value 2.5609765e+02; maximum gradient component mag -6.0585e-01
Var    Value     Gradient |Var    Value     Gradient |Var    Value     Gradient
  1  0.12740 -6.05851e-01 |  2  0.00049 -1.30864e-01 |  3 -0.02875 -1.53894e-02
  4 -0.02296 -1.88478e-02 |  5 -0.01730 -2.03010e-02 |  6 -0.01700 -1.81256e-02
  7 -0.01046 -1.94154e-02 |  8 -0.00352 -2.75507e-02 |  9 -0.01367 -2.69245e-02
 10 -0.01371 -2.86759e-02 | 11 -0.00788 -2.76782e-02 | 12  0.00479 -1.59747e-02
 13 -0.00228 -3.93020e-03 | 14 -0.01503 -1.30010e-03 | 15 -0.01333 -6.94859e-04
 16 -0.00149 -3.39018e-04 | 17  0.01314 -9.82167e-04 | 18  0.01616 -1.57926e-03
 19  0.01530 -2.11234e-03 | 20 -0.00704 -1.77166e-03 | 21 -0.00896 -1.62643e-03
 22 -0.00754 -1.18629e-03 | 23 -0.02190 -1.23205e-03 | 24 -0.01645 -1.22127e-03
 25  0.02595 -4.36454e-03 | 26  0.03170 -3.43812e-03 | 27  0.02514 -1.04349e-03
 28  0.02585  3.53424e-04 | 29  0.00796  7.42510e-04 | 30  0.01952  7.76351e-04
 31  0.07305  1.05766e-03 | 32  0.02793  8.59052e-04 | 33  0.01351  1.03887e-03
 34  0.02735  8.78788e-04 | 35  0.01846  8.33968e-04 | 36  0.05233  8.01887e-04
 37  0.02303  4.56393e-04 | 38 -0.00052  5.22525e-04 | 39 -0.00750  3.64926e-04
 40 -0.01109  6.04006e-04 | 41 -0.00435  9.93854e-04 | 42  0.00285  9.78950e-04
 43  0.00439  8.65870e-04 | 44  0.00322  8.51519e-04 | 45  0.00296  7.01085e-04
 46  0.00039  6.19935e-04 | 47  0.00798  4.88676e-04 | 48 -0.00527  5.59958e-04
 49 -0.03526  5.50371e-04 | 50 -0.03489  4.77045e-04 | 51 -0.02205  5.05722e-04
 52 -0.00809  4.59962e-04 | 53 -0.01615  6.43495e-04 | 54 -0.01685  7.90490e-04
 55 -0.03670  7.38852e-04 | 56 -0.02546  6.07623e-04 | 57 -0.01890  6.85305e-04
 58 -0.00371  6.61572e-04 | 59 -0.01430  6.19723e-04 | 60 -0.01538  6.40226e-04
 61 -0.01172  7.99891e-04 | 62 -0.00880  8.64095e-04 | 63 -0.01379  8.14313e-04
 64 -0.02068  9.64726e-04 | 65 -0.01251  9.53094e-04 | 66 -0.00078  1.52089e-05
 67 -0.00000 -2.77491e-05 | 68  0.00000  0.00000e+00 | 69 -0.66999 -5.41748e-02
 70  0.42478  3.11572e-02 | 71  1.84790  6.21865e-04 | 72  0.21047 -9.33098e-02
 73  0.00150  7.42675e-06 | 74 -0.07195 -1.45686e-04 | 75  0.23666 -2.80926e-01
 76 -1.75881  3.62847e-04 | 77  0.16253 -8.25617e-02 | 78 -0.06486 -3.21214e-04
 79 -0.74185 -7.45994e-03 | 80  0.18772  5.66741e-02 | 81 -0.25030  6.28400e-06
 82  0.12434  9.70885e-04 | 83 -0.04547  1.19125e-04 | 84  0.06657 -1.12466e-04
 85 -0.02053 -6.53598e-04 | 86 -0.11736  7.49310e-05 | 87  0.11326  3.29950e-04
 88  0.51825  8.88055e-05 | 89 -0.09272  1.81743e-04 | 90  0.14525 -2.15187e-04
 91 -0.62464 -1.06541e-04 |
91 variables; iteration 320; function evaluation 429; phase 4
Function value 2.5609753e+02; maximum gradient component mag -5.9406e-01
Var    Value     Gradient |Var    Value     Gradient |Var    Value     Gradient
  1  0.12740 -5.94063e-01 |  2  0.00049 -3.11432e-01 |  3 -0.02874 -3.42605e-03
  4 -0.02296 -3.57864e-03 |  5 -0.01729 -1.04478e-03 |  6 -0.01700 -3.22174e-03
  7 -0.01046 -4.18514e-03 |  8 -0.00352 -6.03991e-03 |  9 -0.01368 -8.52349e-03
 10 -0.01371 -1.17891e-02 | 11 -0.00788 -7.99892e-03 | 12  0.00479 -7.42624e-03
 13 -0.00228 -1.17918e-03 | 14 -0.01503  2.97072e-04 | 15 -0.01333 -1.35099e-03
 16 -0.00149 -5.75002e-04 | 17  0.01314 -2.93295e-03 | 18  0.01616 -3.57564e-03
 19  0.01530 -1.23083e-03 | 20 -0.00704 -1.25646e-03 | 21 -0.00896 -1.73303e-03
 22 -0.00754 -2.64574e-03 | 23 -0.02190  1.94152e-04 | 24 -0.01645  1.38591e-03
 25  0.02595  7.92489e-03 | 26  0.03171  6.87419e-03 | 27  0.02513 -3.63664e-03
 28  0.02585 -1.29581e-03 | 29  0.00796  4.38996e-04 | 30  0.01952  1.08752e-03
 31  0.07305  3.51184e-03 | 32  0.02793  2.29589e-03 | 33  0.01351  2.16455e-03
 34  0.02735  2.26193e-03 | 35  0.01846  2.00385e-03 | 36  0.05232  3.22511e-03
 37  0.02303  2.98680e-03 | 38 -0.00052  1.60133e-04 | 39 -0.00750  8.62065e-04
 40 -0.01109  3.16829e-03 | 41 -0.00435  1.57230e-03 | 42  0.00285  1.89821e-03
 43  0.00439  1.46053e-03 | 44  0.00322  2.03840e-03 | 45  0.00296  3.75479e-04
 46  0.00039  3.03260e-04 | 47  0.00798  2.58719e-03 | 48 -0.00527  3.75061e-04
 49 -0.03526 -7.62507e-04 | 50 -0.03489  2.00710e-03 | 51 -0.02205 -2.34748e-03
 52 -0.00809  4.95993e-04 | 53 -0.01615 -1.02819e-04 | 54 -0.01685 -1.02988e-03
 55 -0.03671 -3.18868e-03 | 56 -0.02546 -1.75619e-03 | 57 -0.01890 -1.03503e-03
 58 -0.00372 -3.07554e-03 | 59 -0.01431 -2.99256e-03 | 60 -0.01538 -2.14083e-03
 61 -0.01172 -9.14047e-04 | 62 -0.00880 -2.30596e-03 | 63 -0.01379 -2.12322e-03
 64 -0.02069 -2.48151e-03 | 65 -0.01251 -1.50545e-03 | 66 -0.00078  4.65922e-05
 67 -0.00000  1.34334e-05 | 68  0.00000  0.00000e+00 | 69 -0.66999 -1.90218e-01
 70  0.42478 -4.07079e-03 | 71  1.84780  2.06870e-04 | 72  0.21047  2.69393e-02
 73  0.00019  9.44739e-07 | 74 -0.05408  1.29549e-04 | 75  0.23666  3.74280e-01
 76 -1.76659  4.37840e-05 | 77  0.16253 -2.77442e-01 | 78 -0.00937  1.88288e-03
 79 -0.72438 -6.98110e-03 | 80  0.18772 -1.42808e-01 | 81 -0.25035 -6.23623e-06
 82  0.12434 -1.20932e-03 | 83 -0.06071 -2.95510e-04 | 84  0.06657 -2.46557e-03
 85 -0.02053  1.82673e-02 | 86 -0.11880  4.50699e-05 | 87  0.11326 -2.54249e-02
 88  0.51825  4.57355e-04 | 89 -0.09272  5.78497e-03 | 90  0.14525  1.73454e-03
 91 -0.62464 -5.21925e-04 |
91 variables; iteration 340; function evaluation 450; phase 4
Function value 2.5609728e+02; maximum gradient component mag -5.2949e+00
Var    Value     Gradient |Var    Value     Gradient |Var    Value     Gradient
  1  0.12740 -1.22099e+00 |  2  0.00046 -2.05757e+00 |  3 -0.02876  9.93628e-02
  4 -0.02295  1.64456e-01 |  5 -0.01723  2.41254e-01 |  6 -0.01698  1.90919e-01
  7 -0.01046  2.14608e-01 |  8 -0.00350  3.05525e-01 |  9 -0.01370  3.00005e-01
 10 -0.01371  3.34790e-01 | 11 -0.00790  2.51195e-01 | 12  0.00477  8.21300e-02
 13 -0.00224  3.69754e-02 | 14 -0.01502 -7.99792e-03 | 15 -0.01335 -4.57625e-02
 16 -0.00148 -5.01020e-02 | 17  0.01309 -1.09722e-01 | 18  0.01619 -5.81482e-02
 19  0.01528 -7.72210e-02 | 20 -0.00705 -4.09605e-02 | 21 -0.00895 -1.54830e-02
 22 -0.00756 -3.35735e-02 | 23 -0.02184  4.58483e-02 | 24 -0.01651 -6.14507e-02
 25  0.02595  2.56797e-02 | 26  0.03177  5.36577e-02 | 27  0.02505 -8.82043e-02
 28  0.02589  3.54588e-03 | 29  0.00796  2.40809e-02 | 30  0.01952  3.76597e-02
 31  0.07303  6.18017e-02 | 32  0.02796  7.50592e-02 | 33  0.01352  6.86146e-02
 34  0.02734  5.01766e-02 | 35  0.01848  5.99335e-02 | 36  0.05231  7.95827e-02
 37  0.02307  9.92501e-02 | 38 -0.00054  3.86842e-02 | 39 -0.00751  2.90916e-02
 40 -0.01105  5.00185e-02 | 41 -0.00439 -4.00220e-02 | 42  0.00286 -1.05596e-02
 43  0.00440  4.76833e-03 | 44  0.00321 -4.06857e-03 | 45  0.00295 -7.26753e-03
 46  0.00038  6.06270e-03 | 47  0.00803  6.93092e-02 | 48 -0.00529 -5.02238e-04
 49 -0.03527 -1.96928e-03 | 50 -0.03484  6.40297e-02 | 51 -0.02210 -5.53765e-02
 52 -0.00807 -8.34256e-03 | 53 -0.01616 -3.29960e-02 | 54 -0.01686 -5.48271e-02
 55 -0.03674 -6.11785e-02 | 56 -0.02544  3.36213e-03 | 57 -0.01887  2.57113e-02
 58 -0.00373 -1.75875e-02 | 59 -0.01431 -1.22120e-02 | 60 -0.01538 -3.56085e-03
 61 -0.01170  1.01137e-02 | 62 -0.00882 -3.96950e-02 | 63 -0.01379 -1.19573e-02
 64 -0.02071 -1.95798e-02 | 65 -0.01248  2.72672e-02 | 66 -0.00079 -7.33270e-03
 67 -0.00000  2.66242e-03 | 68  0.00000  0.00000e+00 | 69 -0.66993 -1.47372e+00
 70  0.42481 -4.87375e-01 | 71  1.84839  2.44020e-03 | 72  0.21048  1.99653e+00
 73 -0.00489 -2.41561e-05 | 74  0.00154  2.78258e-03 | 75  0.23666 -5.29488e+00
 76 -1.68028  1.67588e-03 | 77  0.16252 -2.17465e+00 | 78 -0.02346 -7.65309e-05
 79 -0.65278 -5.75420e-03 | 80  0.18772  1.62008e+00 | 81 -0.24984  1.03277e-04
 82  0.12434 -2.69563e-01 | 83 -0.03291  3.44139e-03 | 84  0.06656 -1.55044e-02
 85 -0.02052  2.43554e-01 | 86 -0.12532 -6.64899e-05 | 87  0.11325 -4.29565e-01
 88  0.51830  3.25507e-03 | 89 -0.09271  5.55489e-02 | 90  0.14527  1.76775e-02
 91 -0.62461  3.10843e-02 |
91 variables; iteration 360; function evaluation 472; phase 4
Function value 2.5609699e+02; maximum gradient component mag 5.9218e-01
Var    Value     Gradient |Var    Value     Gradient |Var    Value     Gradient
  1  0.12740  4.25692e-01 |  2  0.00056  5.92183e-01 |  3 -0.02870  3.11716e-02
  4 -0.02293  1.64025e-02 |  5 -0.01728  3.47807e-03 |  6 -0.01697  2.60683e-02
  7 -0.01050 -3.12985e-02 |  8 -0.00348  2.80527e-02 |  9 -0.01368 -2.90357e-02
 10 -0.01380 -1.10928e-01 | 11 -0.00785  1.41241e-03 | 12  0.00478 -1.19380e-02
 13 -0.00229 -3.99994e-03 | 14 -0.01503  3.67413e-03 | 15 -0.01333  7.32596e-03
 16 -0.00149 -4.80080e-04 | 17  0.01315  7.60628e-03 | 18  0.01616 -2.61054e-03
 19  0.01530 -6.92968e-03 | 20 -0.00704 -4.83349e-03 | 21 -0.00896 -3.52797e-03
 22 -0.00753 -1.16159e-04 | 23 -0.02190 -1.24541e-02 | 24 -0.01645 -2.73950e-02
 25  0.02595 -5.52914e-02 | 26  0.03169 -4.99855e-02 | 27  0.02515  1.16644e-03
 28  0.02585  3.81352e-03 | 29  0.00796 -1.60501e-03 | 30  0.01951 -4.92442e-03
 31  0.07305 -1.20763e-02 | 32  0.02793 -8.13428e-03 | 33  0.01351 -4.99492e-03
 34  0.02735 -1.03640e-02 | 35  0.01846 -4.44887e-03 | 36  0.05233 -2.93809e-03
 37  0.02303 -3.41549e-03 | 38 -0.00052  2.25163e-03 | 39 -0.00750 -1.62364e-03
 40 -0.01110 -7.88954e-03 | 41 -0.00435 -3.10743e-03 | 42  0.00285 -5.58965e-03
 43  0.00440  2.05855e-03 | 44  0.00322 -2.05388e-03 | 45  0.00296  4.54794e-03
 46  0.00039  3.44567e-03 | 47  0.00798 -1.30980e-03 | 48 -0.00527  6.14129e-03
 49 -0.03526  1.08370e-02 | 50 -0.03490 -2.79410e-04 | 51 -0.02205  1.49093e-02
 52 -0.00809  7.32847e-03 | 53 -0.01615  8.50521e-03 | 54 -0.01685  6.72726e-03
 55 -0.03670  1.62755e-02 | 56 -0.02546  1.14561e-02 | 57 -0.01890  9.69214e-03
 58 -0.00371  1.32672e-02 | 59 -0.01430  1.40341e-02 | 60 -0.01538  1.25043e-02
 61 -0.01172  8.57098e-03 | 62 -0.00879  1.41303e-02 | 63 -0.01379  1.30955e-02
 64 -0.02068  1.25524e-02 | 65 -0.01251  9.71038e-03 | 66 -0.00078 -3.21378e-04
 67 -0.00000 -9.46120e-05 | 68  0.00000  0.00000e+00 | 69 -0.67008  3.92774e-01
 70  0.42481  1.09152e-01 | 71  1.84870  5.97010e-03 | 72  0.21047 -4.00616e-01
 73  0.00322  1.59029e-05 | 74  0.03396  7.31635e-03 | 75  0.23666  5.24937e-01
 76 -1.77229 -2.67269e-04 | 77  0.16253  4.47124e-01 | 78 -0.21192 -1.08625e-03
 79 -0.58019 -6.14477e-03 | 80  0.18772  1.12663e-01 | 81 -0.25002  2.02585e-05
 82  0.12435 -3.93679e-02 | 83 -0.05040 -1.38311e-04 | 84  0.06657  1.11354e-02
 85 -0.02054 -7.44303e-02 | 86 -0.13242 -2.61915e-04 | 87  0.11326  1.13438e-01
 88  0.51856 -2.22375e-03 | 89 -0.09273 -2.72339e-02 | 90  0.14525 -7.16916e-03
 91 -0.62464  7.93356e-04 |
91 variables; iteration 380; function evaluation 525; phase 4
Function value 2.5563743e+02; maximum gradient component mag 1.2049e+03
Var    Value     Gradient |Var    Value     Gradient |Var    Value     Gradient
  1  0.12744  1.20491e+03 |  2 -0.00377  7.96976e+01 |  3 -0.02940  2.49196e+01
  4 -0.02320  3.24482e+01 |  5 -0.01749  3.69786e+01 |  6 -0.01751  3.63717e+01
  7 -0.00998  4.42155e+01 |  8 -0.00391  5.59241e+01 |  9 -0.01313  6.23090e+01
 10 -0.01359  6.70484e+01 | 11 -0.00815  6.05939e+01 | 12  0.00426  3.90875e+01
 13 -0.00164  1.28968e+01 | 14 -0.01503  6.51415e+00 | 15 -0.01373  5.10955e+00
 16 -0.00065  6.46476e+00 | 17  0.01325  8.49751e+00 | 18  0.01617  1.24193e+01
 19  0.01545  1.71728e+01 | 20 -0.00704  1.33295e+01 | 21 -0.00901  1.01903e+01
 22 -0.00752  7.88543e+00 | 23 -0.02256  8.49453e+00 | 24 -0.01572  1.92330e+01
 25  0.02574  4.17856e+01 | 26  0.03181  3.33193e+01 | 27  0.02481  9.53064e+00
 28  0.02573 -3.16190e+00 | 29  0.00836 -5.05873e+00 | 30  0.01993 -4.62817e+00
 31  0.07307 -2.95208e+00 | 32  0.02817 -4.42333e+00 | 33  0.01304 -5.02645e+00
 34  0.02801 -3.91204e+00 | 35  0.01849 -5.03630e+00 | 36  0.05211 -4.48465e+00
 37  0.02301 -5.01779e+00 | 38 -0.00098 -5.42829e+00 | 39 -0.00763 -4.61156e+00
 40 -0.01098 -3.81353e+00 | 41 -0.00417 -3.16888e+00 | 42  0.00323 -3.30162e+00
 43  0.00392 -4.79932e+00 | 44  0.00408 -4.14394e+00 | 45  0.00261 -5.43091e+00
 46  0.00034 -5.41175e+00 | 47  0.00784 -5.33895e+00 | 48 -0.00521 -5.49017e+00
 49 -0.03573 -6.51583e+00 | 50 -0.03451 -5.70704e+00 | 51 -0.02243 -6.38894e+00
 52 -0.00789 -5.50768e+00 | 53 -0.01635 -5.84960e+00 | 54 -0.01639 -5.43295e+00
 55 -0.03708 -7.02459e+00 | 56 -0.02556 -7.03117e+00 | 57 -0.01901 -7.24078e+00
 58 -0.00372 -7.27729e+00 | 59 -0.01452 -7.51931e+00 | 60 -0.01554 -7.37351e+00
 61 -0.01166 -7.06953e+00 | 62 -0.00877 -7.23759e+00 | 63 -0.01401 -7.66214e+00
 64 -0.02084 -7.68611e+00 | 65 -0.01302 -7.94635e+00 | 66 -0.00061  1.27775e-01
 67 -0.00006 -4.03430e-02 | 68  0.00000  0.00000e+00 | 69 -0.66825  4.19653e+01
 70  0.42346 -9.04049e+01 | 71  1.80454 -9.96078e-04 | 72  0.21034  2.78806e+02
 73  0.12547  6.27302e-04 | 74 -2.46809 -2.84157e-03 | 75  0.23626  1.00872e+02
 76 -1.65973  1.33470e-03 | 77  0.16244  3.87760e+01 | 78 -0.23516 -1.21631e-03
 79 -0.16568  2.69326e+00 | 80  0.18768 -8.78507e+00 | 81 -0.68046 -5.72426e-03
 82  0.12445  4.51969e+00 | 83 -0.93544 -3.08334e-02 | 84  0.06635 -1.07744e-02
 85 -0.02068  1.02903e+01 | 86 -0.14549  3.04364e-03 | 87  0.11294 -1.32343e+01
 88  0.52096  4.57995e-01 | 89 -0.09192  4.54046e+00 | 90  0.14524  2.22571e+00
 91 -0.62481 -1.41156e+00 |
91 variables; iteration 400; function evaluation 551; phase 4
Function value 2.5552320e+02; maximum gradient component mag -8.9705e+00
Var    Value     Gradient |Var    Value     Gradient |Var    Value     Gradient
  1  0.12738 -8.97055e+00 |  2 -0.00143  1.96348e+00 |  3 -0.02887 -3.22369e-01
  4 -0.02302 -4.35553e-01 |  5 -0.01733 -4.91959e-01 |  6 -0.01702 -4.91852e-01
  7 -0.01047 -5.84237e-01 |  8 -0.00352 -7.40939e-01 |  9 -0.01370 -8.30583e-01
 10 -0.01374 -9.14700e-01 | 11 -0.00786 -8.02852e-01 | 12  0.00486 -5.30370e-01
 13 -0.00232 -1.72058e-01 | 14 -0.01510 -6.29308e-02 | 15 -0.01341 -3.94075e-02
 16 -0.00152 -6.09227e-02 | 17  0.01332 -7.82883e-02 | 18  0.01632 -1.27431e-01
 19  0.01513 -1.75127e-01 | 20 -0.00720 -1.34606e-01 | 21 -0.00888 -1.01717e-01
 22 -0.00742 -8.28877e-02 | 23 -0.02191 -9.67042e-02 | 24 -0.01651 -2.03086e-01
 25  0.02608 -4.54265e-01 | 26  0.03185 -3.56756e-01 | 27  0.02515 -1.03319e-01
 28  0.02587  2.31186e-02 | 29  0.00797  4.23260e-02 | 30  0.01953  3.82427e-02
 31  0.07323  1.34292e-02 | 32  0.02777  3.45848e-02 | 33  0.01341  4.17004e-02
 34  0.02739  3.28912e-02 | 35  0.01855  4.74012e-02 | 36  0.05248  4.56569e-02
 37  0.02286  4.96679e-02 | 38 -0.00072  5.62930e-02 | 39 -0.00758  4.63831e-02
 40 -0.01102  3.85627e-02 | 41 -0.00420  3.21199e-02 | 42  0.00296  3.52000e-02
 43  0.00455  5.73819e-02 | 44  0.00337  4.54652e-02 | 45  0.00305  6.30806e-02
 46  0.00027  6.05779e-02 | 47  0.00785  5.81262e-02 | 48 -0.00529  6.44392e-02
 49 -0.03529  7.75650e-02 | 50 -0.03496  6.17253e-02 | 51 -0.02210  7.98733e-02
 52 -0.00812  6.87946e-02 | 53 -0.01615  6.91951e-02 | 54 -0.01684  6.17697e-02
 55 -0.03672  7.94187e-02 | 56 -0.02549  7.64219e-02 | 57 -0.01891  7.91746e-02
 58 -0.00369  8.32199e-02 | 59 -0.01429  8.31484e-02 | 60 -0.01540  7.89426e-02
 61 -0.01175  7.32131e-02 | 62 -0.00881  7.86094e-02 | 63 -0.01382  7.93398e-02
 64 -0.02075  8.17252e-02 | 65 -0.01262  8.13589e-02 | 66 -0.00078 -6.74874e-04
 67 -0.00000 -3.89026e-05 | 68  0.00000  0.00000e+00 | 69 -0.67401  1.63702e+00
 70  0.42564  1.14250e+00 | 71  1.81364 -1.16675e-03 | 72  0.21061 -3.62725e+00
 73 -0.00030 -1.48390e-06 | 74 -4.12775 -6.23148e-04 | 75  0.23564  1.41059e-01
 76 -1.83495 -9.73987e-03 | 77  0.16224  2.21364e+00 | 78 -0.32991 -1.79137e-03
 79 -0.14500  2.63048e-01 | 80  0.18772 -3.27091e-01 | 81 -0.26867 -6.62871e-04
 82  0.12437 -1.47783e-02 | 83 -0.58013 -4.05185e-03 | 84  0.06655 -3.11210e-03
 85 -0.02065 -1.02775e-01 | 86 -0.14254 -4.03120e-04 | 87  0.11323  1.45763e-01
 88  0.51929 -2.96882e-03 | 89 -0.09279 -4.55271e-02 | 90  0.14520 -2.66623e-02
 91 -0.62465  1.64089e-02 |
91 variables; iteration 420; function evaluation 584; phase 4
Function value 2.5552147e+02; maximum gradient component mag -8.6507e+01
Var    Value     Gradient |Var    Value     Gradient |Var    Value     Gradient
  1  0.12739 -8.65074e+01 |  2 -0.00138 -1.09444e+01 |  3 -0.02889 -1.95075e+00
  4 -0.02298 -2.44550e+00 |  5 -0.01733 -2.83254e+00 |  6 -0.01704 -2.84622e+00
  7 -0.01043 -3.29701e+00 |  8 -0.00362 -4.37350e+00 |  9 -0.01367 -4.69107e+00
 10 -0.01369 -5.13890e+00 | 11 -0.00792 -4.79608e+00 | 12  0.00482 -3.08132e+00
 13 -0.00225 -9.39015e-01 | 14 -0.01511 -4.67583e-01 | 15 -0.01344 -3.95608e-01
 16 -0.00148 -3.66302e-01 | 17  0.01334 -5.28203e-01 | 18  0.01627 -7.76068e-01
 19  0.01515 -9.49016e-01 | 20 -0.00718 -7.63404e-01 | 21 -0.00891 -6.91956e-01
 22 -0.00741 -5.38650e-01 | 23 -0.02199 -5.81187e-01 | 24 -0.01643 -7.94571e-01
 25  0.02608 -1.94208e+00 | 26  0.03180 -1.61006e+00 | 27  0.02516 -4.89331e-01
 28  0.02586  1.83304e-01 | 29  0.00800  3.77433e-01 | 30  0.01955  3.90623e-01
 31  0.07323  4.16711e-01 | 32  0.02779  3.78841e-01 | 33  0.01339  3.61881e-01
 34  0.02744  4.15576e-01 | 35  0.01856  3.50264e-01 | 36  0.05244  2.90683e-01
 37  0.02288  2.87739e-01 | 38 -0.00073  2.88734e-01 | 39 -0.00758  3.22971e-01
 40 -0.01102  3.60390e-01 | 41 -0.00419  4.23958e-01 | 42  0.00298  4.25332e-01
 43  0.00450  3.49229e-01 | 44  0.00344  3.98182e-01 | 45  0.00301  3.09858e-01
 46  0.00028  3.08633e-01 | 47  0.00784  2.84345e-01 | 48 -0.00528  2.91072e-01
 49 -0.03533  2.42740e-01 | 50 -0.03494  2.83277e-01 | 51 -0.02212  2.42920e-01
 52 -0.00811  2.86877e-01 | 53 -0.01616  3.07178e-01 | 54 -0.01679  3.56962e-01
 55 -0.03674  2.73912e-01 | 56 -0.02550  2.58908e-01 | 57 -0.01892  2.41561e-01
 58 -0.00369  2.42271e-01 | 59 -0.01431  2.46492e-01 | 60 -0.01541  2.62542e-01
 61 -0.01174  2.82807e-01 | 62 -0.00881  3.00628e-01 | 63 -0.01382  2.99843e-01
 64 -0.02075  3.14008e-01 | 65 -0.01265  2.87226e-01 | 66 -0.00077  7.43633e-03
 67 -0.00001 -2.42101e-03 | 68  0.00000  0.00000e+00 | 69 -0.67411 -6.53808e+00
 70  0.42563  6.07387e+00 | 71  1.84018 -2.99514e-03 | 72  0.21061 -1.88200e+01
 73 -0.00325 -3.23748e-06 | 74 -4.04865  5.66279e-05 | 75  0.23561 -5.07605e+00
 76 -1.56628  2.54571e-03 | 77  0.16224 -6.23130e+00 | 78 -0.02843 -1.40368e-04
 79 -0.14495 -1.43071e+00 | 80  0.18772  5.12089e-02 | 81 -0.22011  2.12843e-03
 82  0.12438  8.25017e-01 | 83 -0.15413 -7.75844e-04 | 84  0.06652 -1.17387e-01
 85 -0.02063  2.80362e-01 | 86 -0.14180 -3.08504e-04 | 87  0.11322 -4.33242e-01
 88  0.51914  7.70086e-03 | 89 -0.09276  8.22394e-02 | 90  0.14520  1.91244e-02
 91 -0.62467 -4.93770e-02 |
91 variables; iteration 440; function evaluation 606; phase 4
Function value 2.5552068e+02; maximum gradient component mag -9.0842e-02
Var    Value     Gradient |Var    Value     Gradient |Var    Value     Gradient
  1  0.12739 -9.08425e-02 |  2 -0.00142  1.54729e-02 |  3 -0.02888 -5.66384e-03
  4 -0.02301 -7.39142e-03 |  5 -0.01732 -7.60578e-03 |  6 -0.01701 -6.54998e-03
  7 -0.01045 -8.71629e-03 |  8 -0.00352 -1.13657e-02 |  9 -0.01369 -1.48531e-02
 10 -0.01373 -1.66942e-02 | 11 -0.00789 -1.23609e-02 | 12  0.00485 -3.33586e-03
 13 -0.00231  1.29108e-03 | 14 -0.01510  1.65881e-03 | 15 -0.01342  1.26287e-03
 16 -0.00151  1.12812e-03 | 17  0.01331  9.02117e-04 | 18  0.01632  2.41711e-03
 19  0.01513  2.71632e-03 | 20 -0.00720  2.53045e-03 | 21 -0.00888  2.68377e-03
 22 -0.00742  2.04708e-03 | 23 -0.02192  2.66398e-03 | 24 -0.01650  1.93747e-03
 25  0.02608  5.06555e-03 | 26  0.03185  4.73718e-03 | 27  0.02514  1.60221e-03
 28  0.02587  3.82246e-05 | 29  0.00797 -5.22853e-04 | 30  0.01953 -4.76017e-04
 31  0.07323 -9.69228e-04 | 32  0.02778 -6.85859e-04 | 33  0.01341 -6.34218e-04
 34  0.02740 -1.15294e-03 | 35  0.01856 -6.27750e-04 | 36  0.05247 -4.49846e-04
 37  0.02287 -5.28315e-04 | 38 -0.00072 -5.84375e-04 | 39 -0.00758 -1.09652e-03
 40 -0.01101 -1.75022e-03 | 41 -0.00420 -2.24700e-03 | 42  0.00296 -2.12026e-03
 43  0.00454 -1.63265e-03 | 44  0.00339 -1.78378e-03 | 45  0.00304 -1.40040e-03
 46  0.00027 -1.28196e-03 | 47  0.00785 -1.33642e-03 | 48 -0.00529 -1.31931e-03
 49 -0.03530 -7.86851e-04 | 50 -0.03495 -1.04855e-03 | 51 -0.02210 -1.03941e-03
 52 -0.00812 -1.53741e-03 | 53 -0.01615 -1.44968e-03 | 54 -0.01683 -1.79564e-03
 55 -0.03673 -9.05072e-04 | 56 -0.02549 -7.64987e-04 | 57 -0.01891 -4.02890e-04
 58 -0.00369 -4.01294e-04 | 59 -0.01430 -2.93089e-04 | 60 -0.01540 -5.43321e-04
 61 -0.01175 -6.62921e-04 | 62 -0.00882 -7.20224e-04 | 63 -0.01382 -3.31121e-04
 64 -0.02075 -2.30824e-04 | 65 -0.01262  2.82411e-05 | 66 -0.00078 -3.19158e-05
 67 -0.00000  1.44680e-05 | 68  0.00000  0.00000e+00 | 69 -0.67404  1.52393e-02
 70  0.42565  1.47529e-02 | 71  1.84445 -7.89141e-04 | 72  0.21062 -4.49405e-02
 73  0.00029  1.45254e-06 | 74 -4.06010  2.07982e-06 | 75  0.23566 -3.15327e-02
 76 -1.76720 -1.49180e-05 | 77  0.16225  1.79737e-02 | 78  0.03928  1.94101e-04
 79 -0.14500  8.88814e-03 | 80  0.18772  5.60673e-03 | 81 -0.25065 -1.61420e-05
 82  0.12437 -3.23327e-03 | 83 -0.04802 -1.07693e-04 | 84  0.06653  1.32672e-05
 85 -0.02065 -4.03247e-03 | 86 -0.14103 -3.56877e-04 | 87  0.11322  2.30796e-03
 88  0.51926 -7.17386e-05 | 89 -0.09279 -3.93762e-04 | 90  0.14520 -7.20508e-04
 91 -0.62465  6.97122e-04 |
91 variables; iteration 460; function evaluation 631; phase 4
Function value 2.5552067e+02; maximum gradient component mag -2.2763e+00
Var    Value     Gradient |Var    Value     Gradient |Var    Value     Gradient
  1  0.12739 -2.27633e+00 |  2 -0.00141 -2.62135e-01 |  3 -0.02888 -4.00280e-02
  4 -0.02302 -5.30441e-02 |  5 -0.01732 -5.78023e-02 |  6 -0.01701 -6.01508e-02
  7 -0.01045 -6.36132e-02 |  8 -0.00352 -8.67278e-02 |  9 -0.01369 -9.52805e-02
 10 -0.01372 -9.56074e-02 | 11 -0.00789 -9.66494e-02 | 12  0.00486 -6.50208e-02
 13 -0.00231 -2.35045e-02 | 14 -0.01510 -8.34553e-03 | 15 -0.01342 -5.71457e-03
 16 -0.00151 -7.01299e-03 | 17  0.01331 -1.18701e-02 | 18  0.01632 -1.41231e-02
 19  0.01513 -2.40010e-02 | 20 -0.00720 -1.86849e-02 | 21 -0.00888 -1.08707e-02
 22 -0.00742 -8.88909e-03 | 23 -0.02191 -6.55414e-03 | 24 -0.01651 -2.89877e-02
 25  0.02608 -6.52576e-02 | 26  0.03185 -4.77325e-02 | 27  0.02514 -1.70703e-02
 28  0.02587  4.41408e-03 | 29  0.00797  7.84509e-03 | 30  0.01953  7.26924e-03
 31  0.07323  1.83634e-03 | 32  0.02778  7.00215e-03 | 33  0.01341  8.16672e-03
 34  0.02739  5.00066e-03 | 35  0.01856  8.09110e-03 | 36  0.05247  5.82741e-03
 37  0.02287  5.81291e-03 | 38 -0.00072  6.66639e-03 | 39 -0.00758  4.59110e-03
 40 -0.01101  3.36602e-03 | 41 -0.00420 -1.23472e-03 | 42  0.00296 -5.17088e-05
 43  0.00455  4.00381e-03 | 44  0.00338  1.43032e-03 | 45  0.00304  5.61522e-03
 46  0.00027  6.28985e-03 | 47  0.00785  7.56911e-03 | 48 -0.00529  6.77622e-03
 49 -0.03530  1.06030e-02 | 50 -0.03495  8.53117e-03 | 51 -0.02210  7.90835e-03
 52 -0.00812  6.40401e-03 | 53 -0.01615  8.04778e-03 | 54 -0.01683  6.50416e-03
 55 -0.03673  1.12241e-02 | 56 -0.02549  1.20652e-02 | 57 -0.01891  1.31312e-02
 58 -0.00369  1.26873e-02 | 59 -0.01430  1.36295e-02 | 60 -0.01540  1.23683e-02
 61 -0.01175  1.13345e-02 | 62 -0.00882  1.07347e-02 | 63 -0.01382  1.28631e-02
 64 -0.02075  1.41055e-02 | 65 -0.01262  1.56142e-02 | 66 -0.00078 -4.78787e-04
 67 -0.00000  2.14403e-04 | 68  0.00000  0.00000e+00 | 69 -0.67404 -1.59470e-01
 70  0.42565  1.34244e-01 | 71  1.84746 -4.44662e-04 | 72  0.21062 -4.04682e-01
 73 -0.00082 -4.06265e-06 | 74 -4.05666  5.21772e-05 | 75  0.23566 -1.69394e-02
 76 -1.76641  2.74458e-05 | 77  0.16225 -1.74563e-01 | 78 -0.00081 -3.98886e-06
 79 -0.14505 -3.95165e-02 | 80  0.18772 -4.79711e-02 | 81 -0.24734  1.33205e-04
 82  0.12437 -2.10108e-02 | 83 -0.04543  3.51182e-06 | 84  0.06654  4.26236e-04
 85 -0.02065 -1.22931e-02 | 86 -0.14059 -3.52001e-04 | 87  0.11322  8.76276e-03
 88  0.51927 -3.72313e-04 | 89 -0.09279 -5.97085e-03 | 90  0.14520 -4.77202e-03
 91 -0.62465  5.28239e-03 |
91 variables; iteration 480; function evaluation 652; phase 4
Function value 2.5552067e+02; maximum gradient component mag -3.3826e-01
Var    Value     Gradient |Var    Value     Gradient |Var    Value     Gradient
  1  0.12739 -3.38259e-01 |  2 -0.00141  5.84586e-03 |  3 -0.02888 -1.26509e-02
  4 -0.02301 -1.51149e-02 |  5 -0.01732 -1.85401e-02 |  6 -0.01701 -1.77753e-02
  7 -0.01045 -2.07863e-02 |  8 -0.00352 -2.74780e-02 |  9 -0.01369 -2.88110e-02
 10 -0.01373 -3.38489e-02 | 11 -0.00789 -3.03029e-02 | 12  0.00485 -1.91435e-02
 13 -0.00231 -4.81843e-03 | 14 -0.01510 -3.28145e-03 | 15 -0.01342 -2.84132e-03
 16 -0.00151 -2.06532e-03 | 17  0.01332 -2.64680e-03 | 18  0.01632 -4.55359e-03
 19  0.01513 -5.31013e-03 | 20 -0.00720 -4.69202e-03 | 21 -0.00888 -5.41425e-03
 22 -0.00742 -4.16856e-03 | 23 -0.02192 -4.96025e-03 | 24 -0.01650 -3.67947e-03
 25  0.02609 -8.94921e-03 | 26  0.03185 -9.39938e-03 | 27  0.02514 -2.82922e-03
 28  0.02587  6.37335e-04 | 29  0.00797  2.10202e-03 | 30  0.01953  2.14181e-03
 31  0.07323  3.13524e-03 | 32  0.02778  2.12625e-03 | 33  0.01341  1.75835e-03
 34  0.02740  3.00311e-03 | 35  0.01856  1.63649e-03 | 36  0.05247  9.44798e-04
 37  0.02287  1.18772e-03 | 38 -0.00072  1.31864e-03 | 39 -0.00758  2.22309e-03
 40 -0.01101  3.12864e-03 | 41 -0.00420  4.67641e-03 | 42  0.00296  4.42673e-03
 43  0.00454  3.02484e-03 | 44  0.00339  3.87852e-03 | 45  0.00304  2.54714e-03
 46  0.00027  2.29035e-03 | 47  0.00785  1.86270e-03 | 48 -0.00529  1.92658e-03
 49 -0.03530  8.01093e-04 | 50 -0.03495  1.79895e-03 | 51 -0.02210  1.48669e-03
 52 -0.00812  2.38829e-03 | 53 -0.01615  2.42268e-03 | 54 -0.01683  3.27490e-03
 55 -0.03673  1.41454e-03 | 56 -0.02549  1.04276e-03 | 57 -0.01891  3.28768e-04
 58 -0.00369  3.24686e-04 | 59 -0.01430  2.78781e-04 | 60 -0.01540  9.80460e-04
 61 -0.01175  1.47709e-03 | 62 -0.00882  1.65263e-03 | 63 -0.01382  9.89201e-04
 64 -0.02075  8.57806e-04 | 65 -0.01262  3.48171e-04 | 66 -0.00078  6.91418e-05
 67 -0.00000 -9.52868e-05 | 68  0.00000  0.00000e+00 | 69 -0.67404  1.21115e-02
 70  0.42565  3.60654e-02 | 71  1.84677 -7.03276e-04 | 72  0.21062 -1.10066e-01
 73  0.00066  3.26606e-06 | 74 -4.05678  5.48990e-05 | 75  0.23566  9.19878e-03
 76 -1.76679 -1.47835e-06 | 77  0.16225  3.23716e-02 | 78  0.00067  3.31186e-06
 79 -0.14503  7.00874e-04 | 80  0.18772 -2.88465e-02 | 81 -0.25040 -6.30632e-06
 82  0.12437  1.38004e-02 | 83 -0.04585 -1.45970e-05 | 84  0.06653 -1.53470e-03
 85 -0.02065 -4.29455e-04 | 86 -0.13645 -2.81907e-04 | 87  0.11322 -4.39684e-03
 88  0.51920 -6.29928e-05 | 89 -0.09278  1.19084e-03 | 90  0.14520  1.09308e-03
 91 -0.62465 -1.38537e-03 |

 - final statistics:
91 variables; iteration 494; function evaluation 666
Function value 2.5552e+02; maximum gradient component mag 7.5118e-05
Exit code = 1;  converg criter 1.0000e-04
Var    Value     Gradient |Var    Value     Gradient |Var    Value     Gradient
  1  0.12739  6.37124e-05 |  2 -0.00141  1.89687e-06 |  3 -0.02888  5.86627e-06
  4 -0.02301  7.75460e-06 |  5 -0.01732  7.72024e-06 |  6 -0.01701  7.30569e-06
  7 -0.01045  9.31436e-06 |  8 -0.00352  1.26239e-05 |  9 -0.01369  1.32889e-05
 10 -0.01373  1.48961e-05 | 11 -0.00789  1.44748e-05 | 12  0.00485  8.64676e-06
 13 -0.00231  3.57949e-06 | 14 -0.01510  9.93279e-07 | 15 -0.01342  7.64343e-07
 16 -0.00151 -8.10405e-08 | 17  0.01332  2.50551e-06 | 18  0.01632  4.85936e-07
 19  0.01513 -4.17626e-07 | 20 -0.00720 -3.36273e-07 | 21 -0.00888 -8.50427e-07
 22 -0.00742 -5.46162e-07 | 23 -0.02192  3.40360e-07 | 24 -0.01650 -1.08433e-06
 25  0.02608  3.77713e-07 | 26  0.03185 -1.64985e-06 | 27  0.02514 -1.03041e-06
 28  0.02587  3.10089e-08 | 29  0.00797  8.89200e-07 | 30  0.01953  3.92228e-08
 31  0.07323  2.61879e-07 | 32  0.02778  6.64639e-07 | 33  0.01341  8.67335e-07
 34  0.02740 -1.89805e-07 | 35  0.01856 -5.38636e-07 | 36  0.05247 -2.54536e-06
 37  0.02287 -1.27145e-06 | 38 -0.00072 -1.15711e-06 | 39 -0.00758 -5.66438e-07
 40 -0.01101 -6.23810e-07 | 41 -0.00420 -9.99983e-07 | 42  0.00296 -1.36436e-06
 43  0.00454 -1.53781e-06 | 44  0.00339 -9.67270e-07 | 45  0.00304 -4.71885e-07
 46  0.00027 -2.87547e-07 | 47  0.00785  3.27272e-07 | 48 -0.00529 -4.20477e-07
 49 -0.03530 -6.87662e-07 | 50 -0.03495  3.38996e-07 | 51 -0.02210 -1.05668e-06
 52 -0.00812 -3.96276e-07 | 53 -0.01615  1.58666e-08 | 54 -0.01683  3.73748e-07
 55 -0.03673  3.11418e-07 | 56 -0.02549  8.76476e-07 | 57 -0.01891  7.89159e-07
 58 -0.00369 -1.24611e-07 | 59 -0.01430  3.78929e-07 | 60 -0.01540  1.17410e-06
 61 -0.01175  1.56193e-06 | 62 -0.00882  1.28795e-06 | 63 -0.01382  1.60189e-06
 64 -0.02075  1.24098e-06 | 65 -0.01262  1.80528e-06 | 66 -0.00078 -1.77047e-07
 67 -0.00000  1.31394e-07 | 68  0.00000  0.00000e+00 | 69 -0.67404 -1.78104e-06
 70  0.42565 -1.95656e-05 | 71  1.84785 -8.83395e-08 | 72  0.21062  7.51182e-05
 73  0.00000  3.30672e-09 | 74 -4.06022 -4.32124e-09 | 75  0.23566 -2.12217e-06
 76 -1.76680 -1.26744e-09 | 77  0.16225 -6.58882e-06 | 78 -0.00000 -3.85862e-10
 79 -0.14502  1.06252e-07 | 80  0.18772 -1.51610e-05 | 81 -0.25029  4.40341e-09
 82  0.12437  1.28030e-06 | 83 -0.04562  1.35903e-09 | 84  0.06653 -3.68373e-07
 85 -0.02064 -1.23407e-05 | 86 -0.12224 -1.72461e-08 | 87  0.11323  3.23091e-06
 88  0.51894 -1.26971e-06 | 89 -0.09279 -3.79721e-06 | 90  0.14520  1.27219e-06
 91 -0.62465 -8.54794e-07 |
size of file gradfil1.tmp = 0
size of file gradfil2.tmp = 0
size of file varssave.tmp = 0
size of file cmpdiff.tmp = 0
