
Initial statistics: 6 variables; iteration 0; function evaluation 0; phase 1
Function value 2.8686527e+06; maximum gradient component mag -1.7509e+08
Var    Value     Gradient |Var    Value     Gradient |Var    Value     Gradient
  1  0.05168 -1.75090e+08 |  2 -0.01278 -8.29687e+05 |  3  0.00000 -5.66612e+01
  4  0.00000 -1.90776e-01 |  5  0.00000  0.00000e+00 |  6 -0.76499  2.01799e+04

Intermediate statistics: 6 variables; iteration 20; function evaluation 48; phase 1
Function value 3.0487535e+02; maximum gradient component mag -2.1929e+03
Var    Value     Gradient |Var    Value     Gradient |Var    Value     Gradient
  1  0.06452 -2.19289e+03 |  2 -0.03209  1.32158e+01 |  3 -0.00140 -1.34825e-03
  4 -0.00004 -2.06801e-02 |  5  0.00000  0.00000e+00 |  6 -0.77101  3.24437e+01

 - final statistics:
6 variables; iteration 36; function evaluation 67
Function value 2.9882e+02; maximum gradient component mag 8.4438e+00
Exit code = 1;  converg criter 1.0000e+01
Var    Value     Gradient |Var    Value     Gradient |Var    Value     Gradient
  1  0.07168  8.44375e+00 |  2 -0.02301 -2.77997e+00 |  3 -0.00116 -4.32038e-04
  4 -0.00001  1.80294e-04 |  5  0.00000  0.00000e+00 |  6 -0.79218 -2.40990e+00

Initial statistics: 60 variables; iteration 0; function evaluation 0; phase 2
Function value 2.9881592e+02; maximum gradient component mag -2.4587e+02
Var    Value     Gradient |Var    Value     Gradient |Var    Value     Gradient
  1  0.07168  8.44375e+00 |  2 -0.02301 -2.77997e+00 |  3  0.00000  1.00585e+02
  4  0.00000  1.04993e+02 |  5  0.00000  1.10007e+02 |  6  0.00000  1.13551e+02
  7  0.00000  1.17338e+02 |  8  0.00000  1.23054e+02 |  9  0.00000  1.20327e+02
 10  0.00000  1.24403e+02 | 11  0.00000  1.53942e+02 | 12  0.00000  1.72015e+02
 13  0.00000  1.56610e+02 | 14  0.00000  1.25793e+02 | 15  0.00000  8.43406e+01
 16  0.00000  4.43258e+01 | 17  0.00000  1.45373e+01 | 18  0.00000 -4.04576e+01
 19  0.00000 -9.43751e+01 | 20  0.00000 -1.39300e+02 | 21  0.00000 -1.93615e+02
 22  0.00000 -2.29814e+02 | 23  0.00000 -2.19431e+02 | 24  0.00000 -2.37291e+02
 25  0.00000 -2.45867e+02 | 26  0.00000 -2.40811e+02 | 27  0.00000 -2.22606e+02
 28  0.00000 -1.62535e+02 | 29  0.00000 -8.38450e+01 | 30  0.00000 -3.71623e+01
 31  0.00000 -3.01559e+01 | 32  0.00000 -7.72992e+01 | 33  0.00000 -1.23932e+02
 34  0.00000 -1.12725e+02 | 35  0.00000 -7.91871e+01 | 36  0.00000 -4.20510e+01
 37  0.00000 -2.64837e+01 | 38  0.00000 -2.43609e+01 | 39  0.00000  2.63635e+01
 40  0.00000  8.08055e+01 | 41  0.00000  8.57668e+01 | 42  0.00000  6.61280e+01
 43  0.00000  4.75560e+01 | 44  0.00000  5.08184e+01 | 45  0.00000  8.38211e+01
 46  0.00000  1.17554e+02 | 47  0.00000  1.02484e+02 | 48  0.00000  6.52109e+01
 49  0.00000  3.78800e+01 | 50  0.00000  5.06233e+01 | 51  0.00000  5.19704e+01
 52  0.00000  5.57564e+01 | 53  0.00000  3.73225e+01 | 54  0.00000  2.28768e+01
 55  0.00000  1.45459e+01 | 56 -0.00116 -4.32038e-04 | 57 -0.00001  1.80294e-04
 58  0.00000  0.00000e+00 | 59 -0.79218 -2.40990e+00 | 60  0.09974  1.40345e+02

Intermediate statistics: 60 variables; iteration 20; function evaluation 37; phase 2
Function value 2.4887018e+02; maximum gradient component mag -3.2542e+02
Var    Value     Gradient |Var    Value     Gradient |Var    Value     Gradient
  1  0.05368  2.50127e+02 |  2 -0.00127 -2.62599e+02 |  3 -0.04943 -2.77673e+01
  4 -0.03211 -1.93269e+01 |  5 -0.02376 -9.44235e+00 |  6 -0.01614  1.29502e+00
  7 -0.00848  1.08426e+01 |  8 -0.00554  1.99029e+01 |  9  0.01195  3.69030e+01
 10  0.02636  5.09198e+01 | 11 -0.00058  3.76083e+01 | 12 -0.02064  2.10720e+01
 13 -0.01734  1.96432e+01 | 14 -0.00819  2.90662e+01 | 15  0.01094  4.68109e+01
 16  0.01709  3.82302e+01 | 17 -0.01700 -4.32617e+00 | 18  0.03177  1.73110e+01
 19  0.00234 -2.88049e+01 | 20  0.00387 -2.51267e+01 | 21  0.03343 -1.45535e+01
 22  0.07166 -2.38516e+01 | 23 -0.06198 -7.03431e+01 | 24  0.04770 -4.52409e+01
 25  0.01885 -4.56149e+01 | 26  0.00473 -3.97616e+01 | 27  0.05813 -9.90780e+00
 28  0.02280 -1.01816e+01 | 29 -0.02198 -3.29276e+01 | 30 -0.02417 -3.51870e+01
 31 -0.01822 -2.13226e+01 | 32 -0.00417 -1.32362e+01 | 33  0.03473  9.78853e+00
 34  0.02483  1.60636e+01 | 35  0.01242  3.86542e+00 | 36  0.00168 -9.92234e-01
 37  0.00755  1.23626e+01 | 38  0.04195  4.94929e+01 | 39  0.00276  2.45335e+01
 40 -0.03000 -3.61471e+00 | 41 -0.02094 -3.50904e+00 | 42 -0.00196  9.46618e+00
 43  0.00834  1.45989e+01 | 44  0.00597  7.20311e+00 | 45 -0.01364 -3.05874e+00
 46 -0.03192 -7.80173e+00 | 47 -0.02234 -5.27220e-01 | 48 -0.00024  1.51094e+01
 49  0.02159  2.59885e+01 | 50 -0.00620  8.86131e+00 | 51 -0.00177  1.28639e+00
 52 -0.01445 -1.21105e+01 | 53 -0.00510 -1.69112e+01 | 54 -0.02011 -2.52034e+01
 55 -0.02598 -2.40367e+01 | 56 -0.00217 -3.38141e-01 | 57 -0.00002 -2.62723e-03
 58  0.00000  0.00000e+00 | 59 -0.78021 -3.25418e+02 | 60  0.10264  7.70985e+01
60 variables; iteration 40; function evaluation 68; phase 2
Function value 2.4172490e+02; maximum gradient component mag -4.6876e+02
Var    Value     Gradient |Var    Value     Gradient |Var    Value     Gradient
  1  0.05309 -4.68759e+02 |  2 -0.00990 -1.85041e+02 |  3 -0.02286  2.17358e+01
  4 -0.01749  1.89015e+01 |  5 -0.01900  1.46564e+01 |  6 -0.01638  1.47541e+01
  7 -0.01060  1.76111e+01 |  8 -0.01084  1.87113e+01 |  9  0.00241  2.20506e+01
 10  0.01176  2.27223e+01 | 11 -0.01462  1.84220e+01 | 12 -0.02621  1.74174e+01
 13 -0.02178  1.56451e+01 | 14 -0.00974  1.91001e+01 | 15  0.00171  1.35329e+01
 16  0.00966  5.73944e+00 | 17 -0.00168  2.17454e+00 | 18  0.01401  7.00144e+00
 19  0.02367 -7.80692e-01 | 20  0.01979 -7.90881e+00 | 21  0.00676 -2.69248e+01
 22  0.07222 -2.44045e+01 | 23 -0.00570 -1.80788e+01 | 24  0.03478 -1.00810e+01
 25  0.03557 -1.48293e+01 | 26  0.01200 -2.75161e+01 | 27  0.04417 -3.72516e+01
 28  0.01411 -2.83189e+01 | 29 -0.01103 -1.96243e+01 | 30 -0.01321 -1.27231e+01
 31 -0.01230 -4.56092e+00 | 32 -0.00788 -1.74390e+01 | 33  0.03209 -1.87455e+01
 34  0.01446 -8.85956e+00 | 35  0.01173 -1.36688e+00 | 36  0.01007  6.57430e+00
 37  0.00845  4.61538e+00 | 38  0.02311 -2.83627e+00 | 39 -0.00510  4.87624e-01
 40 -0.02445  6.33409e+00 | 41 -0.01738  9.65821e+00 | 42 -0.00631  8.24883e+00
 43  0.00151  3.86209e+00 | 44 -0.00036  9.21348e-01 | 45 -0.01446  6.25595e+00
 46 -0.02827  1.15722e+01 | 47 -0.01880  1.44316e+01 | 48 -0.00851  5.15025e+00
 49  0.00459 -3.66937e+00 | 50 -0.01084  1.67277e+00 | 51 -0.00684  3.62801e+00
 52 -0.01447  6.13211e+00 | 53 -0.00658  8.64160e+00 | 54 -0.00841  1.11247e+01
 55 -0.01458  6.57432e+00 | 56 -0.00213 -6.89371e-02 | 57 -0.00001  8.24724e-04
 58  0.00000  0.00000e+00 | 59 -0.77088 -2.09672e+02 | 60  0.10139  2.75470e+01
60 variables; iteration 60; function evaluation 99; phase 2
Function value 2.4064470e+02; maximum gradient component mag -1.7608e+02
Var    Value     Gradient |Var    Value     Gradient |Var    Value     Gradient
  1  0.05290 -1.76082e+02 |  2 -0.01585 -1.12377e+01 |  3 -0.02768  6.16757e+00
  4 -0.01840  6.56148e+00 |  5 -0.01714  6.30779e+00 |  6 -0.01443  6.76787e+00
  7 -0.01233  4.47065e+00 |  8 -0.01198  3.80993e+00 |  9  0.00233  3.22235e+00
 10  0.00739 -1.95371e+00 | 11 -0.01504  2.57655e+00 | 12 -0.02717  4.23802e+00
 13 -0.02016  3.59100e+00 | 14 -0.01566 -2.03021e+00 | 15 -0.00289 -6.41694e+00
 16  0.01099 -5.12841e+00 | 17  0.00182 -1.47962e+00 | 18  0.00941 -3.86879e+00
 19  0.02658 -9.31439e-01 | 20  0.01176 -3.12350e+00 | 21  0.03466 -3.35944e+00
 22  0.06101 -4.73138e+00 | 23  0.01223 -1.15867e+00 | 24  0.03167 -1.57762e+00
 25  0.02973 -3.92964e+00 | 26  0.02536 -6.60348e+00 | 27  0.04187 -9.81929e+00
 28  0.01716 -7.74799e+00 | 29 -0.00731 -4.52531e+00 | 30 -0.01056 -2.44757e+00
 31 -0.02038 -5.49975e+00 | 32 -0.00090 -6.93390e+00 | 33  0.02765 -1.19679e+01
 34  0.01730 -5.37029e+00 | 35  0.01031 -6.12676e+00 | 36  0.00546 -3.86551e+00
 37  0.00521 -3.14804e+00 | 38  0.02494 -2.65576e+00 | 39 -0.00435  2.00679e+00
 40 -0.02531  4.87097e+00 | 41 -0.01805  6.60051e+00 | 42 -0.00794  4.13918e+00
 43 -0.00008  3.16114e+00 | 44  0.00188  6.20701e+00 | 45 -0.01303  8.59333e+00
 46 -0.03069  6.23125e+00 | 47 -0.02642  3.55206e+00 | 48 -0.00882  6.34372e+00
 49  0.00942  8.10345e+00 | 50 -0.01029  9.28177e+00 | 51 -0.00775  7.03806e+00
 52 -0.01453  6.41557e+00 | 53 -0.00698  5.93040e+00 | 54 -0.01475  3.31115e+00
 55 -0.01436  5.67197e+00 | 56 -0.00251 -2.52778e-01 | 57 -0.00004 -1.55972e-02
 58  0.00000  0.00000e+00 | 59 -0.76438 -1.25059e+01 | 60  0.09953 -2.42493e+00
Maximum number of function evaluations exceeded

 - final statistics:
60 variables; iteration 61; function evaluation 100
Function value 2.4064e+02; maximum gradient component mag -1.7608e+02
Exit code = 3;  converg criter 1.0000e+01
Var    Value     Gradient |Var    Value     Gradient |Var    Value     Gradient
  1  0.05290 -1.76082e+02 |  2 -0.01586 -1.12377e+01 |  3 -0.02770  6.16757e+00
  4 -0.01842  6.56148e+00 |  5 -0.01710  6.30779e+00 |  6 -0.01449  6.76787e+00
  7 -0.01230  4.47065e+00 |  8 -0.01201  3.80993e+00 |  9  0.00234  3.22235e+00
 10  0.00740 -1.95371e+00 | 11 -0.01504  2.57655e+00 | 12 -0.02718  4.23802e+00
 13 -0.02016  3.59100e+00 | 14 -0.01566 -2.03021e+00 | 15 -0.00287 -6.41694e+00
 16  0.01099 -5.12841e+00 | 17  0.00180 -1.47962e+00 | 18  0.00944 -3.86879e+00
 19  0.02657 -9.31439e-01 | 20  0.01174 -3.12350e+00 | 21  0.03470 -3.35944e+00
 22  0.06098 -4.73138e+00 | 23  0.01226 -1.15867e+00 | 24  0.03166 -1.57762e+00
 25  0.02973 -3.92964e+00 | 26  0.02538 -6.60348e+00 | 27  0.04186 -9.81929e+00
 28  0.01719 -7.74799e+00 | 29 -0.00730 -4.52531e+00 | 30 -0.01059 -2.44757e+00
 31 -0.02037 -5.49975e+00 | 32 -0.00092 -6.93390e+00 | 33  0.02767 -1.19679e+01
 34  0.01728 -5.37029e+00 | 35  0.01033 -6.12676e+00 | 36  0.00546 -3.86551e+00
 37  0.00521 -3.14804e+00 | 38  0.02497 -2.65576e+00 | 39 -0.00436  2.00679e+00
 40 -0.02534  4.87097e+00 | 41 -0.01801  6.60051e+00 | 42 -0.00798  4.13918e+00
 43 -0.00005  3.16114e+00 | 44  0.00189  6.20701e+00 | 45 -0.01307  8.59333e+00
 46 -0.03067  6.23125e+00 | 47 -0.02640  3.55206e+00 | 48 -0.00886  6.34372e+00
 49  0.00946  8.10345e+00 | 50 -0.01033  9.28177e+00 | 51 -0.00774  7.03806e+00
 52 -0.01455  6.41557e+00 | 53 -0.00697  5.93040e+00 | 54 -0.01475  3.31115e+00
 55 -0.01435  5.67197e+00 | 56 -0.00246 -2.52778e-01 | 57 -0.00003 -1.55972e-02
 58  0.00000  0.00000e+00 | 59 -0.76437 -1.25059e+01 | 60  0.09954 -2.42493e+00

Initial statistics: 81 variables; iteration 0; function evaluation 0; phase 3
Function value 2.4064320e+02; maximum gradient component mag -1.7514e+02
Var    Value     Gradient |Var    Value     Gradient |Var    Value     Gradient
  1  0.05290 -1.75142e+02 |  2 -0.01586 -1.11335e+01 |  3 -0.02771  5.58919e+00
  4 -0.01843  5.97243e+00 |  5 -0.01712  5.76791e+00 |  6 -0.01450  6.14258e+00
  7 -0.01231  3.93018e+00 |  8 -0.01202  3.23473e+00 |  9  0.00233  2.68462e+00
 10  0.00739 -2.49759e+00 | 11 -0.01505  2.01871e+00 | 12 -0.02719  3.66431e+00
 13 -0.02018  3.03508e+00 | 14 -0.01567 -2.57104e+00 | 15 -0.00288 -6.91805e+00
 16  0.01098 -5.63481e+00 | 17  0.00179 -2.02071e+00 | 18  0.00943 -4.39303e+00
 19  0.02656 -1.47843e+00 | 20  0.01173 -3.66619e+00 | 21  0.03468 -3.86242e+00
 22  0.06097 -5.24260e+00 | 23  0.01225 -1.67355e+00 | 24  0.03165 -2.10192e+00
 25  0.02972 -4.43394e+00 | 26  0.02537 -7.09062e+00 | 27  0.04185 -1.02958e+01
 28  0.01718 -8.22770e+00 | 29 -0.00731 -5.03459e+00 | 30 -0.01060 -2.98770e+00
 31 -0.02038 -6.00462e+00 | 32 -0.00093 -7.43480e+00 | 33  0.02766 -1.24256e+01
 34  0.01727 -5.86417e+00 | 35  0.01032 -6.62186e+00 | 36  0.00545 -4.38118e+00
 37  0.00520 -3.66972e+00 | 38  0.02495 -3.16758e+00 | 39 -0.00437  1.44199e+00
 40 -0.02536  4.28048e+00 | 41 -0.01803  6.07414e+00 | 42 -0.00800  3.53809e+00
 43 -0.00006  2.61960e+00 | 44  0.00188  5.64182e+00 | 45 -0.01308  7.98394e+00
 46 -0.03068  5.68006e+00 | 47 -0.02642  2.99103e+00 | 48 -0.00887  5.72584e+00
 49  0.00945  7.55168e+00 | 50 -0.01034  8.66867e+00 | 51 -0.00776  6.44837e+00
 52 -0.01456  5.82205e+00 | 53 -0.00698  5.36542e+00 | 54 -0.01476  2.75552e+00
 55 -0.01437  5.12366e+00 | 56 -0.00246 -2.16921e-01 | 57 -0.00003 -1.51007e-02
 58  0.00000  0.00000e+00 | 59 -0.76437 -1.23797e+01 | 60  0.20375  1.01511e+02
 61  0.10430  1.35838e+02 | 62  0.18961 -1.33267e+02 | 63  0.00000  1.60483e-12
 64  0.06326  1.34421e+01 | 65  0.17418  1.02519e+02 | 66  0.07530  8.65936e+01
 67  0.16633 -5.84710e+01 | 68  0.00000  8.63049e-04 | 69 -0.17934  1.57636e+00
 70  0.14683  1.20829e+01 | 71  0.07387  3.13616e+00 | 72  0.12880 -1.26474e+01
 73  0.00000  9.64926e-30 | 74  0.03253  8.37376e+00 | 75 -0.06289  2.51942e+01
 76 -0.23700  8.49546e-04 | 77  0.10401 -2.05604e+01 | 78  0.70672  4.04924e+00
 79 -0.14795  1.00840e+01 | 80  0.09954 -2.40942e+00 | 81 -0.65136  8.09787e-01

Intermediate statistics: 81 variables; iteration 20; function evaluation 24; phase 3
Function value 2.4028677e+02; maximum gradient component mag 2.3150e+02
Var    Value     Gradient |Var    Value     Gradient |Var    Value     Gradient
  1  0.05375 -7.30146e+01 |  2 -0.01443  3.23130e+01 |  3 -0.02747  1.23343e+00
  4 -0.01873  5.54854e-01 |  5 -0.01713  1.95017e-01 |  6 -0.01514 -2.06761e-03
  7 -0.01105 -6.79789e-01 |  8 -0.01120 -1.23206e+00 |  9  0.00041 -3.43567e+00
 10  0.01109 -5.67888e+00 | 11 -0.01504 -3.75274e+00 | 12 -0.02736 -2.97335e+00
 13 -0.02169 -4.91218e+00 | 14 -0.01543 -8.21353e+00 | 15 -0.00100 -1.17997e+01
 16  0.00913 -1.41222e+01 | 17 -0.00157 -1.15505e+01 | 18  0.01133 -1.12005e+01
 19  0.02135 -1.15810e+01 | 20  0.01370 -7.16331e+00 | 21  0.03375 -8.10763e+00
 22  0.05740 -1.04016e+01 | 23  0.01316 -4.03087e+00 | 24  0.02958 -5.47635e+00
 25  0.02923 -5.24204e+00 | 26  0.02754 -4.65592e+00 | 27  0.03969 -6.56812e+00
 28  0.01805 -3.12262e+00 | 29 -0.00729 -7.70365e-01 | 30 -0.01285 -7.58557e-02
 31 -0.01970 -6.88296e-01 | 32 -0.00331 -2.71115e+00 | 33  0.02906 -4.07752e+00
 34  0.01563 -1.84686e-01 | 35  0.01194  1.77444e+00 | 36  0.00508  3.05711e+00
 37  0.00611  4.67248e+00 | 38  0.02595  7.74365e+00 | 39 -0.00342  8.59914e+00
 40 -0.02479  8.95132e+00 | 41 -0.01849  1.07668e+01 | 42 -0.00727  1.14744e+01
 43  0.00192  1.20310e+01 | 44  0.00316  1.26440e+01 | 45 -0.01341  1.14261e+01
 46 -0.03049  9.13476e+00 | 47 -0.02458  8.49232e+00 | 48 -0.00818  1.01671e+01
 49  0.01051  1.17898e+01 | 50 -0.01073  1.00186e+01 | 51 -0.00662  9.08227e+00
 52 -0.01421  7.39689e+00 | 53 -0.00745  5.87112e+00 | 54 -0.01331  3.59088e+00
 55 -0.01534  3.32783e+00 | 56 -0.00233 -1.14729e-01 | 57 -0.00002 -2.54719e-03
 58  0.00000  0.00000e+00 | 59 -0.76801  3.14869e+01 | 60  0.19233  8.37324e+01
 61  0.10864  1.32132e+02 | 62  0.18749 -1.05750e+02 | 63  0.00107  5.25804e-06
 64  0.05987  1.03483e+01 | 65  0.17333  1.99687e+02 | 66  0.07604  2.31499e+02
 67  0.16704 -2.38911e+01 | 68  0.00011  2.70951e-04 | 69 -0.18109  5.91610e+00
 70  0.14159  5.00006e+00 | 71  0.07813  1.29025e+00 | 72  0.12698 -1.20166e+01
 73  0.00000  2.40597e-30 | 74  0.03065 -8.63936e-01 | 75 -0.06645 -6.51528e-01
 76 -0.23700  1.01240e-05 | 77  0.10281 -9.32597e-01 | 78  0.71357 -3.64023e-01
 79 -0.15379  6.67705e-01 | 80  0.09715 -8.07645e+00 | 81 -0.65368  1.74725e+00
81 variables; iteration 40; function evaluation 47; phase 3
Function value 2.4011870e+02; maximum gradient component mag -9.1764e+01
Var    Value     Gradient |Var    Value     Gradient |Var    Value     Gradient
  1  0.05398 -9.17636e+01 |  2 -0.01365 -1.40704e+01 |  3 -0.02889 -1.53127e+00
  4 -0.01878 -6.42133e-01 |  5 -0.01640 -3.43703e-01 |  6 -0.01547 -1.72306e+00
  7 -0.01210 -3.26281e+00 |  8 -0.01190 -2.78006e+00 |  9  0.00107 -1.76947e+00
 10  0.01244 -1.59002e+00 | 11 -0.01374 -2.43395e-01 | 12 -0.02711 -6.64519e-01
 13 -0.02160 -1.63813e+00 | 14 -0.01504 -3.17075e+00 | 15 -0.00075 -4.49076e+00
 16  0.00990 -5.30955e+00 | 17 -0.00221 -6.10649e+00 | 18  0.00891 -7.12900e+00
 19  0.02370 -3.33362e+00 | 20  0.01043 -2.54049e+00 | 21  0.03922  1.27389e+00
 22  0.05293 -4.83635e+00 | 23  0.01492  2.80848e-01 | 24  0.03020 -4.23883e-01
 25  0.02884 -9.39359e-01 | 26  0.02994 -3.94665e-01 | 27  0.03641 -4.90173e+00
 28  0.01960 -3.68880e-01 | 29 -0.00743  6.78569e-01 | 30 -0.01249  1.97307e+00
 31 -0.01973  8.66922e-01 | 32 -0.00356 -7.25701e-01 | 33  0.02891 -1.35197e+00
 34  0.01677  6.55936e-01 | 35  0.01085 -3.53782e-01 | 36  0.00473  6.30138e-01
 37  0.00578  1.78655e+00 | 38  0.02628  3.90436e+00 | 39 -0.00298  3.99281e+00
 40 -0.02514  2.88302e+00 | 41 -0.01970  2.73806e+00 | 42 -0.00749  4.01347e+00
 43  0.00278  4.99495e+00 | 44  0.00259  3.89383e+00 | 45 -0.01423  3.54219e+00
 46 -0.03065  3.52432e+00 | 47 -0.02354  4.26933e+00 | 48 -0.00766  4.21946e+00
 49  0.00934  2.80618e+00 | 50 -0.01158  3.06734e+00 | 51 -0.00576  4.78465e+00
 52 -0.01306  4.67119e+00 | 53 -0.00813  2.03139e+00 | 54 -0.01430  3.61072e-01
 55 -0.01487  2.08372e+00 | 56 -0.00208  1.94904e-01 | 57 -0.00001  3.35839e-03
 58  0.00000  0.00000e+00 | 59 -0.77013 -1.80028e+01 | 60  0.18865  4.02240e+01
 61  0.11009  7.91791e+01 | 62  0.18764 -2.63954e+01 | 63  0.07258  3.59750e-04
 64  0.05456  2.75868e+00 | 65  0.17125  6.44738e+01 | 66  0.07765  5.55100e+01
 67  0.16723 -2.73649e+01 | 68  0.00452  6.77829e-03 | 69 -0.18097  2.17240e-01
 70  0.14418  3.79715e+00 | 71  0.07565  7.30072e-01 | 72  0.12857 -1.97053e+00
 73  0.00000  1.55044e-30 | 74  0.02977 -2.61216e+00 | 75 -0.06715 -1.66981e+00
 76 -0.23707  8.50534e-05 | 77  0.10263  1.32773e+00 | 78  0.71650  1.87037e-01
 79 -0.15467  1.17665e+00 | 80  0.09657 -2.53524e+00 | 81 -0.65538 -1.08721e+00
81 variables; iteration 60; function evaluation 78; phase 3
Function value 2.4001823e+02; maximum gradient component mag 1.1955e+02
Var    Value     Gradient |Var    Value     Gradient |Var    Value     Gradient
  1  0.05418  3.37395e+01 |  2 -0.01464  4.17512e+01 |  3 -0.02769 -2.19965e-01
  4 -0.01866  1.14157e-02 |  5 -0.01654  3.30597e-01 |  6 -0.01489  6.49053e-02
  7 -0.01068 -2.89541e-01 |  8 -0.01147 -4.69772e-01 |  9  0.00145  3.72998e-01
 10  0.01235 -4.64377e-01 | 11 -0.01394 -1.34330e-01 | 12 -0.02766 -5.94350e-01
 13 -0.02155 -2.16548e-02 | 14 -0.01424 -1.98551e-01 | 15 -0.00045 -1.12373e+00
 16  0.00885 -1.72238e+00 | 17 -0.00168 -1.06915e+00 | 18  0.01037 -1.09715e+00
 19  0.02256 -7.48905e-01 | 20  0.01226 -8.18219e-01 | 21  0.03352 -4.87448e-01
 22  0.05713 -1.18292e+00 | 23  0.01215 -2.94057e-01 | 24  0.02927 -7.19944e-01
 25  0.02989 -2.26312e-01 | 26  0.02713 -5.60072e-01 | 27  0.04037 -1.11985e+00
 28  0.01771 -7.07204e-01 | 29 -0.00769 -4.05500e-01 | 30 -0.01334 -8.10800e-02
 31 -0.02004 -2.74393e-01 | 32 -0.00351 -5.12855e-01 | 33  0.02945 -3.29952e-01
 34  0.01556 -2.03132e-01 | 35  0.01206  2.28566e-01 | 36  0.00443 -1.05068e-01
 37  0.00600  4.24217e-01 | 38  0.02587  3.57419e-01 | 39 -0.00324  5.95067e-01
 40 -0.02495  4.93369e-01 | 41 -0.01924  5.48172e-01 | 42 -0.00758  7.35542e-01
 43  0.00229  8.39779e-01 | 44  0.00308  6.36365e-01 | 45 -0.01403  6.89995e-01
 46 -0.03051  1.00839e+00 | 47 -0.02402  9.45992e-01 | 48 -0.00849  6.12156e-01
 49  0.01043  9.45948e-01 | 50 -0.01084  1.27635e+00 | 51 -0.00653  9.25956e-01
 52 -0.01437  8.28942e-01 | 53 -0.00749  1.07873e+00 | 54 -0.01309  9.19998e-01
 55 -0.01566  1.01430e+00 | 56 -0.00235  1.71522e-03 | 57 -0.00002 -5.08067e-03
 58  0.00000  0.00000e+00 | 59 -0.76952  4.25872e+01 | 60  0.18382  1.53375e+01
 61  0.11190  4.34052e+01 | 62  0.18690  7.73391e+00 | 63  0.02229  1.10049e-04
 64  0.05272  1.03100e-01 | 65  0.17003  8.01431e+01 | 66  0.07846  1.19554e+02
 67  0.16731  2.41727e+01 | 68 -0.06266  2.51515e-02 | 69 -0.18149  4.45164e+00
 70  0.14136 -5.33277e-01 | 71  0.07794  3.82476e-01 | 72  0.12756  1.48101e+00
 73  0.00000  9.61592e-32 | 74  0.03029 -2.14437e-02 | 75 -0.06718 -9.48279e-01
 76 -0.23732  7.63529e-05 | 77  0.10266  6.16282e-01 | 78  0.71654 -1.25597e-01
 79 -0.15566 -1.58612e-01 | 80  0.09667 -4.74923e-01 | 81 -0.65423 -1.35157e-01
Maximum number of function evaluations exceeded

 - final statistics:
81 variables; iteration 75; function evaluation 100
Function value 2.4000e+02; maximum gradient component mag 8.7675e+01
Exit code = 3;  converg criter 1.0000e+00
Var    Value     Gradient |Var    Value     Gradient |Var    Value     Gradient
  1  0.05440  5.71509e+01 |  2 -0.01518  1.92811e+01 |  3 -0.02692  1.17546e-01
  4 -0.01840  1.24245e-02 |  5 -0.01714 -3.61907e-01 |  6 -0.01436  4.51794e-01
  7 -0.01035  8.20422e-02 |  8 -0.01069  2.20588e-01 |  9  0.00066 -4.38214e-03
 10  0.01259  1.93501e-01 | 11 -0.01377  2.43900e-01 | 12 -0.02714  5.07924e-02
 13 -0.02182  8.53670e-02 | 14 -0.01453  2.76413e-01 | 15 -0.00027  8.06096e-01
 16  0.00880  9.65158e-01 | 17 -0.00195  9.68482e-01 | 18  0.01056  9.45299e-01
 19  0.02165  3.18477e-01 | 20  0.01314  7.75084e-01 | 21  0.03232  4.13001e-01
 22  0.05734  1.26853e+00 | 23  0.01152  2.64184e-01 | 24  0.02959  4.28138e-01
 25  0.02931  2.48065e-01 | 26  0.02710  3.50073e-01 | 27  0.04066  8.12259e-01
 28  0.01742  3.31020e-01 | 29 -0.00783  2.60126e-02 | 30 -0.01368  7.36592e-02
 31 -0.02022 -3.58438e-02 | 32 -0.00333  3.89998e-01 | 33  0.02939  6.26853e-01
 34  0.01551 -2.59589e-01 | 35  0.01161 -2.53404e-01 | 36  0.00475 -1.69736e-01
 37  0.00576 -3.13298e-01 | 38  0.02575 -5.97899e-01 | 39 -0.00322 -5.49800e-01
 40 -0.02471 -4.91184e-01 | 41 -0.01904 -5.16423e-01 | 42 -0.00754 -6.50533e-01
 43  0.00216 -8.64920e-01 | 44  0.00343 -7.08005e-01 | 45 -0.01382 -6.91707e-01
 46 -0.03042 -4.48989e-01 | 47 -0.02439 -9.72131e-01 | 48 -0.00824 -7.23986e-01
 49  0.01112 -1.97508e-01 | 50 -0.01138 -1.00722e+00 | 51 -0.00653 -9.40799e-01
 52 -0.01395 -3.78514e-01 | 53 -0.00755 -4.17914e-01 | 54 -0.01314 -5.16268e-01
 55 -0.01572 -3.57677e-01 | 56 -0.00233 -1.22558e-02 | 57  0.00001  1.72876e-02
 58  0.00000  0.00000e+00 | 59 -0.76998  2.01670e+01 | 60  0.17947  8.77609e+00
 61  0.11344  2.57821e+01 | 62  0.18582  4.05607e+00 | 63 -0.10592 -5.27595e-04
 64  0.05233  2.94547e-01 | 65  0.16884  6.29340e+01 | 66  0.07938  8.76754e+01
 67  0.16715  1.29651e+01 | 68 -0.04706  8.19902e-03 | 69 -0.18120  2.64750e+00
 70  0.14082  7.30245e-02 | 71  0.07810  1.97431e-01 | 72  0.12746 -1.85742e-01
 73  0.00000 -4.24702e-31 | 74  0.03015  3.94692e-01 | 75 -0.06726  2.50512e-01
 76 -0.23783  1.02014e-04 | 77  0.10269 -2.15736e-02 | 78  0.71677 -2.35893e-02
 79 -0.15628 -1.91648e-01 | 80  0.09651  5.71923e-01 | 81 -0.65394  1.94639e-01

Initial statistics: 91 variables; iteration 0; function evaluation 0; phase 4
Function value 2.4000157e+02; maximum gradient component mag 8.7675e+01
Var    Value     Gradient |Var    Value     Gradient |Var    Value     Gradient
  1  0.05440  5.71509e+01 |  2 -0.01518  1.92811e+01 |  3  0.00000  2.75734e+01
  4  0.00000  2.55875e+01 |  5  0.00000  1.92782e+01 |  6  0.00000  1.83573e+01
  7  0.00000  1.83777e+01 |  8  0.00000  1.00889e+01 |  9  0.00000  9.48852e+00
 10  0.00000  1.04618e+01 | 11  0.00000  1.46768e+01 | 12  0.00000  2.47782e+01
 13 -0.02692  1.30327e-01 | 14 -0.01840  2.52114e-02 | 15 -0.01714 -3.49119e-01
 16 -0.01436  4.64583e-01 | 17 -0.01035  9.48326e-02 | 18 -0.01069  2.33378e-01
 19  0.00066  8.41001e-03 | 20  0.01259  2.06291e-01 | 21 -0.01377  2.56689e-01
 22 -0.02714  6.35729e-02 | 23 -0.02182  9.81516e-02 | 24 -0.01453  2.89202e-01
 25 -0.00027  8.18888e-01 | 26  0.00880  9.77949e-01 | 27 -0.00195  9.81274e-01
 28  0.01056  9.58089e-01 | 29  0.02165  3.31262e-01 | 30  0.01314  7.87873e-01
 31  0.03232  4.25777e-01 | 32  0.05734  1.28127e+00 | 33  0.01152  2.76974e-01
 34  0.02959  4.40916e-01 | 35  0.02931  2.60844e-01 | 36  0.02710  3.62854e-01
 37  0.04066  8.25025e-01 | 38  0.01742  3.43807e-01 | 39 -0.00783  3.88038e-02
 40 -0.01368  8.64485e-02 | 41 -0.02022 -2.30581e-02 | 42 -0.00333  4.02790e-01
 43  0.02939  6.39631e-01 | 44  0.01551 -2.46800e-01 | 45  0.01161 -2.40614e-01
 46  0.00475 -1.56945e-01 | 47  0.00576 -3.00506e-01 | 48  0.02575 -5.85117e-01
 49 -0.00322 -5.37008e-01 | 50 -0.02471 -4.78401e-01 | 51 -0.01904 -5.03637e-01
 52 -0.00754 -6.37742e-01 | 53  0.00216 -8.52128e-01 | 54  0.00343 -6.95213e-01
 55 -0.01382 -6.78918e-01 | 56 -0.03042 -4.36212e-01 | 57 -0.02439 -9.59348e-01
 58 -0.00824 -7.11195e-01 | 59  0.01112 -1.84718e-01 | 60 -0.01138 -9.94430e-01
 61 -0.00653 -9.28008e-01 | 62 -0.01395 -3.65725e-01 | 63 -0.00755 -4.05123e-01
 64 -0.01314 -5.03478e-01 | 65 -0.01572 -3.44889e-01 | 66 -0.00233 -1.22558e-02
 67  0.00001  1.72876e-02 | 68  0.00000  0.00000e+00 | 69 -0.76998  2.01670e+01
 70  0.17947  8.77609e+00 | 71  0.11344  2.57821e+01 | 72  0.18582  4.05607e+00
 73 -0.10592 -5.27595e-04 | 74  0.05233  2.94547e-01 | 75  0.16884  6.29340e+01
 76  0.07938  8.76754e+01 | 77  0.16715  1.29651e+01 | 78 -0.04706  8.19902e-03
 79 -0.18120  2.64750e+00 | 80  0.14082  7.30245e-02 | 81  0.07810  1.97431e-01
 82  0.12746 -1.85742e-01 | 83  0.00000 -4.24702e-31 | 84  0.03015  3.94692e-01
 85 -0.06726  2.50512e-01 | 86 -0.23783  1.02014e-04 | 87  0.10269 -2.15736e-02
 88  0.71677 -2.35893e-02 | 89 -0.15628 -1.91648e-01 | 90  0.09651  5.71923e-01
 91 -0.65394  1.94639e-01 |

Intermediate statistics: 91 variables; iteration 20; function evaluation 35; phase 4
Function value 2.3884669e+02; maximum gradient component mag 1.3941e+02
Var    Value     Gradient |Var    Value     Gradient |Var    Value     Gradient
  1  0.05406 -3.64095e+01 |  2 -0.01541  8.26643e+01 |  3 -0.01888  1.08941e+01
  4 -0.01697  1.08523e+01 |  5 -0.01242  9.33019e+00 |  6 -0.01157  9.46464e+00
  7 -0.01154  9.82289e+00 |  8 -0.00387  8.14208e+00 |  9 -0.00123  9.02334e+00
 10 -0.00003  1.05955e+01 | 11 -0.00141  1.34735e+01 | 12 -0.00843  1.76788e+01
 13 -0.02198  1.27294e+01 | 14 -0.01641  1.24771e+01 | 15 -0.01804  1.08868e+01
 16 -0.01652  1.06068e+01 | 17 -0.01055  1.18082e+01 | 18 -0.00939  1.36944e+01
 19  0.00387  1.72300e+01 | 20  0.01756  2.04104e+01 | 21 -0.01095  1.55921e+01
 22 -0.02524  1.21455e+01 | 23 -0.02007  1.05102e+01 | 24 -0.01324  8.76194e+00
 25  0.00001  6.96298e+00 | 26  0.00923  4.95150e+00 | 27 -0.00126  3.83348e+00
 28  0.01097  2.69302e+00 | 29  0.02193  6.72478e-01 | 30  0.01265  2.68438e-01
 31  0.03342 -1.54358e+00 | 32  0.05741 -4.83936e+00 | 33  0.01266 -2.04907e+00
 34  0.02903 -5.39071e+00 | 35  0.02844 -7.08163e+00 | 36  0.02661 -7.87707e+00
 37  0.03949 -1.24740e+01 | 38  0.01763 -1.00327e+01 | 39 -0.00788 -7.75126e+00
 40 -0.01420 -8.17927e+00 | 41 -0.02048 -7.42578e+00 | 42 -0.00323 -8.51869e+00
 43  0.02890 -1.15518e+01 | 44  0.01445 -7.95837e+00 | 45  0.01162 -5.68349e+00
 46  0.00526 -3.69212e+00 | 47  0.00611 -3.65052e+00 | 48  0.02477 -7.65726e+00
 49 -0.00447 -5.59596e+00 | 50 -0.02586 -3.98017e+00 | 51 -0.02029 -5.06937e+00
 52 -0.00875 -6.84011e+00 | 53  0.00059 -8.28648e+00 | 54  0.00115 -7.94660e+00
 55 -0.01557 -4.98916e+00 | 56 -0.03163 -2.62216e+00 | 57 -0.02525 -2.80715e+00
 58 -0.00965 -3.68948e+00 | 59  0.00857 -4.89057e+00 | 60 -0.01241 -2.32978e+00
 61 -0.00788 -1.99225e+00 | 62 -0.01513  3.13977e-02 | 63 -0.00837  1.62713e+00
 64 -0.01293  3.96429e+00 | 65 -0.01454  5.24726e+00 | 66 -0.00227  9.06960e-02
 67 -0.00001  5.55482e-03 | 68  0.00000  0.00000e+00 | 69 -0.76898  8.36867e+01
 70  0.18793 -5.23119e+00 | 71  0.11011  3.88843e+01 | 72  0.18787  6.59765e+01
 73 -0.10592 -5.27580e-04 | 74  0.05865  1.27664e+00 | 75  0.16710  6.57548e+01
 76  0.08063  1.39406e+02 | 77  0.16547  5.34747e+01 | 78 -0.04705  1.43030e-01
 79 -0.17886  9.40905e+00 | 80  0.14553  9.00903e+00 | 81  0.07542  6.01956e+00
 82  0.12842 -4.56209e+00 | 83  0.00000  1.52649e-29 | 84  0.03194  3.43147e+00
 85 -0.06632  5.30012e+00 | 86 -0.23783  1.26360e-04 | 87  0.10250 -8.68611e+00
 88  0.71628  7.20248e-02 | 89 -0.15493 -1.70774e+00 | 90  0.09894  6.18531e+00
 91 -0.65181 -1.18356e+00 |
91 variables; iteration 40; function evaluation 61; phase 4
Function value 2.3854393e+02; maximum gradient component mag -1.7928e+02
Var    Value     Gradient |Var    Value     Gradient |Var    Value     Gradient
  1  0.05427 -1.79283e+02 |  2 -0.01436  3.60089e+01 |  3 -0.02527  1.49787e+00
  4 -0.02257  1.33782e+00 |  5 -0.01649  4.16471e-01 |  6 -0.01498  7.76184e-01
  7 -0.01552  4.06024e-01 |  8 -0.00521 -1.66378e-01 |  9 -0.00262 -6.72223e-01
 10 -0.00233 -1.57341e+00 | 11 -0.00478 -1.36155e+00 | 12 -0.01247  2.35059e+00
 13 -0.02082  3.39477e+00 | 14 -0.01618  3.02469e+00 | 15 -0.01782  2.95483e+00
 16 -0.01655  2.63363e+00 | 17 -0.01071  2.05257e+00 | 18 -0.01012  1.93265e+00
 19  0.00367  2.78841e+00 | 20  0.01793  3.05845e+00 | 21 -0.01121  2.49666e+00
 22 -0.02588  9.98758e-01 | 23 -0.02053 -5.43654e-01 | 24 -0.01356 -2.14975e+00
 25 -0.00051 -4.64530e+00 | 26  0.00892 -5.55241e+00 | 27 -0.00098 -2.88532e+00
 28  0.01155 -2.54361e+00 | 29  0.02216 -4.24238e+00 | 30  0.01167 -4.10587e+00
 31  0.03488 -3.96032e+00 | 32  0.05677 -6.16855e+00 | 33  0.01477 -4.65600e-01
 34  0.02899 -3.40467e+00 | 35  0.02808 -4.83152e+00 | 36  0.02774 -4.99336e+00
 37  0.03690 -9.05785e+00 | 38  0.01968 -3.81314e+00 | 39 -0.00789 -2.70763e+00
 40 -0.01391 -2.91793e+00 | 41 -0.02083 -3.51545e+00 | 42 -0.00444 -4.79902e+00
 43  0.02910 -4.29941e+00 | 44  0.01445 -1.25669e+00 | 45  0.01207 -5.51135e-02
 46  0.00483 -3.51372e-01 | 47  0.00585 -5.91961e-02 | 48  0.02460 -3.32349e-01
 49 -0.00436  2.08519e+00 | 50 -0.02548  3.40641e+00 | 51 -0.02040  2.84066e+00
 52 -0.00885  2.34434e+00 | 53  0.00074  2.27908e+00 | 54  0.00104  2.19958e+00
 55 -0.01579  2.58828e+00 | 56 -0.03212  2.78970e+00 | 57 -0.02514  3.53001e+00
 58 -0.00944  3.88996e+00 | 59  0.00815  3.28418e+00 | 60 -0.01307  3.15083e+00
 61 -0.00793  4.00261e+00 | 62 -0.01486  4.97551e+00 | 63 -0.00842  4.96401e+00
 64 -0.01294  4.81074e+00 | 65 -0.01368  5.18994e+00 | 66 -0.00211  1.68521e-01
 67 -0.00001  4.21526e-03 | 68  0.00000  0.00000e+00 | 69 -0.77031  3.72740e+01
 70  0.18913 -7.29478e+00 | 71  0.10973  1.50536e+01 | 72  0.18739  3.73614e+01
 73 -0.10555 -5.25728e-04 | 74  0.05750 -2.12361e+00 | 75  0.16660  1.97591e+01
 76  0.08101  5.14851e+01 | 77  0.16484  2.98286e+01 | 78 -0.03567  3.68978e-02
 79 -0.17974  3.62631e+00 | 80  0.14521 -3.08876e+00 | 81  0.07556  3.44077e-01
 82  0.12793  5.71412e+00 | 83  0.00000 -1.92197e-31 | 84  0.03212 -1.27438e+00
 85 -0.06588 -1.01703e+00 | 86 -0.23788  1.45669e-05 | 87  0.10299  6.17079e-01
 88  0.71586 -5.15246e-01 | 89 -0.15506 -2.37775e+00 | 90  0.09870 -1.58807e+00
 91 -0.65281 -4.07396e-01 |
91 variables; iteration 60; function evaluation 92; phase 4
Function value 2.3848607e+02; maximum gradient component mag 3.4985e+01
Var    Value     Gradient |Var    Value     Gradient |Var    Value     Gradient
  1  0.05431  3.49851e+01 |  2 -0.01485  2.96784e+01 |  3 -0.02736  1.22593e-01
  4 -0.02482 -1.24075e-01 |  5 -0.01779 -6.25781e-02 |  6 -0.01659  8.55001e-02
  7 -0.01702 -7.07414e-02 |  8 -0.00653 -3.08036e-01 |  9 -0.00353 -3.37850e-01
 10 -0.00211 -2.51019e-01 | 11 -0.00429 -8.80073e-02 | 12 -0.01531  2.84459e-01
 13 -0.02044  6.06946e-02 | 14 -0.01621 -2.72875e-01 | 15 -0.01854 -2.58087e-01
 16 -0.01697  1.60483e-01 | 17 -0.01040  3.25145e-01 | 18 -0.00956  1.11806e-02
 19  0.00368 -1.18557e-01 | 20  0.01747 -9.00320e-02 | 21 -0.01101  3.14155e-01
 22 -0.02526  6.36390e-02 | 23 -0.02032 -5.62801e-01 | 24 -0.01343 -5.63408e-01
 25 -0.00004 -5.10680e-01 | 26  0.00923 -8.29559e-01 | 27 -0.00095 -5.75081e-01
 28  0.01111 -6.59321e-01 | 29  0.02231 -6.65257e-01 | 30  0.01310 -4.67727e-01
 31  0.03366 -8.69052e-01 | 32  0.05831 -9.23872e-01 | 33  0.01322 -2.32179e-01
 34  0.02916 -6.08401e-01 | 35  0.02866 -5.13011e-01 | 36  0.02679 -4.68133e-01
 37  0.03942 -1.09547e+00 | 38  0.01750 -7.42355e-01 | 39 -0.00766 -1.99656e-01
 40 -0.01397 -1.00897e-01 | 41 -0.02064 -4.00850e-01 | 42 -0.00332 -3.47583e-01
 43  0.02841 -4.97341e-01 | 44  0.01464  2.12259e-01 | 45  0.01176  1.15311e-01
 46  0.00482 -4.12756e-01 | 47  0.00697  7.16110e-01 | 48  0.02433  1.17492e-01
 49 -0.00458  6.41908e-01 | 50 -0.02631  4.55814e-01 | 51 -0.02026  9.37989e-01
 52 -0.00879  7.01547e-01 | 53  0.00027  3.85839e-01 | 54  0.00082  5.62347e-01
 55 -0.01569  8.27357e-01 | 56 -0.03178  7.18686e-01 | 57 -0.02518  8.10868e-01
 58 -0.01003  6.59648e-01 | 59  0.00812  7.81617e-01 | 60 -0.01280  5.53248e-01
 61 -0.00805  7.46737e-01 | 62 -0.01543  7.10334e-01 | 63 -0.00865  5.86491e-01
 64 -0.01310  3.69788e-01 | 65 -0.01428  4.77621e-01 | 66 -0.00236 -6.49996e-02
 67 -0.00002 -7.94459e-03 | 68  0.00000  0.00000e+00 | 69 -0.76992  3.07125e+01
 70  0.19023  3.54241e+00 | 71  0.10929  1.46708e+01 | 72  0.18724  3.44522e+00
 73 -0.10460 -5.20876e-04 | 74  0.05842  1.81824e-01 | 75  0.16620  1.23555e+00
 76  0.08134  1.78620e+01 | 77  0.16429  1.74832e+01 | 78  0.01131  1.63358e-01
 79 -0.18080  3.05971e+00 | 80  0.14616  3.37352e-01 | 81  0.07478  1.08762e+00
 82  0.12814  1.20156e+00 | 83  0.00000  1.99885e-30 | 84  0.03239 -1.20498e-01
 85 -0.06572 -2.71443e-01 | 86 -0.23798  3.94143e-05 | 87  0.10308  4.16364e-01
 88  0.71444 -1.06675e-01 | 89 -0.15386 -3.19687e-01 | 90  0.09937 -5.35043e-01
 91 -0.65179 -3.07669e-02 |
91 variables; iteration 80; function evaluation 125; phase 4
Function value 2.3848144e+02; maximum gradient component mag 2.4562e+01
Var    Value     Gradient |Var    Value     Gradient |Var    Value     Gradient
  1  0.05426  2.01216e+01 |  2 -0.01511  6.43736e+00 |  3 -0.02773 -2.43032e-03
  4 -0.02497  7.06603e-03 |  5 -0.01803  2.71089e-02 |  6 -0.01700  5.86155e-02
  7 -0.01737  2.32278e-02 |  8 -0.00664  9.78784e-02 |  9 -0.00358  1.11256e-01
 10 -0.00221  7.12284e-02 | 11 -0.00450  2.82701e-02 | 12 -0.01589  4.22802e-03
 13 -0.02038 -6.46799e-03 | 14 -0.01593  5.07391e-02 | 15 -0.01836  2.29689e-02
 16 -0.01718 -3.38815e-02 | 17 -0.01072 -1.82761e-02 | 18 -0.00950  1.46007e-02
 19  0.00382  1.06753e-02 | 20  0.01757  2.93884e-02 | 21 -0.01135 -5.38456e-03
 22 -0.02536  1.62821e-02 | 23 -0.02002  3.83980e-02 | 24 -0.01323  1.37499e-01
 25 -0.00024  1.40125e-01 | 26  0.00941  2.24950e-01 | 27 -0.00099  6.74726e-02
 28  0.01141  2.46407e-01 | 29  0.02232  8.45332e-02 | 30  0.01305  1.26284e-01
 31  0.03407  1.97366e-01 | 32  0.05851  2.36012e-01 | 33  0.01310  6.52319e-02
 34  0.02946  1.36528e-01 | 35  0.02860  9.03775e-02 | 36  0.02654  1.31574e-01
 37  0.03979  2.89341e-01 | 38  0.01766  1.52569e-01 | 39 -0.00779  3.43891e-02
 40 -0.01410  6.71425e-02 | 41 -0.02040  1.16993e-01 | 42 -0.00333  5.23282e-02
 43  0.02863  8.30774e-02 | 44  0.01420 -4.18178e-02 | 45  0.01180  5.99410e-02
 46  0.00562 -1.49556e-02 | 47  0.00625 -1.02766e-01 | 48  0.02465 -6.16228e-02
 49 -0.00488 -9.70204e-02 | 50 -0.02617 -8.73006e-02 | 51 -0.02066 -2.56258e-01
 52 -0.00893 -1.68502e-01 | 53  0.00043 -4.90508e-02 | 54  0.00073 -1.54970e-01
 55 -0.01602 -2.58247e-01 | 56 -0.03182 -1.34019e-01 | 57 -0.02531 -1.31619e-01
 58 -0.01008 -1.96975e-01 | 59  0.00788 -2.31773e-01 | 60 -0.01273 -1.11299e-01
 61 -0.00820 -1.51657e-01 | 62 -0.01561 -2.25505e-01 | 63 -0.00872 -1.65983e-01
 64 -0.01298 -8.21965e-02 | 65 -0.01442 -1.46922e-01 | 66 -0.00224  2.09284e-02
 67 -0.00000  7.82921e-03 | 68  0.00000  0.00000e+00 | 69 -0.76987  6.67698e+00
 70  0.19163 -3.19264e-01 | 71  0.10878 -2.06012e+00 | 72  0.18750 -9.40018e-01
 73 -0.10048 -4.99994e-04 | 74  0.05857  1.26986e-02 | 75  0.16525  1.55265e+01
 76  0.08206  2.45625e+01 | 77  0.16385  3.33138e+00 | 78  0.02274  2.54021e-02
 79 -0.18112  7.34212e-01 | 80  0.14656  1.10634e-01 | 81  0.07423 -2.55495e-02
 82  0.12818 -2.79126e-01 | 83  0.00000 -1.15484e-30 | 84  0.03253  4.94910e-02
 85 -0.06569  8.24238e-02 | 86 -0.23833  3.49621e-05 | 87  0.10305 -7.63478e-02
 88  0.71438  2.79336e-02 | 89 -0.15354  7.14940e-02 | 90  0.09969  1.18022e-01
 91 -0.65138  8.73560e-03 |
91 variables; iteration 100; function evaluation 166; phase 4
Function value 2.3848008e+02; maximum gradient component mag 2.3052e+01
Var    Value     Gradient |Var    Value     Gradient |Var    Value     Gradient
  1  0.05430  3.21995e+00 |  2 -0.01511  2.28699e+00 |  3 -0.02765 -4.55992e-02
  4 -0.02489 -5.49447e-02 |  5 -0.01793 -4.57797e-02 |  6 -0.01687 -6.34340e-03
  7 -0.01725 -7.33910e-02 |  8 -0.00652 -3.33281e-02 |  9 -0.00348 -3.89609e-02
 10 -0.00215 -9.55710e-02 | 11 -0.00428  1.47822e-02 | 12 -0.01586 -1.10063e-01
 13 -0.02030  2.88730e-02 | 14 -0.01605 -1.22620e-01 | 15 -0.01822  6.14094e-02
 16 -0.01712 -4.18941e-02 | 17 -0.01069 -4.57777e-02 | 18 -0.00953 -3.88621e-02
 19  0.00380 -5.42955e-02 | 20  0.01760 -9.43373e-02 | 21 -0.01138 -1.20816e-01
 22 -0.02535  9.22886e-04 | 23 -0.02007 -5.26960e-02 | 24 -0.01320  5.01075e-03
 25 -0.00024 -1.13923e-01 | 26  0.00930 -8.69125e-02 | 27 -0.00095 -5.05361e-02
 28  0.01117 -1.35335e-01 | 29  0.02242 -3.00188e-02 | 30  0.01296 -3.42604e-02
 31  0.03395 -6.68842e-02 | 32  0.05838 -9.84463e-02 | 33  0.01310 -3.29363e-02
 34  0.02940 -4.23396e-02 | 35  0.02861 -4.37402e-02 | 36  0.02655 -1.81360e-02
 37  0.03970 -7.18521e-03 | 38  0.01765 -3.10559e-02 | 39 -0.00774 -2.00629e-02
 40 -0.01413 -1.45643e-02 | 41 -0.02048  2.39881e-02 | 42 -0.00337  1.55639e-02
 43  0.02863  1.67894e-02 | 44  0.01428  7.53984e-03 | 45  0.01164 -3.40801e-02
 46  0.00560  4.08069e-02 | 47  0.00628  3.73985e-02 | 48  0.02464  5.94488e-02
 49 -0.00481  7.26980e-02 | 50 -0.02623  1.48333e-03 | 51 -0.02050  9.60279e-02
 52 -0.00888  8.41088e-02 | 53  0.00038  8.10268e-02 | 54  0.00083  1.33856e-01
 55 -0.01588  9.04481e-02 | 56 -0.03182  7.05221e-02 | 57 -0.02531  6.64164e-02
 58 -0.01003  6.92205e-02 | 59  0.00801  1.30808e-01 | 60 -0.01271  1.03692e-01
 61 -0.00821  2.82556e-02 | 62 -0.01545  1.17681e-01 | 63 -0.00876 -1.85070e-03
 64 -0.01297  6.91085e-02 | 65 -0.01439 -1.09194e-02 | 66 -0.00221  3.73121e-02
 67 -0.00000  6.82349e-03 | 68  0.00000  0.00000e+00 | 69 -0.77035  2.43151e+00
 70  0.19057  2.14973e+00 | 71  0.10916  7.37018e+00 | 72  0.18726  2.42725e-02
 73 -0.07069 -3.50303e-04 | 74  0.05848  1.22366e-01 | 75  0.16374  1.51566e+01
 76  0.08310  2.30523e+01 | 77  0.16339  1.25782e+00 | 78 -0.02504 -1.23559e-04
 79 -0.18144  2.15908e-01 | 80  0.14642 -1.62106e-03 | 81  0.07436  4.18184e-02
 82  0.12818  1.22237e-01 | 83  0.00000 -9.52525e-31 | 84  0.03246 -3.88387e-02
 85 -0.06576 -8.58743e-02 | 86 -0.23990 -3.77415e-05 | 87  0.10303  3.94558e-02
 88  0.71445 -1.72444e-02 | 89 -0.15366 -1.17001e-03 | 90  0.09955 -7.36171e-02
 91 -0.65151  3.65877e-02 |
91 variables; iteration 120; function evaluation 188; phase 4
Function value 2.3847910e+02; maximum gradient component mag 5.4748e-01
Var    Value     Gradient |Var    Value     Gradient |Var    Value     Gradient
  1  0.05430 -1.13363e-01 |  2 -0.01512 -4.09857e-02 |  3 -0.02760 -3.40386e-05
  4 -0.02483 -3.35948e-05 |  5 -0.01790  4.23993e-05 |  6 -0.01688 -2.00626e-04
  7 -0.01719 -1.33552e-04 |  8 -0.00652  8.34940e-06 |  9 -0.00348 -2.78542e-04
 10 -0.00207 -1.14517e-04 | 11 -0.00434 -6.77919e-04 | 12 -0.01578 -1.64130e-04
 13 -0.02038 -3.28644e-04 | 14 -0.01595  1.53075e-03 | 15 -0.01831 -1.05303e-03
 16 -0.01708  8.21303e-04 | 17 -0.01067  2.08166e-04 | 18 -0.00957  2.57486e-04
 19  0.00378  1.46202e-04 | 20  0.01764  8.89932e-05 | 21 -0.01131  3.22129e-04
 22 -0.02544 -1.10153e-04 | 23 -0.02008  1.51055e-04 | 24 -0.01321 -5.22058e-04
 25 -0.00017 -1.13674e-04 | 26  0.00925 -8.10732e-04 | 27 -0.00103 -7.85674e-04
 28  0.01126  9.54105e-05 | 29  0.02240 -8.72833e-04 | 30  0.01293 -5.81518e-04
 31  0.03394 -3.17392e-04 | 32  0.05840 -7.75503e-04 | 33  0.01310 -4.97625e-04
 34  0.02940 -4.42790e-04 | 35  0.02862 -2.03832e-04 | 36  0.02654 -4.24490e-04
 37  0.03966 -1.06017e-03 | 38  0.01772 -5.43761e-04 | 39 -0.00770 -3.09785e-04
 40 -0.01412 -3.24764e-04 | 41 -0.02053 -5.64650e-04 | 42 -0.00339  1.91823e-05
 43  0.02866 -6.00765e-04 | 44  0.01422 -3.66665e-04 | 45  0.01169  4.95015e-04
 46  0.00558 -2.26113e-04 | 47  0.00628 -2.00513e-04 | 48  0.02465  7.98897e-05
 49 -0.00483  4.89103e-05 | 50 -0.02617  6.49124e-04 | 51 -0.02053  1.47575e-04
 52 -0.00888  2.70955e-04 | 53  0.00041  4.11636e-04 | 54  0.00082  1.37811e-04
 55 -0.01588  2.79098e-04 | 56 -0.03182  5.79641e-04 | 57 -0.02531  4.60134e-04
 58 -0.01001  7.11319e-04 | 59  0.00800  1.73200e-04 | 60 -0.01273  4.95724e-04
 61 -0.00815  1.02345e-03 | 62 -0.01551 -1.60363e-04 | 63 -0.00871  1.30200e-03
 64 -0.01301 -2.30917e-05 | 65 -0.01433  1.34170e-03 | 66 -0.00226 -3.24105e-04
 67 -0.00001 -1.30922e-04 | 68  0.00000  0.00000e+00 | 69 -0.77071 -4.22680e-02
 70  0.19101 -3.29782e-03 | 71  0.10900 -7.49305e-03 | 72  0.18739  2.26559e-03
 73 -0.00920 -4.54017e-05 | 74  0.05847  1.21051e-04 | 75  0.16213  4.12942e-01
 76  0.08413  5.47484e-01 | 77  0.16283 -2.33263e-02 | 78 -0.13275 -6.64789e-04
 79 -0.18087 -4.73797e-03 | 80  0.14639 -2.63079e-03 | 81  0.07437 -2.73654e-03
 82  0.12817  6.08615e-04 | 83  0.00000 -1.08933e-30 | 84  0.03246 -4.76417e-04
 85 -0.06576 -1.11717e-04 | 86 -0.23952 -1.75842e-05 | 87  0.10303 -5.70415e-05
 88  0.71449 -7.17102e-05 | 89 -0.15369 -3.90547e-04 | 90  0.09954 -1.83387e-04
 91 -0.65153  1.99337e-04 |
91 variables; iteration 140; function evaluation 208; phase 4
Function value 2.3847910e+02; maximum gradient component mag 1.4114e+00
Var    Value     Gradient |Var    Value     Gradient |Var    Value     Gradient
  1  0.05429  1.59263e-01 |  2 -0.01512  9.43700e-02 |  3 -0.02760 -1.50696e-03
  4 -0.02484 -5.82156e-04 |  5 -0.01790  3.52856e-04 |  6 -0.01689 -1.92204e-03
  7 -0.01719  2.29531e-05 |  8 -0.00653 -3.33057e-04 |  9 -0.00348  1.00538e-03
 10 -0.00207  4.46287e-04 | 11 -0.00434 -4.52648e-03 | 12 -0.01579 -2.22605e-03
 13 -0.02038 -4.06254e-04 | 14 -0.01594  5.79885e-03 | 15 -0.01831 -3.42684e-03
 16 -0.01708  5.32105e-04 | 17 -0.01067  1.85664e-04 | 18 -0.00956  1.34518e-03
 19  0.00378 -3.30178e-04 | 20  0.01764 -1.72305e-03 | 21 -0.01131  6.35883e-04
 22 -0.02544 -1.00781e-03 | 23 -0.02008  1.27466e-03 | 24 -0.01321  5.48349e-04
 25 -0.00017  1.85470e-03 | 26  0.00925 -2.04642e-04 | 27 -0.00103 -3.07688e-03
 28  0.01126  5.69700e-03 | 29  0.02239 -2.85207e-03 | 30  0.01293  1.48911e-04
 31  0.03394  2.92157e-03 | 32  0.05840  6.76178e-04 | 33  0.01309 -1.37219e-03
 34  0.02940  8.99953e-04 | 35  0.02862  1.08011e-03 | 36  0.02654  1.12487e-03
 37  0.03967  1.91094e-03 | 38  0.01772  1.06204e-03 | 39 -0.00770 -7.89909e-04
 40 -0.01412 -2.02540e-04 | 41 -0.02053  8.35920e-04 | 42 -0.00339  2.27218e-03
 43  0.02866  1.03866e-04 | 44  0.01422 -2.25352e-03 | 45  0.01170  3.53146e-03
 46  0.00558 -7.64685e-04 | 47  0.00627 -2.89944e-03 | 48  0.02465 -6.08571e-04
 49 -0.00483 -1.37589e-03 | 50 -0.02617  1.56161e-03 | 51 -0.02054 -4.84630e-03
 52 -0.00888 -1.87758e-03 | 53  0.00041  2.03693e-03 | 54  0.00081 -1.85807e-03
 55 -0.01588 -3.62276e-03 | 56 -0.03182  6.83347e-04 | 57 -0.02531 -1.56321e-04
 58 -0.01001 -3.37188e-04 | 59  0.00799 -2.93136e-03 | 60 -0.01273  7.29560e-04
 61 -0.00815  2.34037e-03 | 62 -0.01551 -5.00431e-03 | 63 -0.00871  2.54859e-03
 64 -0.01301  1.93998e-04 | 65 -0.01434  7.59635e-04 | 66 -0.00226 -1.29703e-03
 67 -0.00001  1.47430e-05 | 68  0.00000  0.00000e+00 | 69 -0.77071  1.01045e-01
 70  0.19102 -1.42366e-02 | 71  0.10899 -4.47104e-02 | 72  0.18739 -4.37576e-03
 73  0.01042  5.14246e-05 | 74  0.05847 -1.07532e-03 | 75  0.16214  9.19299e-01
 76  0.08412  1.41143e+00 | 77  0.16283  4.55407e-02 | 78 -0.12416 -6.20629e-04
 79 -0.18088  9.47237e-03 | 80  0.14639 -8.13675e-03 | 81  0.07436 -1.22153e-02
 82  0.12817 -3.92879e-03 | 83  0.00000 -1.11883e-30 | 84  0.03246 -1.41356e-03
 85 -0.06576  7.70573e-04 | 86 -0.23545  1.63508e-04 | 87  0.10303 -2.93602e-03
 88  0.71449 -9.08453e-06 | 89 -0.15369 -4.38753e-04 | 90  0.09954  1.32700e-03
 91 -0.65153  4.86234e-05 |

 - final statistics:
91 variables; iteration 158; function evaluation 227
Function value 2.3848e+02; maximum gradient component mag -4.9345e-06
Exit code = 1;  converg criter 1.0000e-04
Var    Value     Gradient |Var    Value     Gradient |Var    Value     Gradient
  1  0.05430 -4.41385e-06 |  2 -0.01512 -4.82661e-07 |  3 -0.02760 -3.62535e-08
  4 -0.02483 -2.13156e-08 |  5 -0.01790 -2.49297e-08 |  6 -0.01688 -4.47372e-08
  7 -0.01718 -1.39022e-08 |  8 -0.00652 -4.66574e-08 |  9 -0.00348 -7.11393e-08
 10 -0.00207 -6.90769e-08 | 11 -0.00433 -5.99023e-08 | 12 -0.01578 -7.65430e-08
 13 -0.02038 -7.09975e-09 | 14 -0.01595  4.69790e-09 | 15 -0.01831 -1.93415e-08
 16 -0.01708  1.81158e-08 | 17 -0.01067  1.33072e-08 | 18 -0.00957  9.33950e-09
 19  0.00378 -5.86140e-09 | 20  0.01764 -4.15089e-08 | 21 -0.01131  7.52980e-09
 22 -0.02544 -1.57995e-08 | 23 -0.02008 -4.48293e-09 | 24 -0.01321 -1.34149e-08
 25 -0.00017 -4.09395e-08 | 26  0.00924 -6.28758e-08 | 27 -0.00104 -4.75961e-08
 28  0.01126 -2.63983e-08 | 29  0.02240 -4.00476e-08 | 30  0.01293 -1.29281e-08
 31  0.03394 -1.38182e-08 | 32  0.05840 -8.44478e-08 | 33  0.01310 -5.80544e-09
 34  0.02940 -1.11113e-08 | 35  0.02861 -2.50915e-08 | 36  0.02654  4.32419e-09
 37  0.03966 -6.16600e-08 | 38  0.01772 -3.11719e-08 | 39 -0.00770 -1.96076e-08
 40 -0.01412 -3.09123e-08 | 41 -0.02053 -1.27307e-08 | 42 -0.00339  1.26802e-08
 43  0.02866 -3.80009e-08 | 44  0.01422  2.21087e-08 | 45  0.01169 -4.01864e-09
 46  0.00558  6.24965e-09 | 47  0.00628  1.12037e-09 | 48  0.02465  2.71451e-09
 49 -0.00483  1.07429e-08 | 50 -0.02617  3.92523e-08 | 51 -0.02053  4.11907e-08
 52 -0.00888  1.46730e-08 | 53  0.00041  2.52536e-08 | 54  0.00082  2.31931e-08
 55 -0.01588  2.33095e-08 | 56 -0.03182  4.86099e-08 | 57 -0.02531  3.34092e-08
 58 -0.01001  5.02635e-08 | 59  0.00800  3.29255e-08 | 60 -0.01273  3.27971e-08
 61 -0.00815  6.99135e-08 | 62 -0.01551  3.06502e-08 | 63 -0.00871  5.51349e-08
 64 -0.01301  5.76146e-08 | 65 -0.01433  3.79391e-08 | 66 -0.00226 -9.12324e-09
 67 -0.00001  2.82685e-09 | 68  0.00000  0.00000e+00 | 69 -0.77074 -5.11970e-07
 70  0.19100 -1.87057e-06 | 71  0.10900 -4.93445e-06 | 72  0.18739  2.89411e-07
 73  0.00000  2.14327e-10 | 74  0.05847 -1.42881e-07 | 75  0.16204 -1.05392e-06
 76  0.08419 -1.86698e-06 | 77  0.16280 -2.07658e-07 | 78  0.00000 -1.61206e-10
 79 -0.18084 -6.80400e-08 | 80  0.14639 -5.41141e-08 | 81  0.07437 -6.35729e-08
 82  0.12817 -3.78332e-08 | 83  0.00000 -1.08091e-30 | 84  0.03246 -2.39104e-08
 85 -0.06576  1.61552e-08 | 86 -0.23910  2.73961e-10 | 87  0.10303 -4.18456e-08
 88  0.71450 -2.76812e-09 | 89 -0.15369 -2.13085e-08 | 90  0.09954 -1.34343e-09
 91 -0.65153 -3.57847e-08 |
size of file gradfil1.tmp = 0
size of file gradfil2.tmp = 0
size of file varssave.tmp = 0
size of file cmpdiff.tmp = 0
