
Initial statistics: 6 variables; iteration 0; function evaluation 0; phase 1
Function value 6.1384164e+06; maximum gradient component mag -3.7819e+07
Var    Value     Gradient |Var    Value     Gradient |Var    Value     Gradient
  1  0.05168 -3.78186e+07 |  2 -0.01278 -2.17978e+06 |  3  0.00000  2.38361e+00
  4  0.00000 -2.13410e-02 |  5  0.00000  0.00000e+00 |  6 -0.76499  1.85428e+03

Intermediate statistics: 6 variables; iteration 20; function evaluation 38; phase 1
Function value 3.4845693e+02; maximum gradient component mag -5.3427e+03
Var    Value     Gradient |Var    Value     Gradient |Var    Value     Gradient
  1  0.10206 -5.34274e+03 |  2 -0.22229 -1.00894e+03 |  3 1189.985 -1.16167e+01
  4 -496.0395 -2.97409e+01 |  5  0.00000  0.00000e+00 |  6 -0.43859 -2.13012e+02
6 variables; iteration 40; function evaluation 58; phase 1
Function value 3.3699873e+02; maximum gradient component mag 8.7644e+02
Var    Value     Gradient |Var    Value     Gradient |Var    Value     Gradient
  1  0.10698  5.49719e+02 |  2 -0.22764  8.76438e+02 |  3 1190.011  7.68473e+00
  4 -495.9740  1.96067e+01 |  5  0.00000  0.00000e+00 |  6 -0.44082  4.52027e+02
6 variables; iteration 60; function evaluation 86; phase 1
Function value 2.7940394e+02; maximum gradient component mag 2.4885e+01
Var    Value     Gradient |Var    Value     Gradient |Var    Value     Gradient
  1  0.12709  2.48853e+01 |  2 -0.01949  7.49988e+00 |  3 1190.000  6.71493e-02
  4 -495.9998  1.71436e-01 |  5  0.00000  0.00000e+00 |  6 -0.81451  9.74522e+00

 - final statistics:
6 variables; iteration 63; function evaluation 89
Function value 2.7940e+02; maximum gradient component mag 1.8684e+00
Exit code = 1;  converg criter 1.0000e+01
Var    Value     Gradient |Var    Value     Gradient |Var    Value     Gradient
  1  0.12678  1.86839e+00 |  2 -0.01953  8.17300e-01 |  3 1190.000 -3.23608e-02
  4 -496.0001 -8.70111e-02 |  5  0.00000  0.00000e+00 |  6 -0.81403  1.21487e+00

Initial statistics: 60 variables; iteration 0; function evaluation 0; phase 2
Function value 2.7940224e+02; maximum gradient component mag -3.1874e+02
Var    Value     Gradient |Var    Value     Gradient |Var    Value     Gradient
  1  0.12678  1.86839e+00 |  2 -0.01953  8.17300e-01 |  3  0.00000  5.91864e+01
  4  0.00000  5.72632e+01 |  5  0.00000  4.98157e+01 |  6  0.00000  4.26434e+01
  7  0.00000  4.02438e+01 |  8  0.00000  5.13347e+01 |  9  0.00000  6.79890e+01
 10  0.00000  9.38485e+01 | 11  0.00000  1.05403e+02 | 12  0.00000  9.98594e+01
 13  0.00000  8.85807e+01 | 14  0.00000  5.37046e+01 | 15  0.00000  9.40279e-01
 16  0.00000 -4.04467e+01 | 17  0.00000 -8.63373e+01 | 18  0.00000 -1.45677e+02
 19  0.00000 -2.02665e+02 | 20  0.00000 -2.69176e+02 | 21  0.00000 -3.18738e+02
 22  0.00000 -3.08678e+02 | 23  0.00000 -2.96418e+02 | 24  0.00000 -2.96455e+02
 25  0.00000 -2.74813e+02 | 26  0.00000 -2.43171e+02 | 27  0.00000 -1.56692e+02
 28  0.00000 -5.75296e+01 | 29  0.00000  1.64002e+01 | 30  0.00000  5.42267e+01
 31  0.00000  5.02598e+01 | 32  0.00000  2.08522e+01 | 33  0.00000  4.19454e-01
 34  0.00000  6.87670e+00 | 35  0.00000  2.52359e+01 | 36  0.00000  3.82615e+01
 37  0.00000  4.54435e+01 | 38  0.00000  7.82926e+01 | 39  0.00000  1.34016e+02
 40  0.00000  1.48033e+02 | 41  0.00000  1.35042e+02 | 42  0.00000  1.12041e+02
 43  0.00000  1.06071e+02 | 44  0.00000  1.14247e+02 | 45  0.00000  1.52750e+02
 46  0.00000  1.48208e+02 | 47  0.00000  1.15887e+02 | 48  0.00000  7.98524e+01
 49  0.00000  7.52006e+01 | 50  0.00000  7.37361e+01 | 51  0.00000  6.50525e+01
 52  0.00000  4.65437e+01 | 53  0.00000  2.45943e+01 | 54  0.00000  1.17736e+01
 55  0.00000  6.67023e+00 | 56 -0.00027  3.23608e-02 | 57 -0.00012 -8.70111e-02
 58  0.00000  0.00000e+00 | 59 -0.81403  1.21487e+00 | 60  0.09974  7.69615e+01

Intermediate statistics: 60 variables; iteration 20; function evaluation 31; phase 2
Function value 2.3273204e+02; maximum gradient component mag -2.1641e+03
Var    Value     Gradient |Var    Value     Gradient |Var    Value     Gradient
  1  0.09606 -2.16409e+03 |  2  0.03936 -9.45065e+02 |  3 -0.03466 -3.19059e+01
  4 -0.02545 -2.67110e+01 |  5 -0.00951 -1.44381e+01 |  6  0.00899  3.11482e+00
  7  0.02544  2.06743e+01 |  8  0.01939  2.36502e+01 |  9  0.01648  1.68564e+01
 10 -0.00748 -2.14928e+00 | 11 -0.01067 -9.34648e+00 | 12 -0.00362 -8.01627e+00
 13 -0.02082 -1.08518e+01 | 14 -0.00997 -6.58144e-01 | 15  0.02580  8.52832e+00
 16  0.01670 -1.12500e+01 | 17 -0.00238 -3.80390e+01 | 18  0.02589 -5.05591e+01
 19 -0.03156 -5.56511e+01 | 20  0.01061 -2.40079e+01 | 21  0.10232 -8.62837e-01
 22 -0.00238 -3.37651e+01 | 23 -0.04727 -6.36804e+01 | 24  0.05343 -4.67173e+01
 25 -0.00505 -3.61100e+01 | 26  0.08224 -3.45662e+01 | 27  0.00785 -4.82947e+01
 28 -0.04632 -7.16545e+01 | 29 -0.02407 -6.92136e+01 | 30 -0.01753 -5.30296e+01
 31 -0.00569 -2.64472e+01 | 32  0.01418  4.88453e+00 | 33  0.02674  2.44153e+01
 34  0.00944  1.62826e+01 | 35 -0.00533  9.43289e+00 | 36  0.00099  2.26693e+01
 37  0.02434  5.00108e+01 | 38  0.01113  4.63390e+01 | 39 -0.03238  1.49246e+01
 40 -0.02779  2.29785e+01 | 41 -0.00968  5.20996e+01 | 42  0.01177  8.88442e+01
 43  0.01273  9.44645e+01 | 44  0.00763  7.66373e+01 | 45 -0.03468  2.67674e+01
 46 -0.03181  2.36787e+01 | 47 -0.00981  4.22992e+01 | 48  0.02021  6.41981e+01
 49  0.00526  4.32743e+01 | 50 -0.00792  1.53068e+01 | 51 -0.01492 -7.17871e+00
 52 -0.01674 -1.94479e+01 | 53 -0.01502 -1.86917e+01 | 54 -0.01834 -1.21208e+01
 55 -0.01049 -3.91488e+00 | 56 -0.00067 -1.41268e-01 | 57  0.00013  9.92193e-02
 58  0.00000  0.00000e+00 | 59 -0.81434 -1.36004e+03 | 60  0.09819 -3.92723e+01
60 variables; iteration 40; function evaluation 60; phase 2
Function value 2.2086569e+02; maximum gradient component mag -6.2571e+02
Var    Value     Gradient |Var    Value     Gradient |Var    Value     Gradient
  1  0.09620 -6.25707e+02 |  2  0.02134 -2.44705e+02 |  3 -0.00695  1.40459e+01
  4 -0.00887  1.03146e+01 |  5 -0.00574  6.69101e+00 |  6  0.00125  4.49152e+00
  7  0.01200  5.80371e+00 |  8  0.00733  5.06061e+00 |  9  0.00656  7.35604e+00
 10 -0.00863  5.91301e+00 | 11 -0.00983  6.26017e+00 | 12 -0.01143  1.54210e+00
 13 -0.01477  4.06875e+00 | 14 -0.01422 -2.78742e+00 | 15  0.01678 -2.36534e+00
 16  0.00579 -1.28910e+01 | 17  0.00661 -1.14679e+01 | 18  0.01677 -7.07420e+00
 19  0.01138 -2.30100e+00 | 20  0.00200 -1.37274e+01 | 21  0.08241  1.59045e+00
 22 -0.00036 -2.04800e+01 | 23  0.00362 -1.85507e+01 | 24  0.04726 -7.38954e+00
 25  0.00236 -2.29528e+01 | 26  0.06010 -1.78807e+01 | 27 -0.00489 -2.60891e+01
 28 -0.00240 -8.51975e+00 | 29 -0.00921 -5.95260e+00 | 30 -0.01690 -9.44780e+00
 31 -0.00173 -4.08781e+00 | 32 -0.00185 -1.53350e+01 | 33  0.01791 -3.78174e+00
 34  0.00571  7.53868e-01 | 35  0.00247  7.55950e+00 | 36 -0.00559  9.05146e-01
 37  0.01486  8.58174e+00 | 38  0.00336  6.81963e+00 | 39 -0.03092 -1.28781e+00
 40 -0.02720  4.43748e+00 | 41 -0.00804  1.91288e+01 | 42 -0.00166  1.32913e+01
 43 -0.00305  1.13707e+01 | 44 -0.00326  1.27352e+01 | 45 -0.02847  1.13336e+01
 46 -0.02821  6.90609e+00 | 47 -0.02085  2.86688e-01 | 48  0.00774  7.01112e+00
 49 -0.00438  5.25007e+00 | 50 -0.01119  2.30470e+00 | 51 -0.00995  2.04190e+00
 52 -0.01037 -1.09188e+00 | 53 -0.01033 -2.45000e+00 | 54 -0.00957  4.87727e-01
 55 -0.00360  2.50617e+00 | 56 -0.00051 -6.27728e-03 | 57  0.00003  2.39555e-02
 58  0.00000  0.00000e+00 | 59 -0.79910 -3.63687e+02 | 60  0.10374  6.77947e+00
60 variables; iteration 60; function evaluation 91; phase 2
Function value 2.1899740e+02; maximum gradient component mag -2.3824e+02
Var    Value     Gradient |Var    Value     Gradient |Var    Value     Gradient
  1  0.09695 -2.38238e+02 |  2 -0.00017 -1.19786e+02 |  3 -0.01471  1.17284e+00
  4 -0.01184  2.34066e+00 |  5 -0.00783  9.16062e-01 |  6  0.00530  4.46847e+00
  7  0.01124  1.45948e+00 |  8  0.00724  3.37399e-01 |  9  0.00314  8.73274e-02
 10 -0.00702  4.42499e+00 | 11 -0.01069  4.37330e+00 | 12 -0.01051  2.58570e+00
 13 -0.01645  3.30705e+00 | 14 -0.00969  1.96187e+00 | 15  0.00746 -4.86494e+00
 16  0.01152 -5.99209e-01 | 17  0.01000  3.33560e-01 | 18  0.01258 -3.24922e+00
 19  0.00575 -2.85038e+00 | 20  0.02177 -1.39683e+00 | 21  0.06222 -1.25690e+00
 22  0.02023 -1.36209e+00 | 23  0.01590  1.13065e+00 | 24  0.03158  5.00608e-01
 25  0.02102 -2.59486e+00 | 26  0.04671 -6.53312e-01 | 27  0.01449  1.32242e+00
 28 -0.00888  6.59028e-01 | 29 -0.01095  4.66540e+00 | 30 -0.01165  5.28654e+00
 31 -0.01081 -1.36550e+00 | 32  0.00628 -4.88902e-01 | 33  0.01445 -1.32946e+00
 34  0.00388 -3.14491e+00 | 35 -0.00138 -8.26672e-01 | 36 -0.00067 -1.41203e+00
 37  0.01015 -3.47349e+00 | 38 -0.00193 -3.58115e+00 | 39 -0.02223  5.21200e+00
 40 -0.02220  4.30703e+00 | 41 -0.01799 -3.99351e+00 | 42 -0.00302 -7.21477e+00
 43 -0.00445 -8.00734e+00 | 44 -0.00636 -5.16366e+00 | 45 -0.02969  1.80772e+00
 46 -0.03075 -1.36768e+00 | 47 -0.01412  7.69539e-01 | 48  0.00112 -6.07479e+00
 49 -0.00297 -3.24476e-01 | 50 -0.01613 -4.84493e+00 | 51 -0.00671  6.50118e+00
 52 -0.00812  5.15825e+00 | 53 -0.00731  3.17858e+00 | 54 -0.00999  1.26345e-01
 55 -0.00695 -1.45461e+00 | 56  0.00090  1.05729e+00 | 57 -0.00120 -9.06839e-01
 58  0.00000  0.00000e+00 | 59 -0.78141 -1.48016e+02 | 60  0.10315  2.21736e+00
Maximum number of function evaluations exceeded

 - final statistics:
60 variables; iteration 66; function evaluation 100
Function value 2.1887e+02; maximum gradient component mag -1.7030e+02
Exit code = 3;  converg criter 1.0000e+01
Var    Value     Gradient |Var    Value     Gradient |Var    Value     Gradient
  1  0.09697 -1.70302e+02 |  2 -0.00211 -8.91270e+01 |  3 -0.01479  2.74089e-01
  4 -0.01370 -1.52408e-01 |  5 -0.00490  2.44541e+00 |  6  0.00314  1.70318e+00
  7  0.01084  2.67878e-01 |  8  0.00847  7.85708e-01 |  9  0.00438  1.97486e-01
 10 -0.00932  8.84306e-01 | 11 -0.01039  2.80664e+00 | 12 -0.01023  1.17217e+00
 13 -0.01707  1.62918e+00 | 14 -0.01094  6.25418e-01 | 15  0.00947 -2.87902e+00
 16  0.01120 -5.29407e-01 | 17  0.00901 -6.05337e-01 | 18  0.01298 -2.73527e+00
 19  0.00611 -1.99109e+00 | 20  0.02259 -5.87155e-01 | 21  0.06092 -2.10171e+00
 22  0.02160 -1.04291e+00 | 23  0.01503  1.48785e-01 | 24  0.03097  2.20382e-01
 25  0.02212 -9.83492e-01 | 26  0.04598  1.26065e+00 | 27  0.01591  4.16243e+00
 28 -0.00827  2.06709e+00 | 29 -0.01220  3.47378e+00 | 30 -0.01294  3.92870e+00
 31 -0.00955  1.45415e-01 | 32  0.00622  3.73034e-01 | 33  0.01414 -7.41208e-01
 34  0.00437 -2.21559e+00 | 35 -0.00204 -8.56453e-01 | 36  0.00006 -2.29970e-01
 37  0.00896 -3.39187e+00 | 38  0.00053 -1.21718e+00 | 39 -0.02430  2.45067e+00
 40 -0.02370  1.90544e+00 | 41 -0.01753 -3.24791e+00 | 42 -0.00246 -4.83880e+00
 43 -0.00383 -5.29588e+00 | 44 -0.00593 -3.39951e+00 | 45 -0.03132  4.19207e-01
 46 -0.02967 -2.69436e-02 | 47 -0.01544  4.86289e-01 | 48  0.00307 -2.92820e+00
 49 -0.00479 -1.55312e-01 | 50 -0.01227 -9.18537e-01 | 51 -0.00975  2.95822e+00
 52 -0.00893  3.01784e+00 | 53 -0.00690  2.78432e+00 | 54 -0.00965  3.40966e-01
 55 -0.00512  5.33145e-02 | 56 -0.00188 -1.05666e+00 | 57 -0.00130 -9.84009e-01
 58  0.00000  0.00000e+00 | 59 -0.77963 -1.09006e+02 | 60  0.10294  1.87665e-01

Initial statistics: 81 variables; iteration 0; function evaluation 0; phase 3
Function value 2.1886734e+02; maximum gradient component mag -3.8746e+02
Var    Value     Gradient |Var    Value     Gradient |Var    Value     Gradient
  1  0.09697 -1.70302e+02 |  2 -0.00211 -8.91270e+01 |  3 -0.01479  2.75694e-01
  4 -0.01370 -1.50802e-01 |  5 -0.00490  2.44702e+00 |  6  0.00314  1.70478e+00
  7  0.01084  2.69484e-01 |  8  0.00847  7.87314e-01 |  9  0.00438  1.99092e-01
 10 -0.00932  8.85912e-01 | 11 -0.01039  2.80824e+00 | 12 -0.01023  1.17378e+00
 13 -0.01707  1.63079e+00 | 14 -0.01094  6.27024e-01 | 15  0.00947 -2.87741e+00
 16  0.01120 -5.27801e-01 | 17  0.00901 -6.03731e-01 | 18  0.01298 -2.73366e+00
 19  0.00611 -1.98948e+00 | 20  0.02259 -5.85550e-01 | 21  0.06092 -2.10011e+00
 22  0.02160 -1.04131e+00 | 23  0.01503  1.50391e-01 | 24  0.03097  2.21986e-01
 25  0.02212 -9.81887e-01 | 26  0.04598  1.26225e+00 | 27  0.01591  4.16404e+00
 28 -0.00827  2.06870e+00 | 29 -0.01220  3.47539e+00 | 30 -0.01294  3.93030e+00
 31 -0.00955  1.47021e-01 | 32  0.00622  3.74640e-01 | 33  0.01414 -7.39603e-01
 34  0.00437 -2.21398e+00 | 35 -0.00204 -8.54847e-01 | 36  0.00006 -2.28364e-01
 37  0.00896 -3.39026e+00 | 38  0.00054 -1.21558e+00 | 39 -0.02430  2.45228e+00
 40 -0.02370  1.90705e+00 | 41 -0.01753 -3.24631e+00 | 42 -0.00246 -4.83719e+00
 43 -0.00383 -5.29427e+00 | 44 -0.00593 -3.39790e+00 | 45 -0.03132  4.20811e-01
 46 -0.02967 -2.53392e-02 | 47 -0.01544  4.87894e-01 | 48  0.00307 -2.92660e+00
 49 -0.00479 -1.53706e-01 | 50 -0.01227 -9.16931e-01 | 51 -0.00975  2.95982e+00
 52 -0.00893  3.01944e+00 | 53 -0.00690  2.78593e+00 | 54 -0.00965  3.42572e-01
 55 -0.00512  5.49206e-02 | 56 -0.00188 -1.05666e+00 | 57 -0.00130 -9.84009e-01
 58  0.00000  0.00000e+00 | 59 -0.77963 -1.09006e+02 | 60  0.20375 -1.08724e+02
 61  0.10430 -1.79155e+02 | 62  0.18961  9.48387e+01 | 63  0.00000 -2.11660e-12
 64  0.06326 -1.51686e+01 | 65  0.17418 -2.98006e+02 | 66  0.07530 -3.87457e+02
 67  0.16633 -2.92369e+01 | 68  0.00000 -3.86166e-03 | 69 -0.17934 -1.34242e+01
 70  0.14683 -4.79070e+01 | 71  0.07387 -1.04702e+01 | 72  0.12880  6.36346e+01
 73  0.00000 -3.68810e-29 | 74  0.03253 -3.11189e+01 | 75 -0.06289 -1.06759e+01
 76 -0.23700 -3.46539e-04 | 77  0.10401  1.37438e+01 | 78  0.70672 -2.02482e+00
 79 -0.14795 -8.48132e+00 | 80  0.10294  1.87665e-01 | 81 -0.65136 -6.89629e+00

Intermediate statistics: 81 variables; iteration 20; function evaluation 23; phase 3
Function value 2.1726400e+02; maximum gradient component mag -4.4931e+02
Var    Value     Gradient |Var    Value     Gradient |Var    Value     Gradient
  1  0.08862 -4.49309e+02 |  2 -0.01040 -2.82609e+01 |  3 -0.01731  2.81127e+00
  4 -0.01540  3.80137e+00 |  5 -0.01060  3.98545e+00 |  6 -0.00148  4.50855e+00
  7  0.00928  4.07257e+00 |  8  0.00719  2.77902e+00 |  9  0.00429  2.07831e+00
 10 -0.01047  2.63310e+00 | 11 -0.01263  3.04585e+00 | 12 -0.00972  4.80952e+00
 13 -0.01976  5.44280e+00 | 14 -0.01363  4.78472e+00 | 15  0.01581  3.43028e+00
 16  0.01488  1.74322e+00 | 17  0.01271  2.70667e+00 | 18  0.01812  4.78782e+00
 19  0.00739  6.08679e+00 | 20  0.02159  5.57527e+00 | 21  0.06670  3.13890e+00
 22  0.02380  2.63039e+00 | 23  0.01565  9.61454e-01 | 24  0.03106 -2.13659e+00
 25  0.02344 -3.98638e+00 | 26  0.04706 -1.43413e+01 | 27  0.01224 -1.44634e+01
 28 -0.00661 -1.29858e+01 | 29 -0.01111 -1.54044e+01 | 30 -0.01244 -1.62667e+01
 31 -0.00329 -1.48506e+01 | 32  0.00915 -1.44705e+01 | 33  0.01371 -1.11250e+01
 34  0.00568 -6.72333e+00 | 35 -0.00141 -5.32484e+00 | 36 -0.00070 -5.61857e+00
 37  0.01280 -5.61407e+00 | 38  0.00070 -4.25837e+00 | 39 -0.02764 -1.73632e+00
 40 -0.02620 -5.55449e-01 | 41 -0.01497  1.31555e+00 | 42 -0.00160  2.21923e+00
 43 -0.00467  4.26003e+00 | 44 -0.00763  4.56810e+00 | 45 -0.03425  4.18933e+00
 46 -0.03029  4.35017e+00 | 47 -0.01808  4.78806e+00 | 48  0.00434  5.84493e+00
 49 -0.00733  5.15014e+00 | 50 -0.01107  4.98420e+00 | 51 -0.01137  3.71674e+00
 52 -0.00890  4.60331e+00 | 53 -0.00845  6.19040e+00 | 54 -0.01095  7.38422e+00
 55 -0.00761  6.70619e+00 | 56 -0.00005  3.56438e-01 | 57  0.00037  2.76647e-01
 58  0.00000  0.00000e+00 | 59 -0.75199 -2.30074e+01 | 60  0.24145 -6.52398e+01
 61  0.08916 -2.21825e-02 | 62  0.19500  2.02114e+02 | 63 -0.00000 -4.81769e-17
 64  0.08508 -4.15861e+00 | 65  0.18887 -1.60569e+01 | 66  0.06297  1.16686e-01
 67  0.16757  4.98600e+01 | 68 -0.00001 -3.96570e-08 | 69 -0.16814 -2.34135e+00
 70  0.15530  3.01517e+01 | 71  0.06817  6.51006e+01 | 72  0.12861  6.40169e+01
 73  0.00000  4.29556e-14 | 74  0.04421  2.91965e+00 | 75 -0.06012 -3.25472e+01
 76 -0.23700 -9.55259e-04 | 77  0.10387  3.06658e+01 | 78  0.70321 -2.41138e+00
 79 -0.13562 -8.28251e+00 | 80  0.11487 -1.23903e+01 | 81 -0.63834  3.65740e+00
81 variables; iteration 40; function evaluation 47; phase 3
Function value 2.1673659e+02; maximum gradient component mag 9.1657e+01
Var    Value     Gradient |Var    Value     Gradient |Var    Value     Gradient
  1  0.08821 -5.12092e+01 |  2 -0.00788 -3.98024e+01 |  3 -0.01785 -3.55594e+00
  4 -0.01664 -3.75359e+00 |  5 -0.01107 -3.57322e+00 |  6 -0.00206 -3.27463e+00
  7  0.00826 -3.69782e+00 |  8  0.00802 -3.15948e+00 |  9  0.00437 -3.49025e+00
 10 -0.01111 -3.61921e+00 | 11 -0.01217 -3.38437e+00 | 12 -0.01024 -3.63634e+00
 13 -0.02074 -3.08869e+00 | 14 -0.01390 -1.29473e+00 | 15  0.01531  1.02216e+00
 16  0.01687  3.07795e+00 | 17  0.01394  2.05564e+00 | 18  0.01755  1.16906e+00
 19  0.00615  5.82117e-01 | 20  0.02131  1.48169e+00 | 21  0.06657  3.13770e+00
 22  0.02276  1.77177e+00 | 23  0.01611  3.17245e+00 | 24  0.03265  4.46530e+00
 25  0.01893  9.24775e-01 | 26  0.04871  6.09870e+00 | 27  0.01285  3.57552e+00
 28 -0.00681  3.97592e+00 | 29 -0.00925  6.12546e+00 | 30 -0.00884  7.46119e+00
 31 -0.00391  4.74721e+00 | 32  0.01029  5.00934e+00 | 33  0.01409  4.39720e+00
 34  0.00422  2.68313e+00 | 35 -0.00076  2.70289e+00 | 36  0.00082  2.36306e+00
 37  0.01158  1.56240e+00 | 38  0.00174  2.30638e+00 | 39 -0.02637  4.68731e-01
 40 -0.02578 -2.58255e+00 | 41 -0.01648 -5.64882e+00 | 42 -0.00246 -5.74567e+00
 43 -0.00550 -2.71044e+00 | 44 -0.00767 -1.49820e-01 | 45 -0.03345  6.26864e-02
 46 -0.02992 -1.50584e+00 | 47 -0.01816 -3.50295e+00 | 48  0.00267 -5.39638e+00
 49 -0.00749 -3.83124e+00 | 50 -0.01161 -2.17751e+00 | 51 -0.00968 -7.03820e-02
 52 -0.00743  4.64634e-01 | 53 -0.00803 -1.90020e-01 | 54 -0.01219 -1.20885e+00
 55 -0.00803 -5.83176e-01 | 56 -0.00076 -1.75669e-01 | 57 -0.00032 -2.43527e-01
 58  0.00000  0.00000e+00 | 59 -0.75224 -4.01131e+01 | 60  0.26529 -2.26459e+01
 61  0.07972  7.36686e-03 | 62  0.19935  9.16573e+01 | 63  0.00000  1.10609e-15
 64  0.08023 -1.34760e+00 | 65  0.18888  1.30595e+01 | 66  0.06292 -8.46864e-01
 67  0.16553 -3.07791e+01 | 68  0.00190  9.39857e-06 | 69 -0.16984 -3.86299e+00
 70  0.15837  1.74793e+01 | 71  0.06460  2.53427e+01 | 72  0.12845  5.64323e+00
 73  0.00000  3.31698e-11 | 74  0.04074 -1.11473e+01 | 75 -0.05429 -5.66890e+00
 76 -0.23671 -4.50247e-04 | 77  0.10639  8.96122e+00 | 78  0.67910 -7.37305e-01
 79 -0.12997 -1.12931e+00 | 80  0.11846  1.11982e+01 | 81 -0.63607 -4.12659e+00
81 variables; iteration 60; function evaluation 75; phase 3
Function value 2.1653340e+02; maximum gradient component mag -1.3490e+02
Var    Value     Gradient |Var    Value     Gradient |Var    Value     Gradient
  1  0.08690 -1.34897e+02 |  2 -0.00858 -5.89003e+01 |  3 -0.01758  1.30644e+00
  4 -0.01657  1.11481e+00 |  5 -0.01179  7.74429e-01 |  6 -0.00387  2.69849e-01
  7  0.00765  5.89123e-01 |  8  0.00687  2.71847e-01 |  9  0.00471  1.07793e+00
 10 -0.01150  3.37120e-01 | 11 -0.01227  6.47336e-01 | 12 -0.01027  2.30300e-01
 13 -0.02076 -1.25889e-01 | 14 -0.01366  8.55056e-04 | 15  0.01517 -1.74354e+00
 16  0.01782 -5.53299e-01 | 17  0.01386 -1.41440e+00 | 18  0.01912 -4.67265e-01
 19  0.00645 -9.88487e-01 | 20  0.01999 -1.78029e+00 | 21  0.06772 -1.64764e+00
 22  0.02462 -5.43474e-01 | 23  0.01481 -1.89548e+00 | 24  0.03165 -1.68586e+00
 25  0.02121 -2.14664e+00 | 26  0.04665 -2.41298e+00 | 27  0.01458 -9.49583e-01
 28 -0.00626 -1.13914e+00 | 29 -0.01005 -1.83019e+00 | 30 -0.00955 -6.68960e-01
 31 -0.00161 -8.61124e-02 | 32  0.01077 -3.20307e-01 | 33  0.01336  9.10993e-02
 34  0.00438  3.63822e-01 | 35 -0.00043  8.06786e-01 | 36  0.00065  2.12029e-01
 37  0.01253  2.32887e-01 | 38  0.00021  3.87896e-01 | 39 -0.02638  2.02640e+00
 40 -0.02520  1.64780e+00 | 41 -0.01504  9.93669e-01 | 42 -0.00136  1.31998e+00
 43 -0.00596  1.52295e+00 | 44 -0.00903  1.26272e+00 | 45 -0.03490  3.19766e-01
 46 -0.02985  8.75661e-01 | 47 -0.01769  1.13151e+00 | 48  0.00337  9.53037e-01
 49 -0.00766  6.53647e-01 | 50 -0.01122  9.04697e-01 | 51 -0.01006  6.83722e-01
 52 -0.00754  4.40929e-01 | 53 -0.00875 -2.44418e-01 | 54 -0.01237  6.98843e-02
 55 -0.00880  5.05358e-01 | 56 -0.00056 -4.58461e-02 | 57 -0.00000 -1.89661e-03
 58  0.00000  0.00000e+00 | 59 -0.74735 -5.78288e+01 | 60  0.27657 -3.85336e+00
 61  0.07513  9.76685e-01 | 62  0.19994  1.38870e+01 | 63  0.00000  6.01386e-15
 64  0.08289 -9.39971e-02 | 65  0.19325  2.31142e+01 | 66  0.05900 -5.74443e-01
 67  0.16606 -4.31474e+01 | 68  0.00516  2.54647e-05 | 69 -0.16657 -4.85130e+00
 70  0.16210  4.89733e+01 | 71  0.06018  3.99875e+01 | 72  0.12899 -6.98469e+00
 73  0.00000  1.28658e-10 | 74  0.04408  8.41178e-01 | 75 -0.05324  6.75611e-01
 76 -0.23581 -3.23907e-04 | 77  0.10608 -1.47659e+00 | 78  0.67877 -7.61397e-02
 79 -0.12785 -3.78584e-01 | 80  0.11986  8.89032e-01 | 81 -0.63514 -5.33056e-01
Maximum number of function evaluations exceeded

 - final statistics:
81 variables; iteration 77; function evaluation 100
Function value 2.1648e+02; maximum gradient component mag -8.9585e+01
Exit code = 3;  converg criter 1.0000e+00
Var    Value     Gradient |Var    Value     Gradient |Var    Value     Gradient
  1  0.08661 -8.95851e+01 |  2 -0.00933 -4.24455e+01 |  3 -0.01835 -1.36433e-01
  4 -0.01733 -2.01682e-01 |  5 -0.01211  1.56826e-01 |  6 -0.00390  2.10515e-01
  7  0.00785  7.45444e-01 |  8  0.00724  2.66193e-01 |  9  0.00371 -1.26718e-01
 10 -0.01093  2.61556e-01 | 11 -0.01265 -1.43408e-01 | 12 -0.01020  4.01171e-01
 13 -0.02026  1.23013e+00 | 14 -0.01529 -5.26951e-02 | 15  0.01726  1.12618e+00
 16  0.01693 -6.58032e-01 | 17  0.01394 -1.13489e+00 | 18  0.01909  7.83691e-01
 19  0.00712  1.09352e+00 | 20  0.02038 -8.92903e-02 | 21  0.06791 -4.88667e-01
 22  0.02345 -8.95961e-01 | 23  0.01624 -4.85685e-01 | 24  0.03042 -9.07139e-01
 25  0.02319  4.81375e-01 | 26  0.04658 -1.28270e+00 | 27  0.01312 -1.94626e+00
 28 -0.00642 -1.34863e+00 | 29 -0.00777 -3.73536e-03 | 30 -0.01063 -2.03345e+00
 31 -0.00146 -6.78812e-01 | 32  0.01058 -7.17186e-01 | 33  0.01428  5.62190e-01
 34  0.00370 -8.46210e-01 | 35 -0.00110 -2.65244e-01 | 36  0.00165  7.96331e-01
 37  0.01222  2.00015e-01 | 38  0.00194  1.25673e+00 | 39 -0.02934 -2.01379e+00
 40 -0.02488  8.67230e-01 | 41 -0.01433  1.29934e+00 | 42 -0.00107  1.60745e+00
 43 -0.00633  9.80648e-01 | 44 -0.00943  2.43524e-01 | 45 -0.03462 -1.30333e-01
 46 -0.02989  8.61888e-02 | 47 -0.01833  1.10955e-01 | 48  0.00375  1.17864e+00
 49 -0.00727  7.89645e-01 | 50 -0.01150 -3.06425e-02 | 51 -0.01069 -7.53981e-01
 52 -0.00728  1.60837e-02 | 53 -0.00840 -8.73659e-02 | 54 -0.01145  8.60608e-01
 55 -0.00918  1.02916e-01 | 56 -0.00047  1.68824e-02 | 57 -0.00010 -7.51731e-02
 58  0.00000  0.00000e+00 | 59 -0.74376 -4.02230e+01 | 60  0.27878  5.36863e+00
 61  0.07427  4.36840e+00 | 62  0.19989 -1.35562e+01 | 63  0.00000  1.35568e-14
 64  0.08234 -3.59279e-01 | 65  0.19902  1.51589e+01 | 66  0.05387 -1.35328e-02
 67  0.16779 -2.57381e+01 | 68  0.00783  3.86181e-05 | 69 -0.17080 -4.20415e+00
 70  0.16388  1.48362e+01 | 71  0.05737  1.33210e+01 | 72  0.12952 -3.09149e+00
 73  0.00000  3.00723e-10 | 74  0.04464  1.66803e+00 | 75 -0.05312  1.89708e+00
 76 -0.23401 -2.15750e-04 | 77  0.10600 -3.05196e+00 | 78  0.67900  2.97777e-01
 79 -0.12701  8.30998e-01 | 80  0.12037  2.35805e-01 | 81 -0.63486 -2.91659e-01

Initial statistics: 91 variables; iteration 0; function evaluation 0; phase 4
Function value 2.1648369e+02; maximum gradient component mag -8.9585e+01
Var    Value     Gradient |Var    Value     Gradient |Var    Value     Gradient
  1  0.08661 -8.95851e+01 |  2 -0.00933 -4.24455e+01 |  3  0.00000  2.26386e+01
  4  0.00000  1.62069e+01 |  5  0.00000  1.18534e+01 |  6  0.00000  1.05297e+01
  7  0.00000  3.02824e+00 |  8  0.00000 -3.89948e+00 |  9  0.00000 -2.50592e+00
 10  0.00000 -1.91988e+00 | 11  0.00000  9.25579e+00 | 12  0.00000  1.56596e+01
 13 -0.01835 -1.41103e-01 | 14 -0.01733 -2.06353e-01 | 15 -0.01211  1.52154e-01
 16 -0.00390  2.05842e-01 | 17  0.00785  7.40772e-01 | 18  0.00724  2.61521e-01
 19  0.00371 -1.31391e-01 | 20 -0.01093  2.56884e-01 | 21 -0.01265 -1.48080e-01
 22 -0.01020  3.96499e-01 | 23 -0.02026  1.22546e+00 | 24 -0.01529 -5.73665e-02
 25  0.01726  1.12151e+00 | 26  0.01693 -6.62703e-01 | 27  0.01394 -1.13956e+00
 28  0.01909  7.79021e-01 | 29  0.00712  1.08884e+00 | 30  0.02038 -9.39607e-02
 31  0.06791 -4.93313e-01 | 32  0.02345 -9.00631e-01 | 33  0.01624 -4.90356e-01
 34  0.03042 -9.11807e-01 | 35  0.02319  4.76705e-01 | 36  0.04658 -1.28736e+00
 37  0.01312 -1.95094e+00 | 38 -0.00642 -1.35330e+00 | 39 -0.00777 -8.40775e-03
 40 -0.01063 -2.03812e+00 | 41 -0.00146 -6.83485e-01 | 42  0.01058 -7.21858e-01
 43  0.01428  5.57518e-01 | 44  0.00370 -8.50883e-01 | 45 -0.00110 -2.69917e-01
 46  0.00165  7.91658e-01 | 47  0.01222  1.95343e-01 | 48  0.00194  1.25205e+00
 49 -0.02934 -2.01845e+00 | 50 -0.02488  8.62561e-01 | 51 -0.01433  1.29467e+00
 52 -0.00107  1.60278e+00 | 53 -0.00633  9.75975e-01 | 54 -0.00943  2.38851e-01
 55 -0.03462 -1.34998e-01 | 56 -0.02989  8.15212e-02 | 57 -0.01833  1.06284e-01
 58  0.00375  1.17397e+00 | 59 -0.00727  7.84973e-01 | 60 -0.01150 -3.53145e-02
 61 -0.01069 -7.58653e-01 | 62 -0.00728  1.14113e-02 | 63 -0.00840 -9.20383e-02
 64 -0.01145  8.55936e-01 | 65 -0.00918  9.82442e-02 | 66 -0.00047  1.68824e-02
 67 -0.00010 -7.51731e-02 | 68  0.00000  0.00000e+00 | 69 -0.74376 -4.02230e+01
 70  0.27878  5.36863e+00 | 71  0.07427  4.36840e+00 | 72  0.19989 -1.35562e+01
 73  0.00000  1.35568e-14 | 74  0.08234 -3.59279e-01 | 75  0.19902  1.51589e+01
 76  0.05387 -1.35328e-02 | 77  0.16779 -2.57381e+01 | 78  0.00783  3.86181e-05
 79 -0.17080 -4.20415e+00 | 80  0.16388  1.48362e+01 | 81  0.05737  1.33210e+01
 82  0.12952 -3.09149e+00 | 83  0.00000  3.00723e-10 | 84  0.04464  1.66803e+00
 85 -0.05312  1.89708e+00 | 86 -0.23401 -2.15750e-04 | 87  0.10600 -3.05196e+00
 88  0.67900  2.97777e-01 | 89 -0.12701  8.30998e-01 | 90  0.12037  2.35805e-01
 91 -0.63486 -2.91659e-01 |

Intermediate statistics: 91 variables; iteration 20; function evaluation 28; phase 4
Function value 2.1595311e+02; maximum gradient component mag -7.6788e+01
Var    Value     Gradient |Var    Value     Gradient |Var    Value     Gradient
  1  0.08621 -7.67878e+01 |  2 -0.00936 -2.23581e+01 |  3 -0.01458  9.28943e+00
  4 -0.00995  7.46351e+00 |  5 -0.00672  6.30124e+00 |  6 -0.00641  6.00474e+00
  7 -0.00122  3.77444e+00 |  8  0.00498  2.09793e+00 |  9  0.00371  3.24770e+00
 10  0.00516  4.49440e+00 | 11 -0.00169  9.04407e+00 | 12 -0.00542  1.14602e+01
 13 -0.01415  6.04416e+00 | 14 -0.01602  4.96135e+00 | 15 -0.01279  4.38112e+00
 16 -0.00457  4.38186e+00 | 17  0.00742  4.91085e+00 | 18  0.00756  4.73060e+00
 19  0.00408  4.39548e+00 | 20 -0.01101  3.79297e+00 | 21 -0.01225  3.13388e+00
 22 -0.01016  2.45953e+00 | 23 -0.02114  1.41220e+00 | 24 -0.01511 -3.57680e-01
 25  0.01662 -2.05248e+00 | 26  0.01780 -2.91303e+00 | 27  0.01489 -2.86217e+00
 28  0.01825 -3.75650e+00 | 29  0.00646 -4.05604e+00 | 30  0.02082 -5.97248e+00
 31  0.06702 -1.13662e+01 | 32  0.02379 -6.91626e+00 | 33  0.01570 -6.12165e+00
 34  0.03054 -6.83043e+00 | 35  0.02187 -5.34187e+00 | 36  0.04611 -7.68233e+00
 37  0.01325 -4.96769e+00 | 38 -0.00656 -2.86540e+00 | 39 -0.00863 -1.08041e+00
 40 -0.00922  2.89796e-01 | 41 -0.00095  2.54101e+00 | 42  0.01134  3.67838e+00
 43  0.01334  3.45494e+00 | 44  0.00421  1.68780e+00 | 45 -0.00089  1.32893e+00
 46  0.00133  1.23914e+00 | 47  0.01245  5.55997e-01 | 48  0.00064  6.05002e-01
 49 -0.02820 -2.12819e-01 | 50 -0.02541  7.57272e-01 | 51 -0.01446  8.84977e-01
 52 -0.00135  8.55030e-01 | 53 -0.00697  4.09249e-01 | 54 -0.01024 -3.82368e-01
 55 -0.03501 -3.63935e-01 | 56 -0.03009 -6.55071e-02 | 57 -0.01827  5.10193e-01
 58  0.00317  1.34285e+00 | 59 -0.00758  1.33692e+00 | 60 -0.01164  6.68916e-01
 61 -0.01048  1.48728e-01 | 62 -0.00744  4.99206e-01 | 63 -0.00800  1.05981e+00
 64 -0.01153  1.71485e+00 | 65 -0.00848  1.42670e+00 | 66 -0.00048  8.64763e-03
 67 -0.00003 -2.32113e-02 | 68  0.00000  0.00000e+00 | 69 -0.73936 -2.21315e+01
 70  0.28403  1.86990e+01 | 71  0.06992  1.67102e+01 | 72  0.20052 -6.79632e+00
 73  0.00000  1.35568e-14 | 74  0.08546  7.83115e-01 | 75  0.20984  3.87303e+00
 76  0.05406  1.56414e-02 | 77  0.17088  4.20987e+00 | 78  0.00782  3.86172e-05
 79 -0.17074 -2.16340e+00 | 80  0.16601  6.87247e+01 | 81  0.05486  4.92820e+01
 82  0.13017  7.83687e+00 | 83  0.00000  3.00717e-10 | 84  0.04627  6.53748e+00
 85 -0.05174  1.55748e+01 | 86 -0.23400  1.23683e-04 | 87  0.10599 -1.90108e+01
 88  0.67860  1.59202e+00 | 89 -0.12589  2.77112e+00 | 90  0.12227  6.87028e+00
 91 -0.63426 -3.47250e+00 |
91 variables; iteration 40; function evaluation 50; phase 4
Function value 2.1577684e+02; maximum gradient component mag -6.0699e+01
Var    Value     Gradient |Var    Value     Gradient |Var    Value     Gradient
  1  0.08604 -6.06989e+01 |  2 -0.00962 -1.90058e+01 |  3 -0.02248 -3.43479e-02
  4 -0.01524  1.97794e-02 |  5 -0.01073 -3.39056e-01 |  6 -0.00982  1.26211e-01
  7 -0.00174  1.74672e-01 |  8  0.00513 -1.76453e+00 |  9  0.00459 -1.06424e+00
 10  0.00509 -2.48713e+00 | 11 -0.00504 -1.82650e+00 | 12 -0.01051 -9.86775e-01
 13 -0.01255  3.53938e-02 | 14 -0.01570 -7.62906e-02 | 15 -0.01343 -7.73300e-01
 16 -0.00489 -1.10081e+00 | 17  0.00792 -1.01470e+00 | 18  0.00846 -1.07699e+00
 19  0.00434 -1.25428e+00 | 20 -0.01102 -7.70151e-01 | 21 -0.01171 -4.97544e-01
 22 -0.01000 -8.60934e-01 | 23 -0.02203 -1.07344e+00 | 24 -0.01547 -5.31969e-01
 25  0.01713  4.91919e-01 | 26  0.01821 -4.19157e-01 | 27  0.01482 -1.19453e+00
 28  0.01828 -4.27910e-01 | 29  0.00665  1.65118e-01 | 30  0.02128 -1.27433e-01
 31  0.06719 -1.03338e+00 | 32  0.02444 -3.89791e-01 | 33  0.01574 -4.09591e-01
 34  0.03095 -2.58803e-01 | 35  0.02147 -3.06023e-01 | 36  0.04596 -2.45101e-01
 37  0.01324  4.51980e-01 | 38 -0.00610  1.50868e+00 | 39 -0.00825  1.94746e+00
 40 -0.00939  3.21923e-01 | 41 -0.00148 -2.54782e-01 | 42  0.01057 -2.96652e-01
 43  0.01322  1.22646e+00 | 44  0.00436  8.96966e-01 | 45 -0.00141  5.00715e-02
 46  0.00105  2.66679e-01 | 47  0.01243  4.87693e-01 | 48  0.00088  1.06001e+00
 49 -0.02772 -1.68651e-01 | 50 -0.02617 -1.13421e+00 | 51 -0.01526 -1.28091e+00
 52 -0.00183 -1.63218e-02 | 53 -0.00689  1.58646e+00 | 54 -0.00988  1.95737e+00
 55 -0.03487  9.98365e-01 | 56 -0.03020  7.07120e-01 | 57 -0.01826  1.49464e+00
 58  0.00321  2.62291e+00 | 59 -0.00761  1.69466e+00 | 60 -0.01178  7.65475e-02
 61 -0.01104 -1.59953e+00 | 62 -0.00806 -1.71662e+00 | 63 -0.00824 -7.78497e-01
 64 -0.01158  3.68609e-01 | 65 -0.00883 -2.45665e-02 | 66 -0.00051 -8.45935e-04
 67 -0.00003 -2.44576e-02 | 68  0.00000  0.00000e+00 | 69 -0.73592 -1.64665e+01
 70  0.28763  4.25525e+00 | 71  0.06514  8.54580e+00 | 72  0.20113  2.19064e+01
 73  0.00000  1.34941e-14 | 74  0.08691  3.56957e-01 | 75  0.21518  7.93726e+00
 76  0.03000  1.83057e-03 | 77  0.17136 -1.24365e+01 | 78  0.00779  3.84393e-05
 79 -0.17252 -2.09756e+00 | 80  0.16746  2.13279e+01 | 81  0.05217  1.71731e+01
 82  0.13011  3.61476e+00 | 83  0.00000  2.99332e-10 | 84  0.04566 -1.42795e-01
 85 -0.05165  1.01098e+00 | 86 -0.23373 -1.97770e-04 | 87  0.10654 -2.00795e-01
 88  0.67607  4.29464e-01 | 89 -0.12511  8.63056e-01 | 90  0.12256 -1.44549e+00
 91 -0.63331  7.90208e-01 |
91 variables; iteration 60; function evaluation 81; phase 4
Function value 2.1573946e+02; maximum gradient component mag 2.6254e+01
Var    Value     Gradient |Var    Value     Gradient |Var    Value     Gradient
  1  0.08585  2.62536e+01 |  2 -0.00949  5.03731e+00 |  3 -0.02340 -1.77951e-01
  4 -0.01629 -1.11126e-01 |  5 -0.01135 -8.73240e-03 |  6 -0.01089  1.37291e-01
  7 -0.00347 -7.92825e-02 |  8  0.00661  7.19300e-01 |  9  0.00371  1.03230e-01
 10  0.00647  5.40113e-01 | 11 -0.00433  4.14106e-01 | 12 -0.01075 -1.29548e-01
 13 -0.01322 -2.03105e-01 | 14 -0.01636 -2.37933e-01 | 15 -0.01337  7.32084e-02
 16 -0.00477  1.64934e-01 | 17  0.00776  1.93663e-01 | 18  0.00836  6.00135e-02
 19  0.00454  4.51302e-02 | 20 -0.01102  6.58890e-02 | 21 -0.01203 -3.22899e-02
 22 -0.00991  1.14484e-01 | 23 -0.02152  1.80764e-01 | 24 -0.01523 -4.58920e-02
 25  0.01623 -2.75098e-01 | 26  0.01852  1.93697e-02 | 27  0.01569  3.06806e-01
 28  0.01821  3.41286e-01 | 29  0.00635  1.21240e-01 | 30  0.02065 -7.17611e-02
 31  0.06818  9.57165e-01 | 32  0.02412  3.68440e-01 | 33  0.01604  3.77593e-01
 34  0.03055  2.78021e-01 | 35  0.02181  6.30571e-01 | 36  0.04614  5.06443e-01
 37  0.01347  8.28994e-02 | 38 -0.00687 -4.44936e-01 | 39 -0.00926 -3.75543e-01
 40 -0.00872  2.28599e-01 | 41 -0.00085  4.13024e-01 | 42  0.01127  1.61275e-01
 43  0.01201 -4.54946e-01 | 44  0.00445  7.05671e-02 | 45 -0.00083  7.10110e-02
 46  0.00088 -2.33212e-01 | 47  0.01282  1.23739e-01 | 48 -0.00004 -2.86070e-01
 49 -0.02753  4.46868e-02 | 50 -0.02552  3.11778e-01 | 51 -0.01443  3.80095e-01
 52 -0.00166  7.24878e-03 | 53 -0.00751 -3.88620e-01 | 54 -0.01053 -5.14925e-01
 55 -0.03502 -4.89216e-01 | 56 -0.02991 -3.49110e-01 | 57 -0.01838 -5.56970e-01
 58  0.00231 -9.91268e-01 | 59 -0.00836 -8.69657e-01 | 60 -0.01178 -1.81080e-01
 61 -0.00992  5.22285e-01 | 62 -0.00700  6.40441e-01 | 63 -0.00790  1.37244e-01
 64 -0.01197 -2.02327e-01 | 65 -0.00882 -4.33053e-01 | 66 -0.00050 -2.68440e-03
 67  0.00002  1.66598e-02 | 68  0.00000  0.00000e+00 | 69 -0.73390  4.13394e+00
 70  0.29048  6.05335e+00 | 71  0.06062  4.79601e+00 | 72  0.20128 -4.49019e+00
 73  0.00000  1.32731e-14 | 74  0.08591  3.31941e-02 | 75  0.21982 -1.68665e+00
 76 -0.00909  1.89323e-03 | 77  0.17242  2.08249e+00 | 78  0.00766  3.78086e-05
 79 -0.17190  5.09272e-01 | 80  0.16972  2.45434e+01 | 81  0.04805  1.45297e+01
 82  0.13069 -4.03953e+00 | 83  0.00000  2.94421e-10 | 84  0.04577  7.14159e-01
 85 -0.05110 -5.63184e-01 | 86 -0.23280 -2.81513e-04 | 87  0.10672  5.40549e-01
 88  0.67327 -1.12653e-01 | 89 -0.12472 -4.83933e-01 | 90  0.12321  3.62628e-01
 91 -0.63304 -8.65215e-04 |
91 variables; iteration 80; function evaluation 114; phase 4
Function value 2.1570289e+02; maximum gradient component mag 2.1710e+01
Var    Value     Gradient |Var    Value     Gradient |Var    Value     Gradient
  1  0.08554  2.17105e+01 |  2 -0.00984  7.10021e+00 |  3 -0.02333  1.30591e-01
  4 -0.01649 -1.55815e-02 |  5 -0.01170 -1.94884e-02 |  6 -0.01158 -1.17195e-01
  7 -0.00364  1.35006e-01 |  8  0.00563  2.87821e-01 |  9  0.00343  1.19272e-01
 10  0.00613  3.65670e-01 | 11 -0.00436  3.28245e-01 | 12 -0.01035  1.38129e-01
 13 -0.01351 -2.27299e-01 | 14 -0.01655 -1.02742e-01 | 15 -0.01333  3.83993e-01
 16 -0.00551 -2.51305e-01 | 17  0.00754  5.67344e-02 | 18  0.00857  1.65766e-01
 19  0.00438 -1.07294e-01 | 20 -0.01104  7.11925e-02 | 21 -0.01181  1.38253e-01
 22 -0.01010 -7.19238e-02 | 23 -0.02171  1.23702e-01 | 24 -0.01569 -2.72084e-01
 25  0.01686  2.26261e-01 | 26  0.01878 -2.59692e-02 | 27  0.01569 -8.69661e-02
 28  0.01847  2.10802e-01 | 29  0.00623 -3.47379e-02 | 30  0.02112  5.97734e-02
 31  0.06810  1.10463e-01 | 32  0.02412 -8.81958e-02 | 33  0.01638  3.35502e-01
 34  0.03078  1.34723e-01 | 35  0.02119 -2.44335e-02 | 36  0.04615  1.77731e-01
 37  0.01357  1.89106e-01 | 38 -0.00664 -1.24295e-01 | 39 -0.00902 -1.44976e-01
 40 -0.00848  2.38099e-01 | 41 -0.00070  1.70801e-01 | 42  0.01111 -8.94287e-02
 43  0.01245  1.73853e-01 | 44  0.00441  1.54277e-01 | 45 -0.00149 -5.73894e-01
 46  0.00172  4.01007e-01 | 47  0.01285  2.59076e-01 | 48 -0.00021 -4.01893e-01
 49 -0.02739  1.88246e-01 | 50 -0.02567  1.32620e-02 | 51 -0.01443  1.49212e-01
 52 -0.00155  1.14226e-01 | 53 -0.00773 -2.02582e-01 | 54 -0.01084 -3.28978e-01
 55 -0.03489  1.23847e-02 | 56 -0.02965  1.51974e-01 | 57 -0.01868 -4.10727e-01
 58  0.00236 -3.16274e-01 | 59 -0.00823 -2.54335e-01 | 60 -0.01194 -1.40561e-01
 61 -0.00977  4.35481e-01 | 62 -0.00720  3.24989e-02 | 63 -0.00797 -1.56567e-01
 64 -0.01250 -4.86044e-01 | 65 -0.00846  1.21179e-01 | 66 -0.00051  2.24474e-04
 67 -0.00003 -1.90739e-02 | 68  0.00000  0.00000e+00 | 69 -0.73210  6.45750e+00
 70  0.29759  2.59296e+00 | 71  0.04587  1.27104e+00 | 72  0.20240 -2.61400e+00
 73  0.00000  1.18429e-14 | 74  0.08605  7.35769e-02 | 75  0.22122 -3.31378e+00
 76 -0.04456  5.76671e-04 | 77  0.17254  4.57573e+00 | 78  0.00684  3.37360e-05
 79 -0.17185  6.74466e-01 | 80  0.17382  6.99433e+00 | 81  0.03837  3.72245e+00
 82  0.13201 -1.16896e+00 | 83  0.00000  2.62711e-10 | 84  0.04580  3.01531e-01
 85 -0.05064 -1.55698e-01 | 86 -0.22737 -9.85480e-05 | 87  0.10680 -2.46618e-01
 88  0.67140 -1.44765e-02 | 89 -0.12350  2.26476e-01 | 90  0.12395  1.70607e-01
 91 -0.63275 -1.37191e-01 |
91 variables; iteration 100; function evaluation 145; phase 4
Function value 2.1568922e+02; maximum gradient component mag -5.9588e+00
Var    Value     Gradient |Var    Value     Gradient |Var    Value     Gradient
  1  0.08542 -5.95880e+00 |  2 -0.00964 -3.56319e+00 |  3 -0.02352  1.42179e-02
  4 -0.01645  1.02014e-01 |  5 -0.01185 -2.09563e-02 |  6 -0.01142  1.69047e-01
  7 -0.00400 -3.83152e-02 |  8  0.00497 -1.68697e-01 |  9  0.00338 -2.85645e-03
 10  0.00557 -2.88057e-01 | 11 -0.00457 -1.13976e-01 | 12 -0.01040 -4.09500e-02
 13 -0.01319  1.16421e-01 | 14 -0.01649  3.82914e-02 | 15 -0.01408 -2.22077e-01
 16 -0.00535 -1.03390e-01 | 17  0.00750 -2.15466e-02 | 18  0.00827 -1.34278e-01
 19  0.00465 -3.64965e-02 | 20 -0.01111 -1.02456e-01 | 21 -0.01196 -1.03234e-01
 22 -0.01004 -4.65950e-02 | 23 -0.02201 -8.65753e-02 | 24 -0.01534  5.63823e-02
 25  0.01659 -7.42693e-02 | 26  0.01907  4.38734e-02 | 27  0.01595 -3.58810e-02
 28  0.01819 -1.47153e-01 | 29  0.00654  8.05698e-02 | 30  0.02102 -7.23459e-02
 31  0.06803 -1.09735e-01 | 32  0.02471  1.23860e-01 | 33  0.01591 -1.43458e-01
 34  0.03075 -9.23262e-02 | 35  0.02131 -2.06478e-02 | 36  0.04605  4.21972e-02
 37  0.01338  6.01928e-02 | 38 -0.00637  1.72265e-01 | 39 -0.00878  1.20374e-01
 40 -0.00856  8.83293e-02 | 41 -0.00078 -3.98376e-02 | 42  0.01139  5.78679e-02
 43  0.01225  1.01028e-01 | 44  0.00412  6.20806e-02 | 45 -0.00065  1.29807e-01
 46  0.00126 -5.88701e-02 | 47  0.01262  2.19341e-02 | 48  0.00027  1.04395e-01
 49 -0.02760  4.88392e-02 | 50 -0.02582 -2.23517e-01 | 51 -0.01413  1.64077e-01
 52 -0.00221 -5.09962e-01 | 53 -0.00715  6.43076e-01 | 54 -0.01108 -9.54074e-02
 55 -0.03492  1.19652e-01 | 56 -0.03001 -1.13302e-01 | 57 -0.01846  1.23139e-01
 58  0.00243  3.27993e-01 | 59 -0.00823  1.18087e-01 | 60 -0.01174 -1.77362e-02
 61 -0.01043 -4.75303e-01 | 62 -0.00703 -1.25324e-01 | 63 -0.00792 -5.06103e-02
 64 -0.01203  1.09452e-01 | 65 -0.00865  1.10492e-01 | 66 -0.00048  2.75181e-02
 67 -0.00005 -3.95890e-02 | 68  0.00000  0.00000e+00 | 69 -0.73202 -3.29554e+00
 70  0.30142  3.68168e-01 | 71  0.03146  2.46748e-01 | 72  0.20304  1.07108e+00
 73  0.00000  9.06517e-15 | 74  0.08595  3.92589e-02 | 75  0.22120  1.64393e+00
 76 -0.05086  3.16070e-04 | 77  0.17242 -2.32698e+00 | 78  0.00523  2.58215e-05
 79 -0.17158 -3.48429e-01 | 80  0.17686  4.16221e+00 | 81  0.02868  1.57561e+00
 82  0.13305 -3.30114e-01 | 83  0.00000  2.01085e-10 | 84  0.04563  2.49393e-01
 85 -0.05020  2.96335e-01 | 86 -0.21994  2.50144e-04 | 87  0.10698  2.28075e-02
 88  0.67082  3.15997e-02 | 89 -0.12336 -8.07359e-02 | 90  0.12436 -6.44545e-02
 91 -0.63243  1.16591e-01 |
91 variables; iteration 120; function evaluation 165; phase 4
Function value 2.1568262e+02; maximum gradient component mag -2.4182e-01
Var    Value     Gradient |Var    Value     Gradient |Var    Value     Gradient
  1  0.08524 -2.41815e-01 |  2 -0.00979 -1.23706e-01 |  3 -0.02375 -4.95158e-04
  4 -0.01680  6.41553e-04 |  5 -0.01210  1.45647e-04 |  6 -0.01194  3.44265e-04
  7 -0.00434 -6.56150e-05 |  8  0.00480 -2.29084e-04 |  9  0.00300 -2.08940e-04
 10  0.00570 -8.09865e-04 | 11 -0.00451 -6.35678e-04 | 12 -0.01032 -4.16438e-04
 13 -0.01339  9.77121e-04 | 14 -0.01670 -1.26882e-04 | 15 -0.01409 -3.57823e-04
 16 -0.00553 -2.40287e-04 | 17  0.00732  1.82738e-05 | 18  0.00835 -5.17507e-04
 19  0.00462 -1.93003e-04 | 20 -0.01106 -2.60825e-04 | 21 -0.01190 -1.67631e-04
 22 -0.01010  6.71186e-05 | 23 -0.02206 -2.53534e-04 | 24 -0.01549  3.03154e-04
 25  0.01677 -3.44854e-04 | 26  0.01922  5.68240e-04 | 27  0.01609 -8.38295e-05
 28  0.01838 -7.91011e-04 | 29  0.00640  4.96113e-04 | 30  0.02102 -1.03766e-04
 31  0.06835 -3.91355e-04 | 32  0.02449  5.53730e-04 | 33  0.01614 -4.60107e-04
 34  0.03078 -5.20520e-04 | 35  0.02123 -3.13761e-04 | 36  0.04603  4.69883e-05
 37  0.01343  3.29434e-04 | 38 -0.00639  4.06705e-04 | 39 -0.00870  2.70845e-04
 40 -0.00846  4.81804e-04 | 41 -0.00055 -4.23078e-04 | 42  0.01147  1.74666e-04
 43  0.01216  5.08228e-04 | 44  0.00414  1.24259e-04 | 45 -0.00067  5.85128e-04
 46  0.00145 -3.48704e-04 | 47  0.01267 -1.03916e-04 | 48  0.00022  4.21385e-04
 49 -0.02766 -1.04279e-04 | 50 -0.02561 -1.94221e-04 | 51 -0.01437 -8.33219e-04
 52 -0.00161 -3.59272e-04 | 53 -0.00790  5.00189e-04 | 54 -0.01093  6.34104e-04
 55 -0.03506  1.23028e-04 | 56 -0.02983 -6.25653e-04 | 57 -0.01851  8.69714e-04
 58  0.00222  7.23863e-04 | 59 -0.00828  7.90817e-04 | 60 -0.01183 -3.89394e-04
 61 -0.01007 -1.23957e-03 | 62 -0.00700 -1.01269e-03 | 63 -0.00791  2.13732e-04
 64 -0.01226  5.87575e-04 | 65 -0.00891 -2.64426e-04 | 66 -0.00051 -1.29845e-04
 67  0.00000  1.78938e-04 | 68  0.00000  0.00000e+00 | 69 -0.73081 -1.13707e-01
 70  0.30465  6.99387e-03 | 71 -0.00695  5.46737e-03 | 72  0.20348  1.42844e-03
 73 -0.00000 -1.60172e-15 | 74  0.08601  2.22955e-04 | 75  0.22262  6.00277e-02
 76 -0.09627 -3.82905e-04 | 77  0.17263 -8.74098e-02 | 78 -0.00092 -4.56429e-06
 79 -0.17158 -1.12994e-02 | 80  0.18074 -1.15695e-02 | 81  0.00575 -9.77064e-03
 82  0.13431  3.20247e-05 | 83 -0.00000 -3.55368e-11 | 84  0.04546  1.06897e-04
 85 -0.04996  8.85842e-04 | 86 -0.23070 -2.16730e-04 | 87  0.10702  3.76668e-04
 88  0.66984  3.12614e-05 | 89 -0.12277 -4.44672e-04 | 90  0.12481 -2.38535e-04
 91 -0.63225  3.42016e-04 |
91 variables; iteration 140; function evaluation 185; phase 4
Function value 2.1568261e+02; maximum gradient component mag -1.4256e-01
Var    Value     Gradient |Var    Value     Gradient |Var    Value     Gradient
  1  0.08524 -1.42557e-01 |  2 -0.00979 -9.90949e-02 |  3 -0.02375 -7.65782e-04
  4 -0.01680  3.44036e-03 |  5 -0.01210 -1.14578e-04 |  6 -0.01194  3.28971e-03
  7 -0.00434 -5.88692e-04 |  8  0.00479 -4.95071e-03 |  9  0.00300 -1.02397e-03
 10  0.00570 -7.19669e-03 | 11 -0.00451 -2.60647e-03 | 12 -0.01032 -1.35575e-03
 13 -0.01338  3.07272e-03 | 14 -0.01670 -8.77912e-04 | 15 -0.01410 -4.68810e-03
 16 -0.00553 -4.37434e-03 | 17  0.00732 -1.46498e-03 | 18  0.00835 -3.64864e-03
 19  0.00462 -1.27607e-03 | 20 -0.01106 -2.43960e-03 | 21 -0.01191 -2.81457e-03
 22 -0.01010 -1.39629e-03 | 23 -0.02206 -1.70766e-03 | 24 -0.01549  1.84754e-03
 25  0.01677 -4.91120e-04 | 26  0.01922  3.49635e-03 | 27  0.01609 -5.21299e-05
 28  0.01837 -2.62312e-03 | 29  0.00640  3.60309e-03 | 30  0.02102 -1.55311e-03
 31  0.06835 -1.49554e-03 | 32  0.02450  4.57049e-03 | 33  0.01614 -2.63855e-03
 34  0.03078 -2.35749e-03 | 35  0.02123 -2.14389e-04 | 36  0.04603  2.32552e-03
 37  0.01343  2.30743e-03 | 38 -0.00639  4.06249e-03 | 39 -0.00870  3.63529e-03
 40 -0.00846  3.51607e-03 | 41 -0.00055 -9.13506e-04 | 42  0.01147  1.39811e-03
 43  0.01216  3.50309e-03 | 44  0.00414  1.05859e-03 | 45 -0.00067  3.71825e-03
 46  0.00145 -1.37055e-03 | 47  0.01267  3.63761e-05 | 48  0.00022  2.94896e-03
 49 -0.02766  9.09182e-05 | 50 -0.02561 -2.48774e-03 | 51 -0.01437 -3.57626e-03
 52 -0.00161 -3.66989e-03 | 53 -0.00790  5.85277e-03 | 54 -0.01094  3.08937e-03
 55 -0.03506  4.00427e-04 | 56 -0.02983 -4.07445e-03 | 57 -0.01851  3.77394e-03
 58  0.00223  6.25965e-03 | 59 -0.00828  4.34347e-03 | 60 -0.01183 -3.21830e-03
 61 -0.01007 -9.90627e-03 | 62 -0.00700 -6.19528e-03 | 63 -0.00791  2.50036e-04
 64 -0.01226  1.71173e-03 | 65 -0.00891 -8.49317e-04 | 66 -0.00052 -5.81647e-04
 67  0.00000  5.19148e-04 | 68  0.00000  0.00000e+00 | 69 -0.73080 -9.16465e-02
 70  0.30469  7.56818e-03 | 71 -0.00816  5.00117e-03 | 72  0.20348  1.39371e-02
 73 -0.00000 -5.32751e-15 | 74  0.08601  1.23195e-03 | 75  0.22264  4.68410e-02
 76 -0.04960  8.09610e-05 | 77  0.17264 -6.75619e-02 | 78 -0.00308 -1.51795e-05
 79 -0.17158 -9.77111e-03 | 80  0.18077 -2.99423e-02 | 81  0.00544 -1.29197e-02
 82  0.13432  6.86954e-03 | 83 -0.00000 -1.18184e-10 | 84  0.04546 -7.24136e-06
 85 -0.04995  9.12338e-03 | 86 -0.22352  5.84628e-05 | 87  0.10702 -7.93874e-04
 88  0.66983  1.06071e-03 | 89 -0.12277 -1.46652e-03 | 90  0.12482 -5.48469e-04
 91 -0.63224  2.15864e-03 |
91 variables; iteration 160; function evaluation 205; phase 4
Function value 2.1568254e+02; maximum gradient component mag -3.0838e-02
Var    Value     Gradient |Var    Value     Gradient |Var    Value     Gradient
  1  0.08524 -3.08376e-02 |  2 -0.00979 -2.34095e-02 |  3 -0.02375  2.06950e-05
  4 -0.01681  5.64088e-04 |  5 -0.01210  7.09615e-07 |  6 -0.01195  7.00437e-04
  7 -0.00435 -1.37487e-05 |  8  0.00479 -7.60560e-04 |  9  0.00300 -7.58392e-05
 10  0.00569 -1.16865e-03 | 11 -0.00451 -3.00236e-04 | 12 -0.01032 -8.80130e-05
 13 -0.01339  4.73854e-04 | 14 -0.01670 -8.10405e-05 | 15 -0.01410 -8.90876e-04
 16 -0.00554 -7.72787e-04 | 17  0.00732 -1.20777e-04 | 18  0.00835 -5.63785e-04
 19  0.00462 -2.21775e-04 | 20 -0.01106 -3.46214e-04 | 21 -0.01190 -4.05682e-04
 22 -0.01010 -2.46681e-04 | 23 -0.02207 -2.80443e-04 | 24 -0.01549  3.11641e-04
 25  0.01678  3.81727e-05 | 26  0.01922  5.91313e-04 | 27  0.01609  1.52111e-05
 28  0.01838 -3.53359e-04 | 29  0.00640  5.64823e-04 | 30  0.02102 -3.55654e-04
 31  0.06835 -2.07443e-04 | 32  0.02450  8.50892e-04 | 33  0.01614 -5.27858e-04
 34  0.03078 -4.03903e-04 | 35  0.02123  7.67085e-05 | 36  0.04603  5.08919e-04
 37  0.01343  3.83767e-04 | 38 -0.00639  7.40774e-04 | 39 -0.00869  6.67424e-04
 40 -0.00846  6.81849e-04 | 41 -0.00054 -6.47905e-05 | 42  0.01148  3.37429e-04
 43  0.01216  6.27069e-04 | 44  0.00414  2.36472e-04 | 45 -0.00067  6.15498e-04
 46  0.00145 -2.52840e-04 | 47  0.01267  7.08087e-05 | 48  0.00022  4.21056e-04
 49 -0.02766  1.22934e-04 | 50 -0.02561 -5.93713e-04 | 51 -0.01437 -4.88110e-04
 52 -0.00161 -8.53986e-04 | 53 -0.00790  1.19551e-03 | 54 -0.01094  3.92419e-04
 55 -0.03506  1.71336e-05 | 56 -0.02983 -7.36616e-04 | 57 -0.01851  3.94183e-04
 58  0.00222  1.14329e-03 | 59 -0.00828  5.94524e-04 | 60 -0.01183 -6.64750e-04
 61 -0.01007 -1.85854e-03 | 62 -0.00699 -1.06944e-03 | 63 -0.00791 -4.76928e-05
 64 -0.01226  4.59729e-05 | 65 -0.00891  4.28731e-05 | 66 -0.00051 -7.57120e-05
 67 -0.00000  3.11450e-05 | 68  0.00000  0.00000e+00 | 69 -0.73077 -2.17842e-02
 70  0.30485  3.64509e-03 | 71 -0.04828  1.91503e-04 | 72  0.20351  9.37181e-04
 73 -0.00000 -7.85943e-15 | 74  0.08598  4.02633e-04 | 75  0.22266  1.10149e-02
 76 -0.05511  1.14193e-05 | 77  0.17264 -1.55863e-02 | 78 -0.00319 -1.57194e-05
 79 -0.17158 -2.28224e-03 | 80  0.18064 -1.41961e-03 | 81  0.00680 -2.01204e-04
 82  0.13427  6.47672e-04 | 83 -0.00000 -1.74367e-10 | 84  0.04548  3.85334e-04
 85 -0.04995  1.66545e-03 | 86 -0.22456  1.47463e-05 | 87  0.10702 -1.81571e-04
 88  0.66981  1.97949e-04 | 89 -0.12276 -2.69044e-04 | 90  0.12483 -9.51031e-05
 91 -0.63224  3.41188e-04 |

 - final statistics:
91 variables; iteration 165; function evaluation 210
Function value 2.1568e+02; maximum gradient component mag 3.6200e-05
Exit code = 1;  converg criter 1.0000e-04
Var    Value     Gradient |Var    Value     Gradient |Var    Value     Gradient
  1  0.08524  3.61999e-05 |  2 -0.00979  2.46828e-05 |  3 -0.02375 -6.44076e-07
  4 -0.01681  1.33724e-06 |  5 -0.01210 -2.78058e-08 |  6 -0.01195  8.53548e-07
  7 -0.00435 -4.59725e-07 |  8  0.00479 -2.05520e-06 |  9  0.00300 -6.96198e-07
 10  0.00570 -3.84344e-06 | 11 -0.00451 -2.00060e-06 | 12 -0.01032 -1.08841e-06
 13 -0.01339  2.20396e-06 | 14 -0.01670 -2.11887e-08 | 15 -0.01410 -1.92588e-06
 16 -0.00554 -1.48600e-06 | 17  0.00732 -8.88711e-07 | 18  0.00835 -1.89274e-06
 19  0.00462 -6.93419e-07 | 20 -0.01106 -1.31445e-06 | 21 -0.01190 -1.27338e-06
 22 -0.01010 -8.16056e-07 | 23 -0.02207 -1.07855e-06 | 24 -0.01549  6.62686e-07
 25  0.01678 -1.11382e-06 | 26  0.01922  7.25736e-07 | 27  0.01609 -9.08367e-07
 28  0.01838 -2.06600e-06 | 29  0.00640  1.42828e-06 | 30  0.02102 -7.01547e-07
 31  0.06836 -1.48446e-06 | 32  0.02449  1.69635e-06 | 33  0.01614 -1.54925e-06
 34  0.03078 -1.50608e-06 | 35  0.02123 -7.06612e-07 | 36  0.04603  2.59932e-07
 37  0.01343  7.97086e-07 | 38 -0.00639  1.96459e-06 | 39 -0.00869  1.48567e-06
 40 -0.00846  9.53328e-07 | 41 -0.00054 -1.27221e-06 | 42  0.01148 -1.46941e-07
 43  0.01216  1.24732e-06 | 44  0.00414  6.35423e-07 | 45 -0.00067  1.73917e-06
 46  0.00145 -4.94446e-07 | 47  0.01267  1.57169e-07 | 48  0.00022  1.44615e-06
 49 -0.02766  6.85093e-08 | 50 -0.02561 -8.29631e-07 | 51 -0.01437 -1.56175e-06
 52 -0.00161 -1.40885e-06 | 53 -0.00790  2.95662e-06 | 54 -0.01094  2.29018e-06
 55 -0.03506  7.90061e-07 | 56 -0.02983 -1.19028e-06 | 57 -0.01851  2.65414e-06
 58  0.00222  3.77629e-06 | 59 -0.00828  2.87764e-06 | 60 -0.01183 -9.65349e-07
 61 -0.01007 -4.22367e-06 | 62 -0.00699 -2.43674e-06 | 63 -0.00791  5.78115e-07
 64 -0.01226  1.62307e-06 | 65 -0.00891  4.20842e-08 | 66 -0.00051 -2.56976e-07
 67 -0.00000  2.62527e-07 | 68  0.00000  0.00000e+00 | 69 -0.73077  2.21179e-05
 70  0.30484 -1.22545e-05 | 71 -0.05755 -6.27320e-07 | 72  0.20351  1.82491e-05
 73 -0.00000 -2.76423e-15 | 74  0.08598 -3.88463e-07 | 75  0.22267 -1.18932e-05
 76 -0.05607  1.29225e-08 | 77  0.17264  1.42300e-05 | 78 -0.00001 -3.28510e-08
 79 -0.17158  2.42694e-06 | 80  0.18064 -4.29376e-07 | 81  0.00681 -3.11425e-07
 82  0.13427  1.86215e-06 | 83 -0.00000 -6.13366e-11 | 84  0.04548  4.16348e-07
 85 -0.04995  3.55831e-06 | 86 -0.22492  2.01138e-08 | 87  0.10702  4.25587e-07
 88  0.66981  3.33019e-07 | 89 -0.12276 -8.78284e-07 | 90  0.12483 -4.22068e-07
 91 -0.63224  1.45876e-06 |
size of file gradfil1.tmp = 0
size of file gradfil2.tmp = 0
size of file varssave.tmp = 0
size of file cmpdiff.tmp = 0
