
Initial statistics: 6 variables; iteration 0; function evaluation 0; phase 1
Function value 7.3461651e+06; maximum gradient component mag -5.2587e+06
Var    Value     Gradient |Var    Value     Gradient |Var    Value     Gradient
  1  0.05168 -5.25872e+06 |  2 -0.01278 -5.22634e+05 |  3  0.00000  3.84526e+00
  4  0.00000  1.68298e-02 |  5  0.00000  0.00000e+00 |  6 -0.76499 -6.38311e+04

Intermediate statistics: 6 variables; iteration 20; function evaluation 47; phase 1
Function value 3.4768382e+02; maximum gradient component mag -1.5385e+03
Var    Value     Gradient |Var    Value     Gradient |Var    Value     Gradient
  1  0.71162  2.92742e+02 |  2 -1.81702 -1.52032e+02 |  3  0.00316  2.78514e+00
  4 -0.00356 -2.69142e+00 |  5  0.00000  0.00000e+00 |  6 -1.01079 -1.53847e+03
6 variables; iteration 40; function evaluation 68; phase 1
Function value 3.4395256e+02; maximum gradient component mag 6.6231e+02
Var    Value     Gradient |Var    Value     Gradient |Var    Value     Gradient
  1  0.61258 -1.09952e+02 |  2 -1.98607  1.14184e+02 |  3 -0.00060 -7.49858e-02
  4  0.00010  7.38490e-02 |  5  0.00000  0.00000e+00 |  6 -1.00147  6.62310e+02
6 variables; iteration 60; function evaluation 99; phase 1
Function value 3.1415294e+02; maximum gradient component mag 4.2232e+03
Var    Value     Gradient |Var    Value     Gradient |Var    Value     Gradient
  1  0.32797 -7.88021e+02 |  2 -2.15901  3.00960e+02 |  3  0.03002  2.32564e+01
  4 -0.03060 -2.30898e+01 |  5  0.00000  0.00000e+00 |  6 -1.03110  4.22320e+03
Maximum number of function evaluations exceeded

 - final statistics:
6 variables; iteration 61; function evaluation 100
Function value 3.1415e+02; maximum gradient component mag 4.2232e+03
Exit code = 3;  converg criter 1.0000e+01
Var    Value     Gradient |Var    Value     Gradient |Var    Value     Gradient
  1  0.32157 -7.88021e+02 |  2 -2.11698  3.00960e+02 |  3 -0.01695  2.32564e+01
  4  0.01674 -2.30898e+01 |  5  0.00000  0.00000e+00 |  6 -1.03828  4.22320e+03

Initial statistics: 60 variables; iteration 0; function evaluation 0; phase 2
Function value 3.1300381e+02; maximum gradient component mag -2.0928e+04
Var    Value     Gradient |Var    Value     Gradient |Var    Value     Gradient
  1  0.32157 -5.87990e+03 |  2  0.11698 -3.20780e+03 |  3  0.00000  2.55815e+01
  4  0.00000  1.62155e+01 |  5  0.00000  7.04200e-01 |  6  0.00000 -1.28347e+01
  7  0.00000 -1.92384e+01 |  8  0.00000 -7.79088e+00 |  9  0.00000  9.74415e+00
 10  0.00000  3.86896e+01 | 11  0.00000  5.82607e+01 | 12  0.00000  6.62055e+01
 13  0.00000  7.46905e+01 | 14  0.00000  6.53402e+01 | 15  0.00000  4.13612e+01
 16  0.00000  2.74869e+01 | 17  0.00000  4.43157e+00 | 18  0.00000 -3.98480e+01
 19  0.00000 -8.55139e+01 | 20  0.00000 -1.41982e+02 | 21  0.00000 -1.89345e+02
 22  0.00000 -1.81493e+02 | 23  0.00000 -1.73246e+02 | 24  0.00000 -1.82505e+02
 25  0.00000 -1.71755e+02 | 26  0.00000 -1.57436e+02 | 27  0.00000 -9.01906e+01
 28  0.00000 -9.04000e+00 | 29  0.00000  5.52802e+01 | 30  0.00000  9.06818e+01
 31  0.00000  8.95690e+01 | 32  0.00000  5.78018e+01 | 33  0.00000  1.93598e+01
 34  0.00000  3.59892e+00 | 35  0.00000  4.71423e+00 | 36  0.00000  5.42645e+00
 37  0.00000  9.67509e-01 | 38  0.00000  2.17999e+01 | 39  0.00000  7.16084e+01
 40  0.00000  8.39333e+01 | 41  0.00000  6.97305e+01 | 42  0.00000  4.31389e+01
 43  0.00000  3.09686e+01 | 44  0.00000  3.34898e+01 | 45  0.00000  7.54245e+01
 46  0.00000  7.76689e+01 | 47  0.00000  5.04438e+01 | 48  0.00000  1.77065e+01
 49  0.00000  1.91152e+01 | 50  0.00000  2.83845e+01 | 51  0.00000  3.15876e+01
 52  0.00000  2.65374e+01 | 53  0.00000  1.41872e+01 | 54  0.00000  7.12406e+00
 55  0.00000  3.25798e+00 | 56 -0.01695 -1.24922e+01 | 57  0.01674  1.26447e+01
 58  0.00000  0.00000e+00 | 59 -0.96172 -2.09276e+04 | 60  0.09974  1.22830e+02

Intermediate statistics: 60 variables; iteration 20; function evaluation 30; phase 2
Function value 2.6688714e+02; maximum gradient component mag -4.2496e+03
Var    Value     Gradient |Var    Value     Gradient |Var    Value     Gradient
  1  0.35597 -1.08920e+03 |  2  0.03780 -6.25073e+02 |  3 -0.01668 -9.45088e-01
  4 -0.01044 -2.73594e+00 |  5 -0.00024 -5.31256e+00 |  6  0.00884 -7.24811e+00
  7  0.01585 -7.43646e+00 |  8  0.00922 -3.51939e+00 |  9  0.00767  1.75159e+00
 10 -0.00326  6.37025e+00 | 11 -0.00615  1.01012e+01 | 12 -0.00264  1.42207e+01
 13 -0.00868  1.49633e+01 | 14 -0.00758  1.05341e+01 | 15  0.00050  6.59747e-01
 16 -0.00794 -8.58248e+00 | 17 -0.00696 -1.02892e+01 | 18 -0.00646 -2.05640e+01
 19 -0.00127 -1.74397e+01 | 20  0.01384 -1.47585e+01 | 21  0.06100 -1.29179e+01
 22  0.00268 -2.00821e+01 | 23  0.01561 -9.55049e+00 | 24  0.02576 -1.62796e+01
 25  0.01378 -1.71756e+01 | 26  0.05293 -8.60533e+00 | 27  0.00915 -9.25694e+00
 28 -0.01848 -1.14991e+01 | 29 -0.01872  5.32051e-01 | 30 -0.02582  1.59521e+00
 31 -0.02156  4.51466e+00 | 32 -0.00743  7.55369e+00 | 33  0.01130  8.98893e+00
 34  0.00956  6.71498e+00 | 35 -0.00006  4.18387e+00 | 36 -0.00213  4.11150e+00
 37  0.01178  8.39199e+00 | 38  0.00772  1.20320e+01 | 39 -0.01826  1.27373e+01
 40 -0.01811  1.33351e+01 | 41 -0.01124  1.12634e+01 | 42  0.00185  7.03776e+00
 43  0.00349  2.45153e-02 | 44  0.00601 -2.86843e+00 | 45 -0.02368 -9.94272e-01
 46 -0.02207  2.63401e+00 | 47 -0.00890  4.93698e+00 | 48  0.01621  9.13398e+00
 49  0.00392  6.98659e+00 | 50 -0.00547  4.18867e+00 | 51 -0.00841  1.79762e+00
 52 -0.00900 -7.18984e-01 | 53 -0.00408 -1.17405e+00 | 54 -0.00429 -1.01891e+00
 55 -0.00294 -4.80167e-01 | 56  0.00048  7.69933e-01 | 57 -0.00083 -6.27564e-01
 58  0.00000  0.00000e+00 | 59 -0.95742 -4.24957e+03 | 60  0.09091  3.52119e+01
60 variables; iteration 40; function evaluation 60; phase 2
Function value 2.6197407e+02; maximum gradient component mag -4.0917e+03
Var    Value     Gradient |Var    Value     Gradient |Var    Value     Gradient
  1  0.34079 -1.23617e+03 |  2  0.02910 -7.13937e+02 |  3 -0.01596  5.43459e-02
  4 -0.00956 -8.48941e-01 |  5  0.00138 -1.82277e+00 |  6  0.00718 -4.76405e+00
  7  0.02084 -4.33237e-01 |  8  0.01089 -1.36645e+00 |  9  0.00937 -1.27276e+00
 10 -0.00793 -6.27102e+00 | 11 -0.01459 -8.54666e+00 | 12 -0.00506  4.75735e-01
 13 -0.00487  9.89556e+00 | 14 -0.01277 -8.46807e-01 | 15 -0.00388 -5.96376e+00
 16 -0.00656 -2.81607e+00 | 17 -0.00461  4.54853e+00 | 18  0.00288  4.46194e+00
 19  0.00266  3.04873e+00 | 20  0.02208  6.20315e+00 | 21  0.04665  1.52088e+00
 22  0.02147  6.46817e+00 | 23  0.01525  8.90207e+00 | 24  0.02765  5.79947e+00
 25  0.02445  5.43179e+00 | 26  0.04850  6.45196e+00 | 27  0.00933 -1.42014e+00
 28 -0.01018 -8.50145e-01 | 29 -0.02218 -3.28887e+00 | 30 -0.02960 -6.35834e+00
 31 -0.02678 -6.70088e+00 | 32 -0.00575  1.91819e+00 | 33  0.00982 -1.57797e-01
 34  0.00736 -2.01878e+00 | 35  0.00152 -4.09935e-01 | 36 -0.00257 -3.12234e+00
 37  0.00959 -4.54080e+00 | 38  0.00342 -4.90217e+00 | 39 -0.02203 -1.16792e+00
 40 -0.02106  1.46612e+00 | 41 -0.01288  2.09062e+00 | 42  0.00012 -7.40892e-01
 43  0.00307 -3.96009e+00 | 44  0.00682 -4.17563e+00 | 45 -0.02467 -3.21716e+00
 46 -0.02094  8.97500e-01 | 47 -0.00924 -1.72329e+00 | 48  0.00937 -5.86847e+00
 49 -0.00140 -2.52695e+00 | 50 -0.00212  8.45128e+00 | 51 -0.00310  1.14128e+01
 52 -0.00961  3.23637e+00 | 53 -0.00369  1.96193e+00 | 54 -0.00456 -3.15294e-01
 55 -0.00340 -6.90244e-01 | 56 -0.00021  2.44952e-01 | 57 -0.00133 -1.00338e+00
 58  0.00000  0.00000e+00 | 59 -0.95072 -4.09170e+03 | 60  0.08560 -2.02771e+01
60 variables; iteration 60; function evaluation 96; phase 2
Function value 2.5337910e+02; maximum gradient component mag -4.9619e+03
Var    Value     Gradient |Var    Value     Gradient |Var    Value     Gradient
  1  0.29610 -2.22755e+03 |  2  0.02985 -1.25592e+03 |  3 -0.01326  3.90821e+00
  4 -0.00598  4.33324e+00 |  5  0.00082  5.48054e-02 |  6  0.00861 -2.06535e+00
  7  0.01670 -1.70651e+00 |  8  0.01713  3.92533e+00 |  9 -0.00204 -7.68934e+00
 10 -0.00325  1.57102e+00 | 11 -0.00364  5.48238e+00 | 12 -0.00704  2.62051e-01
 13 -0.01401 -2.11741e-01 | 14 -0.01241 -1.43862e+00 | 15  0.00026 -1.31808e+00
 16 -0.00225  1.53295e+00 | 17 -0.01013 -2.64038e+00 | 18  0.00173  4.90013e-01
 19  0.00399  2.78671e+00 | 20  0.01939  4.66636e+00 | 21  0.05287  5.16933e+00
 22  0.01810  1.94953e+00 | 23  0.01032  8.91785e-01 | 24  0.02951  1.59001e+00
 25  0.02228 -6.28539e-01 | 26  0.04833  1.03533e+00 | 27  0.01031 -3.45404e+00
 28 -0.01598 -6.50487e+00 | 29 -0.01420  5.94843e+00 | 30 -0.03059 -5.07371e+00
 31 -0.02023  1.21589e+00 | 32 -0.01108 -2.53415e+00 | 33  0.01058  5.86067e-01
 34  0.00886  2.64802e-01 | 35 -0.00049 -5.22566e-01 | 36  0.00032  1.07604e+00
 37  0.00458 -4.79071e+00 | 38  0.01094  5.08736e+00 | 39 -0.02309 -1.26710e+00
 40 -0.02639 -5.39438e+00 | 41 -0.01454 -8.94577e-01 | 42  0.00062  6.46776e-01
 43  0.00579  4.22426e-01 | 44  0.00580 -3.45316e+00 | 45 -0.02593 -4.30391e+00
 46 -0.02624 -3.17607e+00 | 47 -0.00579  5.23241e+00 | 48  0.01268  1.47484e+00
 49  0.00209  5.70135e-02 | 50 -0.00994 -3.79500e+00 | 51 -0.01126 -2.11750e+00
 52 -0.00289  5.73491e+00 | 53 -0.00720 -2.42200e+00 | 54 -0.00558 -1.52828e+00
 55  0.00297  4.31616e+00 | 56  0.00497  4.21317e+00 | 57  0.00964  7.28633e+00
 58  0.00000  0.00000e+00 | 59 -0.93235 -4.96187e+03 | 60  0.08840 -9.55543e-01
Maximum number of function evaluations exceeded

 - final statistics:
60 variables; iteration 63; function evaluation 100
Function value 2.5279e+02; maximum gradient component mag -4.2367e+03
Exit code = 3;  converg criter 1.0000e+01
Var    Value     Gradient |Var    Value     Gradient |Var    Value     Gradient
  1  0.29655 -1.87312e+03 |  2  0.02895 -1.05903e+03 |  3 -0.01477  2.00061e+00
  4 -0.00546  4.07178e+00 |  5 -0.00013 -1.52124e+00 |  6  0.00699 -3.76078e+00
  7  0.01854 -4.31958e-01 |  8  0.01732  4.58346e+00 |  9 -0.00132 -6.93669e+00
 10 -0.00357  1.05565e+00 | 11 -0.00391  4.65898e+00 | 12 -0.00715 -3.37818e-01
 13 -0.01369 -9.12063e-02 | 14 -0.01291 -1.61716e+00 | 15  0.00158  4.33296e-01
 16 -0.00263  1.75266e+00 | 17 -0.00983 -2.15890e+00 | 18  0.00222  7.70579e-01
 19  0.00348  1.79301e+00 | 20  0.01945  3.79672e+00 | 21  0.05236  3.87253e+00
 22  0.01859  1.97297e+00 | 23  0.01106  1.42870e+00 | 24  0.02886  1.35381e+00
 25  0.02302  2.38804e-01 | 26  0.04787  1.93312e+00 | 27  0.01109 -1.70163e+00
 28 -0.01442 -4.14518e+00 | 29 -0.01511  5.81612e+00 | 30 -0.03039 -4.34815e+00
 31 -0.01993  2.11534e+00 | 32 -0.01025 -1.35488e+00 | 33  0.01047  3.47888e-01
 34  0.00748 -1.24631e+00 | 35  0.00132  7.76904e-01 | 36 -0.00048  2.93515e-01
 37  0.00497 -4.69826e+00 | 38  0.01090  4.90357e+00 | 39 -0.02424 -2.22687e+00
 40 -0.02386 -2.51644e+00 | 41 -0.01481 -1.08280e+00 | 42 -0.00021 -5.25854e-01
 43  0.00572  2.31906e-01 | 44  0.00631 -2.48779e+00 | 45 -0.02518 -3.01235e+00
 46 -0.02447 -1.34277e+00 | 47 -0.00818  2.48803e+00 | 48  0.01324  1.16188e+00
 49  0.00187 -2.36120e-01 | 50 -0.00845 -2.52101e+00 | 51 -0.01113 -2.41863e+00
 52 -0.00591  2.40954e+00 | 53 -0.00402 -1.30359e-01 | 54 -0.00762 -3.39323e+00
 55 -0.00053  1.33005e+00 | 56  0.00284  2.58725e+00 | 57  0.00885  6.68775e+00
 58  0.00000  0.00000e+00 | 59 -0.93222 -4.23668e+03 | 60  0.08851  2.88115e-01

Initial statistics: 81 variables; iteration 0; function evaluation 0; phase 3
Function value 2.5278757e+02; maximum gradient component mag -4.2367e+03
Var    Value     Gradient |Var    Value     Gradient |Var    Value     Gradient
  1  0.29655 -1.87312e+03 |  2  0.02895 -1.05903e+03 |  3 -0.01477  1.97494e+00
  4 -0.00546  4.04611e+00 |  5 -0.00013 -1.54691e+00 |  6  0.00699 -3.78646e+00
  7  0.01854 -4.57624e-01 |  8  0.01732  4.55779e+00 |  9 -0.00132 -6.96237e+00
 10 -0.00357  1.02997e+00 | 11 -0.00391  4.63331e+00 | 12 -0.00715 -3.63493e-01
 13 -0.01369 -1.16877e-01 | 14 -0.01291 -1.64283e+00 | 15  0.00158  4.07619e-01
 16 -0.00263  1.72698e+00 | 17 -0.00983 -2.18457e+00 | 18  0.00222  7.44903e-01
 19  0.00348  1.76734e+00 | 20  0.01945  3.77106e+00 | 21  0.05236  3.84694e+00
 22  0.01859  1.94731e+00 | 23  0.01106  1.40303e+00 | 24  0.02886  1.32816e+00
 25  0.02302  2.13144e-01 | 26  0.04787  1.90751e+00 | 27  0.01109 -1.72730e+00
 28 -0.01442 -4.17085e+00 | 29 -0.01511  5.79045e+00 | 30 -0.03039 -4.37380e+00
 31 -0.01993  2.08968e+00 | 32 -0.01025 -1.38055e+00 | 33  0.01047  3.22215e-01
 34  0.00748 -1.27198e+00 | 35  0.00132  7.51228e-01 | 36 -0.00049  2.67838e-01
 37  0.00496 -4.72394e+00 | 38  0.01090  4.87790e+00 | 39 -0.02424 -2.25253e+00
 40 -0.02386 -2.54209e+00 | 41 -0.01481 -1.10847e+00 | 42 -0.00021 -5.51531e-01
 43  0.00572  2.06231e-01 | 44  0.00631 -2.51346e+00 | 45 -0.02518 -3.03801e+00
 46 -0.02447 -1.36843e+00 | 47 -0.00818  2.46235e+00 | 48  0.01324  1.13621e+00
 49  0.00187 -2.61797e-01 | 50 -0.00845 -2.54669e+00 | 51 -0.01113 -2.44430e+00
 52 -0.00591  2.38386e+00 | 53 -0.00402 -1.56035e-01 | 54 -0.00763 -3.41891e+00
 55 -0.00053  1.30437e+00 | 56  0.00284  2.58725e+00 | 57  0.00885  6.68775e+00
 58  0.00000  0.00000e+00 | 59 -0.93222 -4.23668e+03 | 60  0.20375  4.71879e+02
 61  0.10430  6.68432e+02 | 62  0.18961 -5.14734e+02 | 63  0.00000  7.89706e-12
 64  0.06326  5.59444e+01 | 65  0.17418 -1.02932e+03 | 66  0.07530 -2.02397e+03
 67  0.16633 -1.02813e+03 | 68  0.00000 -2.01722e-02 | 69 -0.17934 -6.56351e+01
 70  0.14683  1.75520e+02 | 71  0.07387  3.48797e+01 | 72  0.12880 -2.42645e+02
 73  0.00000  1.17862e-28 | 74  0.03253  7.04438e+01 | 75 -0.06289  7.15580e+01
 76 -0.23700  3.63466e-03 | 77  0.10401 -2.07213e+01 | 78  0.70672  1.85434e+01
 79 -0.14795  4.53430e+01 | 80  0.08851  2.88115e-01 | 81 -0.65136  8.48377e+00

Intermediate statistics: 81 variables; iteration 20; function evaluation 28; phase 3
Function value 2.4268641e+02; maximum gradient component mag -4.5801e+02
Var    Value     Gradient |Var    Value     Gradient |Var    Value     Gradient
  1  0.26434 -1.11813e+02 |  2  0.03137 -5.76785e+01 |  3 -0.01491 -5.80085e-01
  4 -0.00918 -5.25922e-01 |  5  0.00099 -3.11755e-01 |  6  0.01082 -1.09088e-01
  7  0.01891 -5.64237e-01 |  8  0.01001 -7.83533e-01 |  9  0.00814  9.98308e-01
 10 -0.00442  1.22089e+00 | 11 -0.00759  1.15362e+00 | 12 -0.00523  5.46918e-01
 13 -0.01314  7.14442e-01 | 14 -0.01028  1.98597e+00 | 15  0.00256  1.59106e+00
 16 -0.00383 -9.92917e-02 | 17 -0.00802  3.09377e-01 | 18  0.00152  1.21203e+00
 19  0.00351  1.80578e+00 | 20  0.01817  2.03611e+00 | 21  0.05266  1.53055e+00
 22  0.01877 -2.93117e-01 | 23  0.01032 -1.73542e+00 | 24  0.02796 -3.02921e+00
 25  0.02449 -3.16580e+00 | 26  0.04689 -3.83663e+00 | 27  0.01506 -2.22840e+00
 28 -0.00852 -1.75405e+00 | 29 -0.01933 -3.23183e+00 | 30 -0.02505 -4.70772e+00
 31 -0.02360 -7.20961e+00 | 32 -0.01032 -7.21661e+00 | 33  0.00844 -5.19306e+00
 34  0.01000 -2.60223e+00 | 35 -0.00014 -6.80344e-01 | 36 -0.00182 -3.00525e-02
 37  0.01088 -1.71057e-01 | 38  0.00504 -5.72019e-01 | 39 -0.02206 -2.76176e-01
 40 -0.02291 -8.16223e-01 | 41 -0.01571 -1.44746e+00 | 42 -0.00072 -7.69976e-01
 43  0.00475  1.51070e+00 | 44  0.00758  1.68604e+00 | 45 -0.02411 -1.47875e+00
 46 -0.02461 -3.24945e+00 | 47 -0.01145 -2.88682e+00 | 48  0.01235 -8.49549e-01
 49  0.00119  2.29891e-01 | 50 -0.00723 -5.97819e-01 | 51 -0.01000 -1.35359e+00
 52 -0.01062 -2.03500e+00 | 53 -0.00678 -1.22376e+00 | 54 -0.00696 -8.88078e-01
 55 -0.00351 -1.53539e+00 | 56 -0.00096 -1.64895e-01 | 57 -0.00086 -6.51353e-01
 58  0.00000  0.00000e+00 | 59 -0.91454 -4.58011e+02 | 60  0.15943 -4.69847e+01
 61  0.12506  6.52732e+01 | 62  0.18453  2.62899e+02 | 63 -0.00000 -3.23999e-11
 64  0.03324 -2.22122e+01 | 65  0.18602  1.38289e+02 | 66  0.06157  3.46165e+01
 67  0.17269 -1.45662e+02 | 68 -0.00009 -4.67991e-07 | 69 -0.13647  2.68286e+01
 70  0.13008 -6.77542e+01 | 71  0.07534 -8.26123e-02 | 72  0.12863  1.45798e+02
 73 -0.00000 -7.84274e-31 | 74  0.02960  4.68622e-01 | 75 -0.06400  2.20010e+02
 76 -0.23700  5.21843e-03 | 77  0.09379 -2.47282e+02 | 78  0.71416  2.18939e+01
 79 -0.15749  2.70986e+01 | 80  0.08597 -9.98158e+00 | 81 -0.66085  2.72586e+00
81 variables; iteration 40; function evaluation 52; phase 3
Function value 2.4043211e+02; maximum gradient component mag -4.8440e+02
Var    Value     Gradient |Var    Value     Gradient |Var    Value     Gradient
  1  0.25918 -1.50904e+02 |  2  0.02257 -8.86691e+01 |  3 -0.01729 -2.50903e+00
  4 -0.00607  2.49917e+00 |  5 -0.00016 -1.05908e+00 |  6  0.00755 -2.38796e+00
  7  0.02267  2.59004e+00 |  8  0.01070  1.90774e-01 |  9  0.00368 -3.13641e+00
 10 -0.00287  2.98601e-01 | 11 -0.00606 -5.71451e-01 | 12 -0.00941 -5.10948e+00
 13 -0.01216  1.76893e+00 | 14 -0.00792  4.56617e+00 | 15  0.00325  1.44749e+00
 16 -0.00529 -2.63399e+00 | 17 -0.00883 -1.80739e+00 | 18  0.00230 -6.31123e-01
 19  0.00223 -3.24138e+00 | 20  0.01654 -4.28673e+00 | 21  0.05186 -4.47201e+00
 22  0.02021 -1.92061e+00 | 23  0.00969 -3.60226e+00 | 24  0.02789 -4.25021e+00
 25  0.02394 -3.46779e+00 | 26  0.04579 -2.41940e+00 | 27  0.01661  2.05389e+00
 28 -0.00871  9.38015e-01 | 29 -0.01627  1.89917e+00 | 30 -0.02496 -2.87426e+00
 31 -0.02355 -4.65201e+00 | 32 -0.00963 -3.76572e+00 | 33  0.00681 -4.54951e+00
 34  0.01066 -1.28879e+00 | 35 -0.00126 -1.07139e+00 | 36  0.00115  2.28668e+00
 37  0.00833 -2.29576e+00 | 38  0.00645  8.66884e-01 | 39 -0.02289  4.98835e-02
 40 -0.02112  3.39174e+00 | 41 -0.01436  3.01519e+00 | 42 -0.00060  1.42730e+00
 43  0.00460  7.54893e-01 | 44  0.00688 -6.09068e-01 | 45 -0.02454 -2.04491e+00
 46 -0.02528 -3.08498e+00 | 47 -0.01219 -2.34132e+00 | 48  0.01149  1.05840e+00
 49  0.00279  6.00387e+00 | 50 -0.00410  7.86075e+00 | 51 -0.00947  3.82620e+00
 52 -0.01014  1.14313e+00 | 53 -0.00780 -1.29661e+00 | 54 -0.00897 -2.26193e+00
 55 -0.00271 -2.26980e-01 | 56 -0.00140 -5.32368e-01 | 57 -0.00274 -2.06684e+00
 58  0.00000  0.00000e+00 | 59 -0.90947 -4.84402e+02 | 60  0.15769  5.01356e+00
 61  0.12556  1.48155e+02 | 62  0.18236  1.44520e+02 | 63 -0.00000 -1.72971e-09
 64  0.03906 -1.40696e+01 | 65  0.18984  3.51741e+02 | 66  0.05763  1.84173e+02
 67  0.17675 -8.51283e+01 | 68 -0.02265  1.09445e-01 | 69 -0.12622  4.22588e+01
 70  0.12548 -5.82058e+01 | 71  0.08814 -4.88541e+00 | 72  0.12487  9.30881e+01
 73 -0.00000 -1.38718e-29 | 74  0.02650 -2.04361e+01 | 75 -0.06729  8.81546e+01
 76 -0.23704  1.61733e-03 | 77  0.09615 -1.11635e+02 | 78  0.70978  4.02941e+00
 79 -0.16133  8.40303e-01 | 80  0.08881 -3.08600e+00 | 81 -0.65410  6.00435e+00
81 variables; iteration 60; function evaluation 83; phase 3
Function value 2.3872035e+02; maximum gradient component mag 1.4891e+03
Var    Value     Gradient |Var    Value     Gradient |Var    Value     Gradient
  1  0.25451 -8.72851e+01 |  2  0.02413 -5.98860e+01 |  3 -0.02141 -6.77128e+00
  4 -0.00746  6.24326e-01 |  5 -0.00100 -1.52653e+00 |  6  0.01073  7.85211e-01
  7  0.02180  3.33444e+00 |  8  0.00948  7.39272e-01 |  9  0.00755  1.35403e+00
 10 -0.00695 -1.70983e+00 | 11 -0.00626  1.54015e+00 | 12 -0.00127  4.59203e+00
 13 -0.01331  2.07103e-01 | 14 -0.01456 -5.12557e+00 | 15  0.00195 -2.80648e+00
 16 -0.00190  1.22443e+00 | 17 -0.00588  2.83064e+00 | 18  0.00056 -5.68856e-01
 19  0.00192 -2.11829e+00 | 20  0.01836 -9.55074e-01 | 21  0.05231  2.23197e-02
 22  0.01996  1.54446e+00 | 23  0.01424  2.68073e+00 | 24  0.02427 -3.12515e+00
 25  0.02435  9.73952e-01 | 26  0.05129  5.69228e+00 | 27  0.01009 -6.18925e-01
 28 -0.00772  2.29318e+00 | 29 -0.01885 -1.30572e-02 | 30 -0.02443 -1.12575e+00
 31 -0.02198 -1.88334e-01 | 32 -0.00867  1.61648e+00 | 33  0.01080  2.24620e+00
 34  0.00742 -1.63001e+00 | 35  0.00035  6.42375e-01 | 36 -0.00413 -1.34268e+00
 37  0.01577  5.12483e+00 | 38  0.00373 -1.28009e+00 | 39 -0.02386 -3.09534e+00
 40 -0.02275 -1.01104e+00 | 41 -0.01499  4.86751e-01 | 42  0.00089  1.60482e+00
 43  0.00300 -1.76683e+00 | 44  0.00607 -1.07592e+00 | 45 -0.02258  3.11677e+00
 46 -0.02021  6.53801e+00 | 47 -0.01233  3.00450e-03 | 48  0.01112 -1.61201e+00
 49 -0.00017 -2.00169e+00 | 50 -0.00569  1.27287e+00 | 51 -0.00986  3.66761e-01
 52 -0.00940  5.62684e-01 | 53 -0.00790 -2.19322e+00 | 54 -0.00960 -3.13750e+00
 55 -0.00261  4.86362e-01 | 56  0.00057  8.79968e-01 | 57  0.00131  9.86327e-01
 58  0.00000  0.00000e+00 | 59 -0.90626 -3.90580e+02 | 60  0.15350  4.68997e+01
 61  0.12619  5.39963e+01 | 62  0.17826 -6.62307e+01 | 63 -0.00000 -6.56487e-10
 64  0.05177  6.38961e+00 | 65  0.19136  1.48908e+03 | 66  0.05526  9.11785e+02
 67  0.17673 -6.38341e+01 | 68  0.08966  4.10139e+00 | 69 -0.13911  3.13370e+01
 70  0.13025  1.54623e+01 | 71  0.08530  4.27201e+00 | 72  0.12426 -2.87634e+01
 73 -0.00000  1.08913e-29 | 74  0.02751 -4.80021e+00 | 75 -0.07258 -3.92615e+01
 76 -0.23735 -4.88306e-04 | 77  0.09934  4.93546e+01 | 78  0.72449 -2.45912e+00
 79 -0.16233 -4.28238e+00 | 80  0.08778  1.41806e+00 | 81 -0.65979 -2.47354e-02
Maximum number of function evaluations exceeded

 - final statistics:
81 variables; iteration 71; function evaluation 100
Function value 2.3672e+02; maximum gradient component mag -2.7984e+02
Exit code = 3;  converg criter 1.0000e+00
Var    Value     Gradient |Var    Value     Gradient |Var    Value     Gradient
  1  0.24049 -2.70912e+01 |  2  0.03440 -2.15714e+01 |  3 -0.01567 -7.43436e-01
  4 -0.00470  3.14803e+00 |  5 -0.00178 -4.07052e+00 |  6  0.00920 -5.13330e+00
  7  0.01150 -8.24143e+00 |  8  0.01532  3.55312e+00 |  9  0.00688  2.77532e+00
 10 -0.00037  6.08350e+00 | 11 -0.01351 -3.91471e+00 | 12 -0.00077  5.52909e+00
 13 -0.01389  9.58976e-01 | 14 -0.01249 -1.84984e+00 | 15  0.00167 -2.11821e+00
 16 -0.00077  1.76542e+00 | 17 -0.00989 -1.49894e+00 | 18  0.00071  4.82226e-01
 19  0.00605  3.73499e+00 | 20  0.01917  1.46017e+00 | 21  0.05114 -9.82980e-01
 22  0.01976 -4.62936e-01 | 23  0.00587 -4.27052e+00 | 24  0.03395  2.82378e+00
 25  0.02560 -8.25452e-01 | 26  0.03966 -5.93297e+00 | 27  0.01877  4.04782e+00
 28 -0.00768  3.12345e+00 | 29 -0.01939  8.16482e-01 | 30 -0.02439  1.08086e+00
 31 -0.01940  5.26139e+00 | 32 -0.00558  6.24482e+00 | 33  0.00682 -1.45552e+00
 34  0.00784 -2.69101e+00 | 35 -0.00148 -1.08476e+00 | 36  0.00179  3.37966e+00
 37  0.00891 -7.19717e-01 | 38  0.00569  1.24785e+00 | 39 -0.02009  2.44905e+00
 40 -0.02434 -1.62841e+00 | 41 -0.01667 -1.05881e+00 | 42  0.00049  1.27225e+00
 43  0.00308 -1.51173e+00 | 44  0.00544 -1.76717e+00 | 45 -0.02147  3.54318e+00
 46 -0.02618 -5.14432e-01 | 47 -0.01150  6.89413e-01 | 48  0.01125 -3.95991e-01
 49  0.00201  1.15667e-01 | 50 -0.00839 -2.04189e+00 | 51 -0.01310 -3.38453e+00
 52 -0.00924  1.57923e+00 | 53 -0.00279  4.12000e+00 | 54 -0.00963 -2.11536e+00
 55 -0.00309  9.67168e-02 | 56 -0.00117 -4.75925e-01 | 57  0.00124  9.35716e-01
 58  0.00000  0.00000e+00 | 59 -0.89889 -2.79837e+02 | 60  0.15121  5.14655e+01
 61  0.12684  9.68352e+01 | 62  0.17664 -7.73749e+01 | 63  0.00000  4.55766e-09
 64  0.04917 -8.94269e-01 | 65  0.19578 -6.39912e+01 | 66  0.04843 -5.45522e+01
 67  0.17839 -1.56961e+00 | 68  0.19676  2.56842e-01 | 69 -0.17606  1.92357e+00
 70  0.12938  1.40645e+01 | 71  0.08509  9.33549e-01 | 72  0.12315 -3.64904e+01
 73 -0.00000  3.80711e-30 | 74  0.03011  5.80121e+00 | 75 -0.07584 -5.43981e+01
 76 -0.23875 -9.15577e-04 | 77  0.09732  5.59071e+01 | 78  0.73056 -2.32589e+00
 79 -0.15951 -7.10999e-01 | 80  0.08819  1.62332e+00 | 81 -0.66158 -2.58230e+00

Initial statistics: 91 variables; iteration 0; function evaluation 0; phase 4
Function value 2.3672352e+02; maximum gradient component mag -2.7984e+02
Var    Value     Gradient |Var    Value     Gradient |Var    Value     Gradient
  1  0.24049 -2.70912e+01 |  2  0.03440 -2.15714e+01 |  3  0.00000  1.02121e+01
  4  0.00000  1.70453e+00 |  5  0.00000 -5.55004e+00 |  6  0.00000 -1.02393e+01
  7  0.00000 -2.03454e+01 |  8  0.00000 -2.87748e+01 |  9  0.00000 -2.61653e+01
 10  0.00000 -1.96418e+01 | 11  0.00000  1.78408e+00 | 12  0.00000  1.71861e+01
 13 -0.01567 -9.50180e-01 | 14 -0.00471  2.94123e+00 | 15 -0.00179 -4.27733e+00
 16  0.00920 -5.34009e+00 | 17  0.01149 -8.44821e+00 | 18  0.01532  3.34637e+00
 19  0.00688  2.56852e+00 | 20 -0.00037  5.87670e+00 | 21 -0.01351 -4.12147e+00
 22 -0.00078  5.32228e+00 | 23 -0.01389  7.52219e-01 | 24 -0.01249 -2.05661e+00
 25  0.00167 -2.32502e+00 | 26 -0.00077  1.55861e+00 | 27 -0.00990 -1.70572e+00
 28  0.00070  2.75420e-01 | 29  0.00605  3.52819e+00 | 30  0.01917  1.25346e+00
 31  0.05114 -1.18912e+00 | 32  0.01975 -6.69643e-01 | 33  0.00587 -4.47732e+00
 34  0.03394  2.61727e+00 | 35  0.02559 -1.03209e+00 | 36  0.03965 -6.13938e+00
 37  0.01876  3.84111e+00 | 38 -0.00769  2.91666e+00 | 39 -0.01940  6.09771e-01
 40 -0.02440  8.74202e-01 | 41 -0.01941  5.05468e+00 | 42 -0.00558  6.03802e+00
 43  0.00681 -1.66232e+00 | 44  0.00783 -2.89780e+00 | 45 -0.00148 -1.29157e+00
 46  0.00179  3.17286e+00 | 47  0.00890 -9.26503e-01 | 48  0.00569  1.04105e+00
 49 -0.02009  2.24235e+00 | 50 -0.02435 -1.83507e+00 | 51 -0.01667 -1.26554e+00
 52  0.00049  1.06544e+00 | 53  0.00308 -1.71853e+00 | 54  0.00544 -1.97397e+00
 55 -0.02148  3.33649e+00 | 56 -0.02619 -7.21063e-01 | 57 -0.01151  4.82640e-01
 58  0.01124 -6.02765e-01 | 59  0.00201 -9.11385e-02 | 60 -0.00840 -2.24868e+00
 61 -0.01310 -3.59129e+00 | 62 -0.00925  1.37245e+00 | 63 -0.00279  3.91319e+00
 64 -0.00964 -2.32215e+00 | 65 -0.00309 -1.10087e-01 | 66 -0.00117 -4.75925e-01
 67  0.00124  9.35716e-01 | 68  0.00000  0.00000e+00 | 69 -0.89889 -2.79837e+02
 70  0.15121  5.14655e+01 | 71  0.12684  9.68352e+01 | 72  0.17664 -7.73749e+01
 73  0.00000  4.55766e-09 | 74  0.04917 -8.94269e-01 | 75  0.19578 -6.39912e+01
 76  0.04843 -5.45522e+01 | 77  0.17839 -1.56961e+00 | 78  0.19676  2.56842e-01
 79 -0.17606  1.92357e+00 | 80  0.12938  1.40645e+01 | 81  0.08509  9.33549e-01
 82  0.12315 -3.64904e+01 | 83  0.00000  3.80711e-30 | 84  0.03011  5.80121e+00
 85 -0.07584 -5.43981e+01 | 86 -0.23875 -9.15577e-04 | 87  0.09732  5.59071e+01
 88  0.73056 -2.32589e+00 | 89 -0.15951 -7.10999e-01 | 90  0.08819  1.62332e+00
 91 -0.66158 -2.58230e+00 |

Intermediate statistics: 91 variables; iteration 20; function evaluation 41; phase 4
Function value 2.3148601e+02; maximum gradient component mag 2.1280e+03
Var    Value     Gradient |Var    Value     Gradient |Var    Value     Gradient
  1  0.21090  1.10724e+02 |  2  0.04517  5.16872e+01 |  3 -0.01311  6.69363e-01
  4 -0.00396  1.28871e+00 |  5  0.00379  2.18724e+00 |  6  0.00648  3.26976e+00
  7  0.01657  4.96977e+00 |  8  0.02754  7.16560e+00 |  9  0.02221  7.47715e+00
 10  0.01852  6.27028e+00 | 11 -0.00336  2.03945e+00 | 12 -0.01658 -2.29591e+00
 13 -0.01133 -3.01651e+00 | 14 -0.00650 -1.81569e+00 | 15  0.00292  1.17107e+00
 16  0.01191  2.92918e+00 | 17  0.01904  2.76845e+00 | 18  0.00888  2.91651e-01
 19  0.00475 -7.32990e-01 | 20 -0.00739  6.35956e-02 | 21 -0.00842  3.76089e+00
 22 -0.00506  7.20059e+00 | 23 -0.01286  8.03201e+00 | 24 -0.01017  8.22781e+00
 25  0.00451  9.64655e+00 | 26 -0.00089  9.10590e+00 | 27 -0.00506  7.93248e+00
 28  0.00390  6.28550e+00 | 29  0.00390  3.79806e+00 | 30  0.01831  2.54348e+00
 31  0.05413  1.01702e+00 | 32  0.01836 -2.71844e+00 | 33  0.01118 -4.69099e+00
 34  0.02720 -9.13277e+00 | 35  0.02206 -1.03725e+01 | 36  0.04721 -1.30033e+01
 37  0.01271 -1.05768e+01 | 38 -0.00882 -7.88249e+00 | 39 -0.01769 -7.21296e+00
 40 -0.02242 -7.05709e+00 | 41 -0.02044 -8.26009e+00 | 42 -0.00805 -1.05462e+01
 43  0.00900 -1.23364e+01 | 44  0.00725 -1.01217e+01 | 45 -0.00156 -5.63729e+00
 46 -0.00219 -2.25934e+00 | 47  0.01160  1.38311e+00 | 48  0.00603  3.23001e+00
 49 -0.02233  1.88150e+00 | 50 -0.02353  5.32290e-01 | 51 -0.01664 -6.41831e-01
 52 -0.00196 -6.11890e-01 | 53  0.00274  3.89069e-01 | 54  0.00544  9.50909e-01
 55 -0.02561  5.56198e-01 | 56 -0.02540  7.04976e-01 | 57 -0.01264  3.31809e-01
 58  0.01047 -3.01699e-02 | 59 -0.00030 -4.81920e-01 | 60 -0.00815 -6.44669e-01
 61 -0.01060 -8.10405e-01 | 62 -0.01099 -9.72101e-01 | 63 -0.00724 -6.13592e-01
 64 -0.00703 -4.52967e-02 | 65 -0.00316 -1.09741e-01 | 66 -0.00051 -1.09566e-02
 67 -0.00006 -4.67942e-02 | 68  0.00000  0.00000e+00 | 69 -0.88208 -9.33116e+01
 70  0.15445  6.39670e+01 | 71  0.12639  2.29552e+02 | 72  0.17615 -5.69626e+01
 73  0.00010  4.98331e-07 | 74  0.05667  3.57255e+00 | 75  0.17577  1.14990e+03
 76  0.09120  2.12803e+03 | 77  0.17032  3.92537e+01 | 78  0.07811  4.16142e+00
 79 -0.16115  1.48076e+01 | 80  0.13596 -1.37862e+01 | 81  0.08085  3.82010e-02
 82  0.12615  3.00410e+01 | 83 -0.00000 -6.65130e-31 | 84  0.03195  3.29529e+00
 85 -0.06632  1.61885e-02 | 86 -0.23875  2.19344e-04 | 87  0.10038  8.21291e+00
 88  0.71294  8.96542e-01 | 89 -0.15504  7.61802e-02 | 90  0.09404  2.02342e+01
 91 -0.65577 -5.94345e+00 |
91 variables; iteration 40; function evaluation 64; phase 4
Function value 2.3084921e+02; maximum gradient component mag 3.5601e+03
Var    Value     Gradient |Var    Value     Gradient |Var    Value     Gradient
  1  0.20801 -3.51953e+02 |  2  0.03953 -1.95294e+02 |  3 -0.00954  3.74873e+00
  4 -0.00199  2.95354e+00 |  5  0.00470  2.98805e+00 |  6  0.01008  5.87143e+00
  7  0.01716  4.73879e+00 |  8  0.02682  5.05775e+00 |  9  0.01820  2.43814e+00
 10  0.01486  1.31785e+00 | 11 -0.00160  2.05967e+00 | 12 -0.01523 -1.66464e+00
 13 -0.01147 -3.58243e+00 | 14 -0.00464 -1.27359e+00 | 15  0.00203 -1.67417e+00
 16  0.01064 -1.63787e+00 | 17  0.01573 -3.69130e+00 | 18  0.01282 -5.98409e-01
 19  0.00399 -5.35788e+00 | 20 -0.00714 -4.70152e+00 | 21 -0.01078 -4.27119e+00
 22 -0.00595 -8.15476e-02 | 23 -0.01286  2.47668e+00 | 24 -0.00891  3.56693e+00
 25  0.00348  1.23112e+00 | 26 -0.00397 -1.55873e-01 | 27 -0.00480  5.18163e+00
 28  0.00592  8.55973e+00 | 29  0.00595  7.49222e+00 | 30  0.01760  3.88135e+00
 31  0.05548  2.44464e+00 | 32  0.01623 -4.28178e+00 | 33  0.00992 -5.12620e+00
 34  0.02833 -5.71650e+00 | 35  0.02120 -5.77779e+00 | 36  0.05053 -2.74763e+00
 37  0.01218 -4.96254e+00 | 38 -0.00879 -3.71746e+00 | 39 -0.01775 -3.94474e+00
 40 -0.02181 -3.63709e+00 | 41 -0.02059 -5.06063e+00 | 42 -0.00787 -5.57286e+00
 43  0.00997 -4.12082e+00 | 44  0.00940 -4.55380e-01 | 45 -0.00207  2.07074e-01
 46 -0.00113  3.60679e+00 | 47  0.01194  6.01116e+00 | 48  0.00681  6.79004e+00
 49 -0.02310  2.41498e+00 | 50 -0.02215  2.82586e+00 | 51 -0.01579  4.52649e-02
 52 -0.00294 -3.56611e+00 | 53  0.00167 -4.07474e+00 | 54  0.00458 -3.22032e+00
 55 -0.02642 -1.63749e+00 | 56 -0.02491  9.91709e-01 | 57 -0.01143  1.88808e+00
 58  0.01041  1.77188e-01 | 59  0.00000 -8.80439e-01 | 60 -0.00868 -2.49728e+00
 61 -0.01069 -2.73975e+00 | 62 -0.01160 -3.23206e+00 | 63 -0.00784 -2.30579e+00
 64 -0.00841 -1.39661e+00 | 65 -0.00332 -2.11555e-01 | 66 -0.00131 -6.05555e-01
 67  0.00047  3.55155e-01 | 68  0.00000  0.00000e+00 | 69 -0.87688 -5.70821e+02
 70  0.15267  2.36373e+01 | 71  0.12674  1.77333e+02 | 72  0.17630  2.16927e+01
 73  0.00870  4.29157e-05 | 74  0.05980  5.27546e+00 | 75  0.17695  2.07353e+03
 76  0.09075  3.56014e+03 | 77  0.17060 -1.44438e+02 | 78 -0.00518  3.17849e+00
 79 -0.16557 -4.33507e+00 | 80  0.13835 -1.22833e+01 | 81  0.07951  8.09175e-01
 82  0.12740  3.84944e+01 | 83 -0.00000  3.32602e-30 | 84  0.03363  1.37403e+01
 85 -0.07344 -1.24355e+01 | 86 -0.23874  1.68857e-04 | 87  0.09608  8.19798e+00
 88  0.74566  1.29370e+00 | 89 -0.16717 -6.19910e+00 | 90  0.09491  1.56897e+01
 91 -0.65268 -2.26877e+00 |
91 variables; iteration 60; function evaluation 94; phase 4
Function value 2.2937664e+02; maximum gradient component mag 1.7137e+04
Var    Value     Gradient |Var    Value     Gradient |Var    Value     Gradient
  1  0.19214 -1.16204e+02 |  2  0.05655 -6.32975e+01 |  3 -0.01733 -3.33608e+00
  4 -0.00910 -3.62809e+00 |  5 -0.00107 -2.83648e+00 |  6  0.00097 -2.79596e+00
  7  0.01024 -3.07029e+00 |  8  0.02061 -3.17817e+00 |  9  0.01597 -2.49398e+00
 10  0.01435 -6.65110e-01 | 11 -0.00290  2.06387e+00 | 12 -0.01235  3.94895e+00
 13 -0.00565  8.23142e+00 | 14 -0.00410  6.62577e+00 | 15  0.00070  4.17698e+00
 16  0.00876  2.88110e+00 | 17  0.01480  8.05480e-01 | 18  0.00826  1.81667e+00
 19  0.00721  5.58130e+00 | 20 -0.00426  8.01742e+00 | 21 -0.00672  7.62474e+00
 22 -0.00851  1.41067e+00 | 23 -0.01590  1.90667e-01 | 24 -0.01214  7.77808e-01
 25  0.00617  2.74580e+00 | 26  0.00070  7.94557e-01 | 27 -0.00619 -4.34518e+00
 28  0.00299 -5.78543e+00 | 29  0.00269 -4.21336e+00 | 30  0.02000 -1.75454e+00
 31  0.05029 -4.24262e+00 | 32  0.02201  2.72474e+00 | 33  0.01247  4.21164e+00
 34  0.02857  4.31839e+00 | 35  0.02596  4.85943e+00 | 36  0.04621  1.83258e+00
 37  0.01477  1.03970e+00 | 38 -0.00808  3.68340e-01 | 39 -0.01751 -1.03217e+00
 40 -0.02242 -1.76555e+00 | 41 -0.01855 -1.14344e+00 | 42 -0.00452 -5.88909e-01
 43  0.01059 -1.20974e+00 | 44  0.00824 -4.10702e-02 | 45 -0.00154 -4.12358e-01
 46 -0.00272 -1.58892e+00 | 47  0.00983 -3.14813e+00 | 48  0.00351 -3.29379e+00
 49 -0.02366 -1.39034e+00 | 50 -0.02549 -1.69516e+00 | 51 -0.01691  6.99191e-01
 52 -0.00053  4.01023e+00 | 53  0.00226  4.11390e+00 | 54  0.00318  2.59393e+00
 55 -0.02702  1.62595e+00 | 56 -0.02632  1.66987e+00 | 57 -0.01337  1.54071e+00
 58  0.00932  8.89164e-01 | 59 -0.00207  5.15898e-01 | 60 -0.00910  2.09411e+00
 61 -0.00924  5.12203e+00 | 62 -0.00888  5.89097e+00 | 63 -0.00571  4.81516e+00
 64 -0.00629  3.04326e+00 | 65 -0.00441  4.42509e-01 | 66 -0.00020  2.32265e-01
 67 -0.00022 -1.66191e-01 | 68  0.00000  0.00000e+00 | 69 -0.86819 -3.09321e+02
 70  0.16944  5.32776e+01 | 71  0.12314  2.72186e+02 | 72  0.17961  2.01377e+01
 73  0.01482  7.31300e-05 | 74  0.05756 -1.41399e+00 | 75  0.17871  9.69881e+03
 76  0.08983  1.71374e+04 | 77  0.16843 -1.05519e+02 | 78 -0.03306  6.80926e+00
 79 -0.21825 -6.86962e+00 | 80  0.13721 -2.36706e+01 | 81  0.08021 -1.69895e+00
 82  0.12478  3.12199e+01 | 83  0.00000 -9.84556e-30 | 84  0.03222 -1.10259e+01
 85 -0.06479  1.73305e+01 | 86 -0.23872  5.34298e-04 | 87  0.09943 -1.67415e+01
 88  0.71555  3.01353e+00 | 89 -0.15204  2.01171e+00 | 90  0.09493 -9.06575e+00
 91 -0.65360  2.28259e+00 |
91 variables; iteration 80; function evaluation 130; phase 4
Function value 2.2674787e+02; maximum gradient component mag -7.6472e+03
Var    Value     Gradient |Var    Value     Gradient |Var    Value     Gradient
  1  0.16605 -6.59278e+02 |  2  0.06461 -3.33277e+02 |  3 -0.01325  1.94224e+00
  4 -0.00263  3.39380e+00 |  5 -0.01892 -1.49479e+01 |  6 -0.01094 -9.76659e+00
  7  0.01137  7.46991e-01 |  8  0.01646 -2.09158e+00 |  9  0.01501  1.40166e+00
 10  0.02357  1.00101e+01 | 11 -0.00108  5.16577e+00 | 12 -0.02155 -5.18158e+00
 13  0.00325  1.66845e+01 | 14 -0.01523 -1.99795e+00 | 15 -0.00078  4.52808e+00
 16 -0.00242 -2.01308e+00 | 17  0.02166  1.06887e+01 | 18  0.00431  3.25693e+00
 19  0.00741  7.75651e+00 | 20 -0.00040  1.07882e+01 | 21 -0.01107 -1.69041e+00
 22 -0.01238 -1.17194e+01 | 23 -0.02227 -1.44079e+01 | 24 -0.01456 -8.76679e+00
 25  0.01099 -1.88694e+00 | 26  0.00551 -2.55337e+00 | 27 -0.00926 -1.27232e+01
 28  0.00881 -4.11924e+00 | 29  0.01407  4.84831e+00 | 30  0.00828 -1.00331e+01
 31  0.04915 -5.70426e+00 | 32  0.03365  1.50489e+01 | 33  0.00427  4.74796e+00
 34  0.03223  1.44444e+01 | 35  0.03647  1.40450e+01 | 36  0.02199 -1.19825e+01
 37  0.02552  1.30853e+01 | 38 -0.00035  1.58395e+01 | 39 -0.00992  1.18327e+01
 40 -0.02563 -3.95383e+00 | 41 -0.02871 -9.60769e+00 | 42  0.00994  2.06766e+01
 43  0.01205  1.59623e+01 | 44  0.01303  1.54195e+01 | 45 -0.01199 -6.95075e+00
 46 -0.00569 -5.24637e+00 | 47  0.01306 -2.55769e-01 | 48  0.00426 -3.22464e-01
 49 -0.02835 -3.23125e+00 | 50 -0.03098 -2.91016e+00 | 51 -0.01103  1.33386e+01
 52  0.00079  1.28776e+01 | 53 -0.00428  5.82575e+00 | 54 -0.00112  7.52057e+00
 55 -0.02268  1.46954e+01 | 56 -0.03192  2.59734e+00 | 57 -0.01783  4.65943e+00
 58  0.01090  1.05624e+01 | 59 -0.00268  5.34335e+00 | 60 -0.01309  6.58677e-01
 61 -0.01574  1.99523e+00 | 62 -0.00574  1.61997e+01 | 63  0.00373  2.40736e+01
 64  0.00455  1.95754e+01 | 65  0.00119  8.37008e+00 | 66  0.00349  2.94801e+00
 67 -0.00042 -3.20222e-01 | 68  0.00000  0.00000e+00 | 69 -0.84095 -6.72860e+02
 70  0.18874 -2.05961e+03 | 71  0.11851 -7.64715e+03 | 72  0.17943 -8.09259e+01
 73 -0.27848  2.16738e-01 | 74  0.05893 -1.11579e+01 | 75  0.18078 -1.41737e+03
 76  0.08863 -2.81771e+03 | 77  0.16546 -2.99041e+02 | 78 -0.02278 -1.86026e+00
 79 -0.43678 -9.91226e-02 | 80  0.15496  1.16963e+01 | 81  0.06626 -1.98778e+00
 82  0.12726 -3.63842e+01 | 83  0.00000 -9.14004e-30 | 84  0.03455 -1.42584e+01
 85 -0.05548  6.58651e+00 | 86 -0.23831  8.36316e-05 | 87  0.10326  1.46812e+00
 88  0.71338 -2.95180e+00 | 89 -0.15749 -1.86450e+01 | 90  0.10340 -3.37314e+01
 91 -0.64195  1.61878e+01 |
91 variables; iteration 100; function evaluation 165; phase 4
Function value 2.2242719e+02; maximum gradient component mag -3.4028e+03
Var    Value     Gradient |Var    Value     Gradient |Var    Value     Gradient
  1  0.15677 -1.12140e+03 |  2  0.04088 -6.36459e+02 |  3 -0.02477 -7.47886e+00
  4 -0.00217  5.82812e+00 |  5  0.00204  4.55462e+00 |  6  0.01338  1.18837e+01
  7 -0.00327 -8.71493e+00 |  8  0.00690 -8.63796e+00 |  9  0.01430  8.08257e-01
 10  0.03179  1.44331e+01 | 11 -0.01492 -8.68730e+00 | 12 -0.01154 -6.08908e-01
 13 -0.01381 -7.90324e+00 | 14 -0.00562 -1.38479e+00 | 15 -0.00191 -1.98914e+00
 16  0.00061 -7.16590e+00 | 17  0.01021 -7.39097e+00 | 18  0.01230 -2.24236e+00
 19  0.00974 -2.75749e+00 | 20 -0.01311 -9.70163e+00 | 21 -0.00685 -2.33048e+00
 22 -0.01108 -7.72217e+00 | 23 -0.01848 -5.24987e+00 | 24 -0.00345  6.91756e+00
 25 -0.00020 -5.72399e+00 | 26  0.01051  7.82157e+00 | 27 -0.00123  3.02199e+00
 28  0.02075  1.58475e+01 | 29 -0.00290 -2.99512e+00 | 30  0.01096 -1.96168e+00
 31  0.06319  1.20381e+01 | 32  0.02557  6.92572e+00 | 33 -0.00215 -8.77405e+00
 34  0.03060  7.40959e+00 | 35  0.03296  1.60701e+01 | 36  0.04334  6.70229e+00
 37  0.00883  2.88415e-01 | 38 -0.00079  1.20408e+01 | 39 -0.00611  1.55465e+01
 40 -0.02261  9.77954e-01 | 41 -0.01691  2.69254e+00 | 42  0.01152  1.83241e+01
 43  0.00437  1.65653e+00 | 44  0.01379  1.30405e+01 | 45 -0.00944 -3.57553e+00
 46  0.00096  3.81711e+00 | 47  0.01101  1.20484e+00 | 48  0.00286 -1.26822e+00
 49 -0.02536 -2.56192e+00 | 50 -0.02204 -7.24597e-01 | 51 -0.02558 -1.31483e+01
 52  0.00296 -4.35996e-01 | 53 -0.00128 -4.95207e+00 | 54 -0.01065 -1.44329e+01
 55 -0.02395  2.14767e+00 | 56 -0.02163  1.94255e+00 | 57 -0.03260 -1.99805e+01
 58  0.01234  3.38794e-01 | 59  0.00162  4.11666e-01 | 60 -0.01985 -1.44021e+01
 61 -0.00562 -3.11315e+00 | 62 -0.01685 -1.16004e+01 | 63 -0.00297  4.35390e-01
 64 -0.00377  2.72337e+00 | 65  0.00798  8.31724e+00 | 66 -0.01361 -1.00328e+01
 67  0.00314  2.37388e+00 | 68  0.00000  0.00000e+00 | 69 -0.80898 -8.98735e+02
 70  0.20129  5.10806e+01 | 71  0.11508  1.43485e+02 | 72  0.18040 -1.21518e+02
 73 -1.70546  1.56696e-03 | 74  0.07990  1.49587e+00 | 75  0.18352 -1.71232e+03
 76  0.08694 -3.40281e+03 | 77  0.16336 -5.14307e+02 | 78 -0.01563 -2.80962e+00
 79 -0.80445 -1.00830e-02 | 80  0.16445  1.04581e+02 | 81  0.05655  5.37415e+01
 82  0.12971 -4.35711e+01 | 83  0.00000  4.95326e-28 | 84  0.04020  1.05257e+01
 85 -0.05352  2.18882e+01 | 86 -0.23675  4.59414e-04 | 87  0.10279 -1.95351e+01
 88  0.69412  2.14728e+00 | 89 -0.13796 -7.43897e-01 | 90  0.11194  1.34069e+01
 91 -0.64050 -3.27323e+00 |
91 variables; iteration 120; function evaluation 198; phase 4
Function value 2.1621918e+02; maximum gradient component mag 5.9574e+02
Var    Value     Gradient |Var    Value     Gradient |Var    Value     Gradient
  1  0.14417  5.95738e+02 |  2  0.00322  2.84942e+02 |  3 -0.01861 -2.74464e-01
  4 -0.01091 -2.03943e-01 |  5 -0.00595 -1.13564e+00 |  6 -0.00662 -1.93687e+00
  7  0.00602  1.20181e+00 |  8  0.01752  5.25082e-01 |  9  0.01329 -2.32515e-01
 10  0.01256 -1.22888e+00 | 11  0.00078  1.83798e+00 | 12 -0.01057  5.05961e-02
 13 -0.00850  3.58626e-01 | 14 -0.01086 -1.32698e-01 | 15 -0.00752  3.94712e-01
 16 -0.00142 -1.04538e+00 | 17  0.01081  3.07437e-02 | 18  0.00922  4.59770e-01
 19  0.00988  2.86175e+00 | 20 -0.00831  1.89337e+00 | 21 -0.01079  2.00365e+00
 22 -0.00865  6.67620e-01 | 23 -0.01648  1.29654e+00 | 24 -0.01394  1.61652e+00
 25  0.01137  5.36911e+00 | 26  0.01015  5.41513e+00 | 27  0.00809  3.67479e+00
 28  0.01373  2.75433e+00 | 29  0.00365  1.98962e+00 | 30  0.01686  1.99547e+00
 31  0.05999  3.85500e+00 | 32  0.02358  3.15898e+00 | 33  0.01386  3.07761e+00
 34  0.02886  2.66991e+00 | 35  0.02121  1.11393e+00 | 36  0.04547 -9.48401e-01
 37  0.01804  6.44850e-01 | 38 -0.00532 -8.02675e-01 | 39 -0.01054 -7.05541e-01
 40 -0.01429 -2.59326e+00 | 41 -0.01040 -5.22292e+00 | 42  0.00815 -2.73098e+00
 43  0.01122 -5.93465e+00 | 44  0.00445 -3.40899e+00 | 45 -0.00239 -3.74478e+00
 46 -0.00207 -2.95285e+00 | 47  0.01261 -6.23738e-01 | 48  0.00214 -2.25121e+00
 49 -0.02557 -1.35062e+00 | 50 -0.02624 -1.75934e+00 | 51 -0.01608 -5.95853e-01
 52 -0.00208 -6.37895e-01 | 53 -0.00631 -2.40654e+00 | 54 -0.00449 -1.49718e+00
 55 -0.03281 -2.07085e+00 | 56 -0.02936 -1.57747e+00 | 57 -0.01760 -9.41876e-01
 58  0.00372 -1.67903e+00 | 59 -0.00503 -8.28531e-01 | 60 -0.00933  8.30068e-01
 61 -0.01248 -1.55259e+00 | 62 -0.00632  3.16980e+00 | 63 -0.00790  1.73546e-01
 64 -0.00888  3.12386e-01 | 65 -0.00498 -1.53553e-01 | 66 -0.00086 -3.49658e-01
 67 -0.00042 -3.17138e-01 | 68  0.00000  0.00000e+00 | 69 -0.74641  2.61348e+02
 70  0.23729 -2.10842e+01 | 71  0.10527  2.36649e+00 | 72  0.18629 -1.41801e+01
 73 -2.42416 -1.96656e-01 | 74  0.08854 -2.02423e+00 | 75  0.18383  1.56844e+02
 76  0.08630  5.31605e+02 | 77  0.15781  2.20237e+02 | 78 -0.32807 -1.77933e-03
 79 -1.78766 -1.48160e+00 | 80  0.17713  1.29706e+00 | 81  0.02351 -2.84278e-01
 82  0.13129 -6.17362e+00 | 83 -0.00000 -4.58216e-30 | 84  0.04453 -7.11324e-01
 85 -0.04698  1.64575e+00 | 86 -0.22595 -1.92832e-05 | 87  0.10504 -5.16154e-01
 88  0.66495 -3.40758e-01 | 89 -0.12344 -5.51599e-01 | 90  0.12072  2.95822e-01
 91 -0.63517  5.70556e-01 |
91 variables; iteration 140; function evaluation 222; phase 4
Function value 2.1488888e+02; maximum gradient component mag 1.3709e+02
Var    Value     Gradient |Var    Value     Gradient |Var    Value     Gradient
  1  0.13865 -3.05392e+01 |  2  0.00563 -1.57077e+01 |  3 -0.01951  1.96049e-02
  4 -0.01232 -1.18077e-01 |  5 -0.00642  4.16294e-04 |  6 -0.00647 -3.40774e-02
  7  0.00202  1.15707e-01 |  8  0.01397  6.02847e-02 |  9  0.01071  3.44254e-02
 10  0.01262 -2.51169e-02 | 11 -0.00075  2.11190e-01 | 12 -0.00912  8.15566e-02
 13 -0.00884  2.92818e-01 | 14 -0.01228  2.02832e-01 | 15 -0.01051  2.26027e-01
 16 -0.00280  2.88103e-01 | 17  0.00919  3.07772e-01 | 18  0.00988  2.75491e-01
 19  0.00907  3.80132e-01 | 20 -0.00859  4.23787e-01 | 21 -0.01109  4.38215e-01
 22 -0.00806  2.56200e-01 | 23 -0.01776 -1.16044e-01 | 24 -0.01428 -5.43132e-01
 25  0.01216 -9.69924e-01 | 26  0.01196 -9.79830e-01 | 27  0.01089 -5.49656e-01
 28  0.01551 -4.83786e-01 | 29  0.00324 -5.96114e-01 | 30  0.01676 -8.65658e-01
 31  0.06173 -1.75678e+00 | 32  0.02453 -1.29880e+00 | 33  0.01380 -1.04498e+00
 34  0.02843 -9.87168e-01 | 35  0.01985 -8.11286e-01 | 36  0.04635 -1.23322e+00
 37  0.01674 -9.54203e-01 | 38 -0.00423 -7.25360e-01 | 39 -0.00970 -7.22223e-01
 40 -0.01220 -2.89483e-01 | 41 -0.00580  3.04394e-01 | 42  0.00786  2.80514e-01
 43  0.01273  1.52791e-01 | 44  0.00277 -2.85718e-01 | 45 -0.00091  4.63550e-02
 46 -0.00053  2.60603e-01 | 47  0.01152  7.88865e-01 | 48  0.00265  8.90580e-01
 49 -0.02605  7.02766e-01 | 50 -0.02583  6.21041e-01 | 51 -0.01584  9.20018e-01
 52 -0.00284  7.88719e-01 | 53 -0.00691  8.40797e-01 | 54 -0.00674  8.44134e-01
 55 -0.03317  5.23369e-01 | 56 -0.02930  4.61428e-01 | 57 -0.01851  7.33867e-01
 58  0.00303  5.77972e-01 | 59 -0.00571  4.72487e-01 | 60 -0.01087  4.47663e-01
 61 -0.01003  3.08008e-01 | 62 -0.00800  4.05186e-01 | 63 -0.00724  1.71967e-01
 64 -0.00995  7.32464e-02 | 65 -0.00596  2.76423e-02 | 66 -0.00034  9.71670e-02
 67 -0.00008 -6.19972e-02 | 68  0.00000  0.00000e+00 | 69 -0.73930 -2.43966e+01
 70  0.28454  4.76567e+00 | 71  0.09241  2.48999e+01 | 72  0.19454  1.36241e+00
 73 -1.98798  5.93102e-05 | 74  0.09583 -4.26424e-01 | 75  0.18600  8.10149e+01
 76  0.08504  1.37094e+02 | 77  0.15633 -1.36754e+01 | 78 -0.35791 -1.97931e-03
 79 -1.84875 -5.29433e-01 | 80  0.17990 -3.10136e+00 | 81  0.01698  3.96188e-01
 82  0.13028  7.75370e-01 | 83 -0.00000  7.04770e-30 | 84  0.04838 -6.75454e-01
 85 -0.04414 -1.21798e+00 | 86 -0.22254 -3.32082e-07 | 87  0.10551  1.33792e+00
 88  0.65739 -2.24428e-02 | 89 -0.11682  3.97350e-01 | 90  0.12716 -5.57137e-01
 91 -0.63203  2.39550e-01 |
91 variables; iteration 160; function evaluation 243; phase 4
Function value 2.1483788e+02; maximum gradient component mag 2.5863e+02
Var    Value     Gradient |Var    Value     Gradient |Var    Value     Gradient
  1  0.13822  1.55002e+01 |  2  0.00559  7.65973e+00 |  3 -0.01970 -2.87551e-02
  4 -0.01232  1.44726e-02 |  5 -0.00655  5.59647e-02 |  6 -0.00663  2.29491e-02
  7  0.00163 -1.41308e-02 |  8  0.01358 -9.84666e-02 |  9  0.01052 -4.09842e-03
 10  0.01266 -1.76155e-03 | 11 -0.00091 -7.68374e-02 | 12 -0.00899 -9.91599e-02
 13 -0.00895 -1.15379e-01 | 14 -0.01237 -7.46150e-02 | 15 -0.01074 -5.10719e-02
 16 -0.00304 -1.16444e-02 | 17  0.00909 -1.74325e-02 | 18  0.00994 -1.70358e-02
 19  0.00900 -1.74845e-02 | 20 -0.00869 -1.32766e-02 | 21 -0.01107  5.48447e-02
 22 -0.00809  4.37724e-02 | 23 -0.01789  1.32595e-01 | 24 -0.01433  1.06752e-01
 25  0.01239  1.14994e-01 | 26  0.01241 -2.98038e-02 | 27  0.01101 -1.51955e-01
 28  0.01547 -1.71960e-01 | 29  0.00332 -4.86970e-02 | 30  0.01677  4.61030e-03
 31  0.06200  5.47634e-02 | 32  0.02470 -6.94970e-02 | 33  0.01388 -1.22915e-01
 34  0.02845 -6.57408e-02 | 35  0.01982 -1.56364e-02 | 36  0.04637 -9.79476e-02
 37  0.01675 -1.00031e-01 | 38 -0.00423 -1.12524e-01 | 39 -0.00944 -1.55407e-01
 40 -0.01196 -1.40772e-01 | 41 -0.00577 -1.11573e-02 | 42  0.00801  8.80015e-02
 43  0.01254  1.39392e-02 | 44  0.00297 -8.80734e-02 | 45 -0.00095 -8.49033e-02
 46 -0.00037 -2.51048e-02 | 47  0.01144  1.23874e-02 | 48  0.00260  4.35059e-02
 49 -0.02612 -4.63234e-03 | 50 -0.02576 -2.30162e-02 | 51 -0.01597 -9.65049e-02
 52 -0.00273 -3.77462e-02 | 53 -0.00716 -1.90215e-02 | 54 -0.00701  1.45188e-02
 55 -0.03325 -2.52733e-02 | 56 -0.02920 -2.18538e-02 | 57 -0.01875 -2.28332e-02
 58  0.00295  4.29675e-03 | 59 -0.00579  1.73938e-02 | 60 -0.01097 -3.11142e-02
 61 -0.00991  2.44508e-04 | 62 -0.00806 -4.63526e-02 | 63 -0.00720  3.77055e-03
 64 -0.00999  4.00710e-02 | 65 -0.00602 -7.22734e-03 | 66 -0.00043  2.76551e-02
 67  0.00002  1.47739e-02 | 68  0.00000  0.00000e+00 | 69 -0.73704 -2.67374e+00
 70  0.28552  7.96658e+00 | 71  0.09214  3.16641e+01 | 72  0.19452  2.91418e+00
 73 -1.77158  1.17820e-03 | 74  0.09649 -5.12408e-01 | 75  0.18931  1.58427e+02
 76  0.08304  2.58627e+02 | 77  0.15725  5.64627e+00 | 78 -0.34564 -1.89573e-03
 79 -1.84429 -1.65880e+00 | 80  0.18232  7.23408e+00 | 81  0.00276  1.31356e+00
 82  0.13099 -5.26938e-01 | 83 -0.00000  4.16489e-29 | 84  0.04837  5.58838e-02
 85 -0.04406  1.07282e-01 | 86 -0.22820 -9.50477e-05 | 87  0.10546  5.83002e-01
 88  0.66080  3.60300e-01 | 89 -0.11702  4.26189e-01 | 90  0.12779 -1.77701e-01
 91 -0.63174  6.48142e-02 |
91 variables; iteration 180; function evaluation 268; phase 4
Function value 2.1465401e+02; maximum gradient component mag 9.6475e+01
Var    Value     Gradient |Var    Value     Gradient |Var    Value     Gradient
  1  0.13767  1.13115e+01 |  2 -0.00218  7.06859e+00 |  3 -0.01989 -6.00621e-02
  4 -0.01252 -2.26811e-02 |  5 -0.00668  5.61223e-02 |  6 -0.00672  1.01634e-01
  7  0.00146 -3.53091e-02 |  8  0.01378 -3.77071e-02 |  9  0.01063 -4.16913e-02
 10  0.01280 -1.00645e-01 | 11 -0.00075 -1.75017e-01 | 12 -0.00864 -5.18928e-02
 13 -0.00898 -1.31909e-01 | 14 -0.01249 -1.90262e-02 | 15 -0.01102  3.69712e-03
 16 -0.00332  5.64781e-02 | 17  0.00886 -5.85138e-02 | 18  0.00999 -9.43542e-02
 19  0.00919 -8.10229e-02 | 20 -0.00880 -1.34611e-01 | 21 -0.01112  1.59804e-02
 22 -0.00799  6.58554e-02 | 23 -0.01796  5.24641e-04 | 24 -0.01436 -1.10673e-01
 25  0.01234 -6.44327e-01 | 26  0.01276 -6.24829e-01 | 27  0.01133 -5.21036e-01
 28  0.01570 -3.41281e-01 | 29  0.00325 -2.56233e-01 | 30  0.01673 -2.80815e-01
 31  0.06225 -4.54634e-01 | 32  0.02476 -3.15073e-01 | 33  0.01415 -1.49245e-01
 34  0.02836 -2.92770e-01 | 35  0.01956 -1.57151e-01 | 36  0.04659 -5.63284e-02
 37  0.01672 -2.44062e-01 | 38 -0.00433 -3.65251e-01 | 39 -0.00928 -2.55841e-01
 40 -0.01171 -2.42678e-01 | 41 -0.00557 -2.55216e-01 | 42  0.00832 -9.65074e-02
 43  0.01237 -1.37494e-01 | 44  0.00298  9.77803e-02 | 45 -0.00081  1.66682e-01
 46 -0.00026  1.50651e-01 | 47  0.01137  8.66591e-02 | 48  0.00266  2.92555e-01
 49 -0.02615  2.42601e-01 | 50 -0.02574  2.94430e-01 | 51 -0.01590  2.70818e-01
 52 -0.00268  4.22080e-01 | 53 -0.00729  4.42718e-01 | 54 -0.00729  3.09658e-01
 55 -0.03327  3.55415e-01 | 56 -0.02918  2.93868e-01 | 57 -0.01884  3.04610e-01
 58  0.00279  3.60782e-01 | 59 -0.00581  4.00188e-01 | 60 -0.01103  1.99565e-01
 61 -0.00979  2.70955e-01 | 62 -0.00803  4.57306e-02 | 63 -0.00729  7.27192e-03
 64 -0.01035 -6.00424e-02 | 65 -0.00631  1.58426e-02 | 66 -0.00058 -9.08288e-02
 67  0.00005  3.56620e-02 | 68  0.00000  0.00000e+00 | 69 -0.72486  6.16423e+00
 70  0.28549  3.92208e+00 | 71  0.09216  2.80271e+01 | 72  0.19421  4.19250e+00
 73 -1.27024  6.95057e-03 | 74  0.10315  1.98658e-01 | 75  0.19207  4.88804e+01
 76  0.08059  9.64746e+01 | 77  0.15748  5.77072e+00 | 78  0.11235  1.03520e-01
 79 -1.84644 -1.74935e+00 | 80  0.18577  4.53994e+00 | 81 -0.06518  1.08195e-01
 82  0.13201  1.49768e+00 | 83 -0.00000  2.42202e-29 | 84  0.04811 -1.04979e+00
 85 -0.04309 -1.13207e+00 | 86 -0.35174 -1.91085e-03 | 87  0.10580  1.10031e+00
 88  0.65390 -1.30358e-01 | 89 -0.11564 -2.33698e-01 | 90  0.12843 -5.75999e-01
 91 -0.63156 -3.25632e-03 |
91 variables; iteration 200; function evaluation 289; phase 4
Function value 2.1460270e+02; maximum gradient component mag 6.0204e+01
Var    Value     Gradient |Var    Value     Gradient |Var    Value     Gradient
  1  0.13668 -9.19499e+00 |  2 -0.00665 -6.38084e+00 |  3 -0.02019  5.62808e-03
  4 -0.01287  2.93069e-02 |  5 -0.00720 -7.64051e-03 |  6 -0.00747 -8.56575e-02
  7  0.00097  2.66589e-02 |  8  0.01345  5.62620e-02 |  9  0.01029  4.60669e-02
 10  0.01272  1.54335e-01 | 11 -0.00050  1.37932e-01 | 12 -0.00842  8.24758e-02
 13 -0.00877  1.55365e-01 | 14 -0.01275  8.69207e-02 | 15 -0.01153  6.81048e-04
 16 -0.00407 -1.91081e-01 | 17  0.00848 -1.23180e-01 | 18  0.01004 -1.11185e-01
 19  0.00926 -3.11130e-02 | 20 -0.00881  9.02323e-02 | 21 -0.01112  7.03530e-02
 22 -0.00799 -6.92377e-02 | 23 -0.01827 -2.03718e-01 | 24 -0.01481 -2.92070e-01
 25  0.01277 -2.91784e-01 | 26  0.01334 -2.01816e-01 | 27  0.01191 -1.73050e-01
 28  0.01595 -6.69117e-02 | 29  0.00324 -1.02095e-02 | 30  0.01676 -9.32104e-02
 31  0.06258 -1.95606e-01 | 32  0.02513 -1.21037e-01 | 33  0.01405 -1.81261e-01
 34  0.02854  2.67696e-02 | 35  0.01946  1.52503e-01 | 36  0.04620  2.44287e-01
 37  0.01689  4.30756e-01 | 38 -0.00400  4.68313e-01 | 39 -0.00890  4.34648e-01
 40 -0.01127  2.52261e-01 | 41 -0.00518 -4.44398e-02 | 42  0.00869  1.00387e-01
 43  0.01218 -4.13155e-02 | 44  0.00282  8.37050e-02 | 45 -0.00078 -1.22535e-02
 46 -0.00012  3.49887e-02 | 47  0.01173  2.13461e-01 | 48  0.00236 -7.12651e-02
 49 -0.02626 -4.10451e-02 | 50 -0.02574 -6.76340e-03 | 51 -0.01562  6.92308e-02
 52 -0.00270  1.47164e-02 | 53 -0.00786 -6.17455e-02 | 54 -0.00762  4.65959e-02
 55 -0.03359 -6.22927e-02 | 56 -0.02914  1.65767e-02 | 57 -0.01899  3.85811e-03
 58  0.00248 -4.63823e-02 | 59 -0.00615 -8.10399e-02 | 60 -0.01096 -1.64356e-02
 61 -0.00989 -9.50879e-02 | 62 -0.00773  6.58300e-02 | 63 -0.00722  3.63366e-02
 64 -0.01036 -4.12014e-04 | 65 -0.00656 -1.06775e-01 | 66 -0.00040  3.69618e-02
 67 -0.00004 -3.41622e-02 | 68  0.00000  0.00000e+00 | 69 -0.71454  3.25397e-01
 70  0.28994 -8.34132e+00 | 71  0.09095  4.01186e+00 | 72  0.19447 -7.35133e+00
 73 -1.70965  1.54124e-03 | 74  0.10806  1.39099e-01 | 75  0.19512  3.09968e+01
 76  0.07833  6.02037e+01 | 77  0.15766 -5.88147e+00 | 78  0.02289  1.13025e-04
 79 -1.83683  2.21008e+00 | 80  0.18615  4.98703e+00 | 81 -0.11873  1.73735e-02
 82  0.13156 -4.34477e+00 | 83 -0.00000  2.12849e-29 | 84  0.04980  2.04738e+00
 85 -0.04181  9.74745e-01 | 86 -0.13167  1.81885e-02 | 87  0.10616 -8.88515e-01
 88  0.64965  2.68836e-02 | 89 -0.11404  7.04936e-02 | 90  0.13027  1.36269e+00
 91 -0.63050 -4.55192e-01 |
91 variables; iteration 220; function evaluation 330; phase 4
Function value 2.1446982e+02; maximum gradient component mag 8.9142e+01
Var    Value     Gradient |Var    Value     Gradient |Var    Value     Gradient
  1  0.13542 -8.34637e+00 |  2 -0.00760 -3.14554e+00 |  3 -0.02056  1.19248e-02
  4 -0.01333  1.62963e-02 |  5 -0.00764  3.40176e-02 |  6 -0.00794  3.06458e-02
  7  0.00020  2.62527e-02 |  8  0.01251  3.53905e-02 |  9  0.00940  3.24460e-02
 10  0.01210  3.27849e-02 | 11 -0.00045 -6.18797e-03 | 12 -0.00808  2.21789e-02
 13 -0.00902  7.16992e-02 | 14 -0.01334  8.69440e-02 | 15 -0.01222  8.80402e-02
 16 -0.00465  8.39594e-02 | 17  0.00792  7.91775e-02 | 18  0.01006  7.99405e-02
 19  0.00948  8.93478e-02 | 20 -0.00900  9.16175e-02 | 21 -0.01112  1.17705e-01
 22 -0.00803  7.56847e-02 | 23 -0.01856  8.41208e-02 | 24 -0.01506  3.61993e-02
 25  0.01315 -4.29795e-02 | 26  0.01395 -5.44807e-02 | 27  0.01263 -9.16160e-02
 28  0.01640 -1.09098e-01 | 29  0.00313 -7.70902e-02 | 30  0.01667 -1.10999e-01
 31  0.06311 -2.04853e-01 | 32  0.02556 -1.35766e-01 | 33  0.01432 -1.23068e-01
 34  0.02844 -1.39156e-01 | 35  0.01912 -7.17199e-02 | 36  0.04607 -8.51722e-02
 37  0.01694 -6.94739e-02 | 38 -0.00383 -1.00134e-01 | 39 -0.00844 -9.42345e-02
 40 -0.01080 -1.29835e-01 | 41 -0.00447 -1.23723e-01 | 42  0.00901 -4.59563e-02
 43  0.01198 -7.24571e-02 | 44  0.00258 -2.60529e-02 | 45 -0.00039 -5.15546e-02
 46  0.00023 -6.11854e-03 | 47  0.01167  2.14002e-02 | 48  0.00237  5.18763e-02
 49 -0.02633  6.09008e-02 | 50 -0.02568  7.07243e-02 | 51 -0.01547  4.72822e-02
 52 -0.00273  7.33549e-02 | 53 -0.00827  1.17621e-01 | 54 -0.00824  1.05596e-01
 55 -0.03376  1.07941e-01 | 56 -0.02911  1.08304e-01 | 57 -0.01920  1.00591e-01
 58  0.00215  1.06014e-01 | 59 -0.00634  1.14612e-01 | 60 -0.01113  4.77588e-02
 61 -0.00966  5.82652e-02 | 62 -0.00752  2.71388e-02 | 63 -0.00718  6.20010e-02
 64 -0.01055  4.37619e-02 | 65 -0.00674  3.31956e-02 | 66 -0.00049 -3.39670e-03
 67  0.00000  2.17582e-03 | 68  0.00000  0.00000e+00 | 69 -0.71056  4.09567e+00
 70  0.31217 -5.49697e+00 | 71  0.08489  1.06265e-01 | 72  0.19826  1.09465e+00
 73 -2.31845 -1.25758e-02 | 74  0.10469  8.90540e-03 | 75  0.19433  4.79158e+01
 76  0.07908  8.91418e+01 | 77  0.15670 -2.35227e+00 | 78 -0.91625 -2.37259e-02
 79 -1.84065  1.07721e+00 | 80  0.18637  4.13038e-01 | 81 -0.12702  1.24781e-02
 82  0.13103  3.13298e-01 | 83 -0.00000  2.39706e-29 | 84  0.05065 -4.66779e-01
 85 -0.04054  1.89549e-01 | 86 -1.92137 -9.34051e-02 | 87  0.10651 -4.16932e-02
 88  0.64326 -3.84465e-02 | 89 -0.11175 -3.02186e-02 | 90  0.13213 -1.81896e-01
 91 -0.62967  6.21999e-02 |
91 variables; iteration 240; function evaluation 356; phase 4
Function value 2.1437069e+02; maximum gradient component mag 7.7517e+01
Var    Value     Gradient |Var    Value     Gradient |Var    Value     Gradient
  1  0.13473 -3.99145e+00 |  2 -0.00582 -1.11264e+00 |  3 -0.02085 -1.47313e-03
  4 -0.01366  4.18183e-03 |  5 -0.00802  2.15887e-02 |  6 -0.00840  2.16819e-02
  7 -0.00039  4.54135e-03 |  8  0.01180  1.27016e-03 |  9  0.00871  2.30158e-03
 10  0.01162  1.60602e-03 | 11 -0.00045  1.93553e-04 | 12 -0.00795  1.21649e-02
 13 -0.00910  3.50351e-02 | 14 -0.01365  4.79895e-02 | 15 -0.01263  4.23107e-02
 16 -0.00506  7.34073e-02 | 17  0.00760  6.44194e-02 | 18  0.01007  7.37639e-02
 19  0.00952  5.86556e-02 | 20 -0.00909  4.11606e-02 | 21 -0.01111  4.42297e-02
 22 -0.00800  4.84538e-02 | 23 -0.01884  3.39201e-02 | 24 -0.01528  2.30341e-02
 25  0.01341  4.95248e-04 | 26  0.01432 -1.40209e-02 | 27  0.01303  5.43710e-04
 28  0.01661 -1.31029e-02 | 29  0.00310 -2.06899e-02 | 30  0.01669 -7.66465e-03
 31  0.06337 -2.20133e-02 | 32  0.02585 -1.92286e-02 | 33  0.01441 -1.68748e-02
 34  0.02844 -2.72616e-02 | 35  0.01897 -3.25568e-02 | 36  0.04591 -4.18068e-02
 37  0.01695 -5.54711e-02 | 38 -0.00366 -4.28065e-02 | 39 -0.00817 -6.84853e-02
 40 -0.01046 -6.06455e-02 | 41 -0.00407 -2.03269e-02 | 42  0.00912 -6.75723e-02
 43  0.01184 -2.13334e-02 | 44  0.00249 -4.86366e-02 | 45 -0.00018 -2.23371e-02
 46  0.00041 -2.07910e-02 | 47  0.01171 -3.49610e-02 | 48  0.00230 -1.41970e-02
 49 -0.02638 -9.31870e-03 | 50 -0.02564  1.71586e-04 | 51 -0.01532 -2.17869e-02
 52 -0.00274 -2.00732e-02 | 53 -0.00859 -2.03259e-02 | 54 -0.00857 -1.21333e-02
 55 -0.03390 -2.80852e-03 | 56 -0.02909 -8.27572e-03 | 57 -0.01930  7.68394e-03
 58  0.00195  1.30521e-02 | 59 -0.00652 -5.71783e-03 | 60 -0.01116 -5.88737e-03
 61 -0.00959 -2.28344e-03 | 62 -0.00732 -1.18016e-02 | 63 -0.00713  8.51864e-03
 64 -0.01059  3.01707e-02 | 65 -0.00679  3.50719e-02 | 66 -0.00051 -8.82049e-04
 67  0.00001  4.75541e-03 | 68  0.00000  0.00000e+00 | 69 -0.71015  4.06595e+00
 70  0.32551 -1.78648e+00 | 71  0.08127  5.97538e-01 | 72  0.20037  1.01278e+00
 73 -1.56932  2.52243e-03 | 74  0.10275 -1.95510e-02 | 75  0.19622  4.10735e+01
 76  0.07755  7.75173e+01 | 77  0.15693 -4.05657e-01 | 78 -0.36622 -2.03705e-03
 79 -1.84264  6.88286e-01 | 80  0.18648  2.45929e-01 | 81 -0.14090  8.98803e-03
 82  0.13069  1.81014e-01 | 83 -0.00000  3.08042e-29 | 84  0.05161  1.21140e-01
 85 -0.03995 -4.62146e-01 | 86 -0.11328  3.01184e-02 | 87  0.10662  3.69611e-01
 88  0.64211 -2.30581e-02 | 89 -0.11066 -3.34695e-02 | 90  0.13337 -9.07530e-02
 91 -0.62908  5.66996e-02 |
91 variables; iteration 260; function evaluation 380; phase 4
Function value 2.1433941e+02; maximum gradient component mag 8.0907e+01
Var    Value     Gradient |Var    Value     Gradient |Var    Value     Gradient
  1  0.13461  1.33316e+01 |  2 -0.00499  6.59528e+00 |  3 -0.02091 -9.37591e-04
  4 -0.01372  1.07781e-02 |  5 -0.00815 -1.52771e-02 |  6 -0.00855 -1.93522e-02
  7 -0.00052  2.94013e-03 |  8  0.01165  3.36674e-03 |  9  0.00855  3.47149e-03
 10  0.01152  2.86205e-02 | 11 -0.00045  3.00675e-02 | 12 -0.00796  8.55537e-03
 13 -0.00909  4.79809e-02 | 14 -0.01372  2.27410e-02 | 15 -0.01269  1.77601e-02
 16 -0.00518 -1.98299e-02 | 17  0.00754 -3.37608e-03 | 18  0.01006  1.91766e-02
 19  0.00951  5.58096e-02 | 20 -0.00910  6.85341e-02 | 21 -0.01109  4.82833e-02
 22 -0.00799 -1.18474e-02 | 23 -0.01892 -3.90691e-02 | 24 -0.01535 -1.87093e-02
 25  0.01346  5.10901e-02 | 26  0.01443  1.08303e-01 | 27  0.01310  1.03450e-01
 28  0.01664  6.35696e-02 | 29  0.00311  6.85456e-03 | 30  0.01669 -7.97302e-03
 31  0.06340  1.09876e-02 | 32  0.02593  1.75135e-02 | 33  0.01438 -3.44571e-02
 34  0.02845 -1.86500e-02 | 35  0.01898 -2.38244e-02 | 36  0.04582 -5.40971e-02
 37  0.01697  5.76935e-02 | 38 -0.00362  1.11211e-01 | 39 -0.00808  9.64585e-02
 40 -0.01038  2.85287e-02 | 41 -0.00408 -5.52286e-02 | 42  0.00921  2.10546e-02
 43  0.01175  9.98264e-03 | 44  0.00254  5.19921e-02 | 45 -0.00018  1.04833e-02
 46  0.00042 -3.94181e-03 | 47  0.01175  5.76672e-03 | 48  0.00225 -5.27474e-02
 49 -0.02639 -2.71926e-02 | 50 -0.02564 -1.34796e-02 | 51 -0.01528  5.60288e-03
 52 -0.00275 -1.25596e-02 | 53 -0.00866 -3.42459e-02 | 54 -0.00864 -1.97356e-02
 55 -0.03393 -1.79278e-02 | 56 -0.02906 -1.35734e-04 | 57 -0.01933 -1.45520e-02
 58  0.00189 -3.12333e-02 | 59 -0.00654 -2.30624e-02 | 60 -0.01117 -1.01098e-02
 61 -0.00960 -1.88323e-02 | 62 -0.00726  3.37700e-02 | 63 -0.00709  3.86788e-02
 64 -0.01057  2.91969e-02 | 65 -0.00680  8.52400e-03 | 66 -0.00050  9.59885e-03
 67 -0.00001 -7.75748e-03 | 68  0.00000  0.00000e+00 | 69 -0.71036  9.53871e+00
 70  0.32803  1.57735e+00 | 71  0.08058  3.40161e+00 | 72  0.20074 -7.09533e-01
 73 -1.60109  2.27433e-03 | 74  0.10143 -1.31799e-01 | 75  0.19726  4.21981e+01
 76  0.07663  8.09065e+01 | 77  0.15717  4.85672e+00 | 78  0.09670  6.07009e-02
 79 -1.84331 -4.73027e-02 | 80  0.18650 -2.68646e-01 | 81 -0.14956  6.27091e-03
 82  0.13062 -1.23680e-01 | 83 -0.00000  2.95464e-29 | 84  0.05173 -2.49992e-02
 85 -0.03948 -3.03691e-01 | 86 -0.45305 -2.70765e-03 | 87  0.10681  1.53420e-01
 88  0.63938 -1.21349e-01 | 89 -0.11022 -1.49803e-01 | 90  0.13362  9.72435e-02
 91 -0.62896 -1.53740e-02 |
91 variables; iteration 280; function evaluation 403; phase 4
Function value 2.1433626e+02; maximum gradient component mag 7.8703e+01
Var    Value     Gradient |Var    Value     Gradient |Var    Value     Gradient
  1  0.13460  3.84065e+00 |  2 -0.00488  2.21151e+00 |  3 -0.02091 -5.23457e-03
  4 -0.01374 -7.53778e-03 |  5 -0.00812 -3.76973e-03 |  6 -0.00851  4.96286e-03
  7 -0.00054 -1.01105e-02 |  8  0.01163 -8.56506e-03 |  9  0.00855 -9.77707e-03
 10  0.01149 -1.84184e-02 | 11 -0.00048 -2.66334e-02 | 12 -0.00794 -1.26119e-02
 13 -0.00912 -2.50899e-02 | 14 -0.01372 -2.01819e-02 | 15 -0.01271 -2.12341e-02
 16 -0.00515 -6.62000e-03 | 17  0.00755 -1.03861e-02 | 18  0.01007 -5.89941e-03
 19  0.00950 -1.56868e-02 | 20 -0.00912 -2.60101e-02 | 21 -0.01109 -2.12841e-02
 22 -0.00798 -3.43860e-03 | 23 -0.01890  1.86558e-02 | 24 -0.01533  2.61860e-02
 25  0.01346  6.91878e-03 | 26  0.01442 -1.99205e-02 | 27  0.01308 -4.26636e-02
 28  0.01663 -3.66294e-02 | 29  0.00312 -1.85946e-02 | 30  0.01671 -9.43973e-03
 31  0.06341 -1.28136e-02 | 32  0.02590 -1.12689e-02 | 33  0.01443  1.04682e-02
 34  0.02844  1.33839e-02 | 35  0.01895  1.46230e-02 | 36  0.04589  2.77266e-02
 37  0.01694 -1.95818e-02 | 38 -0.00367 -4.15104e-02 | 39 -0.00811 -3.33894e-02
 40 -0.01038 -1.55380e-02 | 41 -0.00400  2.56910e-02 | 42  0.00915  3.14961e-04
 43  0.01178  2.23757e-03 | 44  0.00252 -7.75225e-03 | 45 -0.00017 -4.33539e-03
 46  0.00044  1.03371e-02 | 47  0.01172  8.64094e-03 | 48  0.00229  3.51283e-02
 49 -0.02639  1.83569e-02 | 50 -0.02563  1.64355e-02 | 51 -0.01530  2.47525e-03
 52 -0.00274  1.14242e-02 | 53 -0.00864  1.45250e-02 | 54 -0.00865 -4.33716e-04
 55 -0.03392  7.19899e-03 | 56 -0.02907  2.90539e-03 | 57 -0.01932  6.81153e-03
 58  0.00190  1.30404e-02 | 59 -0.00654  1.02862e-02 | 60 -0.01118 -7.76841e-03
 61 -0.00957  7.92554e-04 | 62 -0.00728 -2.31003e-02 | 63 -0.00711 -1.59398e-02
 64 -0.01060 -7.66806e-03 | 65 -0.00681 -1.03484e-03 | 66 -0.00052 -4.63267e-03
 67  0.00001  4.38216e-03 | 68  0.00000  0.00000e+00 | 69 -0.71053  5.84694e+00
 70  0.32800  1.59004e+00 | 71  0.08058  3.57355e+00 | 72  0.20075  3.91328e-01
 73 -2.16186 -7.86563e-03 | 74  0.10343  8.54215e-02 | 75  0.19738  4.29611e+01
 76  0.07655  7.87026e+01 | 77  0.15723  1.99115e+00 | 78  0.09441  5.46916e-02
 79 -1.84355  2.40398e-01 | 80  0.18651 -9.76442e-02 | 81 -0.15071  6.28321e-03
 82  0.13062  1.21192e-01 | 83 -0.00000  3.10349e-29 | 84  0.05172 -5.17927e-02
 85 -0.03975  2.72316e-02 | 86 -0.24868 -7.93414e-04 | 87  0.10668  2.22764e-02
 88  0.64229  3.98838e-02 | 89 -0.11054  3.03045e-02 | 90  0.13360 -2.96256e-02
 91 -0.62899 -6.01830e-03 |
91 variables; iteration 300; function evaluation 427; phase 4
Function value 2.1405928e+02; maximum gradient component mag 9.9811e+01
Var    Value     Gradient |Var    Value     Gradient |Var    Value     Gradient
  1  0.13428  9.98110e+01 |  2 -0.00117  4.69065e+01 |  3 -0.02130 -6.95416e-02
  4 -0.01403  2.76399e-02 |  5 -0.00856 -5.35112e-02 |  6 -0.00908 -1.13090e-01
  7 -0.00104 -5.21759e-02 |  8  0.01109 -7.29739e-02 |  9  0.00798 -7.38218e-02
 10  0.01103  6.77057e-02 | 11 -0.00060  9.64293e-02 | 12 -0.00798 -4.61755e-02
 13 -0.00898  3.42344e-04 | 14 -0.01392 -1.29613e-01 | 15 -0.01297 -1.52052e-01
 16 -0.00556 -3.84855e-01 | 17  0.00757 -3.70974e-01 | 18  0.01023 -3.25186e-01
 19  0.00916 -1.58865e-01 | 20 -0.00934 -8.27648e-02 | 21 -0.01088 -1.14932e-01
 22 -0.00760 -3.02205e-01 | 23 -0.01938 -4.67193e-01 | 24 -0.01574 -3.51908e-01
 25  0.01361 -2.15111e-01 | 26  0.01504  1.23036e-01 | 27  0.01324  2.95242e-01
 28  0.01656  4.64431e-01 | 29  0.00323  2.09070e-01 | 30  0.01686  2.89484e-02
 31  0.06345  9.37947e-02 | 32  0.02615  1.54696e-01 | 33  0.01425 -2.88947e-02
 34  0.02849  1.34179e-01 | 35  0.01915  1.71135e-01 | 36  0.04567 -1.19153e-02
 37  0.01681  3.06148e-01 | 38 -0.00375  4.92507e-01 | 39 -0.00797  4.69167e-01
 40 -0.01003  2.58362e-01 | 41 -0.00395 -2.38176e-02 | 42  0.00941  5.31079e-01
 43  0.01146  3.65931e-01 | 44  0.00289  4.72408e-01 | 45 -0.00031  2.83568e-01
 46  0.00041  1.29755e-01 | 47  0.01191  2.96601e-01 | 48  0.00211  2.77660e-02
 49 -0.02642  5.84464e-02 | 50 -0.02562  1.12453e-01 | 51 -0.01515  2.43106e-01
 52 -0.00276  1.70370e-01 | 53 -0.00891  1.55111e-03 | 54 -0.00883  2.41720e-02
 55 -0.03399 -2.76164e-02 | 56 -0.02897  5.03705e-02 | 57 -0.01941 -6.32306e-02
 58  0.00175 -8.94097e-02 | 59 -0.00664 -8.00220e-02 | 60 -0.01112  2.85798e-02
 61 -0.00971 -8.33091e-02 | 62 -0.00708  9.86024e-02 | 63 -0.00690  5.91709e-02
 64 -0.01054 -8.23049e-03 | 65 -0.00679 -6.31281e-02 | 66 -0.00052 -6.13096e-03
 67 -0.00002 -1.90910e-02 | 68  0.00000  0.00000e+00 | 69 -0.70738  3.86575e+01
 70  0.32927  7.28683e+00 | 71  0.08037  9.31840e+00 | 72  0.20065 -7.66204e+00
 73 -0.65549 -5.22713e-03 | 74  0.09844 -6.73463e-01 | 75  0.21330  3.29511e+01
 76  0.05868  4.95421e+01 | 77  0.16181  3.46994e+01 | 78  0.14090  2.23734e-01
 79 -1.84573 -4.96693e+00 | 80  0.18652 -6.37956e-01 | 81 -0.56241 -3.82690e-03
 82  0.13037 -3.15800e+00 | 83 -0.00000  2.43657e-29 | 84  0.05242  1.06456e+00
 85 -0.03829 -2.87249e-02 | 86 -0.28762 -1.39082e-03 | 87  0.10723 -8.27607e-01
 88  0.63017 -3.95264e-01 | 89 -0.10876 -3.60635e-01 | 90  0.13447  9.68988e-01
 91 -0.62841 -5.97697e-03 |
91 variables; iteration 320; function evaluation 457; phase 4
Function value 2.1390824e+02; maximum gradient component mag 2.2990e+01
Var    Value     Gradient |Var    Value     Gradient |Var    Value     Gradient
  1  0.13423  2.29898e+01 |  2  0.00121  1.33708e+01 |  3 -0.02128  2.48159e-02
  4 -0.01416 -9.10513e-03 |  5 -0.00864 -1.16079e-02 |  6 -0.00908  3.37776e-02
  7 -0.00115  2.34011e-02 |  8  0.01100  2.63819e-02 |  9  0.00787  2.56281e-02
 10  0.01065  2.02591e-02 | 11 -0.00076  1.35913e-01 | 12 -0.00778  2.46762e-01
 13 -0.00905  1.77995e-01 | 14 -0.01396  1.04953e-01 | 15 -0.01315  2.14115e-02
 16 -0.00552  4.50086e-02 | 17  0.00772  1.02322e-01 | 18  0.01049  2.83928e-01
 19  0.00891  3.19170e-01 | 20 -0.00946  2.04772e-01 | 21 -0.01080  5.52022e-02
 22 -0.00731 -6.58325e-02 | 23 -0.01947 -1.15655e-01 | 24 -0.01598 -1.56371e-01
 25  0.01367 -1.39783e-02 | 26  0.01539  2.41199e-01 | 27  0.01328  1.53987e-01
 28  0.01617 -1.74091e-01 | 29  0.00326 -2.22671e-01 | 30  0.01702 -1.43311e-01
 31  0.06351  6.70494e-02 | 32  0.02604  1.77349e-01 | 33  0.01448  1.70983e-01
 34  0.02846 -2.57421e-02 | 35  0.01891 -1.45618e-01 | 36  0.04610 -5.51298e-02
 37  0.01668 -1.88033e-02 | 38 -0.00412 -1.32362e-01 | 39 -0.00808 -9.93957e-02
 40 -0.00988 -7.80481e-02 | 41 -0.00349  4.77811e-02 | 42  0.00905  7.07740e-02
 43  0.01149 -1.45582e-02 | 44  0.00314 -8.87305e-02 | 45 -0.00051 -2.70536e-01
 46  0.00049 -2.97530e-01 | 47  0.01178 -3.13851e-01 | 48  0.00225 -1.68184e-01
 49 -0.02640 -1.01672e-01 | 50 -0.02562 -1.68952e-01 | 51 -0.01526 -3.15085e-01
 52 -0.00282 -3.60500e-01 | 53 -0.00888 -1.90818e-01 | 54 -0.00885 -6.49781e-02
 55 -0.03394  2.36752e-02 | 56 -0.02897  4.80441e-02 | 57 -0.01933  1.43265e-02
 58  0.00175 -3.16019e-02 | 59 -0.00661  9.26966e-03 | 60 -0.01120  5.71333e-02
 61 -0.00960  1.12343e-01 | 62 -0.00710  9.23983e-02 | 63 -0.00693  2.33607e-02
 64 -0.01072 -1.43477e-02 | 65 -0.00692 -6.00809e-03 | 66 -0.00054 -1.71566e-02
 67  0.00001  8.76404e-03 | 68  0.00000  0.00000e+00 | 69 -0.70446  9.84907e+00
 70  0.32824  2.80276e+00 | 71  0.08096  6.22110e+00 | 72  0.20050 -5.48931e-01
 73 -0.30396 -1.62547e-03 | 74  0.10546  3.40054e-02 | 75  0.22631  6.22310e+00
 76  0.02854  5.79645e+00 | 77  0.16569  1.16140e+01 | 78  0.16794  1.03765e-01
 79 -1.84337 -9.96097e-01 | 80  0.18664  1.39136e+00 | 81 -1.62109  2.11519e-03
 82  0.13046  1.04649e+00 | 83 -0.00000  5.14687e-29 | 84  0.05192 -8.20009e-01
 85 -0.03902  4.26955e-02 | 86 -0.18878  2.00627e-03 | 87  0.10693  1.58028e-01
 88  0.63880 -4.15729e-02 | 89 -0.10977 -2.61419e-01 | 90  0.13423 -4.60169e-01
 91 -0.62870  2.51030e-01 |
91 variables; iteration 340; function evaluation 480; phase 4
Function value 2.1389488e+02; maximum gradient component mag 4.8442e+00
Var    Value     Gradient |Var    Value     Gradient |Var    Value     Gradient
  1  0.13424 -3.53107e-01 |  2  0.00053 -1.72986e-01 |  3 -0.02131 -1.32333e-04
  4 -0.01414  6.10224e-04 |  5 -0.00860 -8.19833e-04 |  6 -0.00909 -4.13345e-04
  7 -0.00113  4.24204e-04 |  8  0.01102  1.25712e-03 |  9  0.00790  1.29607e-03
 10  0.01072  2.22012e-03 | 11 -0.00080  1.59202e-04 | 12 -0.00789 -8.48928e-04
 13 -0.00906  1.26532e-03 | 14 -0.01396  1.20772e-03 | 15 -0.01312  4.01748e-03
 16 -0.00551  3.74712e-03 | 17  0.00778  3.99052e-03 | 18  0.01045  5.35806e-04
 19  0.00883 -3.60844e-03 | 20 -0.00949 -4.05045e-03 | 21 -0.01076 -3.79448e-03
 22 -0.00727 -4.50128e-03 | 23 -0.01948 -2.92788e-03 | 24 -0.01594 -3.83620e-03
 25  0.01372 -5.40475e-03 | 26  0.01533 -1.67869e-03 | 27  0.01322 -9.71167e-04
 28  0.01621 -1.63051e-03 | 29  0.00329 -2.02739e-03 | 30  0.01707 -1.88170e-03
 31  0.06349  3.52492e-04 | 32  0.02600  3.51101e-03 | 33  0.01439  2.48860e-03
 34  0.02849  3.03012e-03 | 35  0.01903  2.40213e-03 | 36  0.04605  2.13381e-03
 37  0.01661  4.19685e-03 | 38 -0.00408  3.52384e-03 | 39 -0.00809  2.79817e-03
 40 -0.00985 -3.76646e-04 | 41 -0.00353 -2.84857e-03 | 42  0.00902  2.13733e-03
 43  0.01150  1.33102e-04 | 44  0.00312  2.09007e-03 | 45 -0.00048 -9.94857e-04
 46  0.00051  1.09213e-03 | 47  0.01182  4.58672e-03 | 48  0.00221  5.42264e-03
 49 -0.02642  5.35648e-03 | 50 -0.02562  4.48478e-03 | 51 -0.01522  1.20553e-03
 52 -0.00278 -5.74957e-05 | 53 -0.00888  1.05271e-03 | 54 -0.00886  2.86303e-03
 55 -0.03396  2.05340e-03 | 56 -0.02900  3.57788e-03 | 57 -0.01935  1.05075e-04
 58  0.00176 -2.32026e-03 | 59 -0.00661 -1.28349e-03 | 60 -0.01120 -1.42687e-03
 61 -0.00965  3.78310e-04 | 62 -0.00712  2.23887e-03 | 63 -0.00690  2.63982e-03
 64 -0.01068  1.78337e-03 | 65 -0.00689  8.58262e-04 | 66 -0.00051  1.62997e-04
 67  0.00000 -2.80406e-04 | 68  0.00000  0.00000e+00 | 69 -0.70313 -2.14110e-01
 70  0.32775  1.26561e+00 | 71  0.08118  4.84416e+00 | 72  0.20041 -4.13021e-02
 73 -0.35504 -1.95957e-03 | 74  0.10516 -4.83383e-03 | 75  0.22765  1.03428e+00
 76  0.02189  1.77508e+00 | 77  0.16605 -1.71047e-01 | 78 -0.11378 -5.67552e-04
 79 -1.84459  1.14085e-02 | 80  0.18644 -4.16538e-02 | 81 -1.89908 -3.59613e-02
 82  0.13037 -1.74905e-03 | 83 -0.00000  3.80301e-29 | 84  0.05217 -1.67680e-02
 85 -0.03919  1.51236e-02 | 86 -0.21387  2.92074e-04 | 87  0.10685 -8.12113e-03
 88  0.63957  3.36576e-03 | 89 -0.10974  6.27643e-03 | 90  0.13426  7.05843e-04
 91 -0.62872 -1.75404e-03 |
91 variables; iteration 360; function evaluation 500; phase 4
Function value 2.1389439e+02; maximum gradient component mag 4.9398e+00
Var    Value     Gradient |Var    Value     Gradient |Var    Value     Gradient
  1  0.13424 -6.74588e-02 |  2  0.00055 -4.10968e-02 |  3 -0.02131 -9.85583e-04
  4 -0.01414  1.33664e-04 |  5 -0.00860  4.13600e-04 |  6 -0.00909  4.82893e-04
  7 -0.00113 -1.00693e-03 |  8  0.01102 -1.31654e-03 |  9  0.00790 -7.04079e-04
 10  0.01071 -3.13812e-04 | 11 -0.00080 -6.04009e-04 | 12 -0.00789 -4.79756e-05
 13 -0.00906 -7.89898e-04 | 14 -0.01396 -2.01218e-04 | 15 -0.01313 -6.99903e-04
 16 -0.00551 -4.02353e-04 | 17  0.00778 -1.27168e-03 | 18  0.01045 -9.72913e-04
 19  0.00883 -9.31483e-04 | 20 -0.00949 -1.68186e-03 | 21 -0.01076 -8.83724e-04
 22 -0.00727 -8.14419e-04 | 23 -0.01948 -4.48604e-04 | 24 -0.01594  5.65029e-04
 25  0.01372 -5.35437e-05 | 26  0.01533 -1.09702e-04 | 27  0.01322  3.17285e-04
 28  0.01621  5.53599e-04 | 29  0.00330 -2.05560e-05 | 30  0.01707  3.48382e-04
 31  0.06349  6.04968e-04 | 32  0.02600 -3.03420e-04 | 33  0.01439 -3.50251e-04
 34  0.02849  3.27083e-04 | 35  0.01903  9.69772e-04 | 36  0.04605  1.91324e-03
 37  0.01661  1.24740e-04 | 38 -0.00408  4.42143e-04 | 39 -0.00809 -5.10222e-05
 40 -0.00985  2.96333e-04 | 41 -0.00352  6.50438e-04 | 42  0.00902  3.04121e-04
 43  0.01150  2.85354e-04 | 44  0.00312  5.87907e-04 | 45 -0.00048  1.41694e-03
 46  0.00051  1.76085e-03 | 47  0.01182  1.37113e-03 | 48  0.00221  2.26656e-03
 49 -0.02642  7.45633e-04 | 50 -0.02562  5.30505e-04 | 51 -0.01522 -1.07285e-03
 52 -0.00277  1.26831e-05 | 53 -0.00888 -7.10331e-04 | 54 -0.00886 -2.43835e-04
 55 -0.03396 -2.44300e-04 | 56 -0.02900 -1.35363e-04 | 57 -0.01935 -1.10865e-03
 58  0.00176 -8.67092e-04 | 59 -0.00661 -6.97173e-04 | 60 -0.01120 -8.02297e-04
 61 -0.00964  6.01411e-05 | 62 -0.00713 -1.19931e-03 | 63 -0.00690 -8.63753e-04
 64 -0.01068 -2.44578e-04 | 65 -0.00689 -1.22691e-04 | 66 -0.00051 -4.49393e-04
 67  0.00000  3.38421e-04 | 68  0.00000  0.00000e+00 | 69 -0.70313 -1.24658e-01
 70  0.32777  1.35189e+00 | 71  0.08118  4.93979e+00 | 72  0.20042 -1.38806e-02
 73  0.02918  1.44112e-04 | 74  0.10525  2.65467e-03 | 75  0.22768  1.05927e+00
 76  0.02175  1.78608e+00 | 77  0.16606 -4.58911e-02 | 78  0.10490  5.22425e-04
 79 -1.84461 -9.60321e-03 | 80  0.18643 -7.79420e-02 | 81 -1.90022 -3.71600e-02
 82  0.13037  1.34175e-02 | 83 -0.00000  3.78822e-29 | 84  0.05218 -1.43909e-03
 85 -0.03918 -2.84563e-03 | 86 -0.22018  1.44832e-05 | 87  0.10685  1.13415e-03
 88  0.63951 -8.68038e-04 | 89 -0.10974 -7.63739e-04 | 90  0.13426  8.32749e-04
 91 -0.62872  3.57569e-04 |
91 variables; iteration 380; function evaluation 521; phase 4
Function value 2.1388364e+02; maximum gradient component mag 3.8278e+01
Var    Value     Gradient |Var    Value     Gradient |Var    Value     Gradient
  1  0.13411  3.82783e+01 |  2  0.00090  1.86687e+01 |  3 -0.02145 -7.96080e-02
  4 -0.01424 -4.23958e-02 |  5 -0.00865  6.92086e-03 |  6 -0.00918 -1.68938e-02
  7 -0.00132 -1.01587e-01 |  8  0.01082 -1.27394e-01 |  9  0.00773 -1.08822e-01
 10  0.01058 -9.84334e-02 | 11 -0.00082 -6.12246e-02 | 12 -0.00786 -5.48354e-02
 13 -0.00909 -1.10834e-01 | 14 -0.01404 -1.01380e-01 | 15 -0.01324 -1.20081e-01
 16 -0.00558 -1.19714e-01 | 17  0.00773 -1.86212e-01 | 18  0.01047 -1.81331e-01
 19  0.00883 -1.46105e-01 | 20 -0.00957 -1.81403e-01 | 21 -0.01074 -1.44019e-01
 22 -0.00721 -8.58266e-02 | 23 -0.01958 -2.86345e-02 | 24 -0.01597  7.44817e-02
 25  0.01378  3.64046e-02 | 26  0.01544  1.01089e-02 | 27  0.01330  9.84016e-02
 28  0.01627  1.99951e-01 | 29  0.00331  1.26480e-01 | 30  0.01711  8.19445e-02
 31  0.06355  4.10515e-02 | 32  0.02602 -2.75112e-02 | 33  0.01442  1.29151e-02
 34  0.02845  4.30299e-02 | 35  0.01904  1.44536e-01 | 36  0.04611  2.20456e-01
 37  0.01653  4.24061e-02 | 38 -0.00411  1.08816e-03 | 39 -0.00808 -3.56739e-02
 40 -0.00979  8.19248e-03 | 41 -0.00340  1.32251e-01 | 42  0.00901  1.25546e-01
 43  0.01151  2.02630e-01 | 44  0.00310  1.39042e-01 | 45 -0.00042  2.44155e-01
 46  0.00057  2.52523e-01 | 47  0.01181  2.98355e-01 | 48  0.00229  4.04027e-01
 49 -0.02643  2.05807e-01 | 50 -0.02562  1.38162e-01 | 51 -0.01521  8.30750e-02
 52 -0.00277  6.26727e-02 | 53 -0.00896  5.72883e-03 | 54 -0.00894 -1.05828e-02
 55 -0.03395  3.50140e-02 | 56 -0.02899 -1.73991e-02 | 57 -0.01939 -7.12834e-02
 58  0.00171 -1.20493e-01 | 59 -0.00665 -1.30408e-01 | 60 -0.01122 -1.34700e-01
 61 -0.00963 -1.17192e-01 | 62 -0.00712 -1.48873e-01 | 63 -0.00692 -1.19648e-01
 64 -0.01073 -6.76991e-02 | 65 -0.00689 -5.42859e-03 | 66 -0.00055 -2.68625e-02
 67  0.00002  1.37068e-02 | 68  0.00000  0.00000e+00 | 69 -0.70222  1.44044e+01
 70  0.32777  1.70858e+00 | 71  0.08133  5.33976e+00 | 72  0.20033 -5.72603e-01
 73  0.13116  3.63835e-03 | 74  0.11535  5.88068e-01 | 75  0.23023 -2.83723e-01
 76  0.00796  2.33664e+00 | 77  0.16669  1.56616e+01 | 78  0.15678  7.66947e-03
 79 -1.84583 -2.67095e+00 | 80  0.18642 -4.40905e+00 | 81 -1.88767 -1.16901e-02
 82  0.13029  3.87913e-01 | 83 -0.00000  1.59780e-29 | 84  0.05250  2.46101e-01
 85 -0.03868 -4.00889e-01 | 86 -0.17378  3.43538e-03 | 87  0.10704 -1.05216e-01
 88  0.63478 -2.27885e-01 | 89 -0.10910 -3.75937e-01 | 90  0.13456  1.29923e-01
 91 -0.62852  7.61731e-02 |
91 variables; iteration 400; function evaluation 541; phase 4
Function value 2.1385972e+02; maximum gradient component mag 6.5022e+00
Var    Value     Gradient |Var    Value     Gradient |Var    Value     Gradient
  1  0.13420 -1.52401e+00 |  2  0.00084 -1.02016e+00 |  3 -0.02138 -1.14156e-02
  4 -0.01420 -5.37934e-03 |  5 -0.00866  6.86601e-04 |  6 -0.00917  6.57147e-04
  7 -0.00121 -1.19941e-02 |  8  0.01097 -1.23080e-02 |  9  0.00784 -1.34183e-02
 10  0.01062 -1.52496e-02 | 11 -0.00085 -1.19894e-02 | 12 -0.00786 -7.62187e-03
 13 -0.00905 -2.69469e-02 | 14 -0.01399 -2.55118e-02 | 15 -0.01320 -3.76713e-02
 16 -0.00556 -3.21531e-02 | 17  0.00784 -2.49306e-02 | 18  0.01053 -1.53226e-02
 19  0.00871 -1.95110e-02 | 20 -0.00956 -2.82639e-02 | 21 -0.01070 -3.21032e-02
 22 -0.00713 -2.15349e-02 | 23 -0.01958 -2.37072e-02 | 24 -0.01604 -1.78852e-02
 25  0.01376 -1.97128e-02 | 26  0.01549 -2.05572e-02 | 27  0.01323 -2.31456e-02
 28  0.01613 -3.07159e-02 | 29  0.00332 -3.18918e-02 | 30  0.01713 -1.67677e-02
 31  0.06351  1.88716e-02 | 32  0.02600  2.41224e-02 | 33  0.01439  2.83222e-02
 34  0.02850  3.15209e-02 | 35  0.01904  2.53302e-02 | 36  0.04610  3.21850e-02
 37  0.01654  9.52295e-03 | 38 -0.00416  4.54825e-03 | 39 -0.00811  1.48755e-03
 40 -0.00977  2.59599e-02 | 41 -0.00343  4.69335e-02 | 42  0.00898  2.44144e-02
 43  0.01147  1.58003e-02 | 44  0.00321 -1.34287e-02 | 45 -0.00054 -3.44435e-05
 46  0.00051  8.99177e-04 | 47  0.01184  1.34925e-02 | 48  0.00221  2.56345e-02
 49 -0.02643  6.15580e-03 | 50 -0.02562 -9.43494e-03 | 51 -0.01521 -2.15551e-02
 52 -0.00278 -2.15319e-02 | 53 -0.00893 -1.82764e-02 | 54 -0.00888  3.66817e-03
 55 -0.03396 -3.28742e-03 | 56 -0.02899 -1.00387e-02 | 57 -0.01935 -7.40924e-03
 58  0.00175 -4.60784e-03 | 59 -0.00663 -1.13725e-02 | 60 -0.01120 -4.12535e-03
 61 -0.00966 -3.16164e-03 | 62 -0.00711 -1.35800e-02 | 63 -0.00688 -2.04475e-02
 64 -0.01071 -1.52343e-02 | 65 -0.00692 -1.14016e-02 | 66 -0.00052 -4.66989e-03
 67  0.00000  2.39993e-03 | 68  0.00000  0.00000e+00 | 69 -0.70057 -8.47905e-01
 70  0.32647  1.84229e+00 | 71  0.08250  6.50217e+00 | 72  0.20013 -5.89007e-02
 73  0.03442  1.70020e-04 | 74  0.10646  1.63202e-02 | 75  0.23374  1.80933e-01
 76 -0.06207  7.21874e-02 | 77  0.16771 -9.35946e-01 | 78  0.14780  7.44182e-04
 79 -1.84390  9.53999e-02 | 80  0.18659  7.86935e-02 | 81 -1.54588  2.71721e-03
 82  0.13040 -1.69125e-01 | 83 -0.00000  3.74028e-29 | 84  0.05225  1.89198e-01
 85 -0.03913  9.04890e-02 | 86 -0.21701  1.53456e-04 | 87  0.10687 -5.56117e-02
 88  0.63940  1.68942e-02 | 89 -0.10966  5.14979e-02 | 90  0.13434  2.98456e-02
 91 -0.62869 -7.10370e-03 |
91 variables; iteration 420; function evaluation 561; phase 4
Function value 2.1385930e+02; maximum gradient component mag 6.4137e+00
Var    Value     Gradient |Var    Value     Gradient |Var    Value     Gradient
  1  0.13421 -6.10349e-02 |  2  0.00079 -1.31924e-02 |  3 -0.02137  1.02910e-03
  4 -0.01419  2.29564e-04 |  5 -0.00866 -8.60150e-04 |  6 -0.00917 -6.26790e-04
  7 -0.00120  9.06418e-04 |  8  0.01098  1.04178e-03 |  9  0.00785  7.85000e-04
 10  0.01063  1.14272e-03 | 11 -0.00084  6.56752e-04 | 12 -0.00787  5.22133e-04
 13 -0.00904  2.45832e-03 | 14 -0.01399  1.41315e-03 | 15 -0.01319  2.11197e-03
 16 -0.00556  8.22052e-04 | 17  0.00784  9.19768e-04 | 18  0.01052  8.12334e-04
 19  0.00871  1.61988e-03 | 20 -0.00956  2.64039e-03 | 21 -0.01070  2.38787e-03
 22 -0.00713  1.02060e-03 | 23 -0.01958  1.65408e-03 | 24 -0.01604  1.30303e-03
 25  0.01376  1.77462e-03 | 26  0.01549  2.01073e-03 | 27  0.01323  1.58176e-03
 28  0.01613  2.91794e-03 | 29  0.00333  3.48683e-03 | 30  0.01713  1.76452e-03
 31  0.06350 -1.10630e-03 | 32  0.02600 -1.23726e-03 | 33  0.01438 -1.98308e-03
 34  0.02850 -1.73526e-03 | 35  0.01904 -1.62800e-03 | 36  0.04610 -2.75740e-03
 37  0.01654  1.00675e-04 | 38 -0.00417  3.65207e-04 | 39 -0.00810  1.12945e-03
 40 -0.00977 -1.79690e-03 | 41 -0.00345 -3.95142e-03 | 42  0.00899 -8.21221e-04
 43  0.01146 -4.31804e-04 | 44  0.00323  2.46706e-03 | 45 -0.00054 -4.14441e-04
 46  0.00051 -4.71377e-04 | 47  0.01184 -1.22872e-03 | 48  0.00221 -3.05561e-03
 49 -0.02643 -6.55209e-04 | 50 -0.02562  6.88920e-04 | 51 -0.01521  1.35116e-03
 52 -0.00278  8.36173e-04 | 53 -0.00892  1.12840e-03 | 54 -0.00888 -4.53719e-04
 55 -0.03396  5.79020e-04 | 56 -0.02899  1.81824e-03 | 57 -0.01935  9.21991e-04
 58  0.00174  5.62933e-04 | 59 -0.00662  1.32893e-03 | 60 -0.01120  3.88612e-04
 61 -0.00966  5.15743e-04 | 62 -0.00711  1.87058e-03 | 63 -0.00688  2.49364e-03
 64 -0.01071  1.48311e-03 | 65 -0.00692  6.98291e-04 | 66 -0.00051  4.98280e-04
 67  0.00000 -3.36929e-04 | 68  0.00000  0.00000e+00 | 69 -0.70050 -4.17315e-03
 70  0.32643  1.74474e+00 | 71  0.08253  6.41367e+00 | 72  0.20013 -1.68406e-02
 73 -0.00961 -4.74413e-05 | 74  0.10625 -5.55220e-04 | 75  0.23379  6.57475e-02
 76 -0.06240  7.88000e-02 | 77  0.16773 -1.78612e-02 | 78  0.07108  3.52233e-04
 79 -1.84378  4.07296e-03 | 80  0.18659 -3.59739e-02 | 81 -1.78114  1.61801e-04
 82  0.13040  2.01570e-02 | 83 -0.00000  3.76197e-29 | 84  0.05219 -2.62309e-02
 85 -0.03913 -2.85164e-03 | 86 -0.22093 -1.61656e-05 | 87  0.10687  1.10697e-03
 88  0.63932 -5.81038e-04 | 89 -0.10967 -3.79657e-03 | 90  0.13433 -3.85300e-03
 91 -0.62870  9.51324e-04 |
91 variables; iteration 440; function evaluation 581; phase 4
Function value 2.1385930e+02; maximum gradient component mag 6.4184e+00
Var    Value     Gradient |Var    Value     Gradient |Var    Value     Gradient
  1  0.13421 -2.81156e-02 |  2  0.00080 -5.93253e-03 |  3 -0.02137  2.10709e-04
  4 -0.01420 -2.08650e-04 |  5 -0.00866 -5.77487e-04 |  6 -0.00917 -6.23310e-04
  7 -0.00120 -1.88677e-04 |  8  0.01098 -3.54596e-04 |  9  0.00785  2.16848e-05
 10  0.01062  3.05960e-04 | 11 -0.00084  4.31465e-05 | 12 -0.00787 -4.75028e-04
 13 -0.00904  1.04654e-05 | 14 -0.01399 -2.94442e-05 | 15 -0.01319  9.21550e-04
 16 -0.00556  7.02410e-04 | 17  0.00784  5.95669e-05 | 18  0.01052 -8.55888e-04
 19  0.00871 -1.03670e-03 | 20 -0.00956 -3.30574e-04 | 21 -0.01070 -1.52565e-04
 22 -0.00713 -7.62594e-04 | 23 -0.01958 -4.93773e-04 | 24 -0.01604 -7.05774e-04
 25  0.01376 -7.52700e-04 | 26  0.01549  7.26443e-04 | 27  0.01323  9.43669e-04
 28  0.01613  6.49433e-04 | 29  0.00333  2.44559e-04 | 30  0.01713 -1.54556e-04
 31  0.06350 -6.13956e-04 | 32  0.02600 -3.84580e-04 | 33  0.01438 -8.48691e-04
 34  0.02850 -7.07151e-04 | 35  0.01904 -2.48577e-04 | 36  0.04610  7.17650e-05
 37  0.01654  1.03414e-03 | 38 -0.00417  8.06257e-04 | 39 -0.00810  8.24273e-04
 40 -0.00977 -1.73513e-04 | 41 -0.00345 -2.62353e-04 | 42  0.00899  1.10797e-03
 43  0.01146  7.17958e-04 | 44  0.00323  1.44508e-03 | 45 -0.00054  8.82854e-04
 46  0.00051  1.27599e-03 | 47  0.01184  9.92020e-04 | 48  0.00221 -8.96279e-04
 49 -0.02643 -8.87395e-04 | 50 -0.02562 -5.53872e-04 | 51 -0.01521  7.80462e-04
 52 -0.00278  2.07489e-03 | 53 -0.00892  2.01543e-03 | 54 -0.00888  3.81685e-04
 55 -0.03396 -2.94091e-04 | 56 -0.02899 -3.70739e-04 | 57 -0.01935 -2.07280e-04
 58  0.00174  8.07448e-04 | 59 -0.00662  1.79642e-03 | 60 -0.01120  1.67806e-03
 61 -0.00966  1.04139e-03 | 62 -0.00711  1.27035e-03 | 63 -0.00688  9.65652e-04
 64 -0.01071  6.66693e-04 | 65 -0.00692  3.57549e-04 | 66 -0.00051  2.03466e-04
 67  0.00000 -1.68287e-04 | 68  0.00000  0.00000e+00 | 69 -0.70050 -1.57338e-03
 70  0.32643  1.74658e+00 | 71  0.08253  6.41839e+00 | 72  0.20013 -1.80999e-03
 73 -0.01261 -6.22286e-05 | 74  0.10625 -2.92995e-04 | 75  0.23379  5.15834e-02
 76 -0.06232  7.88674e-02 | 77  0.16773 -5.63651e-03 | 78  0.02621  1.29434e-04
 79 -1.84379  1.86084e-03 | 80  0.18659 -9.68580e-03 | 81 -1.77976  2.06342e-04
 82  0.13040  6.36276e-03 | 83 -0.00000  3.77093e-29 | 84  0.05219 -8.88522e-03
 85 -0.03913 -1.77312e-03 | 86 -0.22066 -5.56878e-06 | 87  0.10687  9.57279e-04
 88  0.63932 -3.12779e-04 | 89 -0.10967 -1.68858e-03 | 90  0.13433 -1.74144e-03
 91 -0.62869  3.45852e-04 |
91 variables; iteration 460; function evaluation 609; phase 4
Function value 2.1382086e+02; maximum gradient component mag 1.7588e+01
Var    Value     Gradient |Var    Value     Gradient |Var    Value     Gradient
  1  0.13340  1.75880e+01 |  2  0.00100  7.31346e+00 |  3 -0.02177 -2.95101e-02
  4 -0.01462 -2.31212e-03 |  5 -0.00914  9.21177e-04 |  6 -0.00973  1.07883e-02
  7 -0.00192 -1.39583e-02 |  8  0.01019 -4.61229e-03 |  9  0.00704 -4.07244e-02
 10  0.01008 -3.20265e-02 | 11 -0.00082  1.90418e-02 | 12 -0.00764  6.30894e-02
 13 -0.00912 -2.23698e-02 | 14 -0.01438 -9.56265e-02 | 15 -0.01372 -1.77809e-01
 16 -0.00615 -1.94058e-01 | 17  0.00738 -7.60428e-02 | 18  0.01056  7.64424e-02
 19  0.00887  7.26565e-02 | 20 -0.00966 -3.11413e-02 | 21 -0.01071 -1.27904e-01
 22 -0.00714 -1.18980e-01 | 23 -0.01988 -1.03751e-01 | 24 -0.01629 -6.45204e-02
 25  0.01404 -4.10781e-02 | 26  0.01595 -6.13400e-02 | 27  0.01367 -1.35322e-01
 28  0.01641 -1.22852e-01 | 29  0.00330 -7.55444e-02 | 30  0.01710 -2.25110e-02
 31  0.06384  1.65959e-01 | 32  0.02641  2.08836e-01 | 33  0.01454  2.22278e-01
 34  0.02851  2.25845e-01 | 35  0.01885  1.11241e-01 | 36  0.04586  4.51464e-02
 37  0.01660 -1.30679e-02 | 38 -0.00399 -2.20821e-02 | 39 -0.00773  2.97949e-02
 40 -0.00938  1.15880e-01 | 41 -0.00302  1.71466e-01 | 42  0.00921  1.35597e-01
 43  0.01123  7.35317e-02 | 44  0.00311 -4.95768e-03 | 45 -0.00028 -4.95979e-02
 46  0.00072 -7.39043e-02 | 47  0.01190  8.38519e-03 | 48  0.00214  9.85821e-02
 49 -0.02646  6.93119e-02 | 50 -0.02553 -2.92059e-03 | 51 -0.01502 -1.47965e-01
 52 -0.00284 -2.37781e-01 | 53 -0.00935 -1.50956e-01 | 54 -0.00927  3.55481e-02
 55 -0.03409  5.33892e-02 | 56 -0.02889  5.86616e-02 | 57 -0.01947  4.94791e-03
 58  0.00146 -5.98588e-02 | 59 -0.00682 -1.00580e-01 | 60 -0.01127 -8.67401e-02
 61 -0.00954 -4.97187e-02 | 62 -0.00686 -3.63686e-02 | 63 -0.00682 -5.82379e-02
 64 -0.01081 -7.22628e-02 | 65 -0.00707 -6.64437e-02 | 66 -0.00056 -2.00012e-02
 67  0.00001  9.07954e-03 | 68  0.00000  0.00000e+00 | 69 -0.69797  5.63348e+00
 70  0.34374  6.86469e-01 | 71  0.06030  3.88338e-01 | 72  0.20271 -1.23624e+00
 73  0.02468  1.21853e-04 | 74  0.10417  8.18601e-02 | 75  0.23447 -2.51415e+00
 76 -0.17446  2.67137e-03 | 77  0.16738  6.44101e+00 | 78 -0.26181 -1.37012e-03
 79 -1.84473 -8.04876e-01 | 80  0.18671  5.73277e-01 | 81 -1.66570  1.77903e-03
 82  0.12995 -5.99801e-01 | 83 -0.00000  6.21408e-29 | 84  0.05334  3.37180e-01
 85 -0.03797  3.83973e-01 | 86 -0.27009 -1.16177e-03 | 87  0.10720 -2.33021e-01
 88  0.63437  4.73520e-02 | 89 -0.10794  1.71655e-01 | 90  0.13591  1.36012e-02
 91 -0.62797  6.09488e-02 |
91 variables; iteration 480; function evaluation 630; phase 4
Function value 2.1381954e+02; maximum gradient component mag -3.0717e-01
Var    Value     Gradient |Var    Value     Gradient |Var    Value     Gradient
  1  0.13336 -3.07174e-01 |  2  0.00094 -1.54038e-01 |  3 -0.02175  4.51437e-05
  4 -0.01463  1.45549e-04 |  5 -0.00915  8.75342e-05 |  6 -0.00975  1.34561e-04
  7 -0.00192  1.92800e-04 |  8  0.01015  2.68453e-04 |  9  0.00705  1.59155e-04
 10  0.01010  1.09779e-04 | 11 -0.00082  1.30570e-04 | 12 -0.00766  1.08761e-04
 13 -0.00915  3.34658e-04 | 14 -0.01439  2.26188e-04 | 15 -0.01369  2.85688e-04
 16 -0.00611  3.15654e-04 | 17  0.00737  6.12859e-04 | 18  0.01049  7.13105e-04
 19  0.00884  5.71817e-04 | 20 -0.00967  4.05226e-04 | 21 -0.01068  3.80577e-04
 22 -0.00715  4.58681e-04 | 23 -0.01988  4.22359e-04 | 24 -0.01630  3.36300e-04
 25  0.01405  3.59702e-04 | 26  0.01597  1.60388e-04 | 27  0.01372  1.34204e-04
 28  0.01644  2.96012e-04 | 29  0.00330  3.79423e-04 | 30  0.01711  2.50705e-04
 31  0.06386 -3.11477e-05 | 32  0.02639 -2.65319e-05 | 33  0.01451 -3.02822e-05
 34  0.02848 -1.05527e-05 | 35  0.01883 -7.08972e-05 | 36  0.04588 -5.21582e-04
 37  0.01661 -5.24569e-04 | 38 -0.00396 -4.34212e-04 | 39 -0.00770 -3.57944e-04
 40 -0.00938 -2.98922e-04 | 41 -0.00303 -3.31867e-04 | 42  0.00923 -1.64780e-04
 43  0.01122 -1.63525e-04 | 44  0.00311 -5.98736e-05 | 45 -0.00027 -1.95626e-04
 46  0.00077 -2.24810e-04 | 47  0.01191 -1.30138e-04 | 48  0.00211  9.81648e-05
 49 -0.02649  1.97244e-04 | 50 -0.02555  1.60758e-04 | 51 -0.01499  1.15087e-05
 52 -0.00280 -1.33289e-04 | 53 -0.00933 -1.99271e-05 | 54 -0.00932  5.24339e-05
 55 -0.03411  1.89646e-04 | 56 -0.02891  2.18845e-04 | 57 -0.01949  1.14445e-04
 58  0.00146 -1.05071e-04 | 59 -0.00681 -2.48598e-04 | 60 -0.01126 -2.94810e-04
 61 -0.00954 -2.39071e-04 | 62 -0.00686 -4.66755e-05 | 63 -0.00682  1.55522e-04
 64 -0.01082  2.08048e-04 | 65 -0.00708  2.35165e-04 | 66 -0.00054  1.12599e-05
 67  0.00000  4.32376e-06 | 68  0.00000  0.00000e+00 | 69 -0.69781 -1.21312e-01
 70  0.34476  2.04499e-03 | 71  0.04911  6.40764e-03 | 72  0.20288  5.63634e-03
 73  0.00109  5.37370e-06 | 74  0.10321 -1.36996e-05 | 75  0.23446  5.16914e-02
 76 -0.24554 -9.56381e-04 | 77  0.16736 -1.37113e-01 | 78 -0.00316 -1.55794e-05
 79 -1.84474  1.66139e-02 | 80  0.18671  1.76597e-02 | 81 -1.78178 -7.35459e-05
 82  0.12993 -1.99636e-03 | 83 -0.00000  6.23003e-29 | 84  0.05330  5.26250e-04
 85 -0.03797 -2.17407e-03 | 86 -0.21972 -1.22109e-06 | 87  0.10719  2.14348e-03
 88  0.63417 -2.63030e-04 | 89 -0.10790 -3.88885e-04 | 90  0.13595 -2.82372e-04
 91 -0.62799  3.11491e-04 |
91 variables; iteration 500; function evaluation 668; phase 4
Function value 2.1376841e+02; maximum gradient component mag -9.9802e+00
Var    Value     Gradient |Var    Value     Gradient |Var    Value     Gradient
  1  0.13386 -9.98021e+00 |  2  0.00090 -5.15740e-01 |  3 -0.02151 -1.70149e-02
  4 -0.01437 -3.46300e-02 |  5 -0.00886 -4.93717e-02 |  6 -0.00940 -4.75954e-02
  7 -0.00147 -4.36787e-02 |  8  0.01067 -5.81269e-02 |  9  0.00752 -6.76734e-02
 10  0.01040 -9.35025e-02 | 11 -0.00082 -1.22206e-01 | 12 -0.00776 -1.33652e-01
 13 -0.00909  7.40918e-03 | 14 -0.01416  2.67275e-02 | 15 -0.01337  4.74864e-02
 16 -0.00578  4.74290e-02 | 17  0.00765  2.82954e-02 | 18  0.01051 -9.14612e-03
 19  0.00874 -3.26598e-02 | 20 -0.00961  5.27642e-04 | 21 -0.01068  6.69584e-03
 22 -0.00712 -2.10186e-03 | 23 -0.01971  8.81566e-03 | 24 -0.01615 -2.23908e-02
 25  0.01388 -1.22418e-01 | 26  0.01569 -1.35997e-01 | 27  0.01343 -9.07675e-02
 28  0.01625 -6.31112e-02 | 29  0.00332 -1.60190e-02 | 30  0.01712 -4.91821e-02
 31  0.06364 -2.21526e-01 | 32  0.02617 -1.35643e-01 | 33  0.01441 -1.17895e-01
 34  0.02848 -1.28088e-01 | 35  0.01897 -8.50916e-02 | 36  0.04601 -1.75902e-01
 37  0.01656 -1.00663e-01 | 38 -0.00408 -6.11602e-02 | 39 -0.00793 -6.25165e-02
 40 -0.00961 -7.26486e-02 | 41 -0.00326 -9.24689e-02 | 42  0.00910 -1.03038e-01
 43  0.01133 -9.13690e-02 | 44  0.00318 -4.53213e-02 | 45 -0.00043 -3.03194e-02
 46  0.00061 -1.40936e-02 | 47  0.01187 -2.89398e-02 | 48  0.00215 -3.14772e-02
 49 -0.02645  2.37282e-02 | 50 -0.02558  4.90834e-02 | 51 -0.01511  6.86660e-02
 52 -0.00278  8.76748e-02 | 53 -0.00908  1.04004e-01 | 54 -0.00907  7.88605e-02
 55 -0.03402  8.89939e-02 | 56 -0.02896  9.57738e-02 | 57 -0.01941  1.13564e-01
 58  0.00164  1.38162e-01 | 59 -0.00669  1.44951e-01 | 60 -0.01123  1.48718e-01
 61 -0.00962  1.48120e-01 | 62 -0.00701  1.53495e-01 | 63 -0.00683  1.64560e-01
 64 -0.01075  1.55825e-01 | 65 -0.00700  1.40832e-01 | 66 -0.00052  2.62851e-03
 67 -0.00000 -1.66132e-03 | 68  0.00000  0.00000e+00 | 69 -0.69931 -4.03561e-01
 70  0.33715 -1.41753e+00 | 71 -1.09015  2.20275e-02 | 72  0.20182  3.36547e+00
 73 -0.10601 -5.28063e-04 | 74  0.10114  8.49021e-02 | 75  0.23435  2.34158e-01
 76 -0.25340 -1.09224e-03 | 77  0.16765 -3.54658e-01 | 78 -1.57247  2.49699e-03
 79 -1.84409  6.68751e-02 | 80  0.18665 -2.75887e-01 | 81 -1.61825  2.13810e-03
 82  0.13021  3.21859e-01 | 83 -0.00000  4.51294e-29 | 84  0.05262 -7.83018e-02
 85 -0.03867 -1.47596e-02 | 86 -0.38541 -2.16438e-03 | 87  0.10699  3.65966e-02
 88  0.63746  2.48015e-03 | 89 -0.10898 -1.89674e-02 | 90  0.13498 -1.35643e-02
 91 -0.62843 -6.78540e-03 |
91 variables; iteration 520; function evaluation 689; phase 4
Function value 2.1376323e+02; maximum gradient component mag 2.0510e-04
Var    Value     Gradient |Var    Value     Gradient |Var    Value     Gradient
  1  0.13392 -1.48767e-05 |  2  0.00087 -2.00601e-05 |  3 -0.02150  6.05368e-07
  4 -0.01434  6.39158e-06 |  5 -0.00882  7.78524e-07 |  6 -0.00935  8.85600e-06
  7 -0.00142  1.33424e-06 |  8  0.01072  1.38674e-05 |  9  0.00756  3.69914e-06
 10  0.01042  1.63676e-06 | 11 -0.00081  4.28102e-06 | 12 -0.00776  5.53829e-06
 13 -0.00909  6.72897e-06 | 14 -0.01414  2.13034e-06 | 15 -0.01334  1.28386e-07
 16 -0.00574 -2.35974e-07 | 17  0.00768  1.48522e-05 | 18  0.01052  1.76363e-05
 19  0.00874  1.15081e-05 | 20 -0.00961  6.06449e-06 | 21 -0.01069  7.39067e-06
 22 -0.00711  1.89242e-05 | 23 -0.01968  1.61900e-05 | 24 -0.01613  9.54810e-06
 25  0.01386  1.30096e-05 | 26  0.01565  1.44617e-05 | 27  0.01340  1.36301e-05
 28  0.01622  6.29399e-06 | 29  0.00332 -2.20499e-07 | 30  0.01711 -4.52818e-06
 31  0.06361 -1.43887e-06 | 32  0.02615  9.79111e-06 | 33  0.01441  1.21134e-05
 34  0.02848  1.37346e-05 | 35  0.01898  9.68509e-06 | 36  0.04602 -4.87576e-07
 37  0.01655 -4.15919e-07 | 38 -0.00409  1.44585e-06 | 39 -0.00796  4.67232e-06
 40 -0.00964  1.33728e-05 | 41 -0.00328  1.03340e-05 | 42  0.00908  1.83373e-06
 43  0.01135  6.69146e-06 | 44  0.00319  1.03069e-05 | 45 -0.00044  1.06300e-05
 46  0.00059  1.78947e-06 | 47  0.01186 -6.42139e-06 | 48  0.00218 -1.02062e-05
 49 -0.02645 -9.92604e-06 | 50 -0.02559 -1.57260e-05 | 51 -0.01512 -1.57594e-05
 52 -0.00279 -1.87891e-05 | 53 -0.00905 -1.87817e-05 | 54 -0.00904 -1.18597e-05
 55 -0.03401 -3.53331e-06 | 56 -0.02896  7.73174e-06 | 57 -0.01940  7.30775e-06
 58  0.00166  1.33850e-06 | 59 -0.00667 -4.85098e-06 | 60 -0.01124 -9.00113e-06
 61 -0.00963 -7.03846e-07 | 62 -0.00702  1.30847e-06 | 63 -0.00684  1.78330e-06
 64 -0.01074  3.34447e-06 | 65 -0.00700  4.73488e-06 | 66 -0.00053 -1.57682e-06
 67  0.00000  9.32267e-07 | 68  0.00000  0.00000e+00 | 69 -0.69948 -2.20704e-05
 70  0.33739 -1.95124e-05 | 71 -1.82717  4.98722e-08 | 72  0.20189 -5.19555e-05
 73 -0.00000 -1.57743e-08 | 74  0.10013  7.24962e-06 | 75  0.23432 -3.90580e-05
 76 -0.20287 -2.99346e-07 | 77  0.16768 -3.79012e-05 | 78 -1.99999  2.83495e-08
 79 -1.84406  6.95502e-06 | 80  0.18663  2.05101e-04 | 81 -1.78352 -1.81394e-07
 82  0.13024 -1.14488e-04 | 83 -0.00000  4.43803e-29 | 84  0.05256  4.25692e-05
 85 -0.03875 -7.97051e-06 | 86 -0.22027  1.17857e-07 | 87  0.10697  3.03865e-05
 88  0.63772 -1.29716e-07 | 89 -0.10909  6.61093e-06 | 90  0.13487  1.41506e-05
 91 -0.62846 -3.95058e-06 |

 - final statistics:
91 variables; iteration 521; function evaluation 690
Function value 2.1376e+02; maximum gradient component mag 5.0578e-05
Exit code = 1;  converg criter 1.0000e-04
Var    Value     Gradient |Var    Value     Gradient |Var    Value     Gradient
  1  0.13392  4.51885e-05 |  2  0.00087  1.37097e-05 |  3 -0.02150  2.11620e-07
  4 -0.01434  1.54053e-06 |  5 -0.00882  5.22322e-07 |  6 -0.00935  2.34351e-06
  7 -0.00142  3.64200e-07 |  8  0.01072  3.59068e-06 |  9  0.00756  8.85558e-07
 10  0.01042  7.73105e-07 | 11 -0.00081  1.49699e-06 | 12 -0.00776  2.35630e-06
 13 -0.00909  1.79164e-06 | 14 -0.01414  4.76009e-07 | 15 -0.01334 -7.37661e-07
 16 -0.00574 -7.58986e-07 | 17  0.00768  3.67481e-06 | 18  0.01052  5.09760e-06
 19  0.00874  3.24291e-06 | 20 -0.00961  1.05765e-06 | 21 -0.01069  8.37133e-07
 22 -0.00711  3.96372e-06 | 23 -0.01968  3.88219e-06 | 24 -0.01613  2.56752e-06
 25  0.01386  3.20887e-06 | 26  0.01565  2.22265e-06 | 27  0.01340  1.48132e-06
 28  0.01622  2.79752e-07 | 29  0.00332 -8.47841e-07 | 30  0.01711 -1.79503e-06
 31  0.06361 -8.38443e-07 | 32  0.02615  2.08992e-06 | 33  0.01441  2.56717e-06
 34  0.02848  2.46048e-06 | 35  0.01898  1.53228e-06 | 36  0.04602 -1.61968e-07
 37  0.01655  3.81271e-07 | 38 -0.00409  5.70313e-07 | 39 -0.00796  6.02499e-07
 40 -0.00964  1.99460e-06 | 41 -0.00328  1.43711e-06 | 42  0.00908 -7.10295e-08
 43  0.01135  8.97435e-07 | 44  0.00319  5.40753e-07 | 45 -0.00044 -1.04216e-07
 46  0.00059 -1.62714e-06 | 47  0.01186 -2.28196e-06 | 48  0.00218 -1.78163e-06
 49 -0.02645 -1.97941e-06 | 50 -0.02559 -4.20182e-06 | 51 -0.01512 -4.71396e-06
 52 -0.00279 -4.67821e-06 | 53 -0.00905 -3.46961e-06 | 54 -0.00904 -1.69914e-06
 55 -0.03401 -9.76666e-07 | 56 -0.02896  7.90196e-07 | 57 -0.01940  5.35784e-07
 58  0.00166  3.77414e-07 | 59 -0.00667 -4.90523e-07 | 60 -0.01124 -1.06924e-06
 61 -0.00963  1.33457e-07 | 62 -0.00702 -3.71651e-07 | 63 -0.00684 -4.59190e-07
 64 -0.01074  5.66125e-08 | 65 -0.00700  4.42760e-07 | 66 -0.00053 -3.90330e-07
 67  0.00000  2.18189e-07 | 68  0.00000  0.00000e+00 | 69 -0.69948  1.00158e-05
 70  0.33739 -5.15765e-06 | 71 -1.82717  2.28402e-08 | 72  0.20189 -1.36924e-05
 73  0.00000  8.27983e-09 | 74  0.10013  1.02522e-06 | 75  0.23432 -1.97492e-05
 76 -0.20287 -6.88554e-08 | 77  0.16768  1.68661e-06 | 78 -2.00000  2.36525e-08
 79 -1.84406 -4.09075e-07 | 80  0.18663  5.05782e-05 | 81 -1.78351 -6.37810e-08
 82  0.13024 -2.62979e-05 | 83 -0.00000  4.43795e-29 | 84  0.05256  1.01193e-05
 85 -0.03875  2.96138e-06 | 86 -0.22027  1.49072e-08 | 87  0.10697  2.31899e-06
 88  0.63772  3.66494e-07 | 89 -0.10909  2.84638e-06 | 90  0.13487  3.51633e-06
 91 -0.62846 -1.26735e-06 |
size of file gradfil1.tmp = 0
size of file gradfil2.tmp = 0
size of file varssave.tmp = 0
size of file cmpdiff.tmp = 0
