
Initial statistics: 6 variables; iteration 0; function evaluation 0; phase 1
Function value 4.4798303e+06; maximum gradient component mag -8.9017e+07
Var    Value     Gradient |Var    Value     Gradient |Var    Value     Gradient
  1  0.05168 -8.90173e+07 |  2 -0.01278 -1.07960e+06 |  3  0.00000 -2.76702e+02
  4  0.00000 -3.23269e-01 |  5  0.00000  0.00000e+00 |  6 -0.76499  8.05695e+03

Intermediate statistics: 6 variables; iteration 20; function evaluation 43; phase 1
Function value 3.8193717e+02; maximum gradient component mag -5.1435e+02
Var    Value     Gradient |Var    Value     Gradient |Var    Value     Gradient
  1  0.16724 -3.04895e+02 |  2 -0.39617 -5.14349e+02 |  3 -1.85450  1.06938e+02
  4  2.01155  8.63625e+00 |  5  0.00000  0.00000e+00 |  6 -1.47610  9.19392e+01
6 variables; iteration 40; function evaluation 65; phase 1
Function value 3.0721856e+02; maximum gradient component mag 1.5995e+02
Var    Value     Gradient |Var    Value     Gradient |Var    Value     Gradient
  1  0.16150  1.59947e+02 |  2 -0.06094 -8.06396e+01 |  3 -1.99568  1.42189e+00
  4  2.00030  5.93258e-02 |  5  0.00000  0.00000e+00 |  6 -1.13449  1.24223e+02
6 variables; iteration 60; function evaluation 85; phase 1
Function value 3.0620817e+02; maximum gradient component mag 1.5580e+03
Var    Value     Gradient |Var    Value     Gradient |Var    Value     Gradient
  1  0.15099  1.55804e+03 |  2  0.00799  6.93422e+02 |  3 -1.98288  1.16901e+01
  4  2.00102  6.09581e-01 |  5  0.00000  0.00000e+00 |  6 -1.11128 -1.39888e+03
Maximum number of function evaluations exceeded

 - final statistics:
6 variables; iteration 74; function evaluation 100
Function value 2.9210e+02; maximum gradient component mag 1.1708e+03
Exit code = 3;  converg criter 1.0000e+01
Var    Value     Gradient |Var    Value     Gradient |Var    Value     Gradient
  1  0.09899 -1.04541e+03 |  2  0.05772 -5.33655e+02 |  3 -1.98585  8.30507e+00
  4  2.00084  4.38815e-01 |  5  0.00000  0.00000e+00 |  6 -1.13599  1.17082e+03

Initial statistics: 60 variables; iteration 0; function evaluation 0; phase 2
Function value 2.9210160e+02; maximum gradient component mag -1.1708e+03
Var    Value     Gradient |Var    Value     Gradient |Var    Value     Gradient
  1  0.09899 -1.04541e+03 |  2  0.05772 -5.33655e+02 |  3  0.00000  4.54011e+01
  4  0.00000  4.83071e+01 |  5  0.00000  4.76686e+01 |  6  0.00000  4.12958e+01
  7  0.00000  3.30672e+01 |  8  0.00000  2.09737e+01 |  9  0.00000  2.33754e+01
 10  0.00000  3.37538e+01 | 11  0.00000  7.13398e+01 | 12  0.00000  9.46101e+01
 13  0.00000  9.25351e+01 | 14  0.00000  9.17177e+01 | 15  0.00000  7.45027e+01
 16  0.00000  2.97804e+01 | 17  0.00000  5.68542e+00 | 18  0.00000 -3.07240e+01
 19  0.00000 -8.94927e+01 | 20  0.00000 -1.42273e+02 | 21  0.00000 -2.21468e+02
 22  0.00000 -2.99833e+02 | 23  0.00000 -2.98274e+02 | 24  0.00000 -2.76145e+02
 25  0.00000 -2.79761e+02 | 26  0.00000 -2.67955e+02 | 27  0.00000 -2.70933e+02
 28  0.00000 -1.97427e+02 | 29  0.00000 -8.75555e+01 | 30  0.00000  1.07338e+01
 31  0.00000  7.43566e+01 | 32  0.00000  7.88137e+01 | 33  0.00000  3.60596e+01
 34  0.00000 -2.87625e+00 | 35  0.00000 -5.06191e+00 | 36  0.00000  8.91440e+00
 37  0.00000  1.86245e+01 | 38  0.00000  1.23386e+01 | 39  0.00000  3.86436e+01
 40  0.00000  1.12772e+02 | 41  0.00000  1.42656e+02 | 42  0.00000  1.34907e+02
 43  0.00000  1.01796e+02 | 44  0.00000  9.20523e+01 | 45  0.00000  9.10102e+01
 46  0.00000  1.48041e+02 | 47  0.00000  1.50948e+02 | 48  0.00000  1.20364e+02
 49  0.00000  7.02275e+01 | 50  0.00000  5.93993e+01 | 51  0.00000  6.72047e+01
 52  0.00000  6.61116e+01 | 53  0.00000  4.99599e+01 | 54  0.00000  2.19393e+01
 55  0.00000  7.89067e+00 | 56 -0.01415 -8.30507e+00 | 57 -0.00084 -4.38815e-01
 58  0.00000  0.00000e+00 | 59 -0.86401 -1.17082e+03 | 60  0.09974  1.86804e+02

Intermediate statistics: 60 variables; iteration 20; function evaluation 32; phase 2
Function value 2.3966817e+02; maximum gradient component mag -3.4528e+03
Var    Value     Gradient |Var    Value     Gradient |Var    Value     Gradient
  1  0.06554 -3.45279e+03 |  2  0.08856 -1.83583e+03 |  3 -0.03397 -2.14473e+01
  4 -0.02230 -1.74860e+01 |  5 -0.01790 -1.01388e+01 |  6 -0.01018  3.93126e+00
  7  0.00164  2.19385e+01 |  8  0.02032  4.29536e+01 |  9  0.01928  5.15109e+01
 10  0.02605  5.15897e+01 | 11  0.00102  3.03261e+01 | 12 -0.00871  1.68770e+01
 13  0.00226  1.30818e+01 | 14 -0.01276 -1.32723e-01 | 15 -0.02386 -6.71693e+00
 16  0.01854  1.36445e+01 | 17  0.00670  2.66554e+00 | 18 -0.00254 -1.66108e+01
 19  0.03479 -3.41364e+01 | 20 -0.03203 -6.09171e+01 | 21 -0.00940 -3.75141e+01
 22  0.09173  2.51230e+01 | 23  0.03651 -1.67869e+01 | 24 -0.04263 -6.72135e+01
 25  0.04803 -5.79059e+01 | 26 -0.02152 -3.94462e+01 | 27  0.07402  1.00213e+01
 28  0.02450 -1.29997e+01 | 29 -0.02197 -4.32541e+01 | 30 -0.01435 -4.35335e+01
 31 -0.01979 -2.98378e+01 | 32 -0.01570 -6.45237e+00 | 33  0.00028  2.40889e+01
 34  0.02286  5.93095e+01 | 35  0.01781  6.27633e+01 | 36  0.01181  5.68841e+01
 37  0.00806  5.64427e+01 | 38  0.02485  7.51269e+01 | 39  0.01916  6.18818e+01
 40 -0.02691  1.42976e+01 | 41 -0.02937  5.15021e+00 | 42 -0.02034  1.69435e+01
 43  0.00315  4.26782e+01 | 44 -0.00189  4.57326e+01 | 45  0.01239  4.32421e+01
 46 -0.03473  2.17482e+00 | 47 -0.02998 -3.95771e+00 | 48 -0.02167  1.97507e+00
 49  0.00911  1.81319e+01 | 50  0.00084  1.20351e+01 | 51 -0.01067 -1.91881e+00
 52 -0.01240 -1.11131e+01 | 53 -0.01369 -1.52370e+01 | 54 -0.00366 -9.33174e+00
 55 -0.01348 -6.41249e+00 | 56  0.00056  6.03786e+00 | 57  0.00006  3.40050e-01
 58  0.00000  0.00000e+00 | 59 -0.84462 -3.15604e+03 | 60  0.09406  2.27167e+01
60 variables; iteration 40; function evaluation 60; phase 2
Function value 2.2679429e+02; maximum gradient component mag -1.7854e+03
Var    Value     Gradient |Var    Value     Gradient |Var    Value     Gradient
  1  0.06386 -1.78540e+03 |  2  0.08743 -7.69229e+02 |  3 -0.01178  1.55484e+01
  4 -0.01177  1.28817e+01 |  5 -0.00947  1.59491e+01 |  6 -0.00543  1.91042e+01
  7 -0.00469  1.49571e+01 |  8  0.00328  1.14271e+01 |  9  0.00407  1.22893e+01
 10  0.01146  1.49851e+01 | 11 -0.00568  1.96081e+01 | 12 -0.01417  1.83032e+01
 13 -0.00814  1.97120e+01 | 14 -0.00824  2.68104e+01 | 15 -0.01553  1.39081e+01
 16  0.00906 -2.36096e+00 | 17  0.00255 -1.12549e+01 | 18  0.00131 -1.64864e+00
 19  0.02357  7.55284e+00 | 20  0.00836 -2.75992e+00 | 21 -0.00132 -2.30796e+01
 22  0.07446 -2.77777e+01 | 23  0.02053 -2.48279e+01 | 24  0.01646 -1.08085e+01
 25  0.04156  4.00768e+00 | 26  0.01258 -7.59594e+00 | 27  0.04244 -2.76807e+01
 28  0.03246 -2.28867e+01 | 29 -0.01229 -2.77867e+01 | 30 -0.00259 -1.40515e+01
 31 -0.01644 -1.42006e+01 | 32 -0.01515 -1.46646e+01 | 33  0.00118 -1.74400e+01
 34  0.00771 -2.39882e+01 | 35  0.00940 -1.09058e+01 | 36  0.00849 -2.17107e+00
 37  0.00617 -1.35073e+00 | 38  0.00836 -1.24736e+01 | 39  0.00738 -7.20347e+00
 40 -0.01861  6.72912e+00 | 41 -0.02462  4.68699e+00 | 42 -0.02308 -1.33275e-01
 43 -0.00452 -6.77233e-02 | 44 -0.00959  3.16655e+00 | 45  0.00313  6.46018e+00
 46 -0.03021  4.50147e+00 | 47 -0.02663  1.18208e+00 | 48 -0.02297 -2.61658e+00
 49 -0.00378 -6.62848e+00 | 50 -0.00546  3.10585e-02 | 51 -0.01254  4.46818e+00
 52 -0.00984  1.03607e+01 | 53 -0.00954  1.15886e+01 | 54 -0.00587  9.22034e+00
 55 -0.00618  1.00625e+01 | 56 -0.01326 -4.96745e+00 | 57 -0.00062 -1.65799e-01
 58  0.00000  0.00000e+00 | 59 -0.84043 -1.39988e+03 | 60  0.09728  2.25542e+01
60 variables; iteration 60; function evaluation 90; phase 2
Function value 2.2267766e+02; maximum gradient component mag -6.8719e+02
Var    Value     Gradient |Var    Value     Gradient |Var    Value     Gradient
  1  0.06351 -6.87191e+02 |  2  0.05783 -3.47682e+02 |  3 -0.01617 -3.10326e+00
  4 -0.01091 -1.81493e+00 |  5 -0.00771  4.58262e-01 |  6 -0.01060 -4.19727e+00
  7 -0.00875 -7.11822e+00 |  8  0.00635 -4.15435e+00 |  9  0.00537 -3.58469e+00
 10  0.01265 -6.78129e+00 | 11 -0.01713 -1.37657e+01 | 12 -0.00815 -1.18013e+00
 13 -0.00790 -1.05097e+01 | 14 -0.02051 -1.35916e+01 | 15 -0.01782 -4.66363e+00
 16  0.00832 -3.27219e+00 | 17  0.00986  4.55242e+00 | 18  0.00460  3.06981e-01
 19  0.01364 -7.56446e+00 | 20  0.00799  3.14021e+00 | 21  0.02890  1.28340e+01
 22  0.05707  3.75179e-02 | 23  0.04095  5.44453e+00 | 24  0.01870  1.45797e+00
 25  0.02619 -2.04413e+00 | 26  0.02234  8.31892e+00 | 27  0.04530  2.86853e+00
 28  0.02228  4.91540e+00 | 29  0.00827  1.71877e+01 | 30 -0.00891  7.35905e+00
 31 -0.01518  5.73620e+00 | 32 -0.01372  4.41022e+00 | 33 -0.00289  7.15184e-01
 34  0.01381  1.00724e+00 | 35  0.00782 -3.61668e+00 | 36  0.00630 -6.32697e+00
 37 -0.00394 -1.08974e+01 | 38  0.01954  1.25624e+00 | 39  0.00423 -5.15432e+00
 40 -0.01906  2.79072e+00 | 41 -0.03164 -6.28521e+00 | 42 -0.01609  6.50230e+00
 43 -0.00708 -3.90118e+00 | 44 -0.01118 -5.56881e+00 | 45  0.00063 -5.62205e+00
 46 -0.02983 -1.48056e+00 | 47 -0.03220 -4.80215e+00 | 48 -0.01275  1.65001e+01
 49 -0.00148  5.84436e+00 | 50 -0.00865 -3.52777e-01 | 51 -0.01068  2.60300e+00
 52 -0.01015  1.67352e+00 | 53 -0.01300 -3.49394e+00 | 54 -0.01013 -5.71008e+00
 55 -0.00743  2.88145e+00 | 56  0.00716  1.29950e+01 | 57 -0.00044 -1.45132e-02
 58  0.00000  0.00000e+00 | 59 -0.81905 -5.93398e+02 | 60  0.09443 -1.79030e+01
Maximum number of function evaluations exceeded

 - final statistics:
60 variables; iteration 67; function evaluation 100
Function value 2.2189e+02; maximum gradient component mag -7.0668e+02
Exit code = 3;  converg criter 1.0000e+01
Var    Value     Gradient |Var    Value     Gradient |Var    Value     Gradient
  1  0.06322 -7.06676e+02 |  2  0.05114 -3.55664e+02 |  3 -0.01948 -6.74277e+00
  4 -0.00701  6.83231e-01 |  5 -0.01161 -3.73756e+00 |  6 -0.01022 -4.36754e+00
  7 -0.00717 -5.77220e+00 |  8  0.00591 -4.31180e+00 |  9  0.00536 -3.08756e+00
 10  0.01364 -5.35909e+00 | 11 -0.01582 -1.25944e+01 | 12 -0.00963 -3.06821e+00
 13 -0.00671 -1.03304e+01 | 14 -0.02041 -1.45271e+01 | 15 -0.02045 -8.10875e+00
 16  0.01140 -2.57989e+00 | 17  0.00684 -5.14924e-01 | 18  0.00635  3.50919e-01
 19  0.01339 -7.71426e+00 | 20  0.00884  4.59646e+00 | 21  0.02913  1.43042e+01
 22  0.05775  1.92032e+00 | 23  0.04119  6.54174e+00 | 24  0.01969  2.85109e+00
 25  0.02541 -1.49417e+00 | 26  0.02235  1.09392e+01 | 27  0.04679  9.05498e+00
 28  0.02269  8.40014e+00 | 29  0.00639  1.68853e+01 | 30 -0.00574  1.10425e+01
 31 -0.02000  1.45100e+00 | 32 -0.00982  1.05115e+01 | 33 -0.00475  2.48490e+00
 34  0.01526  6.40014e+00 | 35  0.00802 -3.84288e-02 | 36  0.00657 -3.52120e+00
 37 -0.00253 -7.87273e+00 | 38  0.01910  2.95101e+00 | 39  0.00613 -3.45762e+00
 40 -0.02342 -2.60239e+00 | 41 -0.02754 -2.94884e+00 | 42 -0.01868  2.55908e+00
 43 -0.00674 -4.10492e+00 | 44 -0.00983 -3.03456e+00 | 45  0.00050 -5.11907e+00
 46 -0.03115 -3.01859e+00 | 47 -0.02745 -1.25814e+00 | 48 -0.01878  6.88571e+00
 49  0.00024  5.74953e+00 | 50 -0.00650  1.35697e+00 | 51 -0.01387 -1.51357e+00
 52 -0.00958  1.53617e+00 | 53 -0.01126 -1.94112e+00 | 54 -0.01069 -7.02428e+00
 55 -0.01230 -2.07937e+00 | 56  0.00107  7.63065e+00 | 57  0.00062  7.95327e-01
 58  0.00000  0.00000e+00 | 59 -0.81364 -5.73878e+02 | 60  0.09461 -1.83826e+01

Initial statistics: 81 variables; iteration 0; function evaluation 0; phase 3
Function value 2.2189058e+02; maximum gradient component mag -1.1082e+03
Var    Value     Gradient |Var    Value     Gradient |Var    Value     Gradient
  1  0.06322 -7.06676e+02 |  2  0.05114 -3.55664e+02 |  3 -0.01947 -6.47230e+00
  4 -0.00700  9.53814e-01 |  5 -0.01160 -3.46701e+00 |  6 -0.01022 -4.09697e+00
  7 -0.00716 -5.50162e+00 |  8  0.00591 -4.04121e+00 |  9  0.00536 -2.81697e+00
 10  0.01364 -5.08855e+00 | 11 -0.01581 -1.23239e+01 | 12 -0.00962 -2.79764e+00
 13 -0.00670 -1.00598e+01 | 14 -0.02040 -1.42566e+01 | 15 -0.02045 -7.83829e+00
 16  0.01140 -2.30933e+00 | 17  0.00685 -2.44340e-01 | 18  0.00636  6.21505e-01
 19  0.01339 -7.44372e+00 | 20  0.00884  4.86703e+00 | 21  0.02913  1.45745e+01
 22  0.05776  2.18980e+00 | 23  0.04119  6.81177e+00 | 24  0.01969  3.12156e+00
 25  0.02541 -1.22379e+00 | 26  0.02236  1.12097e+01 | 27  0.04680  9.32484e+00
 28  0.02269  8.67056e+00 | 29  0.00640  1.71559e+01 | 30 -0.00573  1.13131e+01
 31 -0.02000  1.72147e+00 | 32 -0.00981  1.07821e+01 | 33 -0.00474  2.75550e+00
 34  0.01526  6.67066e+00 | 35  0.00803  2.32149e-01 | 36  0.00658 -3.25061e+00
 37 -0.00252 -7.60214e+00 | 38  0.01911  3.22148e+00 | 39  0.00614 -3.18703e+00
 40 -0.02342 -2.33197e+00 | 41 -0.02754 -2.67849e+00 | 42 -0.01868  2.82956e+00
 43 -0.00674 -3.83433e+00 | 44 -0.00983 -2.76400e+00 | 45  0.00051 -4.84847e+00
 46 -0.03114 -2.74831e+00 | 47 -0.02744 -9.87793e-01 | 48 -0.01877  7.15620e+00
 49  0.00025  6.02013e+00 | 50 -0.00649  1.62756e+00 | 51 -0.01386 -1.24303e+00
 52 -0.00958  1.80674e+00 | 53 -0.01126 -1.67056e+00 | 54 -0.01069 -6.75372e+00
 55 -0.01229 -1.80883e+00 | 56  0.00107  7.63065e+00 | 57  0.00062  7.95327e-01
 58  0.00000  0.00000e+00 | 59 -0.81364 -5.73878e+02 | 60  0.20375  1.36075e+01
 61  0.10430  1.28323e+02 | 62  0.18961  1.92592e+02 | 63  0.00000  1.51604e-12
 64  0.06326  1.42691e+01 | 65  0.17418 -7.52112e+02 | 66  0.07530 -1.10822e+03
 67  0.16633 -2.08618e+02 | 68  0.00000 -1.10452e-02 | 69 -0.17934 -4.37887e+01
 70  0.14683 -9.34575e+00 | 71  0.07387  3.71439e+00 | 72  0.12880  4.71510e+01
 73  0.00000  1.17563e-29 | 74  0.03253  2.09081e+01 | 75 -0.06289 -8.02748e+01
 76 -0.23700 -1.62311e-03 | 77  0.10401  1.10511e+02 | 78  0.70672 -6.18485e+00
 79 -0.14795 -3.61012e+00 | 80  0.09461 -1.83826e+01 | 81 -0.65136  1.22319e+01

Intermediate statistics: 81 variables; iteration 20; function evaluation 26; phase 3
Function value 2.1924778e+02; maximum gradient component mag -2.4217e+02
Var    Value     Gradient |Var    Value     Gradient |Var    Value     Gradient
  1  0.06363 -2.42173e+02 |  2  0.01369 -8.88671e+01 |  3 -0.01620  5.16464e+00
  4 -0.00941  8.40491e+00 |  5 -0.01051  7.41485e+00 |  6 -0.00983  7.17889e+00
  7 -0.00506  8.34884e+00 |  8  0.00701  1.15523e+01 |  9  0.00601  1.38083e+01
 10  0.01479  1.31990e+01 | 11 -0.00959  5.41335e+00 | 12 -0.01316  4.41699e+00
 13 -0.00694  9.31676e-01 | 14 -0.01643 -1.27245e+00 | 15 -0.02059 -2.14411e+00
 16  0.01029 -1.77672e+00 | 17  0.00706 -1.05390e+00 | 18  0.00177 -2.68676e+00
 19  0.01904 -2.85692e+00 | 20  0.00692  7.89002e-01 | 21  0.01928  3.80220e+00
 22  0.06692  1.66936e+00 | 23  0.03354 -3.24060e+00 | 24  0.01821 -5.13252e+00
 25  0.03133 -6.49508e+00 | 26  0.01329 -4.68837e+00 | 27  0.04883 -8.07876e+00
 28  0.02477 -7.61127e+00 | 29  0.00058 -7.49465e+00 | 30 -0.00722 -9.84600e+00
 31 -0.01612 -1.09884e+01 | 32 -0.01515 -1.03749e+01 | 33 -0.00126 -1.09729e+01
 34  0.01211 -1.39155e+01 | 35  0.00707 -1.29227e+01 | 36  0.00598 -1.05945e+01
 37  0.00234 -7.73564e+00 | 38  0.01345 -5.69408e+00 | 39  0.00805 -2.98247e+00
 40 -0.02364  8.75761e-01 | 41 -0.02608  3.61797e+00 | 42 -0.02062  6.29545e+00
 43 -0.00446  4.31644e+00 | 44 -0.01096  3.49771e+00 | 45  0.00090  5.07330e+00
 46 -0.03049  6.96515e+00 | 47 -0.02521  1.03419e+01 | 48 -0.01977  1.45820e+01
 49  0.00069  1.62976e+01 | 50 -0.00581  1.27660e+01 | 51 -0.01202  1.02939e+01
 52 -0.01079  9.65326e+00 | 53 -0.01144  6.43810e+00 | 54 -0.00780  3.38184e+00
 55 -0.01221  2.94820e+00 | 56 -0.00463  1.90354e+00 | 57 -0.00015  1.47520e-01
 58  0.00000  0.00000e+00 | 59 -0.78999 -1.42170e+02 | 60  0.19657  1.70165e+01
 61  0.10733  8.01047e+01 | 62  0.18652  7.82505e+01 | 63  0.00089  4.40675e-06
 64  0.05424  2.39102e+00 | 65  0.15591  1.56815e+01 | 66  0.09078 -6.65766e-01
 67  0.16115  2.70468e+01 | 68 -0.00003 -1.32894e-07 | 69 -0.17522 -7.38330e+00
 70  0.14710  1.54905e+01 | 71  0.07386  9.35887e+00 | 72  0.12821  5.13270e+00
 73  0.00000  2.82384e-29 | 74  0.03335  2.94801e+01 | 75 -0.06231 -2.74652e+01
 76 -0.23700 -3.89577e-04 | 77  0.10208  4.52691e+01 | 78  0.71075 -1.05591e+00
 79 -0.14947  2.15532e+00 | 80  0.09081 -4.58729e+01 | 81 -0.65440  1.79659e+01
81 variables; iteration 40; function evaluation 50; phase 3
Function value 2.1845492e+02; maximum gradient component mag 1.7044e+02
Var    Value     Gradient |Var    Value     Gradient |Var    Value     Gradient
  1  0.06290  1.70437e+02 |  2  0.00449 -7.16783e+01 |  3 -0.01893 -6.94930e+00
  4 -0.01209 -4.91326e+00 |  5 -0.01108 -3.33425e+00 |  6 -0.01091 -3.81732e+00
  7 -0.00653 -4.88031e+00 |  8  0.00452 -5.05837e+00 |  9  0.00448 -2.62000e+00
 10  0.01352 -5.23844e-01 | 11 -0.01011 -1.71259e+00 | 12 -0.01365 -5.80644e-02
 13 -0.00620 -1.01343e-01 | 14 -0.01541 -7.68360e-01 | 15 -0.01975  7.24676e-01
 16  0.01048  5.96388e+00 | 17  0.00838  8.63522e+00 | 18  0.00275  4.77736e+00
 19  0.02065  4.82843e+00 | 20  0.00620  1.52168e+00 | 21  0.02155  4.72330e+00
 22  0.06450  8.17046e+00 | 23  0.03941  9.76283e+00 | 24  0.01716  3.94783e+00
 25  0.03359  7.33749e+00 | 26  0.01475  2.23150e+00 | 27  0.04584  2.50609e+00
 28  0.02741  7.17560e+00 | 29 -0.00122  4.16287e+00 | 30 -0.00714  6.41465e+00
 31 -0.01420  7.38843e+00 | 32 -0.01363  6.19652e+00 | 33 -0.00061  3.31521e+00
 34  0.01279  1.97310e+00 | 35  0.00880  1.44245e+00 | 36  0.00763  3.19511e-01
 37  0.00371 -5.67859e-01 | 38  0.01376 -5.90327e-01 | 39  0.00848 -1.55517e+00
 40 -0.02405 -3.77773e+00 | 41 -0.02701 -4.03061e+00 | 42 -0.02196 -2.34450e+00
 43 -0.00309 -5.57631e-01 | 44 -0.01082 -3.14355e+00 | 45 -0.00026 -5.06933e+00
 46 -0.03032 -3.09659e+00 | 47 -0.02429 -1.33851e+00 | 48 -0.02169 -2.88136e+00
 49 -0.00207 -5.03771e+00 | 50 -0.00673 -5.05953e+00 | 51 -0.01243 -5.55183e+00
 52 -0.01233 -6.14225e+00 | 53 -0.01184 -6.44065e+00 | 54 -0.00757 -7.11629e+00
 55 -0.01234 -5.99512e+00 | 56 -0.00604 -5.44304e-02 | 57 -0.00041 -9.30332e-02
 58  0.00000  0.00000e+00 | 59 -0.78047 -1.04657e+02 | 60  0.19500  2.44217e+01
 61  0.10800  5.40023e+01 | 62  0.18459 -1.66010e+00 | 63  0.16843  3.76750e-02
 64  0.05340  8.21214e-01 | 65  0.15444  3.71072e+01 | 66  0.09154  6.32614e-01
 67  0.15725 -4.95598e+01 | 68 -0.00419 -2.06880e-05 | 69 -0.16132  1.99787e+00
 70  0.14566  8.82408e+00 | 71  0.07496  3.38333e+00 | 72  0.12669 -5.93070e+00
 73  0.00000  9.49531e-30 | 74  0.03144  1.10454e+01 | 75 -0.06335 -5.85697e+00
 76 -0.23696 -2.86163e-04 | 77  0.09958  4.07412e+00 | 78  0.71562 -1.03511e+00
 79 -0.15156 -6.08219e-01 | 80  0.09488 -2.26680e+00 | 81 -0.65683  1.26901e+00
81 variables; iteration 60; function evaluation 80; phase 3
Function value 2.1812269e+02; maximum gradient component mag -3.3155e+02
Var    Value     Gradient |Var    Value     Gradient |Var    Value     Gradient
  1  0.06204 -3.31549e+02 |  2  0.00126 -8.68604e+01 |  3 -0.01718  3.14038e+00
  4 -0.01271  1.80740e+00 |  5 -0.01205  2.52925e+00 |  6 -0.01116  3.14174e+00
  7 -0.00767  2.14400e+00 |  8  0.00435  2.55477e+00 |  9  0.00243  1.16624e+00
 10  0.01224  7.76057e-01 | 11 -0.00984  1.85622e+00 | 12 -0.01456  2.24554e+00
 13 -0.00742 -1.30626e-01 | 14 -0.01633 -1.51471e+00 | 15 -0.01932  1.69794e-01
 16  0.01159 -2.58548e+00 | 17  0.00797 -4.34523e+00 | 18  0.00328 -4.52158e+00
 19  0.02158 -4.07492e+00 | 20  0.00808 -1.33349e+00 | 21  0.02028 -9.42029e-01
 22  0.06816 -5.53436e+00 | 23  0.03652 -3.29564e+00 | 24  0.02014 -2.52546e+00
 25  0.03178 -3.34092e+00 | 26  0.01418 -3.70151e-01 | 27  0.04984 -1.14943e+00
 28  0.02397 -2.24807e+00 | 29  0.00051 -1.30341e+00 | 30 -0.00613 -1.93139e+00
 31 -0.01555 -3.76151e+00 | 32 -0.01403 -2.53802e+00 | 33  0.00010 -8.36745e-01
 34  0.01417  8.95897e-01 | 35  0.00844 -9.09784e-01 | 36  0.00906 -2.00138e+00
 37  0.00433 -1.91476e+00 | 38  0.01549 -3.42927e-01 | 39  0.00762 -1.14562e+00
 40 -0.02467 -4.10912e-01 | 41 -0.02624  1.33868e+00 | 42 -0.02102  2.20844e+00
 43 -0.00423  4.50575e-01 | 44 -0.01226  4.17487e-01 | 45  0.00139  2.15005e+00
 46 -0.03034  1.96017e+00 | 47 -0.02559  3.52759e-01 | 48 -0.02329 -6.41431e-01
 49 -0.00223  4.57953e-01 | 50 -0.00718  2.15479e+00 | 51 -0.01280  1.54873e+00
 52 -0.01280  5.95491e-01 | 53 -0.01234  1.36922e+00 | 54 -0.00584  4.01157e+00
 55 -0.01276  3.03568e+00 | 56 -0.00497  7.29525e-01 | 57 -0.00004  1.75487e-01
 58  0.00000  0.00000e+00 | 59 -0.77305 -1.11548e+02 | 60  0.19813  1.31991e+01
 61  0.10670  3.50180e+01 | 62  0.18479  5.11348e+00 | 63  0.17007  1.49997e-01
 64  0.05813  2.22724e+00 | 65  0.15442  4.58370e+01 | 66  0.09102 -1.49642e+00
 67  0.15569 -7.73663e+01 | 68 -0.00437 -2.15886e-05 | 69 -0.18121 -8.19266e+00
 70  0.14600 -6.57607e+00 | 71  0.07490 -6.43909e-01 | 72  0.12640  1.10702e+01
 73  0.00000 -3.17330e-30 | 74  0.03073 -2.00243e+00 | 75 -0.06146  4.89874e+00
 76 -0.23681  3.41087e-05 | 77  0.10012 -4.94761e+00 | 78  0.71457  1.77161e-01
 79 -0.15046 -9.54674e-01 | 80  0.09693  2.84132e+00 | 81 -0.65614 -1.34059e+00
Maximum number of function evaluations exceeded

 - final statistics:
81 variables; iteration 73; function evaluation 100
Function value 2.1803e+02; maximum gradient component mag -1.9761e+02
Exit code = 3;  converg criter 1.0000e+00
Var    Value     Gradient |Var    Value     Gradient |Var    Value     Gradient
  1  0.06212 -1.97606e+02 |  2 -0.00411 -7.81853e+01 |  3 -0.01729  1.35315e+00
  4 -0.01148  1.47736e+00 |  5 -0.01186  9.73225e-01 |  6 -0.01208  2.11316e-01
  7 -0.00682  6.56282e-01 |  8  0.00378  3.48088e-01 |  9  0.00314  4.55740e-01
 10  0.01240 -2.59331e-01 | 11 -0.00977  4.80160e-02 | 12 -0.01596 -6.98873e-01
 13 -0.00639  5.00058e-01 | 14 -0.01561 -5.25041e-01 | 15 -0.02009 -3.88137e-01
 16  0.01142 -9.41747e-01 | 17  0.00822 -1.12884e+00 | 18  0.00352 -1.51855e+00
 19  0.02146 -1.83909e+00 | 20  0.00809 -8.92864e-01 | 21  0.01885 -1.27907e+00
 22  0.06928 -1.66654e+00 | 23  0.03486 -1.75991e+00 | 24  0.02151  2.77256e-01
 25  0.03140 -1.10562e+00 | 26  0.01407  1.02773e+00 | 27  0.05016  2.85780e+00
 28  0.02393  5.17470e-01 | 29  0.00067  7.88886e-01 | 30 -0.00669 -9.60261e-02
 31 -0.01516 -8.57456e-01 | 32 -0.01395  1.85812e-01 | 33  0.00024  1.13460e+00
 34  0.01334  1.35134e+00 | 35  0.00879  7.96516e-01 | 36  0.00939  2.05771e-01
 37  0.00513 -2.82752e-01 | 38  0.01406 -7.72360e-01 | 39  0.00851  3.17941e-01
 40 -0.02392  1.99244e-01 | 41 -0.02656 -1.83758e-01 | 42 -0.02190 -4.57001e-01
 43 -0.00444 -1.00146e+00 | 44 -0.01114  2.24040e-01 | 45  0.00062 -3.30750e-01
 46 -0.03086 -4.12907e-01 | 47 -0.02596 -1.02434e+00 | 48 -0.02168  4.58678e-01
 49 -0.00219 -4.35920e-01 | 50 -0.00775 -3.54029e-01 | 51 -0.01315 -4.21943e-01
 52 -0.01180  5.71009e-01 | 53 -0.01137  7.01231e-01 | 54 -0.00792 -5.06926e-01
 55 -0.01294  3.78243e-01 | 56 -0.00761 -1.48008e+00 | 57 -0.00032 -3.38565e-02
 58  0.00000  0.00000e+00 | 59 -0.76765 -9.22368e+01 | 60  0.19687  1.99539e+01
 61  0.10725  5.28941e+01 | 62  0.18446  9.48346e-01 | 63  0.13896  7.53956e-03
 64  0.05668  7.48382e-01 | 65  0.15440  3.31971e+01 | 66  0.09057 -3.47056e+00
 67  0.15598 -5.69582e+01 | 68 -0.00387 -1.90946e-05 | 69 -0.18821 -8.55851e+00
 70  0.14581 -1.89116e+00 | 71  0.07510  1.61686e-02 | 72  0.12619  1.42825e+00
 73  0.00000 -1.33814e-30 | 74  0.03037 -3.01523e+00 | 75 -0.06246  1.41038e+00
 76 -0.23665  9.25670e-06 | 77  0.09969 -1.71687e+00 | 78  0.71594  7.07241e-01
 79 -0.14931  1.90385e+00 | 80  0.09654  2.69222e+00 | 81 -0.65677 -1.68292e+00

Initial statistics: 91 variables; iteration 0; function evaluation 0; phase 4
Function value 2.1802818e+02; maximum gradient component mag -1.9761e+02
Var    Value     Gradient |Var    Value     Gradient |Var    Value     Gradient
  1  0.06212 -1.97606e+02 |  2 -0.00411 -7.81853e+01 |  3  0.00000  1.85861e+01
  4  0.00000  2.15629e+01 |  5  0.00000  1.56427e+01 |  6  0.00000  9.55348e+00
  7  0.00000  1.16852e+01 |  8  0.00000  7.35985e+00 |  9  0.00000 -4.96839e+00
 10  0.00000 -2.78034e+00 | 11  0.00000 -5.62258e+00 | 12  0.00000  5.69280e+00
 13 -0.01728  1.41221e+00 | 14 -0.01148  1.53643e+00 | 15 -0.01186  1.03230e+00
 16 -0.01208  2.70389e-01 | 17 -0.00682  7.15362e-01 | 18  0.00378  4.07170e-01
 19  0.00314  5.14822e-01 | 20  0.01240 -2.00258e-01 | 21 -0.00977  1.07092e-01
 22 -0.01596 -6.39809e-01 | 23 -0.00639  5.59138e-01 | 24 -0.01561 -4.65976e-01
 25 -0.02009 -3.29083e-01 | 26  0.01142 -8.82673e-01 | 27  0.00822 -1.06977e+00
 28  0.00352 -1.45947e+00 | 29  0.02146 -1.78004e+00 | 30  0.00810 -8.33785e-01
 31  0.01885 -1.22002e+00 | 32  0.06928 -1.60780e+00 | 33  0.03486 -1.70091e+00
 34  0.02151  3.36306e-01 | 35  0.03140 -1.04661e+00 | 36  0.01408  1.08680e+00
 37  0.05017  2.91670e+00 | 38  0.02393  5.76512e-01 | 39  0.00067  8.47969e-01
 40 -0.00669 -3.69459e-02 | 41 -0.01516 -7.98389e-01 | 42 -0.01395  2.44881e-01
 43  0.00024  1.19368e+00 | 44  0.01334  1.41041e+00 | 45  0.00880  8.55594e-01
 46  0.00939  2.64848e-01 | 47  0.00513 -2.23671e-01 | 48  0.01406 -7.13291e-01
 49  0.00851  3.77019e-01 | 50 -0.02392  2.58286e-01 | 51 -0.02656 -1.24726e-01
 52 -0.02190 -3.97953e-01 | 53 -0.00444 -9.42382e-01 | 54 -0.01114  2.83114e-01
 55  0.00062 -2.71667e-01 | 56 -0.03085 -3.53893e-01 | 57 -0.02596 -9.65301e-01
 58 -0.02168  5.17728e-01 | 59 -0.00219 -3.76836e-01 | 60 -0.00775 -2.94950e-01
 61 -0.01315 -3.62872e-01 | 62 -0.01180  6.30082e-01 | 63 -0.01137  7.60305e-01
 64 -0.00792 -4.47847e-01 | 65 -0.01294  4.37314e-01 | 66 -0.00761 -1.48008e+00
 67 -0.00032 -3.38565e-02 | 68  0.00000  0.00000e+00 | 69 -0.76765 -9.22368e+01
 70  0.19687  1.99539e+01 | 71  0.10725  5.28941e+01 | 72  0.18446  9.48346e-01
 73  0.13896  7.53956e-03 | 74  0.05668  7.48382e-01 | 75  0.15440  3.31971e+01
 76  0.09057 -3.47056e+00 | 77  0.15598 -5.69582e+01 | 78 -0.00387 -1.90946e-05
 79 -0.18821 -8.55851e+00 | 80  0.14581 -1.89116e+00 | 81  0.07510  1.61686e-02
 82  0.12619  1.42825e+00 | 83  0.00000 -1.33814e-30 | 84  0.03037 -3.01523e+00
 85 -0.06246  1.41038e+00 | 86 -0.23665  9.25670e-06 | 87  0.09969 -1.71687e+00
 88  0.71594  7.07241e-01 | 89 -0.14931  1.90385e+00 | 90  0.09654  2.69222e+00
 91 -0.65677 -1.68292e+00 |

Intermediate statistics: 91 variables; iteration 20; function evaluation 27; phase 4
Function value 2.1715455e+02; maximum gradient component mag -1.4114e+02
Var    Value     Gradient |Var    Value     Gradient |Var    Value     Gradient
  1  0.06195 -1.41143e+02 |  2 -0.00997 -4.32823e+00 |  3 -0.01858  3.17350e+00
  4 -0.02028  3.93050e+00 |  5 -0.01499  3.41508e+00 |  6 -0.00885  2.92449e+00
  7 -0.01123  3.19304e+00 |  8 -0.00730  2.82581e+00 |  9  0.00786  2.09229e+00
 10  0.00436  2.42779e+00 | 11  0.00878  2.93940e+00 | 12 -0.00290  4.42190e+00
 13 -0.01444  6.63548e+00 | 14 -0.00997  6.30469e+00 | 15 -0.01192  5.49333e+00
 16 -0.01261  4.97521e+00 | 17 -0.00733  5.45161e+00 | 18  0.00441  5.92190e+00
 19  0.00343  5.49837e+00 | 20  0.01268  5.53183e+00 | 21 -0.00981  5.18205e+00
 22 -0.01514  4.78312e+00 | 23 -0.00654  4.07286e+00 | 24 -0.01568  2.82047e+00
 25 -0.02068  2.25304e+00 | 26  0.01147  8.88634e-01 | 27  0.00882 -1.76879e-01
 28  0.00387 -5.05218e-01 | 29  0.02144 -9.14553e-01 | 30  0.00837  3.87213e-01
 31  0.02023  4.59893e-01 | 32  0.06945 -1.45112e+00 | 33  0.03637 -5.08361e-02
 34  0.02012  1.00988e+00 | 35  0.03258  1.77291e+00 | 36  0.01410  3.43973e+00
 37  0.04945  4.89591e+00 | 38  0.02492  4.11192e+00 | 39 -0.00001  3.16391e+00
 40 -0.00693  2.07342e+00 | 41 -0.01446  1.22066e+00 | 42 -0.01366  7.90794e-01
 43  0.00026  8.51459e-01 | 44  0.01316  9.82925e-01 | 45  0.00931  2.57022e-01
 46  0.00981 -9.01253e-01 | 47  0.00561 -1.92963e+00 | 48  0.01433 -4.57129e+00
 49  0.00740 -6.44674e+00 | 50 -0.02452 -5.08718e+00 | 51 -0.02722 -6.01348e+00
 52 -0.02266 -7.39678e+00 | 53 -0.00491 -9.50779e+00 | 54 -0.01248 -7.57677e+00
 55 -0.00031 -8.25622e+00 | 56 -0.03114 -4.72915e+00 | 57 -0.02561 -5.22406e+00
 58 -0.02285 -5.03492e+00 | 59 -0.00311 -6.04067e+00 | 60 -0.00875 -4.65556e+00
 61 -0.01356 -3.83413e+00 | 62 -0.01262 -2.82005e+00 | 63 -0.01214 -1.35020e+00
 64 -0.00743  3.79257e-01 | 65 -0.01290  2.48833e+00 | 66 -0.00607 -2.39641e-01
 67 -0.00027  8.35265e-04 | 68  0.00000  0.00000e+00 | 69 -0.75786 -7.72111e+00
 70  0.19977 -1.15051e+00 | 71  0.10593  1.08886e+01 | 72  0.18487  1.63871e+01
 73  0.13831  9.17044e-02 | 74  0.05901 -1.83427e-01 | 75  0.16743  2.07088e+01
 76  0.08233  1.71717e+01 | 77  0.15935 -2.55157e+01 | 78 -0.00387 -1.90942e-05
 79 -0.18176 -1.90721e-02 | 80  0.14839  1.73874e-02 | 81  0.07327  3.61032e+00
 82  0.12687  6.49314e+00 | 83  0.00000  8.79149e-30 | 84  0.03149 -1.82359e+00
 85 -0.06114  1.79167e+01 | 86 -0.23665  3.36677e-04 | 87  0.09955 -2.16943e+01
 88  0.71553  1.85835e+00 | 89 -0.14899  1.82755e+00 | 90  0.09783  1.34231e+00
 91 -0.65509 -6.59948e-01 |
91 variables; iteration 40; function evaluation 51; phase 4
Function value 2.1708606e+02; maximum gradient component mag -8.6223e+01
Var    Value     Gradient |Var    Value     Gradient |Var    Value     Gradient
  1  0.06207 -8.62235e+01 |  2 -0.01140  4.71186e+00 |  3 -0.02113  1.46661e-01
  4 -0.02348  3.57757e-02 |  5 -0.01706  4.02373e-01 |  6 -0.00999  5.89841e-01
  7 -0.01276  5.68935e-01 |  8 -0.00796  8.98481e-01 |  9  0.00848  8.09587e-01
 10  0.00492  1.13760e+00 | 11  0.00976  1.45514e+00 | 12 -0.00349  1.52259e+00
 13 -0.01435  3.27973e+00 | 14 -0.00990  2.90799e+00 | 15 -0.01218  1.93408e+00
 16 -0.01302  1.28700e+00 | 17 -0.00770  1.59560e+00 | 18  0.00453  2.48384e+00
 19  0.00378  2.84912e+00 | 20  0.01277  2.34012e+00 | 21 -0.01001  1.73346e+00
 22 -0.01508  1.77773e+00 | 23 -0.00645  1.69778e+00 | 24 -0.01573  1.20031e+00
 25 -0.02089  7.10373e-01 | 26  0.01148 -1.25454e-01 | 27  0.00894 -3.02232e-01
 28  0.00378 -2.03305e-01 | 29  0.02156 -2.64987e-01 | 30  0.00866  3.72412e-01
 31  0.02041  5.26597e-02 | 32  0.06941 -1.77882e+00 | 33  0.03660 -4.93260e-01
 34  0.02001  9.77047e-03 | 35  0.03271  1.01338e-02 | 36  0.01364  3.37296e-01
 37  0.04861 -6.24817e-01 | 38  0.02479 -2.16865e-01 | 39 -0.00021 -4.32368e-01
 40 -0.00729 -1.42098e+00 | 41 -0.01474 -1.63044e+00 | 42 -0.01393 -1.26627e+00
 43  0.00013 -7.99246e-01 | 44  0.01286 -1.19199e+00 | 45  0.00901 -1.37450e+00
 46  0.00971 -1.23571e+00 | 47  0.00581 -8.23824e-01 | 48  0.01458 -1.54183e+00
 49  0.00738 -2.28846e+00 | 50 -0.02449 -1.48676e+00 | 51 -0.02692 -1.33504e+00
 52 -0.02233 -1.74038e+00 | 53 -0.00476 -2.84938e+00 | 54 -0.01247 -2.06734e+00
 55  0.00000 -1.86052e+00 | 56 -0.03086 -4.66060e-01 | 57 -0.02532 -5.55431e-01
 58 -0.02272 -3.46710e-01 | 59 -0.00282 -5.11986e-01 | 60 -0.00864 -3.33507e-01
 61 -0.01351 -1.20999e-01 | 62 -0.01250  5.35587e-01 | 63 -0.01199  1.19533e+00
 64 -0.00724  1.64466e+00 | 65 -0.01293  1.91780e+00 | 66 -0.00593 -4.96812e-02
 67 -0.00028 -6.47145e-03 | 68  0.00000  0.00000e+00 | 69 -0.75680  3.67165e+00
 70  0.20008  3.93187e+00 | 71  0.10562  1.12497e+01 | 72  0.18468 -3.21933e+00
 73  0.07093 -1.17324e-01 | 74  0.05957 -1.65336e+00 | 75  0.16771  1.14735e+01
 76  0.08199  2.27613e+01 | 77  0.15995  3.49775e+00 | 78 -0.00386 -1.90424e-05
 79 -0.18220  5.08150e-01 | 80  0.14849  7.07810e-03 | 81  0.07308  1.98822e+00
 82  0.12680  3.08008e+00 | 83  0.00000  4.36805e-30 | 84  0.03162 -1.43485e+00
 85 -0.06153  4.28806e+00 | 86 -0.23661  8.12376e-05 | 87  0.09992 -4.42760e+00
 88  0.71685  6.49889e-01 | 89 -0.15004 -4.26503e-01 | 90  0.09754 -2.52803e+00
 91 -0.65509  5.56309e-01 |
91 variables; iteration 60; function evaluation 80; phase 4
Function value 2.1707040e+02; maximum gradient component mag -3.7526e+01
Var    Value     Gradient |Var    Value     Gradient |Var    Value     Gradient
  1  0.06211 -3.75260e+01 |  2 -0.01201 -2.14914e+01 |  3 -0.02130 -2.44510e-01
  4 -0.02351 -2.80021e-01 |  5 -0.01743 -3.23920e-01 |  6 -0.01041 -2.57843e-01
  7 -0.01325 -3.11079e-01 |  8 -0.00879 -2.32522e-01 |  9  0.00798 -1.36733e-01
 10  0.00429 -9.30237e-03 | 11  0.00916 -9.57622e-02 | 12 -0.00431 -3.99618e-01
 13 -0.01482 -2.83407e-01 | 14 -0.01036 -2.80928e-01 | 15 -0.01214 -2.17835e-01
 16 -0.01260 -2.19467e-01 | 17 -0.00740 -3.38303e-01 | 18  0.00436 -4.46159e-01
 19  0.00339 -4.72224e-01 | 20  0.01281 -4.67779e-01 | 21 -0.00983 -3.35412e-01
 22 -0.01512 -2.82668e-01 | 23 -0.00674 -2.53990e-01 | 24 -0.01569 -1.09481e-01
 25 -0.02082 -1.41740e-01 | 26  0.01147 -4.30939e-02 | 27  0.00884  6.49442e-02
 28  0.00391  3.39442e-02 | 29  0.02168 -8.31288e-02 | 30  0.00859 -1.28474e-01
 31  0.02067  9.33152e-03 | 32  0.06974 -1.99344e-01 | 33  0.03673 -1.10103e-01
 34  0.01994 -3.50023e-01 | 35  0.03253 -3.54554e-01 | 36  0.01366 -3.58456e-01
 37  0.04846 -6.02409e-01 | 38  0.02439 -5.83259e-01 | 39 -0.00039 -4.85931e-01
 40 -0.00717 -4.16731e-01 | 41 -0.01470 -3.97412e-01 | 42 -0.01406 -2.91703e-01
 43 -0.00009 -1.40730e-01 | 44  0.01280 -2.63255e-01 | 45  0.00917 -1.91323e-01
 46  0.01000  8.17804e-03 | 47  0.00587  1.79573e-01 | 48  0.01453  3.57336e-01
 49  0.00754  4.68993e-01 | 50 -0.02439  3.20928e-01 | 51 -0.02705  3.64011e-01
 52 -0.02229  6.79355e-01 | 53 -0.00445  8.66096e-01 | 54 -0.01242  6.10067e-01
 55 -0.00002  7.89140e-01 | 56 -0.03063  7.23285e-01 | 57 -0.02501  6.71227e-01
 58 -0.02287  3.32873e-01 | 59 -0.00302  5.53515e-01 | 60 -0.00844  7.88120e-01
 61 -0.01329  5.72378e-01 | 62 -0.01277  1.19502e-02 | 63 -0.01224 -3.81661e-03
 64 -0.00718  2.68571e-01 | 65 -0.01286  8.83412e-02 | 66 -0.00587  3.41438e-02
 67 -0.00028 -3.59845e-03 | 68  0.00000  0.00000e+00 | 69 -0.75669 -2.13759e+01
 70  0.20157  3.66121e-01 | 71  0.10511 -4.41900e-01 | 72  0.18504 -1.91359e+00
 73  0.09575  1.52474e-02 | 74  0.06032  8.52711e-01 | 75  0.16583  2.22875e+01
 76  0.08289  2.38338e+01 | 77  0.15920 -1.22411e+01 | 78 -0.00383 -1.88823e-05
 79 -0.18097 -1.70815e+00 | 80  0.14912  7.21690e-01 | 81  0.07230  5.22723e-01
 82  0.12694 -2.51137e-01 | 83  0.00000  3.99918e-31 | 84  0.03192  2.27491e-02
 85 -0.06115 -1.42753e+00 | 86 -0.23647 -1.05900e-04 | 87  0.10031  2.21707e+00
 88  0.71301 -1.49766e-01 | 89 -0.14862 -2.48454e-01 | 90  0.09805 -4.24992e-01
 91 -0.65453  2.45494e-01 |
91 variables; iteration 80; function evaluation 114; phase 4
Function value 2.1705489e+02; maximum gradient component mag 4.4337e+01
Var    Value     Gradient |Var    Value     Gradient |Var    Value     Gradient
  1  0.06208  1.68295e+01 |  2 -0.01245 -1.16724e+01 |  3 -0.02019  9.66026e-01
  4 -0.02368 -2.44389e-01 |  5 -0.01763 -2.36646e-01 |  6 -0.00956  8.60235e-01
  7 -0.01215  1.07280e+00 |  8 -0.00895  1.30175e-01 |  9  0.00984  1.90607e+00
 10  0.00286 -5.33962e-01 | 11  0.00989  1.10829e+00 | 12 -0.00360  8.46856e-01
 13 -0.01590 -1.15922e+00 | 14 -0.00980  2.81153e-01 | 15 -0.01229 -2.77600e-01
 16 -0.01192  3.39674e-01 | 17 -0.00788 -7.47159e-01 | 18  0.00440 -2.04589e-01
 19  0.00377  7.15013e-02 | 20  0.01270 -3.02346e-01 | 21 -0.01000 -5.12933e-01
 22 -0.01521 -4.47675e-01 | 23 -0.00660 -1.87952e-01 | 24 -0.01572 -1.48035e-01
 25 -0.02086 -3.59011e-02 | 26  0.01153  7.16526e-01 | 27  0.00897  6.73743e-01
 28  0.00354 -2.24650e-01 | 29  0.02164  3.60095e-01 | 30  0.00960  1.02946e+00
 31  0.01907 -7.82260e-01 | 32  0.07039  1.18161e+00 | 33  0.03641  4.75126e-01
 34  0.01983  1.51406e-01 | 35  0.03297  7.58981e-01 | 36  0.01297 -2.25416e-01
 37  0.04918  1.22440e+00 | 38  0.02388  1.59491e-01 | 39 -0.00007  7.35200e-01
 40 -0.00688  9.63663e-01 | 41 -0.01494  2.74120e-01 | 42 -0.01371  6.62087e-01
 43 -0.00016  2.53448e-01 | 44  0.01277  3.25358e-01 | 45  0.00933  6.00729e-01
 46  0.01027  4.78789e-01 | 47  0.00530 -6.99348e-01 | 48  0.01435 -4.69827e-01
 49  0.00779  4.60879e-01 | 50 -0.02409  5.22969e-01 | 51 -0.02699  2.20261e-01
 52 -0.02204  4.90558e-01 | 53 -0.00453  1.48305e-01 | 54 -0.01225 -1.04311e-01
 55  0.00019 -2.81269e-01 | 56 -0.03109 -1.08540e+00 | 57 -0.02574 -1.39845e+00
 58 -0.02240 -3.40928e-01 | 59 -0.00280 -6.60921e-01 | 60 -0.00883 -1.18480e+00
 61 -0.01364 -8.55481e-01 | 62 -0.01194  4.43249e-01 | 63 -0.01174  1.76718e-01
 64 -0.00778 -9.92325e-01 | 65 -0.01283 -6.09286e-01 | 66 -0.00639 -4.28444e-01
 67 -0.00012  1.22191e-01 | 68  0.00000  0.00000e+00 | 69 -0.75546 -1.09922e+01
 70  0.20198  6.38265e+00 | 71  0.10482  1.46727e+01 | 72  0.18523 -7.61529e-02
 73  0.04714 -2.02337e-02 | 74  0.06010  7.35297e-01 | 75  0.16678  3.33283e+01
 76  0.08179  4.43371e+01 | 77  0.15942 -9.19486e+00 | 78 -0.00368 -1.81844e-05
 79 -0.18094 -1.20590e+00 | 80  0.14840 -6.71076e-01 | 81  0.07279 -5.15105e-01
 82  0.12667 -1.02622e+00 | 83  0.00000 -2.77205e-30 | 84  0.03201  4.52556e-01
 85 -0.06188 -7.53611e-01 | 86 -0.23589 -7.81465e-05 | 87  0.09981 -4.92564e-01
 88  0.71368  3.36911e-01 | 89 -0.14757  2.02868e+00 | 90  0.09797  9.28206e-01
 91 -0.65482 -3.70352e-01 |
91 variables; iteration 100; function evaluation 152; phase 4
Function value 2.1701948e+02; maximum gradient component mag -5.0649e+01
Var    Value     Gradient |Var    Value     Gradient |Var    Value     Gradient
  1  0.06204 -5.04582e+01 |  2 -0.01192 -3.02852e+01 |  3 -0.02024  8.52812e-01
  4 -0.02399 -5.84487e-01 |  5 -0.01664  6.21566e-01 |  6 -0.00952  7.94633e-01
  7 -0.01312  7.71642e-02 |  8 -0.00851  4.42042e-01 |  9  0.00996  1.94195e+00
 10  0.00287 -6.61572e-01 | 11  0.00941  5.18811e-01 | 12 -0.00394  3.44518e-01
 13 -0.01533 -3.02597e-01 | 14 -0.00934  9.20737e-01 | 15 -0.01364 -1.29801e+00
 16 -0.01109  1.22886e+00 | 17 -0.00791 -5.30075e-01 | 18  0.00380 -4.32755e-01
 19  0.00439  7.54046e-01 | 20  0.01241 -4.31334e-01 | 21 -0.01022 -6.14937e-01
 22 -0.01480  1.30440e-01 | 23 -0.00678 -4.07035e-01 | 24 -0.01571 -1.93230e-01
 25 -0.02100 -2.02712e-01 | 26  0.01183  4.32965e-01 | 27  0.00870 -2.27055e-01
 28  0.00385 -3.25385e-01 | 29  0.02157  3.49155e-02 | 30  0.00965  9.14833e-01
 31  0.01915 -8.65493e-01 | 32  0.07055  6.98587e-01 | 33  0.03632  1.90230e-01
 34  0.01998  2.47075e-01 | 35  0.03318  7.56087e-01 | 36  0.01250 -5.72170e-01
 37  0.04930  1.11355e+00 | 38  0.02427  3.76595e-01 | 39 -0.00048  2.50768e-01
 40 -0.00705  6.57463e-01 | 41 -0.01420  9.05111e-01 | 42 -0.01418  9.00952e-02
 43  0.00001  2.97164e-01 | 44  0.01277  3.87287e-01 | 45  0.00948  6.27000e-01
 46  0.01017  3.89219e-01 | 47  0.00551 -4.62667e-01 | 48  0.01451 -4.12857e-01
 49  0.00757  9.10110e-02 | 50 -0.02397  6.49902e-01 | 51 -0.02696  2.65865e-01
 52 -0.02205  3.98290e-01 | 53 -0.00463 -1.70145e-01 | 54 -0.01229 -1.31306e-01
 55  0.00042 -8.72057e-02 | 56 -0.03180 -1.68934e+00 | 57 -0.02500 -5.02452e-01
 58 -0.02274 -4.90879e-01 | 59 -0.00274 -5.82175e-01 | 60 -0.00918 -1.19721e+00
 61 -0.01286  1.98976e-01 | 62 -0.01272 -4.39748e-02 | 63 -0.01165  6.51871e-01
 64 -0.00712  7.82677e-02 | 65 -0.01424 -1.41084e+00 | 66 -0.00624 -3.10352e-01
 67  0.00028  4.28726e-01 | 68  0.00000  0.00000e+00 | 69 -0.75420 -2.93062e+01
 70  0.20327 -1.91769e+01 | 71  0.10425 -5.06490e+01 | 72  0.18555  1.92836e+00
 73 -0.03329  1.83338e-02 | 74  0.05860 -9.92799e-01 | 75  0.17062 -1.36879e+01
 76  0.07846 -3.35174e+01 | 77  0.16059 -2.09106e+01 | 78 -0.00333 -1.64232e-05
 79 -0.17849 -3.54095e+00 | 80  0.14822 -1.68088e+00 | 81  0.07283 -1.07043e+00
 82  0.12655 -8.69735e-01 | 83  0.00000 -4.62364e-30 | 84  0.03212  4.30459e-01
 85 -0.06186 -1.42376e-01 | 86 -0.23459 -1.82175e-05 | 87  0.09977 -1.43305e+00
 88  0.71374  3.46560e-01 | 89 -0.14759  1.87539e+00 | 90  0.09819  1.09875e+00
 91 -0.65444 -1.30488e-01 |
91 variables; iteration 120; function evaluation 177; phase 4
Function value 2.1698726e+02; maximum gradient component mag 3.6423e+01
Var    Value     Gradient |Var    Value     Gradient |Var    Value     Gradient
  1  0.06210  6.00206e+00 |  2 -0.01121  3.83346e+00 |  3 -0.02109 -1.21912e-02
  4 -0.02328 -6.69702e-03 |  5 -0.01718 -2.63404e-02 |  6 -0.01023 -1.26862e-02
  7 -0.01303 -1.54529e-02 |  8 -0.00866 -3.09769e-02 |  9  0.00802 -2.47809e-02
 10  0.00421 -6.89558e-03 | 11  0.00902 -1.95951e-02 | 12 -0.00416 -2.23872e-02
 13 -0.01488  9.13460e-03 | 14 -0.01034 -3.10759e-03 | 15 -0.01214  7.31072e-03
 16 -0.01262 -2.76676e-03 | 17 -0.00739  1.29435e-02 | 18  0.00439 -8.07131e-04
 19  0.00366 -1.25824e-02 | 20  0.01274  3.03760e-03 | 21 -0.00988 -1.29121e-02
 22 -0.01522 -1.11778e-02 | 23 -0.00644 -2.22319e-02 | 24 -0.01576 -1.27718e-02
 25 -0.02088 -1.70171e-02 | 26  0.01141 -6.02869e-02 | 27  0.00896 -5.46187e-02
 28  0.00395 -3.82039e-02 | 29  0.02153 -3.64980e-02 | 30  0.00858 -3.08938e-02
 31  0.02058 -1.85249e-02 | 32  0.06980 -5.35012e-02 | 33  0.03654 -3.92343e-02
 34  0.02002 -2.51541e-02 | 35  0.03255 -3.06175e-02 | 36  0.01366 -1.61163e-02
 37  0.04859 -5.39159e-02 | 38  0.02446 -3.15531e-02 | 39 -0.00046 -2.49590e-02
 40 -0.00725 -3.20741e-02 | 41 -0.01461 -3.36143e-02 | 42 -0.01393 -2.14797e-02
 43 -0.00015 -2.61349e-02 | 44  0.01277 -2.34071e-02 | 45  0.00947 -5.31738e-03
 46  0.00980  1.00076e-02 | 47  0.00577  7.74452e-03 | 48  0.01453  1.56724e-02
 49  0.00753  2.73232e-02 | 50 -0.02436  2.95284e-02 | 51 -0.02698  3.81109e-02
 52 -0.02235  3.50635e-02 | 53 -0.00451  5.31582e-02 | 54 -0.01235  3.92395e-02
 55 -0.00001  5.43665e-02 | 56 -0.03079  5.25032e-02 | 57 -0.02515  3.89998e-02
 58 -0.02273  3.87150e-02 | 59 -0.00294  4.92058e-02 | 60 -0.00860  4.83173e-02
 61 -0.01337  4.62003e-02 | 62 -0.01257  4.68147e-02 | 63 -0.01216  3.54496e-02
 64 -0.00729  3.26761e-02 | 65 -0.01298  3.71319e-02 | 66 -0.00594  3.08343e-03
 67 -0.00027  2.50697e-03 | 68  0.00000  0.00000e+00 | 69 -0.75302  3.67348e+00
 70  0.20044  1.29374e+01 | 71  0.10533  3.64233e+01 | 72  0.18477  1.38385e-01
 73 -0.11075 -5.47186e-03 | 74  0.05974 -9.94925e-02 | 75  0.17686  8.07291e+00
 76  0.07305  1.17716e+01 | 77  0.16265  2.53058e+00 | 78 -0.00125 -5.85180e-06
 79 -0.17586  4.66524e-01 | 80  0.14896 -9.79252e-02 | 81  0.07235 -7.28156e-02
 82  0.12689  2.10562e-02 | 83  0.00000 -1.40708e-30 | 84  0.03191 -4.55641e-03
 85 -0.06128 -4.65694e-02 | 86 -0.23627 -7.17057e-05 | 87  0.10017  6.57638e-02
 88  0.71342 -6.19020e-03 | 89 -0.14868 -1.38141e-02 | 90  0.09797 -2.22252e-02
 91 -0.65471  3.25678e-03 |
91 variables; iteration 140; function evaluation 197; phase 4
Function value 2.1698581e+02; maximum gradient component mag 4.2855e+00
Var    Value     Gradient |Var    Value     Gradient |Var    Value     Gradient
  1  0.06208  2.80266e+00 |  2 -0.01112  2.13616e+00 |  3 -0.02116 -4.30004e-03
  4 -0.02338 -1.07311e-02 |  5 -0.01725  5.38174e-03 |  6 -0.01034 -1.69143e-03
  7 -0.01315 -9.94100e-03 |  8 -0.00878 -5.43731e-03 |  9  0.00789  1.18029e-02
 10  0.00402 -1.72852e-02 | 11  0.00885 -5.93226e-03 | 12 -0.00424 -6.33298e-03
 13 -0.01493  3.04033e-02 | 14 -0.01038  1.79395e-02 | 15 -0.01226 -1.83711e-02
 16 -0.01266  2.74318e-02 | 17 -0.00747  1.05377e-02 | 18  0.00432 -1.62562e-03
 19  0.00371  3.92129e-02 | 20  0.01265 -9.23891e-03 | 21 -0.00993 -7.68255e-03
 22 -0.01524 -2.95018e-03 | 23 -0.00639 -3.47646e-02 | 24 -0.01582 -1.53375e-02
 25 -0.02097 -3.26061e-02 | 26  0.01145 -6.43965e-02 | 27  0.00906 -7.82755e-02
 28  0.00400 -4.40464e-02 | 29  0.02154 -5.45947e-02 | 30  0.00869 -2.34447e-02
 31  0.02066 -3.46588e-02 | 32  0.06992 -6.37264e-02 | 33  0.03661 -3.72770e-02
 34  0.02004 -1.56129e-02 | 35  0.03258 -2.35384e-02 | 36  0.01365 -1.04456e-02
 37  0.04862 -2.11398e-02 | 38  0.02444 -1.72215e-02 | 39 -0.00048 -1.03640e-02
 40 -0.00725 -1.55062e-02 | 41 -0.01457 -3.33421e-02 | 42 -0.01388 -2.75339e-02
 43 -0.00016 -3.25716e-02 | 44  0.01275 -9.75132e-03 | 45  0.00957 -4.04866e-03
 46  0.00987  4.19320e-03 | 47  0.00586  4.45485e-03 | 48  0.01456  7.56099e-03
 49  0.00751  2.56746e-02 | 50 -0.02438  4.51913e-02 | 51 -0.02700  4.39998e-02
 52 -0.02236  4.34874e-02 | 53 -0.00454  4.70322e-02 | 54 -0.01239  4.90199e-02
 55 -0.00004  5.29955e-02 | 56 -0.03080  3.09083e-02 | 57 -0.02511  4.71480e-02
 58 -0.02275  3.58518e-02 | 59 -0.00299  4.19321e-02 | 60 -0.00866  3.02485e-02
 61 -0.01340  5.15631e-02 | 62 -0.01260  3.93983e-02 | 63 -0.01216  3.92060e-02
 64 -0.00728  4.38197e-02 | 65 -0.01304  8.04885e-03 | 66 -0.00595  1.50974e-02
 67 -0.00026  1.07447e-02 | 68  0.00000  0.00000e+00 | 69 -0.75234  2.00513e+00
 70  0.20198  1.63508e+00 | 71  0.10474  4.28547e+00 | 72  0.18514  7.54315e-02
 73 -0.06377 -1.39806e-03 | 74  0.05975 -5.95744e-02 | 75  0.17908  2.14163e+00
 76  0.07094  3.21539e+00 | 77  0.16334  1.34433e+00 | 78  0.00090  7.47663e-06
 79 -0.17577  2.33750e-01 | 80  0.14915 -3.28029e-01 | 81  0.07212 -3.10781e-01
 82  0.12693  8.02816e-02 | 83  0.00000 -2.15878e-30 | 84  0.03198  9.39428e-03
 85 -0.06121 -2.91896e-02 | 86 -0.23680 -9.54250e-05 | 87  0.10018  7.75413e-03
 88  0.71326 -2.97306e-03 | 89 -0.14852  6.68229e-03 | 90  0.09811 -2.14241e-02
 91 -0.65458  1.42402e-02 |
91 variables; iteration 160; function evaluation 217; phase 4
Function value 2.1698578e+02; maximum gradient component mag -3.3642e-01
Var    Value     Gradient |Var    Value     Gradient |Var    Value     Gradient
  1  0.06208  3.61855e-02 |  2 -0.01119  1.73011e-02 |  3 -0.02116  6.68194e-04
  4 -0.02337  1.98327e-05 |  5 -0.01727 -1.99545e-05 |  6 -0.01034  7.11548e-04
  7 -0.01315  5.47564e-04 |  8 -0.00879  1.62128e-04 |  9  0.00786  1.10056e-03
 10  0.00403 -9.30860e-05 | 11  0.00885  3.74303e-04 | 12 -0.00425  3.37432e-04
 13 -0.01494 -6.17134e-04 | 14 -0.01039  2.57187e-04 | 15 -0.01223  3.80281e-04
 16 -0.01268  5.54839e-04 | 17 -0.00747  1.52765e-04 | 18  0.00434  2.81095e-04
 19  0.00368 -1.07996e-04 | 20  0.01267  7.55423e-05 | 21 -0.00993 -2.39251e-04
 22 -0.01525 -2.58008e-05 | 23 -0.00638  8.44936e-05 | 24 -0.01583 -3.45971e-04
 25 -0.02096 -1.18444e-04 | 26  0.01145 -4.56809e-04 | 27  0.00907 -5.44701e-04
 28  0.00399 -1.13991e-03 | 29  0.02155 -6.68756e-04 | 30  0.00868  1.57656e-04
 31  0.02067 -1.04925e-03 | 32  0.06993 -4.94331e-04 | 33  0.03662 -7.22471e-04
 34  0.02004 -6.67733e-04 | 35  0.03258 -2.44269e-04 | 36  0.01365 -8.86468e-04
 37  0.04861 -3.53371e-04 | 38  0.02444 -9.99722e-04 | 39 -0.00048 -2.99324e-04
 40 -0.00725 -2.55462e-04 | 41 -0.01456 -1.53362e-06 | 42 -0.01388  8.33800e-05
 43 -0.00015 -3.19429e-04 | 44  0.01275 -3.25045e-04 | 45  0.00957 -6.19722e-05
 46  0.00987  4.12069e-04 | 47  0.00586 -5.68625e-04 | 48  0.01457  9.69034e-06
 49  0.00751  7.75171e-04 | 50 -0.02439  9.23992e-04 | 51 -0.02700  6.54691e-04
 52 -0.02236  9.19501e-04 | 53 -0.00454  1.01740e-03 | 54 -0.01239  7.98028e-04
 55 -0.00005  7.64702e-04 | 56 -0.03079  7.14321e-05 | 57 -0.02511 -4.58308e-04
 58 -0.02275  4.63626e-04 | 59 -0.00300  5.22590e-04 | 60 -0.00865  2.63682e-04
 61 -0.01341  3.60762e-04 | 62 -0.01260  1.21651e-03 | 63 -0.01216  7.64686e-04
 64 -0.00729 -1.47906e-04 | 65 -0.01302  1.53761e-04 | 66 -0.00596 -1.18822e-04
 67 -0.00028  1.08364e-04 | 68  0.00000  0.00000e+00 | 69 -0.75233  9.62632e-03
 70  0.20199 -1.29499e-01 | 71  0.10474 -3.36420e-01 | 72  0.18514  4.70323e-03
 73 -0.06188 -2.18907e-04 | 74  0.05979 -8.51354e-04 | 75  0.17894  1.85829e-01
 76  0.07108  1.96351e-01 | 77  0.16329  1.30415e-02 | 78 -0.00021 -9.43509e-07
 79 -0.17583  5.20357e-03 | 80  0.14912  7.48375e-03 | 81  0.07222  8.99345e-03
 82  0.12692 -1.75522e-03 | 83  0.00000 -1.14875e-30 | 84  0.03197  3.24368e-04
 85 -0.06120 -1.53387e-03 | 86 -0.23191  1.11859e-04 | 87  0.10019  1.27228e-03
 88  0.71326  9.08119e-05 | 89 -0.14853  1.31886e-03 | 90  0.09812  3.39810e-04
 91 -0.65458  4.27385e-05 |
91 variables; iteration 180; function evaluation 237; phase 4
Function value 2.1698577e+02; maximum gradient component mag -4.9868e+00
Var    Value     Gradient |Var    Value     Gradient |Var    Value     Gradient
  1  0.06208  1.21867e-01 |  2 -0.01119  3.73287e-03 |  3 -0.02116  5.48671e-04
  4 -0.02337  7.99673e-04 |  5 -0.01727  1.02366e-03 |  6 -0.01034  1.07481e-03
  7 -0.01315  1.08735e-03 |  8 -0.00879  1.31819e-03 |  9  0.00786  1.49897e-03
 10  0.00403  1.75524e-03 | 11  0.00885  1.98101e-03 | 12 -0.00425  1.90368e-03
 13 -0.01494  1.38684e-04 | 14 -0.01039  2.18490e-04 | 15 -0.01223  1.43899e-04
 16 -0.01268 -3.18703e-05 | 17 -0.00747  2.04965e-05 | 18  0.00434  2.21433e-04
 19  0.00368  4.02955e-04 | 20  0.01267  1.07455e-03 | 21 -0.00993  7.75362e-04
 22 -0.01525  5.88336e-04 | 23 -0.00638  8.07750e-04 | 24 -0.01583  8.06831e-04
 25 -0.02096  1.01338e-03 | 26  0.01145  2.67996e-03 | 27  0.00907  2.70151e-03
 28  0.00399  1.88344e-03 | 29  0.02155  1.65869e-03 | 30  0.00868  4.97545e-04
 31  0.02067  6.25820e-04 | 32  0.06993  2.16827e-03 | 33  0.03662  1.08264e-03
 34  0.02004  6.38054e-04 | 35  0.03258  8.58994e-04 | 36  0.01366  2.96365e-04
 37  0.04861  1.47349e-03 | 38  0.02444  1.12830e-03 | 39 -0.00048  6.16708e-04
 40 -0.00725  7.40294e-04 | 41 -0.01456  6.71909e-04 | 42 -0.01389  5.39201e-04
 43 -0.00015  5.58662e-04 | 44  0.01275  3.74209e-04 | 45  0.00957 -1.11079e-04
 46  0.00987 -3.47080e-04 | 47  0.00586 -4.19672e-04 | 48  0.01457 -4.75951e-04
 49  0.00751 -7.61667e-04 | 50 -0.02439 -1.14472e-03 | 51 -0.02700 -1.14895e-03
 52 -0.02236 -1.21256e-03 | 53 -0.00454 -1.27518e-03 | 54 -0.01239 -1.47647e-03
 55 -0.00005 -1.42838e-03 | 56 -0.03079 -1.46755e-03 | 57 -0.02511 -1.38690e-03
 58 -0.02275 -1.65858e-03 | 59 -0.00300 -1.79040e-03 | 60 -0.00865 -1.81020e-03
 61 -0.01341 -1.81562e-03 | 62 -0.01260 -1.98876e-03 | 63 -0.01216 -1.98812e-03
 64 -0.00729 -1.90769e-03 | 65 -0.01302 -1.94579e-03 | 66 -0.00596  4.56054e-06
 67 -0.00028 -1.59963e-05 | 68  0.00000  0.00000e+00 | 69 -0.75232  4.69182e-03
 70  0.20199 -1.92226e+00 | 71  0.10475 -4.98679e+00 | 72  0.18514 -1.30121e-02
 73 -0.03183  1.76599e-03 | 74  0.05980  8.37741e-03 | 75  0.17893 -1.87878e-02
 76  0.07109 -1.80665e-02 | 77  0.16329  8.98089e-04 | 78 -0.00707 -3.48943e-05
 79 -0.17583 -2.05104e-04 | 80  0.14913  7.54404e-04 | 81  0.07222 -1.36574e-04
 82  0.12692 -1.33331e-03 | 83  0.00000 -1.17687e-30 | 84  0.03197  1.18003e-04
 85 -0.06120  4.32982e-04 | 86 -0.23488 -1.62878e-05 | 87  0.10019 -3.77826e-04
 88  0.71326  7.18081e-06 | 89 -0.14853 -1.31852e-04 | 90  0.09812  1.21646e-04
 91 -0.65458 -7.09987e-05 |
91 variables; iteration 200; function evaluation 258; phase 4
Function value 2.1698577e+02; maximum gradient component mag -1.4813e+00
Var    Value     Gradient |Var    Value     Gradient |Var    Value     Gradient
  1  0.06208  4.83365e-02 |  2 -0.01119 -3.05372e-03 |  3 -0.02116  2.09520e-04
  4 -0.02337  4.20687e-04 |  5 -0.01727  4.72712e-04 |  6 -0.01034  4.81067e-04
  7 -0.01315  5.08386e-04 |  8 -0.00879  6.28082e-04 |  9  0.00786  6.41917e-04
 10  0.00403  9.18812e-04 | 11  0.00885  9.07683e-04 | 12 -0.00424  8.77151e-04
 13 -0.01494  1.02533e-04 | 14 -0.01039  6.54179e-05 | 15 -0.01223  8.84133e-05
 16 -0.01268 -4.34001e-05 | 17 -0.00747  5.42370e-05 | 18  0.00434  1.11591e-04
 19  0.00368  1.77031e-04 | 20  0.01267  5.31815e-04 | 21 -0.00993  4.06412e-04
 22 -0.01525  3.05333e-04 | 23 -0.00638  4.16812e-04 | 24 -0.01583  4.08062e-04
 25 -0.02096  4.74515e-04 | 26  0.01145  1.29281e-03 | 27  0.00907  1.28760e-03
 28  0.00399  9.23188e-04 | 29  0.02155  7.84028e-04 | 30  0.00868  2.04906e-04
 31  0.02067  3.36820e-04 | 32  0.06993  1.01889e-03 | 33  0.03662  4.92192e-04
 34  0.02004  2.84367e-04 | 35  0.03258  3.84512e-04 | 36  0.01365  1.52031e-04
 37  0.04861  6.70938e-04 | 38  0.02444  5.03483e-04 | 39 -0.00048  2.44818e-04
 40 -0.00725  3.27890e-04 | 41 -0.01456  3.05643e-04 | 42 -0.01389  2.69834e-04
 43 -0.00015  2.73355e-04 | 44  0.01275  1.57737e-04 | 45  0.00957 -6.45670e-05
 46  0.00987 -2.07347e-04 | 47  0.00586 -1.79891e-04 | 48  0.01457 -2.09658e-04
 49  0.00751 -3.79472e-04 | 50 -0.02439 -5.70071e-04 | 51 -0.02700 -5.70299e-04
 52 -0.02236 -6.11164e-04 | 53 -0.00454 -6.23870e-04 | 54 -0.01239 -6.95199e-04
 55 -0.00005 -6.76944e-04 | 56 -0.03079 -6.48602e-04 | 57 -0.02511 -6.37676e-04
 58 -0.02275 -7.89758e-04 | 59 -0.00300 -8.44612e-04 | 60 -0.00865 -8.17955e-04
 61 -0.01341 -8.46642e-04 | 62 -0.01260 -9.69623e-04 | 63 -0.01216 -9.80100e-04
 64 -0.00729 -9.14917e-04 | 65 -0.01302 -8.90059e-04 | 66 -0.00596  1.02661e-05
 67 -0.00028 -2.53186e-05 | 68  0.00000  0.00000e+00 | 69 -0.75232 -2.45439e-03
 70  0.20199 -5.70179e-01 | 71  0.10476 -1.48130e+00 | 72  0.18514 -6.26035e-03
 73 -0.00309  8.33952e-04 | 74  0.05980  4.02198e-03 | 75  0.17893 -2.19482e-02
 76  0.07109 -2.42147e-02 | 77  0.16329 -2.72296e-03 | 78  0.00907  4.46505e-05
 79 -0.17583 -6.96399e-04 | 80  0.14913  1.10365e-03 | 81  0.07222  7.32922e-04
 82  0.12692 -7.80794e-04 | 83  0.00000 -1.17420e-30 | 84  0.03197  8.43142e-05
 85 -0.06120  1.77155e-04 | 86 -0.23485 -1.49700e-05 | 87  0.10019 -1.16091e-04
 88  0.71326 -1.97974e-05 | 89 -0.14853 -1.43629e-04 | 90  0.09812  2.94783e-05
 91 -0.65458 -3.35293e-05 |

 - final statistics:
91 variables; iteration 219; function evaluation 279
Function value 2.1699e+02; maximum gradient component mag -4.2537e-06
Exit code = 1;  converg criter 1.0000e-04
Var    Value     Gradient |Var    Value     Gradient |Var    Value     Gradient
  1  0.06208 -4.25367e-06 |  2 -0.01119 -3.45623e-07 |  3 -0.02116 -6.24417e-08
  4 -0.02337 -3.49134e-08 |  5 -0.01727 -1.51015e-08 |  6 -0.01034 -3.92221e-08
  7 -0.01315 -1.00603e-07 |  8 -0.00879 -3.08403e-08 |  9  0.00786 -5.03688e-08
 10  0.00403 -3.55677e-09 | 11  0.00885 -8.09336e-08 | 12 -0.00424 -7.18113e-08
 13 -0.01494  4.76608e-08 | 14 -0.01039 -5.71266e-09 | 15 -0.01223 -7.01968e-08
 16 -0.01268  3.56164e-08 | 17 -0.00747  1.89181e-08 | 18  0.00434 -6.30985e-08
 19  0.00368  1.45587e-08 | 20  0.01267 -3.92758e-08 | 21 -0.00993 -2.23122e-08
 22 -0.01525  1.05502e-08 | 23 -0.00638 -6.15244e-08 | 24 -0.01583  4.33450e-09
 25 -0.02096 -3.00968e-08 | 26  0.01145 -7.99676e-08 | 27  0.00907 -8.10001e-08
 28  0.00399 -3.04013e-08 | 29  0.02155 -4.54301e-08 | 30  0.00868 -2.27762e-08
 31  0.02067 -1.00143e-08 | 32  0.06993 -6.60718e-08 | 33  0.03662 -5.01163e-08
 34  0.02004 -2.51120e-08 | 35  0.03258 -5.42292e-08 | 36  0.01365 -2.71003e-08
 37  0.04861 -7.95913e-08 | 38  0.02444 -6.40553e-08 | 39 -0.00048 -7.32406e-08
 40 -0.00725 -5.53615e-08 | 41 -0.01456 -4.28194e-08 | 42 -0.01389 -1.71528e-08
 43 -0.00015 -4.59654e-08 | 44  0.01275 -1.16566e-08 | 45  0.00957 -1.91601e-08
 46  0.00987  1.59080e-08 | 47  0.00586  2.77844e-08 | 48  0.01457  2.16005e-08
 49  0.00751  1.75094e-08 | 50 -0.02439  4.55656e-08 | 51 -0.02700  3.87208e-08
 52 -0.02236  5.13865e-08 | 53 -0.00454  4.46599e-08 | 54 -0.01239  5.48592e-08
 55 -0.00005  7.99277e-08 | 56 -0.03079  6.42339e-08 | 57 -0.02511  8.84912e-08
 58 -0.02275  3.70518e-08 | 59 -0.00300  6.82329e-08 | 60 -0.00865  7.29314e-08
 61 -0.01341  1.09652e-07 | 62 -0.01260  4.45580e-08 | 63 -0.01216  5.65569e-08
 64 -0.00729  9.35992e-08 | 65 -0.01302  5.57031e-09 | 66 -0.00596  6.39277e-08
 67 -0.00028  2.72935e-08 | 68  0.00000  0.00000e+00 | 69 -0.75232 -1.85175e-07
 70  0.20199  6.13534e-07 | 71  0.10477  1.87562e-06 | 72  0.18514  2.82413e-07
 73 -0.00007 -1.58810e-09 | 74  0.05980 -3.11498e-07 | 75  0.17893  2.44591e-06
 76  0.07109  2.35702e-06 | 77  0.16329 -5.46109e-08 | 78 -0.00000 -1.93676e-10
 79 -0.17583 -5.88236e-08 | 80  0.14913 -1.30791e-08 | 81  0.07222  6.02409e-08
 82  0.12692 -4.93222e-08 | 83  0.00000 -1.17646e-30 | 84  0.03197  9.63521e-09
 85 -0.06120 -6.28478e-08 | 86 -0.23449 -1.45266e-10 | 87  0.10019  8.50740e-08
 88  0.71326 -1.16753e-08 | 89 -0.14853 -4.04332e-08 | 90  0.09812 -5.81492e-09
 91 -0.65458  1.99503e-08 |
size of file gradfil1.tmp = 0
size of file gradfil2.tmp = 0
size of file varssave.tmp = 0
size of file cmpdiff.tmp = 0
